Initialized native services in: C:\Users\Gandon\.gradle\native
Initialized jansi services in: C:\Users\Gandon\.gradle\native
Found daemon DaemonInfo{pid=16980, address=[cc245b88-e342-41b9-ba06-5b78604df7c1 port:55184, addresses:[/127.0.0.1]], state=Idle, lastBusy=1766925029386, context=DefaultDaemonContext[uid=c1f81c01-8a9b-4b3a-b2b5-dacc73ceb6dd,javaHome=F:\android\jbr,javaVersion=21,javaVendor=JetBrains s.r.o.,daemonRegistryDir=C:\Users\Gandon\.gradle\daemon,pid=16980,idleTimeout=10800000,priority=NORMAL,applyInstrumentationAgent=true,nativeServicesMode=ENABLED,daemonOpts=-Xmx2048m,-Dfile.encoding=UTF-8,-Duser.country=RU,-Duser.language=ru,-Duser.variant]} however its context does not match the desired criteria.
JVM is incompatible.
Wanted: DaemonRequestContext{jvmCriteria=C:\DISKE\JDK\jdk17.0.14_7 (no JDK specified, using current Java home), daemonOpts=[-Xmx2048m, -Dfile.encoding=UTF-8, -Duser.country=RU, -Duser.language=ru, -Duser.variant], applyInstrumentationAgent=true, nativeServicesMode=ENABLED, priority=NORMAL}
Actual: DefaultDaemonContext[uid=c1f81c01-8a9b-4b3a-b2b5-dacc73ceb6dd,javaHome=F:\android\jbr,javaVersion=21,javaVendor=JetBrains s.r.o.,daemonRegistryDir=C:\Users\Gandon\.gradle\daemon,pid=16980,idleTimeout=10800000,priority=NORMAL,applyInstrumentationAgent=true,nativeServicesMode=ENABLED,daemonOpts=-Xmx2048m,-Dfile.encoding=UTF-8,-Duser.country=RU,-Duser.language=ru,-Duser.variant]

  Looking for a different daemon...
The client will now receive all logging from the daemon (pid: 12656). The daemon log file: C:\Users\Gandon\.gradle\daemon\8.11.1\daemon-12656.out.log
Starting 7th build in daemon [uptime: 44 mins 53.211 secs, performance: 100%, GC rate: 0.00/s, heap usage: 0% of 2 GiB]
Using 12 worker leases.
Now considering [C:\Users\Gandon\Desktop\Projects\MovieTimeTracker] as hierarchies to watch
Watching the file system is configured to be enabled if available
File system watching is active
Starting Build
Settings evaluated using settings file 'C:\Users\Gandon\Desktop\Projects\MovieTimeTracker\settings.gradle.kts'.
Projects loaded. Root project using build file 'C:\Users\Gandon\Desktop\Projects\MovieTimeTracker\build.gradle.kts'.
Included projects: [root project 'MovieTime', project ':app']

> Configure project :
Evaluating root project 'MovieTime' using build file 'C:\Users\Gandon\Desktop\Projects\MovieTimeTracker\build.gradle.kts'.
Transforming gradle-8.2.2.jar (com.android.tools.build:gradle:8.2.2) with InstrumentationAnalysisTransform
Transforming hilt-android-gradle-plugin-2.48.jar (com.google.dagger:hilt-android-gradle-plugin:2.48) with InstrumentationAnalysisTransform
Transforming symbol-processing-gradle-plugin-1.9.0-1.0.13.jar (com.google.devtools.ksp:symbol-processing-gradle-plugin:1.9.0-1.0.13) with InstrumentationAnalysisTransform
Transforming gradle-settings-api-8.2.2.jar (com.android.tools.build:gradle-settings-api:8.2.2) with InstrumentationAnalysisTransform
Transforming lint-model-31.2.2.jar (com.android.tools.lint:lint-model:31.2.2) with InstrumentationAnalysisTransform
Transforming builder-8.2.2.jar (com.android.tools.build:builder:8.2.2) with InstrumentationAnalysisTransform
Transforming manifest-merger-31.2.2.jar (com.android.tools.build:manifest-merger:31.2.2) with InstrumentationAnalysisTransform
Transforming sdk-common-31.2.2.jar (com.android.tools:sdk-common:31.2.2) with InstrumentationAnalysisTransform
Transforming sdklib-31.2.2.jar (com.android.tools:sdklib:31.2.2) with InstrumentationAnalysisTransform
Transforming repository-31.2.2.jar (com.android.tools:repository:31.2.2) with InstrumentationAnalysisTransform
Transforming aaptcompiler-8.2.2.jar (com.android.tools.build:aaptcompiler:8.2.2) with InstrumentationAnalysisTransform
Transforming tracker-31.2.2.jar (com.android.tools.analytics-library:tracker:31.2.2) with InstrumentationAnalysisTransform
Transforming shared-31.2.2.jar (com.android.tools.analytics-library:shared:31.2.2) with InstrumentationAnalysisTransform
Transforming databinding-compiler-common-8.2.2.jar (androidx.databinding:databinding-compiler-common:8.2.2) with InstrumentationAnalysisTransform
Transforming android-test-plugin-host-emulator-control-proto-31.2.2.jar (com.android.tools.utp:android-test-plugin-host-emulator-control-proto:31.2.2) with InstrumentationAnalysisTransform
Transforming android-test-plugin-host-retention-proto-31.2.2.jar (com.android.tools.utp:android-test-plugin-host-retention-proto:31.2.2) with InstrumentationAnalysisTransform
Transforming builder-model-8.2.2.jar (com.android.tools.build:builder-model:8.2.2) with InstrumentationAnalysisTransform
Transforming gradle-api-8.2.2.jar (com.android.tools.build:gradle-api:8.2.2) with InstrumentationAnalysisTransform
Transforming builder-test-api-8.2.2.jar (com.android.tools.build:builder-test-api:8.2.2) with InstrumentationAnalysisTransform
Transforming ddmlib-31.2.2.jar (com.android.tools.ddms:ddmlib:31.2.2) with InstrumentationAnalysisTransform
Transforming layoutlib-api-31.2.2.jar (com.android.tools.layoutlib:layoutlib-api:31.2.2) with InstrumentationAnalysisTransform
Transforming dvlib-31.2.2.jar (com.android.tools:dvlib:31.2.2) with InstrumentationAnalysisTransform
Transforming common-31.2.2.jar (com.android.tools:common:31.2.2) with InstrumentationAnalysisTransform
Transforming kotlin-stdlib-jdk8-1.9.0.jar (org.jetbrains.kotlin:kotlin-stdlib-jdk8:1.9.0) with InstrumentationAnalysisTransform
Transforming jetifier-processor-1.0.0-beta10.jar (com.android.tools.build.jetifier:jetifier-processor:1.0.0-beta10) with InstrumentationAnalysisTransform
Transforming jetifier-core-1.0.0-beta10.jar (com.android.tools.build.jetifier:jetifier-core:1.0.0-beta10) with InstrumentationAnalysisTransform
Transforming kotlin-reflect-2.0.20.jar (org.jetbrains.kotlin:kotlin-reflect:2.0.20) with InstrumentationAnalysisTransform
Transforming kotlin-stdlib-jdk7-1.9.0.jar (org.jetbrains.kotlin:kotlin-stdlib-jdk7:1.9.0) with InstrumentationAnalysisTransform
Transforming kotlin-stdlib-2.0.20.jar (org.jetbrains.kotlin:kotlin-stdlib:2.0.20) with InstrumentationAnalysisTransform
Transforming annotations-13.0.jar (org.jetbrains:annotations:13.0) with InstrumentationAnalysisTransform
Transforming kotlin-gradle-plugin-model-1.9.0.jar (org.jetbrains.kotlin:kotlin-gradle-plugin-model:1.9.0) with InstrumentationAnalysisTransform
Transforming kotlin-gradle-plugin-api-1.9.0-gradle81.jar (org.jetbrains.kotlin:kotlin-gradle-plugin-api:1.9.0) with InstrumentationAnalysisTransform
Transforming kotlin-gradle-plugin-api-1.9.0.jar (org.jetbrains.kotlin:kotlin-gradle-plugin-api:1.9.0) with InstrumentationAnalysisTransform
Transforming kotlin-gradle-plugin-1.9.0-gradle81.jar (org.jetbrains.kotlin:kotlin-gradle-plugin:1.9.0) with InstrumentationAnalysisTransform
Transforming bundletool-1.15.2.jar (com.android.tools.build:bundletool:1.15.2) with InstrumentationAnalysisTransform
Transforming aapt2-proto-8.2.2-10154469.jar (com.android.tools.build:aapt2-proto:8.2.2-10154469) with InstrumentationAnalysisTransform
Transforming crash-31.2.2.jar (com.android.tools.analytics-library:crash:31.2.2) with InstrumentationAnalysisTransform
Transforming lint-typedef-remover-31.2.2.jar (com.android.tools.lint:lint-typedef-remover:31.2.2) with InstrumentationAnalysisTransform
Transforming databinding-common-8.2.2.jar (androidx.databinding:databinding-common:8.2.2) with InstrumentationAnalysisTransform
Transforming baseLibrary-8.2.2.jar (com.android.databinding:baseLibrary:8.2.2) with InstrumentationAnalysisTransform
Transforming android-device-provider-ddmlib-proto-31.2.2.jar (com.android.tools.utp:android-device-provider-ddmlib-proto:31.2.2) with InstrumentationAnalysisTransform
Transforming android-device-provider-gradle-proto-31.2.2.jar (com.android.tools.utp:android-device-provider-gradle-proto:31.2.2) with InstrumentationAnalysisTransform
Transforming android-test-plugin-host-additional-test-output-proto-31.2.2.jar (com.android.tools.utp:android-test-plugin-host-additional-test-output-proto:31.2.2) with InstrumentationAnalysisTransform
Transforming android-test-plugin-host-coverage-proto-31.2.2.jar (com.android.tools.utp:android-test-plugin-host-coverage-proto:31.2.2) with InstrumentationAnalysisTransform
Transforming android-test-plugin-host-logcat-proto-31.2.2.jar (com.android.tools.utp:android-test-plugin-host-logcat-proto:31.2.2) with InstrumentationAnalysisTransform
Transforming android-test-plugin-host-apk-installer-proto-31.2.2.jar (com.android.tools.utp:android-test-plugin-host-apk-installer-proto:31.2.2) with InstrumentationAnalysisTransform
Transforming android-test-plugin-result-listener-gradle-proto-31.2.2.jar (com.android.tools.utp:android-test-plugin-result-listener-gradle-proto:31.2.2) with InstrumentationAnalysisTransform
Transforming transform-api-2.0.0-deprecated-use-gradle-api.jar (com.android.tools.build:transform-api:2.0.0-deprecated-use-gradle-api) with InstrumentationAnalysisTransform
Transforming httpmime-4.5.6.jar (org.apache.httpcomponents:httpmime:4.5.6) with InstrumentationAnalysisTransform
Transforming commons-io-2.4.jar (commons-io:commons-io:2.4) with InstrumentationAnalysisTransform
Transforming asm-commons-9.2.jar (org.ow2.asm:asm-commons:9.2) with InstrumentationAnalysisTransform
Transforming asm-util-9.2.jar (org.ow2.asm:asm-util:9.2) with InstrumentationAnalysisTransform
Transforming asm-analysis-9.2.jar (org.ow2.asm:asm-analysis:9.2) with InstrumentationAnalysisTransform
Transforming asm-tree-9.2.jar (org.ow2.asm:asm-tree:9.2) with InstrumentationAnalysisTransform
Transforming asm-9.2.jar (org.ow2.asm:asm:9.2) with InstrumentationAnalysisTransform
Transforming apkzlib-8.2.2.jar (com.android.tools.build:apkzlib:8.2.2) with InstrumentationAnalysisTransform
Transforming bcpkix-jdk15on-1.67.jar (org.bouncycastle:bcpkix-jdk15on:1.67) with InstrumentationAnalysisTransform
Transforming jaxb-runtime-2.3.2.jar (org.glassfish.jaxb:jaxb-runtime:2.3.2) with InstrumentationAnalysisTransform
Transforming jopt-simple-4.9.jar (net.sf.jopt-simple:jopt-simple:4.9) with InstrumentationAnalysisTransform
Transforming javapoet-1.13.0.jar (com.squareup:javapoet:1.13.0) with InstrumentationAnalysisTransform
Transforming protobuf-java-util-3.19.3.jar (com.google.protobuf:protobuf-java-util:3.19.3) with InstrumentationAnalysisTransform
Transforming grpc-protobuf-1.45.1.jar (io.grpc:grpc-protobuf:1.45.1) with InstrumentationAnalysisTransform
Transforming tink-1.7.0.jar (com.google.crypto.tink:tink:1.7.0) with InstrumentationAnalysisTransform
Transforming protos-31.2.2.jar (com.android.tools.analytics-library:protos:31.2.2) with InstrumentationAnalysisTransform
Transforming proto-google-common-protos-2.0.1.jar (com.google.api.grpc:proto-google-common-protos:2.0.1) with InstrumentationAnalysisTransform
Transforming protobuf-java-3.19.3.jar (com.google.protobuf:protobuf-java:3.19.3) with InstrumentationAnalysisTransform
Transforming grpc-netty-1.45.1.jar (io.grpc:grpc-netty:1.45.1) with InstrumentationAnalysisTransform
Transforming grpc-core-1.45.1.jar (io.grpc:grpc-core:1.45.1) with InstrumentationAnalysisTransform
Transforming gson-2.10.jar (com.google.code.gson:gson:2.10) with InstrumentationAnalysisTransform
Transforming grpc-stub-1.45.1.jar (io.grpc:grpc-stub:1.45.1) with InstrumentationAnalysisTransform
Transforming core-proto-0.0.8-alpha08.jar (com.google.testing.platform:core-proto:0.0.8-alpha08) with InstrumentationAnalysisTransform
Transforming tensorflow-lite-metadata-0.1.0-rc2.jar (org.tensorflow:tensorflow-lite-metadata:0.1.0-rc2) with InstrumentationAnalysisTransform
Transforming flatbuffers-java-1.12.0.jar (com.google.flatbuffers:flatbuffers-java:1.12.0) with InstrumentationAnalysisTransform
Transforming kotlin-gradle-plugin-idea-proto-1.9.0.jar (org.jetbrains.kotlin:kotlin-gradle-plugin-idea-proto:1.9.0) with InstrumentationAnalysisTransform
Transforming kotlin-gradle-plugin-idea-1.9.0.jar (org.jetbrains.kotlin:kotlin-gradle-plugin-idea:1.9.0) with InstrumentationAnalysisTransform
Transforming kotlin-project-model-1.9.0.jar (org.jetbrains.kotlin:kotlin-project-model:1.9.0) with InstrumentationAnalysisTransform
Transforming kotlin-tooling-core-1.9.0.jar (org.jetbrains.kotlin:kotlin-tooling-core:1.9.0) with InstrumentationAnalysisTransform
Transforming kotlin-klib-commonizer-api-1.9.0.jar (org.jetbrains.kotlin:kotlin-klib-commonizer-api:1.9.0) with InstrumentationAnalysisTransform
Transforming kotlin-native-utils-1.9.0.jar (org.jetbrains.kotlin:kotlin-native-utils:1.9.0) with InstrumentationAnalysisTransform
Transforming kotlin-util-klib-1.9.0.jar (org.jetbrains.kotlin:kotlin-util-klib:1.9.0) with InstrumentationAnalysisTransform
Transforming kotlin-build-tools-api-1.9.0.jar (org.jetbrains.kotlin:kotlin-build-tools-api:1.9.0) with InstrumentationAnalysisTransform
Transforming kotlin-android-extensions-1.9.0.jar (org.jetbrains.kotlin:kotlin-android-extensions:1.9.0) with InstrumentationAnalysisTransform
Transforming kotlin-compiler-runner-1.9.0.jar (org.jetbrains.kotlin:kotlin-compiler-runner:1.9.0) with InstrumentationAnalysisTransform
Transforming kotlin-compiler-embeddable-1.9.0.jar (org.jetbrains.kotlin:kotlin-compiler-embeddable:1.9.0) with InstrumentationAnalysisTransform
Transforming kotlin-scripting-compiler-embeddable-1.9.0.jar (org.jetbrains.kotlin:kotlin-scripting-compiler-embeddable:1.9.0) with InstrumentationAnalysisTransform
Transforming kotlin-scripting-compiler-impl-embeddable-1.9.0.jar (org.jetbrains.kotlin:kotlin-scripting-compiler-impl-embeddable:1.9.0) with InstrumentationAnalysisTransform
Transforming jimfs-1.1.jar (com.google.jimfs:jimfs:1.1) with InstrumentationAnalysisTransform
Transforming grpc-protobuf-lite-1.45.1.jar (io.grpc:grpc-protobuf-lite:1.45.1) with InstrumentationAnalysisTransform
Transforming grpc-api-1.45.1.jar (io.grpc:grpc-api:1.45.1) with InstrumentationAnalysisTransform
Transforming guava-31.1-jre.jar (com.google.guava:guava:31.1-jre) with InstrumentationAnalysisTransform
Transforming dagger-2.28.3.jar (com.google.dagger:dagger:2.28.3) with InstrumentationAnalysisTransform
Transforming javax.inject-1.jar (javax.inject:javax.inject:1) with InstrumentationAnalysisTransform
Transforming kxml2-2.3.0.jar (net.sf.kxml:kxml2:2.3.0) with InstrumentationAnalysisTransform
Transforming bcprov-jdk15on-1.67.jar (org.bouncycastle:bcprov-jdk15on:1.67) with InstrumentationAnalysisTransform
Transforming trove4j-1.0.20200330.jar (org.jetbrains.intellij.deps:trove4j:1.0.20200330) with InstrumentationAnalysisTransform
Transforming xercesImpl-2.12.0.jar (xerces:xercesImpl:2.12.0) with InstrumentationAnalysisTransform
Transforming commons-compress-1.21.jar (org.apache.commons:commons-compress:1.21) with InstrumentationAnalysisTransform
Transforming httpclient-4.5.14.jar (org.apache.httpcomponents:httpclient:4.5.14) with InstrumentationAnalysisTransform
Transforming httpcore-4.4.16.jar (org.apache.httpcomponents:httpcore:4.4.16) with InstrumentationAnalysisTransform
Transforming javax.activation-1.2.0.jar (com.sun.activation:javax.activation:1.2.0) with InstrumentationAnalysisTransform
Transforming signflinger-8.2.2.jar (com.android:signflinger:8.2.2) with InstrumentationAnalysisTransform
Transforming zipflinger-8.2.2.jar (com.android:zipflinger:8.2.2) with InstrumentationAnalysisTransform
Transforming annotations-31.2.2.jar (com.android.tools:annotations:31.2.2) with InstrumentationAnalysisTransform
Transforming jna-platform-5.6.0.jar (net.java.dev.jna:jna-platform:5.6.0) with InstrumentationAnalysisTransform
Transforming juniversalchardet-1.0.3.jar (com.googlecode.juniversalchardet:juniversalchardet:1.0.3) with InstrumentationAnalysisTransform
Transforming javax.annotation-api-1.3.2.jar (javax.annotation:javax.annotation-api:1.3.2) with InstrumentationAnalysisTransform
Transforming stax-ex-1.8.1.jar (org.jvnet.staxex:stax-ex:1.8.1) with InstrumentationAnalysisTransform
Transforming jakarta.xml.bind-api-2.3.2.jar (jakarta.xml.bind:jakarta.xml.bind-api:2.3.2) with InstrumentationAnalysisTransform
Transforming txw2-2.3.2.jar (org.glassfish.jaxb:txw2:2.3.2) with InstrumentationAnalysisTransform
Transforming istack-commons-runtime-3.0.8.jar (com.sun.istack:istack-commons-runtime:3.0.8) with InstrumentationAnalysisTransform
Transforming FastInfoset-1.2.16.jar (com.sun.xml.fastinfoset:FastInfoset:1.2.16) with InstrumentationAnalysisTransform
Transforming jakarta.activation-api-1.2.1.jar (jakarta.activation:jakarta.activation-api:1.2.1) with InstrumentationAnalysisTransform
Transforming auto-value-annotations-1.6.2.jar (com.google.auto.value:auto-value-annotations:1.6.2) with InstrumentationAnalysisTransform
Transforming error_prone_annotations-2.11.0.jar (com.google.errorprone:error_prone_annotations:2.11.0) with InstrumentationAnalysisTransform
Transforming jose4j-0.7.0.jar (org.bitbucket.b_c:jose4j:0.7.0) with InstrumentationAnalysisTransform
Transforming slf4j-api-1.7.30.jar (org.slf4j:slf4j-api:1.7.30) with InstrumentationAnalysisTransform
Transforming jdom2-2.0.6.jar (org.jdom:jdom2:2.0.6) with InstrumentationAnalysisTransform
Transforming j2objc-annotations-1.3.jar (com.google.j2objc:j2objc-annotations:1.3) with InstrumentationAnalysisTransform
Transforming jsr305-3.0.2.jar (com.google.code.findbugs:jsr305:3.0.2) with InstrumentationAnalysisTransform
Transforming annotations-4.1.1.4.jar (com.google.android:annotations:4.1.1.4) with InstrumentationAnalysisTransform
Transforming animal-sniffer-annotations-1.19.jar (org.codehaus.mojo:animal-sniffer-annotations:1.19) with InstrumentationAnalysisTransform
Transforming perfmark-api-0.23.0.jar (io.perfmark:perfmark-api:0.23.0) with InstrumentationAnalysisTransform
Transforming netty-codec-http2-4.1.72.Final.jar (io.netty:netty-codec-http2:4.1.72.Final) with InstrumentationAnalysisTransform
Transforming netty-handler-proxy-4.1.72.Final.jar (io.netty:netty-handler-proxy:4.1.72.Final) with InstrumentationAnalysisTransform
Transforming checker-qual-3.12.0.jar (org.checkerframework:checker-qual:3.12.0) with InstrumentationAnalysisTransform
Transforming commons-codec-1.11.jar (commons-codec:commons-codec:1.11) with InstrumentationAnalysisTransform
Transforming apksig-8.2.2.jar (com.android.tools.build:apksig:8.2.2) with InstrumentationAnalysisTransform
Transforming javawriter-2.5.0.jar (com.squareup:javawriter:2.5.0) with InstrumentationAnalysisTransform
Transforming kotlin-gradle-plugin-annotations-1.9.0.jar (org.jetbrains.kotlin:kotlin-gradle-plugin-annotations:1.9.0) with InstrumentationAnalysisTransform
Transforming kotlin-util-io-1.9.0.jar (org.jetbrains.kotlin:kotlin-util-io:1.9.0) with InstrumentationAnalysisTransform
Transforming kotlin-daemon-embeddable-1.9.0.jar (org.jetbrains.kotlin:kotlin-daemon-embeddable:1.9.0) with InstrumentationAnalysisTransform
Transforming kotlin-daemon-client-1.9.0.jar (org.jetbrains.kotlin:kotlin-daemon-client:1.9.0) with InstrumentationAnalysisTransform
Transforming kotlinx-coroutines-core-jvm-1.5.0.jar (org.jetbrains.kotlinx:kotlinx-coroutines-core-jvm:1.5.0) with InstrumentationAnalysisTransform
Transforming kotlin-scripting-jvm-1.9.0.jar (org.jetbrains.kotlin:kotlin-scripting-jvm:1.9.0) with InstrumentationAnalysisTransform
Transforming kotlin-scripting-common-1.9.0.jar (org.jetbrains.kotlin:kotlin-scripting-common:1.9.0) with InstrumentationAnalysisTransform
Transforming failureaccess-1.0.1.jar (com.google.guava:failureaccess:1.0.1) with InstrumentationAnalysisTransform
Transforming listenablefuture-9999.0-empty-to-avoid-conflict-with-guava.jar (com.google.guava:listenablefuture:9999.0-empty-to-avoid-conflict-with-guava) with InstrumentationAnalysisTransform
Transforming xml-apis-1.4.01.jar (xml-apis:xml-apis:1.4.01) with InstrumentationAnalysisTransform
Transforming commons-logging-1.2.jar (commons-logging:commons-logging:1.2) with InstrumentationAnalysisTransform
Transforming jna-5.6.0.jar (net.java.dev.jna:jna:5.6.0) with InstrumentationAnalysisTransform
Transforming grpc-context-1.45.1.jar (io.grpc:grpc-context:1.45.1) with InstrumentationAnalysisTransform
Transforming netty-codec-http-4.1.72.Final.jar (io.netty:netty-codec-http:4.1.72.Final) with InstrumentationAnalysisTransform
Transforming netty-handler-4.1.72.Final.jar (io.netty:netty-handler:4.1.72.Final) with InstrumentationAnalysisTransform
Transforming netty-codec-socks-4.1.72.Final.jar (io.netty:netty-codec-socks:4.1.72.Final) with InstrumentationAnalysisTransform
Transforming netty-codec-4.1.72.Final.jar (io.netty:netty-codec:4.1.72.Final) with InstrumentationAnalysisTransform
Transforming netty-transport-4.1.72.Final.jar (io.netty:netty-transport:4.1.72.Final) with InstrumentationAnalysisTransform
Transforming netty-buffer-4.1.72.Final.jar (io.netty:netty-buffer:4.1.72.Final) with InstrumentationAnalysisTransform
Transforming netty-resolver-4.1.72.Final.jar (io.netty:netty-resolver:4.1.72.Final) with InstrumentationAnalysisTransform
Transforming netty-common-4.1.72.Final.jar (io.netty:netty-common:4.1.72.Final) with InstrumentationAnalysisTransform
Transforming netty-tcnative-classes-2.0.46.Final.jar (io.netty:netty-tcnative-classes:2.0.46.Final) with InstrumentationAnalysisTransform
Transforming gradle-8.2.2.jar (com.android.tools.build:gradle:8.2.2) with InstrumentationAnalysisTransform
Transforming gradle-8.2.2.jar (com.android.tools.build:gradle:8.2.2) with MergeInstrumentationAnalysisTransform
Transforming hilt-android-gradle-plugin-2.48.jar (com.google.dagger:hilt-android-gradle-plugin:2.48) with InstrumentationAnalysisTransform
Transforming hilt-android-gradle-plugin-2.48.jar (com.google.dagger:hilt-android-gradle-plugin:2.48) with MergeInstrumentationAnalysisTransform
Transforming symbol-processing-gradle-plugin-1.9.0-1.0.13.jar (com.google.devtools.ksp:symbol-processing-gradle-plugin:1.9.0-1.0.13) with InstrumentationAnalysisTransform
Transforming symbol-processing-gradle-plugin-1.9.0-1.0.13.jar (com.google.devtools.ksp:symbol-processing-gradle-plugin:1.9.0-1.0.13) with MergeInstrumentationAnalysisTransform
Transforming gradle-8.2.2.jar (com.android.tools.build:gradle:8.2.2) with ExternalDependencyInstrumentingArtifactTransform
Transforming gradle-settings-api-8.2.2.jar (com.android.tools.build:gradle-settings-api:8.2.2) with InstrumentationAnalysisTransform
Transforming gradle-settings-api-8.2.2.jar (com.android.tools.build:gradle-settings-api:8.2.2) with MergeInstrumentationAnalysisTransform
Transforming symbol-processing-gradle-plugin-1.9.0-1.0.13.jar (com.google.devtools.ksp:symbol-processing-gradle-plugin:1.9.0-1.0.13) with ExternalDependencyInstrumentingArtifactTransform
Transforming hilt-android-gradle-plugin-2.48.jar (com.google.dagger:hilt-android-gradle-plugin:2.48) with ExternalDependencyInstrumentingArtifactTransform
Transforming lint-model-31.2.2.jar (com.android.tools.lint:lint-model:31.2.2) with InstrumentationAnalysisTransform
Transforming lint-model-31.2.2.jar (com.android.tools.lint:lint-model:31.2.2) with MergeInstrumentationAnalysisTransform
Transforming gradle-settings-api-8.2.2.jar (com.android.tools.build:gradle-settings-api:8.2.2) with ExternalDependencyInstrumentingArtifactTransform
Transforming builder-8.2.2.jar (com.android.tools.build:builder:8.2.2) with InstrumentationAnalysisTransform
Transforming builder-8.2.2.jar (com.android.tools.build:builder:8.2.2) with MergeInstrumentationAnalysisTransform
Transforming lint-model-31.2.2.jar (com.android.tools.lint:lint-model:31.2.2) with ExternalDependencyInstrumentingArtifactTransform
Transforming manifest-merger-31.2.2.jar (com.android.tools.build:manifest-merger:31.2.2) with InstrumentationAnalysisTransform
Transforming builder-8.2.2.jar (com.android.tools.build:builder:8.2.2) with ExternalDependencyInstrumentingArtifactTransform
Transforming manifest-merger-31.2.2.jar (com.android.tools.build:manifest-merger:31.2.2) with MergeInstrumentationAnalysisTransform
Transforming sdk-common-31.2.2.jar (com.android.tools:sdk-common:31.2.2) with InstrumentationAnalysisTransform
Transforming sdk-common-31.2.2.jar (com.android.tools:sdk-common:31.2.2) with MergeInstrumentationAnalysisTransform
Transforming manifest-merger-31.2.2.jar (com.android.tools.build:manifest-merger:31.2.2) with ExternalDependencyInstrumentingArtifactTransform
Transforming sdklib-31.2.2.jar (com.android.tools:sdklib:31.2.2) with InstrumentationAnalysisTransform
Transforming sdklib-31.2.2.jar (com.android.tools:sdklib:31.2.2) with MergeInstrumentationAnalysisTransform
Transforming sdk-common-31.2.2.jar (com.android.tools:sdk-common:31.2.2) with ExternalDependencyInstrumentingArtifactTransform
Transforming repository-31.2.2.jar (com.android.tools:repository:31.2.2) with InstrumentationAnalysisTransform
Transforming repository-31.2.2.jar (com.android.tools:repository:31.2.2) with MergeInstrumentationAnalysisTransform
Transforming sdklib-31.2.2.jar (com.android.tools:sdklib:31.2.2) with ExternalDependencyInstrumentingArtifactTransform
Transforming aaptcompiler-8.2.2.jar (com.android.tools.build:aaptcompiler:8.2.2) with InstrumentationAnalysisTransform
Transforming aaptcompiler-8.2.2.jar (com.android.tools.build:aaptcompiler:8.2.2) with MergeInstrumentationAnalysisTransform
Transforming repository-31.2.2.jar (com.android.tools:repository:31.2.2) with ExternalDependencyInstrumentingArtifactTransform
Transforming tracker-31.2.2.jar (com.android.tools.analytics-library:tracker:31.2.2) with InstrumentationAnalysisTransform
Transforming tracker-31.2.2.jar (com.android.tools.analytics-library:tracker:31.2.2) with MergeInstrumentationAnalysisTransform
Transforming shared-31.2.2.jar (com.android.tools.analytics-library:shared:31.2.2) with InstrumentationAnalysisTransform
Transforming aaptcompiler-8.2.2.jar (com.android.tools.build:aaptcompiler:8.2.2) with ExternalDependencyInstrumentingArtifactTransform
Transforming shared-31.2.2.jar (com.android.tools.analytics-library:shared:31.2.2) with MergeInstrumentationAnalysisTransform
Transforming tracker-31.2.2.jar (com.android.tools.analytics-library:tracker:31.2.2) with ExternalDependencyInstrumentingArtifactTransform
Transforming databinding-compiler-common-8.2.2.jar (androidx.databinding:databinding-compiler-common:8.2.2) with InstrumentationAnalysisTransform
Transforming shared-31.2.2.jar (com.android.tools.analytics-library:shared:31.2.2) with ExternalDependencyInstrumentingArtifactTransform
Transforming databinding-compiler-common-8.2.2.jar (androidx.databinding:databinding-compiler-common:8.2.2) with MergeInstrumentationAnalysisTransform
Transforming android-test-plugin-host-emulator-control-proto-31.2.2.jar (com.android.tools.utp:android-test-plugin-host-emulator-control-proto:31.2.2) with InstrumentationAnalysisTransform
Transforming databinding-compiler-common-8.2.2.jar (androidx.databinding:databinding-compiler-common:8.2.2) with ExternalDependencyInstrumentingArtifactTransform
Transforming android-test-plugin-host-emulator-control-proto-31.2.2.jar (com.android.tools.utp:android-test-plugin-host-emulator-control-proto:31.2.2) with MergeInstrumentationAnalysisTransform
Transforming android-test-plugin-host-retention-proto-31.2.2.jar (com.android.tools.utp:android-test-plugin-host-retention-proto:31.2.2) with InstrumentationAnalysisTransform
Transforming android-test-plugin-host-retention-proto-31.2.2.jar (com.android.tools.utp:android-test-plugin-host-retention-proto:31.2.2) with MergeInstrumentationAnalysisTransform
Transforming android-test-plugin-host-emulator-control-proto-31.2.2.jar (com.android.tools.utp:android-test-plugin-host-emulator-control-proto:31.2.2) with ExternalDependencyInstrumentingArtifactTransform
Transforming builder-model-8.2.2.jar (com.android.tools.build:builder-model:8.2.2) with InstrumentationAnalysisTransform
Transforming android-test-plugin-host-retention-proto-31.2.2.jar (com.android.tools.utp:android-test-plugin-host-retention-proto:31.2.2) with ExternalDependencyInstrumentingArtifactTransform
Transforming builder-model-8.2.2.jar (com.android.tools.build:builder-model:8.2.2) with MergeInstrumentationAnalysisTransform
Transforming gradle-api-8.2.2.jar (com.android.tools.build:gradle-api:8.2.2) with InstrumentationAnalysisTransform
Transforming gradle-api-8.2.2.jar (com.android.tools.build:gradle-api:8.2.2) with MergeInstrumentationAnalysisTransform
Transforming builder-model-8.2.2.jar (com.android.tools.build:builder-model:8.2.2) with ExternalDependencyInstrumentingArtifactTransform
Transforming builder-test-api-8.2.2.jar (com.android.tools.build:builder-test-api:8.2.2) with InstrumentationAnalysisTransform
Transforming gradle-api-8.2.2.jar (com.android.tools.build:gradle-api:8.2.2) with ExternalDependencyInstrumentingArtifactTransform
Transforming builder-test-api-8.2.2.jar (com.android.tools.build:builder-test-api:8.2.2) with MergeInstrumentationAnalysisTransform
Transforming ddmlib-31.2.2.jar (com.android.tools.ddms:ddmlib:31.2.2) with InstrumentationAnalysisTransform
Transforming ddmlib-31.2.2.jar (com.android.tools.ddms:ddmlib:31.2.2) with MergeInstrumentationAnalysisTransform
Transforming builder-test-api-8.2.2.jar (com.android.tools.build:builder-test-api:8.2.2) with ExternalDependencyInstrumentingArtifactTransform
Transforming layoutlib-api-31.2.2.jar (com.android.tools.layoutlib:layoutlib-api:31.2.2) with InstrumentationAnalysisTransform
Transforming ddmlib-31.2.2.jar (com.android.tools.ddms:ddmlib:31.2.2) with ExternalDependencyInstrumentingArtifactTransform
Transforming layoutlib-api-31.2.2.jar (com.android.tools.layoutlib:layoutlib-api:31.2.2) with MergeInstrumentationAnalysisTransform
Transforming dvlib-31.2.2.jar (com.android.tools:dvlib:31.2.2) with InstrumentationAnalysisTransform
Transforming layoutlib-api-31.2.2.jar (com.android.tools.layoutlib:layoutlib-api:31.2.2) with ExternalDependencyInstrumentingArtifactTransform
Transforming dvlib-31.2.2.jar (com.android.tools:dvlib:31.2.2) with MergeInstrumentationAnalysisTransform
Transforming common-31.2.2.jar (com.android.tools:common:31.2.2) with InstrumentationAnalysisTransform
Transforming common-31.2.2.jar (com.android.tools:common:31.2.2) with MergeInstrumentationAnalysisTransform
Transforming kotlin-stdlib-jdk8-1.9.0.jar (org.jetbrains.kotlin:kotlin-stdlib-jdk8:1.9.0) with InstrumentationAnalysisTransform
Transforming kotlin-stdlib-jdk8-1.9.0.jar (org.jetbrains.kotlin:kotlin-stdlib-jdk8:1.9.0) with MergeInstrumentationAnalysisTransform
Transforming dvlib-31.2.2.jar (com.android.tools:dvlib:31.2.2) with ExternalDependencyInstrumentingArtifactTransform
Transforming common-31.2.2.jar (com.android.tools:common:31.2.2) with ExternalDependencyInstrumentingArtifactTransform
Transforming jetifier-processor-1.0.0-beta10.jar (com.android.tools.build.jetifier:jetifier-processor:1.0.0-beta10) with InstrumentationAnalysisTransform
Transforming kotlin-stdlib-jdk8-1.9.0.jar (org.jetbrains.kotlin:kotlin-stdlib-jdk8:1.9.0) with ExternalDependencyInstrumentingArtifactTransform
Transforming jetifier-processor-1.0.0-beta10.jar (com.android.tools.build.jetifier:jetifier-processor:1.0.0-beta10) with MergeInstrumentationAnalysisTransform
Transforming jetifier-core-1.0.0-beta10.jar (com.android.tools.build.jetifier:jetifier-core:1.0.0-beta10) with InstrumentationAnalysisTransform
Transforming jetifier-core-1.0.0-beta10.jar (com.android.tools.build.jetifier:jetifier-core:1.0.0-beta10) with MergeInstrumentationAnalysisTransform
Transforming kotlin-reflect-2.0.20.jar (org.jetbrains.kotlin:kotlin-reflect:2.0.20) with InstrumentationAnalysisTransform
Transforming jetifier-processor-1.0.0-beta10.jar (com.android.tools.build.jetifier:jetifier-processor:1.0.0-beta10) with ExternalDependencyInstrumentingArtifactTransform
Transforming kotlin-reflect-2.0.20.jar (org.jetbrains.kotlin:kotlin-reflect:2.0.20) with MergeInstrumentationAnalysisTransform
Transforming kotlin-stdlib-jdk7-1.9.0.jar (org.jetbrains.kotlin:kotlin-stdlib-jdk7:1.9.0) with InstrumentationAnalysisTransform
Transforming jetifier-core-1.0.0-beta10.jar (com.android.tools.build.jetifier:jetifier-core:1.0.0-beta10) with ExternalDependencyInstrumentingArtifactTransform
Transforming kotlin-stdlib-jdk7-1.9.0.jar (org.jetbrains.kotlin:kotlin-stdlib-jdk7:1.9.0) with MergeInstrumentationAnalysisTransform
Transforming kotlin-reflect-2.0.20.jar (org.jetbrains.kotlin:kotlin-reflect:2.0.20) with ExternalDependencyInstrumentingArtifactTransform
Transforming kotlin-stdlib-2.0.20.jar (org.jetbrains.kotlin:kotlin-stdlib:2.0.20) with InstrumentationAnalysisTransform
Transforming kotlin-stdlib-jdk7-1.9.0.jar (org.jetbrains.kotlin:kotlin-stdlib-jdk7:1.9.0) with ExternalDependencyInstrumentingArtifactTransform
Transforming kotlin-stdlib-2.0.20.jar (org.jetbrains.kotlin:kotlin-stdlib:2.0.20) with MergeInstrumentationAnalysisTransform
Transforming annotations-13.0.jar (org.jetbrains:annotations:13.0) with InstrumentationAnalysisTransform
Transforming annotations-13.0.jar (org.jetbrains:annotations:13.0) with MergeInstrumentationAnalysisTransform
Transforming kotlin-gradle-plugin-model-1.9.0.jar (org.jetbrains.kotlin:kotlin-gradle-plugin-model:1.9.0) with InstrumentationAnalysisTransform
Transforming kotlin-stdlib-2.0.20.jar (org.jetbrains.kotlin:kotlin-stdlib:2.0.20) with ExternalDependencyInstrumentingArtifactTransform
Transforming annotations-13.0.jar (org.jetbrains:annotations:13.0) with ExternalDependencyInstrumentingArtifactTransform
Transforming kotlin-gradle-plugin-model-1.9.0.jar (org.jetbrains.kotlin:kotlin-gradle-plugin-model:1.9.0) with MergeInstrumentationAnalysisTransform
Transforming kotlin-gradle-plugin-api-1.9.0-gradle81.jar (org.jetbrains.kotlin:kotlin-gradle-plugin-api:1.9.0) with InstrumentationAnalysisTransform
Transforming kotlin-gradle-plugin-model-1.9.0.jar (org.jetbrains.kotlin:kotlin-gradle-plugin-model:1.9.0) with ExternalDependencyInstrumentingArtifactTransform
Transforming kotlin-gradle-plugin-api-1.9.0-gradle81.jar (org.jetbrains.kotlin:kotlin-gradle-plugin-api:1.9.0) with MergeInstrumentationAnalysisTransform
Transforming kotlin-gradle-plugin-api-1.9.0.jar (org.jetbrains.kotlin:kotlin-gradle-plugin-api:1.9.0) with InstrumentationAnalysisTransform
Transforming kotlin-gradle-plugin-api-1.9.0-gradle81.jar (org.jetbrains.kotlin:kotlin-gradle-plugin-api:1.9.0) with ExternalDependencyInstrumentingArtifactTransform
Transforming kotlin-gradle-plugin-api-1.9.0.jar (org.jetbrains.kotlin:kotlin-gradle-plugin-api:1.9.0) with MergeInstrumentationAnalysisTransform
Transforming kotlin-gradle-plugin-1.9.0-gradle81.jar (org.jetbrains.kotlin:kotlin-gradle-plugin:1.9.0) with InstrumentationAnalysisTransform
Transforming kotlin-gradle-plugin-1.9.0-gradle81.jar (org.jetbrains.kotlin:kotlin-gradle-plugin:1.9.0) with MergeInstrumentationAnalysisTransform
Transforming kotlin-gradle-plugin-api-1.9.0.jar (org.jetbrains.kotlin:kotlin-gradle-plugin-api:1.9.0) with ExternalDependencyInstrumentingArtifactTransform
Transforming bundletool-1.15.2.jar (com.android.tools.build:bundletool:1.15.2) with InstrumentationAnalysisTransform
Transforming kotlin-gradle-plugin-1.9.0-gradle81.jar (org.jetbrains.kotlin:kotlin-gradle-plugin:1.9.0) with ExternalDependencyInstrumentingArtifactTransform
Transforming bundletool-1.15.2.jar (com.android.tools.build:bundletool:1.15.2) with MergeInstrumentationAnalysisTransform
Transforming aapt2-proto-8.2.2-10154469.jar (com.android.tools.build:aapt2-proto:8.2.2-10154469) with InstrumentationAnalysisTransform
Transforming aapt2-proto-8.2.2-10154469.jar (com.android.tools.build:aapt2-proto:8.2.2-10154469) with MergeInstrumentationAnalysisTransform
Transforming bundletool-1.15.2.jar (com.android.tools.build:bundletool:1.15.2) with ExternalDependencyInstrumentingArtifactTransform
Transforming crash-31.2.2.jar (com.android.tools.analytics-library:crash:31.2.2) with InstrumentationAnalysisTransform
Transforming crash-31.2.2.jar (com.android.tools.analytics-library:crash:31.2.2) with MergeInstrumentationAnalysisTransform
Transforming aapt2-proto-8.2.2-10154469.jar (com.android.tools.build:aapt2-proto:8.2.2-10154469) with ExternalDependencyInstrumentingArtifactTransform
Transforming lint-typedef-remover-31.2.2.jar (com.android.tools.lint:lint-typedef-remover:31.2.2) with InstrumentationAnalysisTransform
Transforming lint-typedef-remover-31.2.2.jar (com.android.tools.lint:lint-typedef-remover:31.2.2) with MergeInstrumentationAnalysisTransform
Transforming crash-31.2.2.jar (com.android.tools.analytics-library:crash:31.2.2) with ExternalDependencyInstrumentingArtifactTransform
Transforming lint-typedef-remover-31.2.2.jar (com.android.tools.lint:lint-typedef-remover:31.2.2) with ExternalDependencyInstrumentingArtifactTransform
Transforming databinding-common-8.2.2.jar (androidx.databinding:databinding-common:8.2.2) with InstrumentationAnalysisTransform
Transforming databinding-common-8.2.2.jar (androidx.databinding:databinding-common:8.2.2) with MergeInstrumentationAnalysisTransform
Transforming baseLibrary-8.2.2.jar (com.android.databinding:baseLibrary:8.2.2) with InstrumentationAnalysisTransform
Transforming baseLibrary-8.2.2.jar (com.android.databinding:baseLibrary:8.2.2) with MergeInstrumentationAnalysisTransform
Transforming android-device-provider-ddmlib-proto-31.2.2.jar (com.android.tools.utp:android-device-provider-ddmlib-proto:31.2.2) with InstrumentationAnalysisTransform
Transforming databinding-common-8.2.2.jar (androidx.databinding:databinding-common:8.2.2) with ExternalDependencyInstrumentingArtifactTransform
Transforming android-device-provider-ddmlib-proto-31.2.2.jar (com.android.tools.utp:android-device-provider-ddmlib-proto:31.2.2) with MergeInstrumentationAnalysisTransform
Transforming baseLibrary-8.2.2.jar (com.android.databinding:baseLibrary:8.2.2) with ExternalDependencyInstrumentingArtifactTransform
Transforming android-device-provider-gradle-proto-31.2.2.jar (com.android.tools.utp:android-device-provider-gradle-proto:31.2.2) with InstrumentationAnalysisTransform
Transforming android-device-provider-ddmlib-proto-31.2.2.jar (com.android.tools.utp:android-device-provider-ddmlib-proto:31.2.2) with ExternalDependencyInstrumentingArtifactTransform
Transforming android-device-provider-gradle-proto-31.2.2.jar (com.android.tools.utp:android-device-provider-gradle-proto:31.2.2) with MergeInstrumentationAnalysisTransform
Transforming android-test-plugin-host-additional-test-output-proto-31.2.2.jar (com.android.tools.utp:android-test-plugin-host-additional-test-output-proto:31.2.2) with InstrumentationAnalysisTransform
Transforming android-device-provider-gradle-proto-31.2.2.jar (com.android.tools.utp:android-device-provider-gradle-proto:31.2.2) with ExternalDependencyInstrumentingArtifactTransform
Transforming android-test-plugin-host-additional-test-output-proto-31.2.2.jar (com.android.tools.utp:android-test-plugin-host-additional-test-output-proto:31.2.2) with MergeInstrumentationAnalysisTransform
Transforming android-test-plugin-host-coverage-proto-31.2.2.jar (com.android.tools.utp:android-test-plugin-host-coverage-proto:31.2.2) with InstrumentationAnalysisTransform
Transforming android-test-plugin-host-coverage-proto-31.2.2.jar (com.android.tools.utp:android-test-plugin-host-coverage-proto:31.2.2) with MergeInstrumentationAnalysisTransform
Transforming android-test-plugin-host-logcat-proto-31.2.2.jar (com.android.tools.utp:android-test-plugin-host-logcat-proto:31.2.2) with InstrumentationAnalysisTransform
Transforming android-test-plugin-host-additional-test-output-proto-31.2.2.jar (com.android.tools.utp:android-test-plugin-host-additional-test-output-proto:31.2.2) with ExternalDependencyInstrumentingArtifactTransform
Transforming android-test-plugin-host-coverage-proto-31.2.2.jar (com.android.tools.utp:android-test-plugin-host-coverage-proto:31.2.2) with ExternalDependencyInstrumentingArtifactTransform
Transforming android-test-plugin-host-logcat-proto-31.2.2.jar (com.android.tools.utp:android-test-plugin-host-logcat-proto:31.2.2) with MergeInstrumentationAnalysisTransform
Transforming android-test-plugin-host-apk-installer-proto-31.2.2.jar (com.android.tools.utp:android-test-plugin-host-apk-installer-proto:31.2.2) with InstrumentationAnalysisTransform
Transforming android-test-plugin-host-apk-installer-proto-31.2.2.jar (com.android.tools.utp:android-test-plugin-host-apk-installer-proto:31.2.2) with MergeInstrumentationAnalysisTransform
Transforming android-test-plugin-host-logcat-proto-31.2.2.jar (com.android.tools.utp:android-test-plugin-host-logcat-proto:31.2.2) with ExternalDependencyInstrumentingArtifactTransform
Transforming android-test-plugin-result-listener-gradle-proto-31.2.2.jar (com.android.tools.utp:android-test-plugin-result-listener-gradle-proto:31.2.2) with InstrumentationAnalysisTransform
Transforming android-test-plugin-host-apk-installer-proto-31.2.2.jar (com.android.tools.utp:android-test-plugin-host-apk-installer-proto:31.2.2) with ExternalDependencyInstrumentingArtifactTransform
Transforming android-test-plugin-result-listener-gradle-proto-31.2.2.jar (com.android.tools.utp:android-test-plugin-result-listener-gradle-proto:31.2.2) with MergeInstrumentationAnalysisTransform
Transforming transform-api-2.0.0-deprecated-use-gradle-api.jar (com.android.tools.build:transform-api:2.0.0-deprecated-use-gradle-api) with InstrumentationAnalysisTransform
Transforming android-test-plugin-result-listener-gradle-proto-31.2.2.jar (com.android.tools.utp:android-test-plugin-result-listener-gradle-proto:31.2.2) with ExternalDependencyInstrumentingArtifactTransform
Transforming transform-api-2.0.0-deprecated-use-gradle-api.jar (com.android.tools.build:transform-api:2.0.0-deprecated-use-gradle-api) with MergeInstrumentationAnalysisTransform
Transforming httpmime-4.5.6.jar (org.apache.httpcomponents:httpmime:4.5.6) with InstrumentationAnalysisTransform
Transforming httpmime-4.5.6.jar (org.apache.httpcomponents:httpmime:4.5.6) with MergeInstrumentationAnalysisTransform
Transforming transform-api-2.0.0-deprecated-use-gradle-api.jar (com.android.tools.build:transform-api:2.0.0-deprecated-use-gradle-api) with ExternalDependencyInstrumentingArtifactTransform
Transforming commons-io-2.4.jar (commons-io:commons-io:2.4) with InstrumentationAnalysisTransform
Transforming httpmime-4.5.6.jar (org.apache.httpcomponents:httpmime:4.5.6) with ExternalDependencyInstrumentingArtifactTransform
Transforming commons-io-2.4.jar (commons-io:commons-io:2.4) with MergeInstrumentationAnalysisTransform
Transforming asm-commons-9.2.jar (org.ow2.asm:asm-commons:9.2) with InstrumentationAnalysisTransform
Transforming commons-io-2.4.jar (commons-io:commons-io:2.4) with ExternalDependencyInstrumentingArtifactTransform
Transforming asm-commons-9.2.jar (org.ow2.asm:asm-commons:9.2) with MergeInstrumentationAnalysisTransform
Transforming asm-util-9.2.jar (org.ow2.asm:asm-util:9.2) with InstrumentationAnalysisTransform
Transforming asm-util-9.2.jar (org.ow2.asm:asm-util:9.2) with MergeInstrumentationAnalysisTransform
Transforming asm-analysis-9.2.jar (org.ow2.asm:asm-analysis:9.2) with InstrumentationAnalysisTransform
Transforming asm-commons-9.2.jar (org.ow2.asm:asm-commons:9.2) with ExternalDependencyInstrumentingArtifactTransform
Transforming asm-analysis-9.2.jar (org.ow2.asm:asm-analysis:9.2) with MergeInstrumentationAnalysisTransform
Transforming asm-util-9.2.jar (org.ow2.asm:asm-util:9.2) with ExternalDependencyInstrumentingArtifactTransform
Transforming asm-tree-9.2.jar (org.ow2.asm:asm-tree:9.2) with InstrumentationAnalysisTransform
Transforming asm-analysis-9.2.jar (org.ow2.asm:asm-analysis:9.2) with ExternalDependencyInstrumentingArtifactTransform
Transforming asm-tree-9.2.jar (org.ow2.asm:asm-tree:9.2) with MergeInstrumentationAnalysisTransform
Transforming asm-9.2.jar (org.ow2.asm:asm:9.2) with InstrumentationAnalysisTransform
Transforming asm-9.2.jar (org.ow2.asm:asm:9.2) with MergeInstrumentationAnalysisTransform
Transforming asm-tree-9.2.jar (org.ow2.asm:asm-tree:9.2) with ExternalDependencyInstrumentingArtifactTransform
Transforming apkzlib-8.2.2.jar (com.android.tools.build:apkzlib:8.2.2) with InstrumentationAnalysisTransform
Transforming asm-9.2.jar (org.ow2.asm:asm:9.2) with ExternalDependencyInstrumentingArtifactTransform
Transforming apkzlib-8.2.2.jar (com.android.tools.build:apkzlib:8.2.2) with MergeInstrumentationAnalysisTransform
Transforming bcpkix-jdk15on-1.67.jar (org.bouncycastle:bcpkix-jdk15on:1.67) with InstrumentationAnalysisTransform
Transforming bcpkix-jdk15on-1.67.jar (org.bouncycastle:bcpkix-jdk15on:1.67) with MergeInstrumentationAnalysisTransform
Transforming jaxb-runtime-2.3.2.jar (org.glassfish.jaxb:jaxb-runtime:2.3.2) with InstrumentationAnalysisTransform
Transforming apkzlib-8.2.2.jar (com.android.tools.build:apkzlib:8.2.2) with ExternalDependencyInstrumentingArtifactTransform
Transforming bcpkix-jdk15on-1.67.jar (org.bouncycastle:bcpkix-jdk15on:1.67) with ExternalDependencyInstrumentingArtifactTransform
Transforming jaxb-runtime-2.3.2.jar (org.glassfish.jaxb:jaxb-runtime:2.3.2) with MergeInstrumentationAnalysisTransform
Transforming jopt-simple-4.9.jar (net.sf.jopt-simple:jopt-simple:4.9) with InstrumentationAnalysisTransform
Transforming jopt-simple-4.9.jar (net.sf.jopt-simple:jopt-simple:4.9) with MergeInstrumentationAnalysisTransform
Transforming javapoet-1.13.0.jar (com.squareup:javapoet:1.13.0) with InstrumentationAnalysisTransform
Transforming jaxb-runtime-2.3.2.jar (org.glassfish.jaxb:jaxb-runtime:2.3.2) with ExternalDependencyInstrumentingArtifactTransform
Transforming jopt-simple-4.9.jar (net.sf.jopt-simple:jopt-simple:4.9) with ExternalDependencyInstrumentingArtifactTransform
Transforming javapoet-1.13.0.jar (com.squareup:javapoet:1.13.0) with MergeInstrumentationAnalysisTransform
Transforming protobuf-java-util-3.19.3.jar (com.google.protobuf:protobuf-java-util:3.19.3) with InstrumentationAnalysisTransform
Transforming protobuf-java-util-3.19.3.jar (com.google.protobuf:protobuf-java-util:3.19.3) with MergeInstrumentationAnalysisTransform
Transforming javapoet-1.13.0.jar (com.squareup:javapoet:1.13.0) with ExternalDependencyInstrumentingArtifactTransform
Transforming grpc-protobuf-1.45.1.jar (io.grpc:grpc-protobuf:1.45.1) with InstrumentationAnalysisTransform
Transforming protobuf-java-util-3.19.3.jar (com.google.protobuf:protobuf-java-util:3.19.3) with ExternalDependencyInstrumentingArtifactTransform
Transforming grpc-protobuf-1.45.1.jar (io.grpc:grpc-protobuf:1.45.1) with MergeInstrumentationAnalysisTransform
Transforming tink-1.7.0.jar (com.google.crypto.tink:tink:1.7.0) with InstrumentationAnalysisTransform
Transforming tink-1.7.0.jar (com.google.crypto.tink:tink:1.7.0) with MergeInstrumentationAnalysisTransform
Transforming protos-31.2.2.jar (com.android.tools.analytics-library:protos:31.2.2) with InstrumentationAnalysisTransform
Transforming grpc-protobuf-1.45.1.jar (io.grpc:grpc-protobuf:1.45.1) with ExternalDependencyInstrumentingArtifactTransform
Transforming tink-1.7.0.jar (com.google.crypto.tink:tink:1.7.0) with ExternalDependencyInstrumentingArtifactTransform
Transforming protos-31.2.2.jar (com.android.tools.analytics-library:protos:31.2.2) with MergeInstrumentationAnalysisTransform
Transforming proto-google-common-protos-2.0.1.jar (com.google.api.grpc:proto-google-common-protos:2.0.1) with InstrumentationAnalysisTransform
Transforming proto-google-common-protos-2.0.1.jar (com.google.api.grpc:proto-google-common-protos:2.0.1) with MergeInstrumentationAnalysisTransform
Transforming protobuf-java-3.19.3.jar (com.google.protobuf:protobuf-java:3.19.3) with InstrumentationAnalysisTransform
Transforming protos-31.2.2.jar (com.android.tools.analytics-library:protos:31.2.2) with ExternalDependencyInstrumentingArtifactTransform
Transforming protobuf-java-3.19.3.jar (com.google.protobuf:protobuf-java:3.19.3) with MergeInstrumentationAnalysisTransform
Transforming proto-google-common-protos-2.0.1.jar (com.google.api.grpc:proto-google-common-protos:2.0.1) with ExternalDependencyInstrumentingArtifactTransform
Transforming grpc-netty-1.45.1.jar (io.grpc:grpc-netty:1.45.1) with InstrumentationAnalysisTransform
Transforming protobuf-java-3.19.3.jar (com.google.protobuf:protobuf-java:3.19.3) with ExternalDependencyInstrumentingArtifactTransform
Transforming grpc-netty-1.45.1.jar (io.grpc:grpc-netty:1.45.1) with MergeInstrumentationAnalysisTransform
Transforming grpc-core-1.45.1.jar (io.grpc:grpc-core:1.45.1) with InstrumentationAnalysisTransform
Transforming grpc-netty-1.45.1.jar (io.grpc:grpc-netty:1.45.1) with ExternalDependencyInstrumentingArtifactTransform
Transforming grpc-core-1.45.1.jar (io.grpc:grpc-core:1.45.1) with MergeInstrumentationAnalysisTransform
Transforming gson-2.10.jar (com.google.code.gson:gson:2.10) with InstrumentationAnalysisTransform
Transforming gson-2.10.jar (com.google.code.gson:gson:2.10) with MergeInstrumentationAnalysisTransform
Transforming grpc-stub-1.45.1.jar (io.grpc:grpc-stub:1.45.1) with InstrumentationAnalysisTransform
Transforming grpc-core-1.45.1.jar (io.grpc:grpc-core:1.45.1) with ExternalDependencyInstrumentingArtifactTransform
Transforming grpc-stub-1.45.1.jar (io.grpc:grpc-stub:1.45.1) with MergeInstrumentationAnalysisTransform
Transforming gson-2.10.jar (com.google.code.gson:gson:2.10) with ExternalDependencyInstrumentingArtifactTransform
Transforming core-proto-0.0.8-alpha08.jar (com.google.testing.platform:core-proto:0.0.8-alpha08) with InstrumentationAnalysisTransform
Transforming grpc-stub-1.45.1.jar (io.grpc:grpc-stub:1.45.1) with ExternalDependencyInstrumentingArtifactTransform
Transforming core-proto-0.0.8-alpha08.jar (com.google.testing.platform:core-proto:0.0.8-alpha08) with MergeInstrumentationAnalysisTransform
Transforming tensorflow-lite-metadata-0.1.0-rc2.jar (org.tensorflow:tensorflow-lite-metadata:0.1.0-rc2) with InstrumentationAnalysisTransform
Transforming core-proto-0.0.8-alpha08.jar (com.google.testing.platform:core-proto:0.0.8-alpha08) with ExternalDependencyInstrumentingArtifactTransform
Transforming tensorflow-lite-metadata-0.1.0-rc2.jar (org.tensorflow:tensorflow-lite-metadata:0.1.0-rc2) with MergeInstrumentationAnalysisTransform
Transforming flatbuffers-java-1.12.0.jar (com.google.flatbuffers:flatbuffers-java:1.12.0) with InstrumentationAnalysisTransform
Transforming flatbuffers-java-1.12.0.jar (com.google.flatbuffers:flatbuffers-java:1.12.0) with MergeInstrumentationAnalysisTransform
Transforming tensorflow-lite-metadata-0.1.0-rc2.jar (org.tensorflow:tensorflow-lite-metadata:0.1.0-rc2) with ExternalDependencyInstrumentingArtifactTransform
Transforming kotlin-gradle-plugin-idea-proto-1.9.0.jar (org.jetbrains.kotlin:kotlin-gradle-plugin-idea-proto:1.9.0) with InstrumentationAnalysisTransform
Transforming flatbuffers-java-1.12.0.jar (com.google.flatbuffers:flatbuffers-java:1.12.0) with ExternalDependencyInstrumentingArtifactTransform
Transforming kotlin-gradle-plugin-idea-proto-1.9.0.jar (org.jetbrains.kotlin:kotlin-gradle-plugin-idea-proto:1.9.0) with MergeInstrumentationAnalysisTransform
Transforming kotlin-gradle-plugin-idea-1.9.0.jar (org.jetbrains.kotlin:kotlin-gradle-plugin-idea:1.9.0) with InstrumentationAnalysisTransform
Transforming kotlin-gradle-plugin-idea-proto-1.9.0.jar (org.jetbrains.kotlin:kotlin-gradle-plugin-idea-proto:1.9.0) with ExternalDependencyInstrumentingArtifactTransform
Transforming kotlin-gradle-plugin-idea-1.9.0.jar (org.jetbrains.kotlin:kotlin-gradle-plugin-idea:1.9.0) with MergeInstrumentationAnalysisTransform
Transforming kotlin-project-model-1.9.0.jar (org.jetbrains.kotlin:kotlin-project-model:1.9.0) with InstrumentationAnalysisTransform
Transforming kotlin-project-model-1.9.0.jar (org.jetbrains.kotlin:kotlin-project-model:1.9.0) with MergeInstrumentationAnalysisTransform
Transforming kotlin-tooling-core-1.9.0.jar (org.jetbrains.kotlin:kotlin-tooling-core:1.9.0) with InstrumentationAnalysisTransform
Transforming kotlin-gradle-plugin-idea-1.9.0.jar (org.jetbrains.kotlin:kotlin-gradle-plugin-idea:1.9.0) with ExternalDependencyInstrumentingArtifactTransform
Transforming kotlin-tooling-core-1.9.0.jar (org.jetbrains.kotlin:kotlin-tooling-core:1.9.0) with MergeInstrumentationAnalysisTransform
Transforming kotlin-project-model-1.9.0.jar (org.jetbrains.kotlin:kotlin-project-model:1.9.0) with ExternalDependencyInstrumentingArtifactTransform
Transforming kotlin-klib-commonizer-api-1.9.0.jar (org.jetbrains.kotlin:kotlin-klib-commonizer-api:1.9.0) with InstrumentationAnalysisTransform
Transforming kotlin-tooling-core-1.9.0.jar (org.jetbrains.kotlin:kotlin-tooling-core:1.9.0) with ExternalDependencyInstrumentingArtifactTransform
Transforming kotlin-klib-commonizer-api-1.9.0.jar (org.jetbrains.kotlin:kotlin-klib-commonizer-api:1.9.0) with MergeInstrumentationAnalysisTransform
Transforming kotlin-native-utils-1.9.0.jar (org.jetbrains.kotlin:kotlin-native-utils:1.9.0) with InstrumentationAnalysisTransform
Transforming kotlin-klib-commonizer-api-1.9.0.jar (org.jetbrains.kotlin:kotlin-klib-commonizer-api:1.9.0) with ExternalDependencyInstrumentingArtifactTransform
Transforming kotlin-native-utils-1.9.0.jar (org.jetbrains.kotlin:kotlin-native-utils:1.9.0) with MergeInstrumentationAnalysisTransform
Transforming kotlin-util-klib-1.9.0.jar (org.jetbrains.kotlin:kotlin-util-klib:1.9.0) with InstrumentationAnalysisTransform
Transforming kotlin-util-klib-1.9.0.jar (org.jetbrains.kotlin:kotlin-util-klib:1.9.0) with MergeInstrumentationAnalysisTransform
Transforming kotlin-build-tools-api-1.9.0.jar (org.jetbrains.kotlin:kotlin-build-tools-api:1.9.0) with InstrumentationAnalysisTransform
Transforming kotlin-native-utils-1.9.0.jar (org.jetbrains.kotlin:kotlin-native-utils:1.9.0) with ExternalDependencyInstrumentingArtifactTransform
Transforming kotlin-build-tools-api-1.9.0.jar (org.jetbrains.kotlin:kotlin-build-tools-api:1.9.0) with MergeInstrumentationAnalysisTransform
Transforming kotlin-util-klib-1.9.0.jar (org.jetbrains.kotlin:kotlin-util-klib:1.9.0) with ExternalDependencyInstrumentingArtifactTransform
Transforming kotlin-android-extensions-1.9.0.jar (org.jetbrains.kotlin:kotlin-android-extensions:1.9.0) with InstrumentationAnalysisTransform
Transforming kotlin-build-tools-api-1.9.0.jar (org.jetbrains.kotlin:kotlin-build-tools-api:1.9.0) with ExternalDependencyInstrumentingArtifactTransform
Transforming kotlin-android-extensions-1.9.0.jar (org.jetbrains.kotlin:kotlin-android-extensions:1.9.0) with MergeInstrumentationAnalysisTransform
Transforming kotlin-compiler-runner-1.9.0.jar (org.jetbrains.kotlin:kotlin-compiler-runner:1.9.0) with InstrumentationAnalysisTransform
Transforming kotlin-android-extensions-1.9.0.jar (org.jetbrains.kotlin:kotlin-android-extensions:1.9.0) with ExternalDependencyInstrumentingArtifactTransform
Transforming kotlin-compiler-runner-1.9.0.jar (org.jetbrains.kotlin:kotlin-compiler-runner:1.9.0) with MergeInstrumentationAnalysisTransform
Transforming kotlin-compiler-embeddable-1.9.0.jar (org.jetbrains.kotlin:kotlin-compiler-embeddable:1.9.0) with InstrumentationAnalysisTransform
Transforming kotlin-compiler-embeddable-1.9.0.jar (org.jetbrains.kotlin:kotlin-compiler-embeddable:1.9.0) with MergeInstrumentationAnalysisTransform
Transforming kotlin-scripting-compiler-embeddable-1.9.0.jar (org.jetbrains.kotlin:kotlin-scripting-compiler-embeddable:1.9.0) with InstrumentationAnalysisTransform
Transforming kotlin-compiler-runner-1.9.0.jar (org.jetbrains.kotlin:kotlin-compiler-runner:1.9.0) with ExternalDependencyInstrumentingArtifactTransform
Transforming kotlin-compiler-embeddable-1.9.0.jar (org.jetbrains.kotlin:kotlin-compiler-embeddable:1.9.0) with ExternalDependencyInstrumentingArtifactTransform
Transforming kotlin-scripting-compiler-embeddable-1.9.0.jar (org.jetbrains.kotlin:kotlin-scripting-compiler-embeddable:1.9.0) with MergeInstrumentationAnalysisTransform
Transforming kotlin-scripting-compiler-impl-embeddable-1.9.0.jar (org.jetbrains.kotlin:kotlin-scripting-compiler-impl-embeddable:1.9.0) with InstrumentationAnalysisTransform
Transforming kotlin-scripting-compiler-impl-embeddable-1.9.0.jar (org.jetbrains.kotlin:kotlin-scripting-compiler-impl-embeddable:1.9.0) with MergeInstrumentationAnalysisTransform
Transforming jimfs-1.1.jar (com.google.jimfs:jimfs:1.1) with InstrumentationAnalysisTransform
Transforming kotlin-scripting-compiler-embeddable-1.9.0.jar (org.jetbrains.kotlin:kotlin-scripting-compiler-embeddable:1.9.0) with ExternalDependencyInstrumentingArtifactTransform
Transforming jimfs-1.1.jar (com.google.jimfs:jimfs:1.1) with MergeInstrumentationAnalysisTransform
Transforming kotlin-scripting-compiler-impl-embeddable-1.9.0.jar (org.jetbrains.kotlin:kotlin-scripting-compiler-impl-embeddable:1.9.0) with ExternalDependencyInstrumentingArtifactTransform
Transforming grpc-protobuf-lite-1.45.1.jar (io.grpc:grpc-protobuf-lite:1.45.1) with InstrumentationAnalysisTransform
Transforming jimfs-1.1.jar (com.google.jimfs:jimfs:1.1) with ExternalDependencyInstrumentingArtifactTransform
Transforming grpc-protobuf-lite-1.45.1.jar (io.grpc:grpc-protobuf-lite:1.45.1) with MergeInstrumentationAnalysisTransform
Transforming grpc-api-1.45.1.jar (io.grpc:grpc-api:1.45.1) with InstrumentationAnalysisTransform
Transforming grpc-api-1.45.1.jar (io.grpc:grpc-api:1.45.1) with MergeInstrumentationAnalysisTransform
Transforming guava-31.1-jre.jar (com.google.guava:guava:31.1-jre) with InstrumentationAnalysisTransform
Transforming grpc-protobuf-lite-1.45.1.jar (io.grpc:grpc-protobuf-lite:1.45.1) with ExternalDependencyInstrumentingArtifactTransform
Transforming grpc-api-1.45.1.jar (io.grpc:grpc-api:1.45.1) with ExternalDependencyInstrumentingArtifactTransform
Transforming guava-31.1-jre.jar (com.google.guava:guava:31.1-jre) with MergeInstrumentationAnalysisTransform
Transforming dagger-2.28.3.jar (com.google.dagger:dagger:2.28.3) with InstrumentationAnalysisTransform
Transforming dagger-2.28.3.jar (com.google.dagger:dagger:2.28.3) with MergeInstrumentationAnalysisTransform
Transforming guava-31.1-jre.jar (com.google.guava:guava:31.1-jre) with ExternalDependencyInstrumentingArtifactTransform
Transforming javax.inject-1.jar (javax.inject:javax.inject:1) with InstrumentationAnalysisTransform
Transforming dagger-2.28.3.jar (com.google.dagger:dagger:2.28.3) with ExternalDependencyInstrumentingArtifactTransform
Transforming javax.inject-1.jar (javax.inject:javax.inject:1) with MergeInstrumentationAnalysisTransform
Transforming kxml2-2.3.0.jar (net.sf.kxml:kxml2:2.3.0) with InstrumentationAnalysisTransform
Transforming javax.inject-1.jar (javax.inject:javax.inject:1) with ExternalDependencyInstrumentingArtifactTransform
Transforming kxml2-2.3.0.jar (net.sf.kxml:kxml2:2.3.0) with MergeInstrumentationAnalysisTransform
Transforming bcprov-jdk15on-1.67.jar (org.bouncycastle:bcprov-jdk15on:1.67) with InstrumentationAnalysisTransform
Transforming bcprov-jdk15on-1.67.jar (org.bouncycastle:bcprov-jdk15on:1.67) with MergeInstrumentationAnalysisTransform
Transforming kxml2-2.3.0.jar (net.sf.kxml:kxml2:2.3.0) with ExternalDependencyInstrumentingArtifactTransform
Transforming trove4j-1.0.20200330.jar (org.jetbrains.intellij.deps:trove4j:1.0.20200330) with InstrumentationAnalysisTransform
Transforming bcprov-jdk15on-1.67.jar (org.bouncycastle:bcprov-jdk15on:1.67) with ExternalDependencyInstrumentingArtifactTransform
Transforming trove4j-1.0.20200330.jar (org.jetbrains.intellij.deps:trove4j:1.0.20200330) with MergeInstrumentationAnalysisTransform
Transforming xercesImpl-2.12.0.jar (xerces:xercesImpl:2.12.0) with InstrumentationAnalysisTransform
Transforming trove4j-1.0.20200330.jar (org.jetbrains.intellij.deps:trove4j:1.0.20200330) with ExternalDependencyInstrumentingArtifactTransform
Transforming xercesImpl-2.12.0.jar (xerces:xercesImpl:2.12.0) with MergeInstrumentationAnalysisTransform
Transforming commons-compress-1.21.jar (org.apache.commons:commons-compress:1.21) with InstrumentationAnalysisTransform
Transforming xercesImpl-2.12.0.jar (xerces:xercesImpl:2.12.0) with ExternalDependencyInstrumentingArtifactTransform
Transforming commons-compress-1.21.jar (org.apache.commons:commons-compress:1.21) with MergeInstrumentationAnalysisTransform
Transforming httpclient-4.5.14.jar (org.apache.httpcomponents:httpclient:4.5.14) with InstrumentationAnalysisTransform
Transforming commons-compress-1.21.jar (org.apache.commons:commons-compress:1.21) with ExternalDependencyInstrumentingArtifactTransform
Transforming httpclient-4.5.14.jar (org.apache.httpcomponents:httpclient:4.5.14) with MergeInstrumentationAnalysisTransform
Transforming httpcore-4.4.16.jar (org.apache.httpcomponents:httpcore:4.4.16) with InstrumentationAnalysisTransform
Transforming httpcore-4.4.16.jar (org.apache.httpcomponents:httpcore:4.4.16) with MergeInstrumentationAnalysisTransform
Transforming httpclient-4.5.14.jar (org.apache.httpcomponents:httpclient:4.5.14) with ExternalDependencyInstrumentingArtifactTransform
Transforming javax.activation-1.2.0.jar (com.sun.activation:javax.activation:1.2.0) with InstrumentationAnalysisTransform
Transforming httpcore-4.4.16.jar (org.apache.httpcomponents:httpcore:4.4.16) with ExternalDependencyInstrumentingArtifactTransform
Transforming javax.activation-1.2.0.jar (com.sun.activation:javax.activation:1.2.0) with MergeInstrumentationAnalysisTransform
Transforming signflinger-8.2.2.jar (com.android:signflinger:8.2.2) with InstrumentationAnalysisTransform
Transforming javax.activation-1.2.0.jar (com.sun.activation:javax.activation:1.2.0) with ExternalDependencyInstrumentingArtifactTransform
Transforming signflinger-8.2.2.jar (com.android:signflinger:8.2.2) with MergeInstrumentationAnalysisTransform
Transforming zipflinger-8.2.2.jar (com.android:zipflinger:8.2.2) with InstrumentationAnalysisTransform
Transforming signflinger-8.2.2.jar (com.android:signflinger:8.2.2) with ExternalDependencyInstrumentingArtifactTransform
Transforming zipflinger-8.2.2.jar (com.android:zipflinger:8.2.2) with MergeInstrumentationAnalysisTransform
Transforming annotations-31.2.2.jar (com.android.tools:annotations:31.2.2) with InstrumentationAnalysisTransform
Transforming annotations-31.2.2.jar (com.android.tools:annotations:31.2.2) with MergeInstrumentationAnalysisTransform
Transforming jna-platform-5.6.0.jar (net.java.dev.jna:jna-platform:5.6.0) with InstrumentationAnalysisTransform
Transforming zipflinger-8.2.2.jar (com.android:zipflinger:8.2.2) with ExternalDependencyInstrumentingArtifactTransform
Transforming annotations-31.2.2.jar (com.android.tools:annotations:31.2.2) with ExternalDependencyInstrumentingArtifactTransform
Transforming jna-platform-5.6.0.jar (net.java.dev.jna:jna-platform:5.6.0) with MergeInstrumentationAnalysisTransform
Transforming juniversalchardet-1.0.3.jar (com.googlecode.juniversalchardet:juniversalchardet:1.0.3) with InstrumentationAnalysisTransform
Transforming juniversalchardet-1.0.3.jar (com.googlecode.juniversalchardet:juniversalchardet:1.0.3) with MergeInstrumentationAnalysisTransform
Transforming javax.annotation-api-1.3.2.jar (javax.annotation:javax.annotation-api:1.3.2) with InstrumentationAnalysisTransform
Transforming jna-platform-5.6.0.jar (net.java.dev.jna:jna-platform:5.6.0) with ExternalDependencyInstrumentingArtifactTransform
Transforming javax.annotation-api-1.3.2.jar (javax.annotation:javax.annotation-api:1.3.2) with MergeInstrumentationAnalysisTransform
Transforming juniversalchardet-1.0.3.jar (com.googlecode.juniversalchardet:juniversalchardet:1.0.3) with ExternalDependencyInstrumentingArtifactTransform
Transforming stax-ex-1.8.1.jar (org.jvnet.staxex:stax-ex:1.8.1) with InstrumentationAnalysisTransform
Transforming javax.annotation-api-1.3.2.jar (javax.annotation:javax.annotation-api:1.3.2) with ExternalDependencyInstrumentingArtifactTransform
Transforming stax-ex-1.8.1.jar (org.jvnet.staxex:stax-ex:1.8.1) with MergeInstrumentationAnalysisTransform
Transforming jakarta.xml.bind-api-2.3.2.jar (jakarta.xml.bind:jakarta.xml.bind-api:2.3.2) with InstrumentationAnalysisTransform
Transforming jakarta.xml.bind-api-2.3.2.jar (jakarta.xml.bind:jakarta.xml.bind-api:2.3.2) with MergeInstrumentationAnalysisTransform
Transforming txw2-2.3.2.jar (org.glassfish.jaxb:txw2:2.3.2) with InstrumentationAnalysisTransform
Transforming stax-ex-1.8.1.jar (org.jvnet.staxex:stax-ex:1.8.1) with ExternalDependencyInstrumentingArtifactTransform
Transforming txw2-2.3.2.jar (org.glassfish.jaxb:txw2:2.3.2) with MergeInstrumentationAnalysisTransform
Transforming jakarta.xml.bind-api-2.3.2.jar (jakarta.xml.bind:jakarta.xml.bind-api:2.3.2) with ExternalDependencyInstrumentingArtifactTransform
Transforming txw2-2.3.2.jar (org.glassfish.jaxb:txw2:2.3.2) with ExternalDependencyInstrumentingArtifactTransform
Transforming istack-commons-runtime-3.0.8.jar (com.sun.istack:istack-commons-runtime:3.0.8) with InstrumentationAnalysisTransform
Transforming istack-commons-runtime-3.0.8.jar (com.sun.istack:istack-commons-runtime:3.0.8) with MergeInstrumentationAnalysisTransform
Transforming FastInfoset-1.2.16.jar (com.sun.xml.fastinfoset:FastInfoset:1.2.16) with InstrumentationAnalysisTransform
Transforming FastInfoset-1.2.16.jar (com.sun.xml.fastinfoset:FastInfoset:1.2.16) with MergeInstrumentationAnalysisTransform
Transforming jakarta.activation-api-1.2.1.jar (jakarta.activation:jakarta.activation-api:1.2.1) with InstrumentationAnalysisTransform
Transforming istack-commons-runtime-3.0.8.jar (com.sun.istack:istack-commons-runtime:3.0.8) with ExternalDependencyInstrumentingArtifactTransform
Transforming jakarta.activation-api-1.2.1.jar (jakarta.activation:jakarta.activation-api:1.2.1) with MergeInstrumentationAnalysisTransform
Transforming FastInfoset-1.2.16.jar (com.sun.xml.fastinfoset:FastInfoset:1.2.16) with ExternalDependencyInstrumentingArtifactTransform
Transforming auto-value-annotations-1.6.2.jar (com.google.auto.value:auto-value-annotations:1.6.2) with InstrumentationAnalysisTransform
Transforming jakarta.activation-api-1.2.1.jar (jakarta.activation:jakarta.activation-api:1.2.1) with ExternalDependencyInstrumentingArtifactTransform
Transforming auto-value-annotations-1.6.2.jar (com.google.auto.value:auto-value-annotations:1.6.2) with MergeInstrumentationAnalysisTransform
Transforming error_prone_annotations-2.11.0.jar (com.google.errorprone:error_prone_annotations:2.11.0) with InstrumentationAnalysisTransform
Transforming auto-value-annotations-1.6.2.jar (com.google.auto.value:auto-value-annotations:1.6.2) with ExternalDependencyInstrumentingArtifactTransform
Transforming error_prone_annotations-2.11.0.jar (com.google.errorprone:error_prone_annotations:2.11.0) with MergeInstrumentationAnalysisTransform
Transforming jose4j-0.7.0.jar (org.bitbucket.b_c:jose4j:0.7.0) with InstrumentationAnalysisTransform
Transforming jose4j-0.7.0.jar (org.bitbucket.b_c:jose4j:0.7.0) with MergeInstrumentationAnalysisTransform
Transforming error_prone_annotations-2.11.0.jar (com.google.errorprone:error_prone_annotations:2.11.0) with ExternalDependencyInstrumentingArtifactTransform
Transforming slf4j-api-1.7.30.jar (org.slf4j:slf4j-api:1.7.30) with InstrumentationAnalysisTransform
Transforming jose4j-0.7.0.jar (org.bitbucket.b_c:jose4j:0.7.0) with ExternalDependencyInstrumentingArtifactTransform
Transforming slf4j-api-1.7.30.jar (org.slf4j:slf4j-api:1.7.30) with MergeInstrumentationAnalysisTransform
Transforming jdom2-2.0.6.jar (org.jdom:jdom2:2.0.6) with InstrumentationAnalysisTransform
Transforming jdom2-2.0.6.jar (org.jdom:jdom2:2.0.6) with MergeInstrumentationAnalysisTransform
Transforming j2objc-annotations-1.3.jar (com.google.j2objc:j2objc-annotations:1.3) with InstrumentationAnalysisTransform
Transforming slf4j-api-1.7.30.jar (org.slf4j:slf4j-api:1.7.30) with ExternalDependencyInstrumentingArtifactTransform
Transforming jdom2-2.0.6.jar (org.jdom:jdom2:2.0.6) with ExternalDependencyInstrumentingArtifactTransform
Transforming j2objc-annotations-1.3.jar (com.google.j2objc:j2objc-annotations:1.3) with MergeInstrumentationAnalysisTransform
Transforming jsr305-3.0.2.jar (com.google.code.findbugs:jsr305:3.0.2) with InstrumentationAnalysisTransform
Transforming jsr305-3.0.2.jar (com.google.code.findbugs:jsr305:3.0.2) with MergeInstrumentationAnalysisTransform
Transforming j2objc-annotations-1.3.jar (com.google.j2objc:j2objc-annotations:1.3) with ExternalDependencyInstrumentingArtifactTransform
Transforming annotations-4.1.1.4.jar (com.google.android:annotations:4.1.1.4) with InstrumentationAnalysisTransform
Transforming jsr305-3.0.2.jar (com.google.code.findbugs:jsr305:3.0.2) with ExternalDependencyInstrumentingArtifactTransform
Transforming annotations-4.1.1.4.jar (com.google.android:annotations:4.1.1.4) with MergeInstrumentationAnalysisTransform
Transforming animal-sniffer-annotations-1.19.jar (org.codehaus.mojo:animal-sniffer-annotations:1.19) with InstrumentationAnalysisTransform
Transforming animal-sniffer-annotations-1.19.jar (org.codehaus.mojo:animal-sniffer-annotations:1.19) with MergeInstrumentationAnalysisTransform
Transforming annotations-4.1.1.4.jar (com.google.android:annotations:4.1.1.4) with ExternalDependencyInstrumentingArtifactTransform
Transforming perfmark-api-0.23.0.jar (io.perfmark:perfmark-api:0.23.0) with InstrumentationAnalysisTransform
Transforming animal-sniffer-annotations-1.19.jar (org.codehaus.mojo:animal-sniffer-annotations:1.19) with ExternalDependencyInstrumentingArtifactTransform
Transforming perfmark-api-0.23.0.jar (io.perfmark:perfmark-api:0.23.0) with MergeInstrumentationAnalysisTransform
Transforming netty-codec-http2-4.1.72.Final.jar (io.netty:netty-codec-http2:4.1.72.Final) with InstrumentationAnalysisTransform
Transforming netty-codec-http2-4.1.72.Final.jar (io.netty:netty-codec-http2:4.1.72.Final) with MergeInstrumentationAnalysisTransform
Transforming perfmark-api-0.23.0.jar (io.perfmark:perfmark-api:0.23.0) with ExternalDependencyInstrumentingArtifactTransform
Transforming netty-handler-proxy-4.1.72.Final.jar (io.netty:netty-handler-proxy:4.1.72.Final) with InstrumentationAnalysisTransform
Transforming netty-codec-http2-4.1.72.Final.jar (io.netty:netty-codec-http2:4.1.72.Final) with ExternalDependencyInstrumentingArtifactTransform
Transforming netty-handler-proxy-4.1.72.Final.jar (io.netty:netty-handler-proxy:4.1.72.Final) with MergeInstrumentationAnalysisTransform
Transforming checker-qual-3.12.0.jar (org.checkerframework:checker-qual:3.12.0) with InstrumentationAnalysisTransform
Transforming checker-qual-3.12.0.jar (org.checkerframework:checker-qual:3.12.0) with MergeInstrumentationAnalysisTransform
Transforming netty-handler-proxy-4.1.72.Final.jar (io.netty:netty-handler-proxy:4.1.72.Final) with ExternalDependencyInstrumentingArtifactTransform
Transforming commons-codec-1.11.jar (commons-codec:commons-codec:1.11) with InstrumentationAnalysisTransform
Transforming checker-qual-3.12.0.jar (org.checkerframework:checker-qual:3.12.0) with ExternalDependencyInstrumentingArtifactTransform
Transforming commons-codec-1.11.jar (commons-codec:commons-codec:1.11) with MergeInstrumentationAnalysisTransform
Transforming apksig-8.2.2.jar (com.android.tools.build:apksig:8.2.2) with InstrumentationAnalysisTransform
Transforming apksig-8.2.2.jar (com.android.tools.build:apksig:8.2.2) with MergeInstrumentationAnalysisTransform
Transforming commons-codec-1.11.jar (commons-codec:commons-codec:1.11) with ExternalDependencyInstrumentingArtifactTransform
Transforming javawriter-2.5.0.jar (com.squareup:javawriter:2.5.0) with InstrumentationAnalysisTransform
Transforming apksig-8.2.2.jar (com.android.tools.build:apksig:8.2.2) with ExternalDependencyInstrumentingArtifactTransform
Transforming javawriter-2.5.0.jar (com.squareup:javawriter:2.5.0) with MergeInstrumentationAnalysisTransform
Transforming kotlin-gradle-plugin-annotations-1.9.0.jar (org.jetbrains.kotlin:kotlin-gradle-plugin-annotations:1.9.0) with InstrumentationAnalysisTransform
Transforming kotlin-gradle-plugin-annotations-1.9.0.jar (org.jetbrains.kotlin:kotlin-gradle-plugin-annotations:1.9.0) with MergeInstrumentationAnalysisTransform
Transforming kotlin-util-io-1.9.0.jar (org.jetbrains.kotlin:kotlin-util-io:1.9.0) with InstrumentationAnalysisTransform
Transforming javawriter-2.5.0.jar (com.squareup:javawriter:2.5.0) with ExternalDependencyInstrumentingArtifactTransform
Transforming kotlin-util-io-1.9.0.jar (org.jetbrains.kotlin:kotlin-util-io:1.9.0) with MergeInstrumentationAnalysisTransform
Transforming kotlin-gradle-plugin-annotations-1.9.0.jar (org.jetbrains.kotlin:kotlin-gradle-plugin-annotations:1.9.0) with ExternalDependencyInstrumentingArtifactTransform
Transforming kotlin-daemon-embeddable-1.9.0.jar (org.jetbrains.kotlin:kotlin-daemon-embeddable:1.9.0) with InstrumentationAnalysisTransform
Transforming kotlin-util-io-1.9.0.jar (org.jetbrains.kotlin:kotlin-util-io:1.9.0) with ExternalDependencyInstrumentingArtifactTransform
Transforming kotlin-daemon-embeddable-1.9.0.jar (org.jetbrains.kotlin:kotlin-daemon-embeddable:1.9.0) with MergeInstrumentationAnalysisTransform
Transforming kotlin-daemon-client-1.9.0.jar (org.jetbrains.kotlin:kotlin-daemon-client:1.9.0) with InstrumentationAnalysisTransform
Transforming kotlin-daemon-client-1.9.0.jar (org.jetbrains.kotlin:kotlin-daemon-client:1.9.0) with MergeInstrumentationAnalysisTransform
Transforming kotlinx-coroutines-core-jvm-1.5.0.jar (org.jetbrains.kotlinx:kotlinx-coroutines-core-jvm:1.5.0) with InstrumentationAnalysisTransform
Transforming kotlin-daemon-embeddable-1.9.0.jar (org.jetbrains.kotlin:kotlin-daemon-embeddable:1.9.0) with ExternalDependencyInstrumentingArtifactTransform
Transforming kotlinx-coroutines-core-jvm-1.5.0.jar (org.jetbrains.kotlinx:kotlinx-coroutines-core-jvm:1.5.0) with MergeInstrumentationAnalysisTransform
Transforming kotlin-daemon-client-1.9.0.jar (org.jetbrains.kotlin:kotlin-daemon-client:1.9.0) with ExternalDependencyInstrumentingArtifactTransform
Transforming kotlin-scripting-jvm-1.9.0.jar (org.jetbrains.kotlin:kotlin-scripting-jvm:1.9.0) with InstrumentationAnalysisTransform
Transforming kotlinx-coroutines-core-jvm-1.5.0.jar (org.jetbrains.kotlinx:kotlinx-coroutines-core-jvm:1.5.0) with ExternalDependencyInstrumentingArtifactTransform
Transforming kotlin-scripting-jvm-1.9.0.jar (org.jetbrains.kotlin:kotlin-scripting-jvm:1.9.0) with MergeInstrumentationAnalysisTransform
Transforming kotlin-scripting-common-1.9.0.jar (org.jetbrains.kotlin:kotlin-scripting-common:1.9.0) with InstrumentationAnalysisTransform
Transforming kotlin-scripting-common-1.9.0.jar (org.jetbrains.kotlin:kotlin-scripting-common:1.9.0) with MergeInstrumentationAnalysisTransform
Transforming failureaccess-1.0.1.jar (com.google.guava:failureaccess:1.0.1) with InstrumentationAnalysisTransform
Transforming kotlin-scripting-jvm-1.9.0.jar (org.jetbrains.kotlin:kotlin-scripting-jvm:1.9.0) with ExternalDependencyInstrumentingArtifactTransform
Transforming failureaccess-1.0.1.jar (com.google.guava:failureaccess:1.0.1) with MergeInstrumentationAnalysisTransform
Transforming kotlin-scripting-common-1.9.0.jar (org.jetbrains.kotlin:kotlin-scripting-common:1.9.0) with ExternalDependencyInstrumentingArtifactTransform
Transforming listenablefuture-9999.0-empty-to-avoid-conflict-with-guava.jar (com.google.guava:listenablefuture:9999.0-empty-to-avoid-conflict-with-guava) with InstrumentationAnalysisTransform
Transforming failureaccess-1.0.1.jar (com.google.guava:failureaccess:1.0.1) with ExternalDependencyInstrumentingArtifactTransform
Transforming listenablefuture-9999.0-empty-to-avoid-conflict-with-guava.jar (com.google.guava:listenablefuture:9999.0-empty-to-avoid-conflict-with-guava) with MergeInstrumentationAnalysisTransform
Transforming xml-apis-1.4.01.jar (xml-apis:xml-apis:1.4.01) with InstrumentationAnalysisTransform
Transforming xml-apis-1.4.01.jar (xml-apis:xml-apis:1.4.01) with MergeInstrumentationAnalysisTransform
Transforming commons-logging-1.2.jar (commons-logging:commons-logging:1.2) with InstrumentationAnalysisTransform
Transforming listenablefuture-9999.0-empty-to-avoid-conflict-with-guava.jar (com.google.guava:listenablefuture:9999.0-empty-to-avoid-conflict-with-guava) with ExternalDependencyInstrumentingArtifactTransform
Transforming commons-logging-1.2.jar (commons-logging:commons-logging:1.2) with MergeInstrumentationAnalysisTransform
Transforming xml-apis-1.4.01.jar (xml-apis:xml-apis:1.4.01) with ExternalDependencyInstrumentingArtifactTransform
Transforming jna-5.6.0.jar (net.java.dev.jna:jna:5.6.0) with InstrumentationAnalysisTransform
Transforming commons-logging-1.2.jar (commons-logging:commons-logging:1.2) with ExternalDependencyInstrumentingArtifactTransform
Transforming jna-5.6.0.jar (net.java.dev.jna:jna:5.6.0) with MergeInstrumentationAnalysisTransform
Transforming grpc-context-1.45.1.jar (io.grpc:grpc-context:1.45.1) with InstrumentationAnalysisTransform
Transforming grpc-context-1.45.1.jar (io.grpc:grpc-context:1.45.1) with MergeInstrumentationAnalysisTransform
Transforming netty-codec-http-4.1.72.Final.jar (io.netty:netty-codec-http:4.1.72.Final) with InstrumentationAnalysisTransform
Transforming jna-5.6.0.jar (net.java.dev.jna:jna:5.6.0) with ExternalDependencyInstrumentingArtifactTransform
Transforming netty-codec-http-4.1.72.Final.jar (io.netty:netty-codec-http:4.1.72.Final) with MergeInstrumentationAnalysisTransform
Transforming grpc-context-1.45.1.jar (io.grpc:grpc-context:1.45.1) with ExternalDependencyInstrumentingArtifactTransform
Transforming netty-codec-http-4.1.72.Final.jar (io.netty:netty-codec-http:4.1.72.Final) with ExternalDependencyInstrumentingArtifactTransform
Transforming netty-handler-4.1.72.Final.jar (io.netty:netty-handler:4.1.72.Final) with InstrumentationAnalysisTransform
Transforming netty-handler-4.1.72.Final.jar (io.netty:netty-handler:4.1.72.Final) with MergeInstrumentationAnalysisTransform
Transforming netty-codec-socks-4.1.72.Final.jar (io.netty:netty-codec-socks:4.1.72.Final) with InstrumentationAnalysisTransform
Transforming netty-codec-socks-4.1.72.Final.jar (io.netty:netty-codec-socks:4.1.72.Final) with MergeInstrumentationAnalysisTransform
Transforming netty-codec-4.1.72.Final.jar (io.netty:netty-codec:4.1.72.Final) with InstrumentationAnalysisTransform
Transforming netty-handler-4.1.72.Final.jar (io.netty:netty-handler:4.1.72.Final) with ExternalDependencyInstrumentingArtifactTransform
Transforming netty-codec-4.1.72.Final.jar (io.netty:netty-codec:4.1.72.Final) with MergeInstrumentationAnalysisTransform
Transforming netty-codec-socks-4.1.72.Final.jar (io.netty:netty-codec-socks:4.1.72.Final) with ExternalDependencyInstrumentingArtifactTransform
Transforming netty-transport-4.1.72.Final.jar (io.netty:netty-transport:4.1.72.Final) with InstrumentationAnalysisTransform
Transforming netty-codec-4.1.72.Final.jar (io.netty:netty-codec:4.1.72.Final) with ExternalDependencyInstrumentingArtifactTransform
Transforming netty-transport-4.1.72.Final.jar (io.netty:netty-transport:4.1.72.Final) with MergeInstrumentationAnalysisTransform
Transforming netty-buffer-4.1.72.Final.jar (io.netty:netty-buffer:4.1.72.Final) with InstrumentationAnalysisTransform
Transforming netty-buffer-4.1.72.Final.jar (io.netty:netty-buffer:4.1.72.Final) with MergeInstrumentationAnalysisTransform
Transforming netty-resolver-4.1.72.Final.jar (io.netty:netty-resolver:4.1.72.Final) with InstrumentationAnalysisTransform
Transforming netty-transport-4.1.72.Final.jar (io.netty:netty-transport:4.1.72.Final) with ExternalDependencyInstrumentingArtifactTransform
Transforming netty-buffer-4.1.72.Final.jar (io.netty:netty-buffer:4.1.72.Final) with ExternalDependencyInstrumentingArtifactTransform
Transforming netty-resolver-4.1.72.Final.jar (io.netty:netty-resolver:4.1.72.Final) with MergeInstrumentationAnalysisTransform
Transforming netty-common-4.1.72.Final.jar (io.netty:netty-common:4.1.72.Final) with InstrumentationAnalysisTransform
Transforming netty-common-4.1.72.Final.jar (io.netty:netty-common:4.1.72.Final) with MergeInstrumentationAnalysisTransform
Transforming netty-resolver-4.1.72.Final.jar (io.netty:netty-resolver:4.1.72.Final) with ExternalDependencyInstrumentingArtifactTransform
Transforming netty-tcnative-classes-2.0.46.Final.jar (io.netty:netty-tcnative-classes:2.0.46.Final) with InstrumentationAnalysisTransform
Transforming netty-tcnative-classes-2.0.46.Final.jar (io.netty:netty-tcnative-classes:2.0.46.Final) with MergeInstrumentationAnalysisTransform
Transforming netty-common-4.1.72.Final.jar (io.netty:netty-common:4.1.72.Final) with ExternalDependencyInstrumentingArtifactTransform
Transforming netty-tcnative-classes-2.0.46.Final.jar (io.netty:netty-tcnative-classes:2.0.46.Final) with ExternalDependencyInstrumentingArtifactTransform

> Configure project :app
Evaluating project ':app' using build file 'C:\Users\Gandon\Desktop\Projects\MovieTimeTracker\app\build.gradle.kts'.
Using default execution profile
Using Kotlin Gradle Plugin gradle81 variant
All projects evaluated.
Task path ':app:assembleDebug' matched project ':app'
Task name matched 'assembleDebug'
Selected primary task 'assembleDebug' from project :app
Tasks to be executed: [task ':app:preBuild', task ':app:preDebugBuild', task ':app:mergeDebugNativeDebugMetadata', task ':app:dataBindingMergeDependencyArtifactsDebug', task ':app:generateDebugResValues', task ':app:generateDebugResources', task ':app:mergeDebugResources', task ':app:packageDebugResources', task ':app:parseDebugLocalResources', task ':app:dataBindingGenBaseClassesDebug', task ':app:generateDebugBuildConfig', task ':app:checkDebugAarMetadata', task ':app:mapDebugSourceSetPaths', task ':app:createDebugCompatibleScreenManifests', task ':app:extractDeepLinksDebug', task ':app:processDebugMainManifest', task ':app:processDebugManifest', task ':app:processDebugManifestForPackage', task ':app:processDebugResources', task ':app:kspDebugKotlin', task ':app:compileDebugKotlin', task ':app:javaPreCompileDebug', task ':app:compileDebugJavaWithJavac', task ':app:mergeDebugShaders', task ':app:compileDebugShaders', task ':app:generateDebugAssets', task ':app:mergeDebugAssets', task ':app:compressDebugAssets', task ':app:desugarDebugFileDependencies', task ':app:hiltAggregateDepsDebug', task ':app:hiltJavaCompileDebug', task ':app:transformDebugClassesWithAsm', task ':app:dexBuilderDebug', task ':app:mergeDebugGlobalSynthetics', task ':app:processDebugJavaRes', task ':app:mergeDebugJavaResource', task ':app:checkDebugDuplicateClasses', task ':app:mergeExtDexDebug', task ':app:mergeLibDexDebug', task ':app:mergeProjectDexDebug', task ':app:mergeDebugJniLibFolders', task ':app:mergeDebugNativeLibs', task ':app:stripDebugDebugSymbols', task ':app:validateSigningDebug', task ':app:writeDebugAppMetadata', task ':app:writeDebugSigningConfigVersions', task ':app:packageDebug', task ':app:createDebugApkListingFileRedirect', task ':app:assembleDebug']
Tasks that were excluded: []
Analytics other plugin to proto: Unknown plugin type org.gradle.api.plugins.HelpTasksPlugin_Decorated expected enum ORG_GRADLE_API_PLUGINS_HELPTASKSPLUGIN_DECORATED
Analytics other plugin to proto: Unknown plugin type org.gradle.buildinit.plugins.BuildInitPlugin_Decorated expected enum ORG_GRADLE_BUILDINIT_PLUGINS_BUILDINITPLUGIN_DECORATED
Analytics other plugin to proto: Unknown plugin type org.gradle.buildinit.plugins.WrapperPlugin_Decorated expected enum ORG_GRADLE_BUILDINIT_PLUGINS_WRAPPERPLUGIN_DECORATED
Analytics other plugin to proto: Unknown plugin type org.gradle.kotlin.dsl.provider.plugins.KotlinScriptRootPlugin_Decorated expected enum ORG_GRADLE_KOTLIN_DSL_PROVIDER_PLUGINS_KOTLINSCRIPTROOTPLUGIN_DECORATED
Analytics other plugin to proto: Unknown plugin type org.gradle.kotlin.dsl.provider.plugins.KotlinScriptBasePlugin_Decorated expected enum ORG_GRADLE_KOTLIN_DSL_PROVIDER_PLUGINS_KOTLINSCRIPTBASEPLUGIN_DECORATED
Analytics other plugin to proto: Unknown plugin type org.gradle.api.plugins.HelpTasksPlugin_Decorated expected enum ORG_GRADLE_API_PLUGINS_HELPTASKSPLUGIN_DECORATED
Analytics other plugin to proto: Unknown plugin type org.gradle.buildinit.plugins.BuildInitPlugin_Decorated expected enum ORG_GRADLE_BUILDINIT_PLUGINS_BUILDINITPLUGIN_DECORATED
Analytics other plugin to proto: Unknown plugin type org.gradle.buildinit.plugins.WrapperPlugin_Decorated expected enum ORG_GRADLE_BUILDINIT_PLUGINS_WRAPPERPLUGIN_DECORATED
Analytics other plugin to proto: Unknown plugin type org.gradle.language.base.plugins.LifecycleBasePlugin_Decorated expected enum ORG_GRADLE_LANGUAGE_BASE_PLUGINS_LIFECYCLEBASEPLUGIN_DECORATED
Analytics other plugin to proto: Unknown plugin type org.gradle.api.plugins.BasePlugin_Decorated expected enum ORG_GRADLE_API_PLUGINS_BASEPLUGIN_DECORATED
Analytics other plugin to proto: Unknown plugin type org.gradle.api.plugins.JvmEcosystemPlugin_Decorated expected enum ORG_GRADLE_API_PLUGINS_JVMECOSYSTEMPLUGIN_DECORATED
Analytics other plugin to proto: Unknown plugin type org.gradle.api.plugins.ReportingBasePlugin_Decorated expected enum ORG_GRADLE_API_PLUGINS_REPORTINGBASEPLUGIN_DECORATED
Analytics other plugin to proto: Unknown plugin type org.gradle.api.plugins.JvmToolchainsPlugin_Decorated expected enum ORG_GRADLE_API_PLUGINS_JVMTOOLCHAINSPLUGIN_DECORATED
Analytics other plugin to proto: Unknown plugin type org.gradle.api.plugins.JavaBasePlugin_Decorated expected enum ORG_GRADLE_API_PLUGINS_JAVABASEPLUGIN_DECORATED
Analytics other plugin to proto: Unknown plugin type com.google.devtools.ksp.gradle.KspGradleSubplugin expected enum COM_GOOGLE_DEVTOOLS_KSP_GRADLE_KSPGRADLESUBPLUGIN
Analytics other plugin to proto: Unknown plugin type dagger.hilt.android.plugin.HiltGradlePlugin expected enum DAGGER_HILT_ANDROID_PLUGIN_HILTGRADLEPLUGIN
Analytics other plugin to proto: Unknown plugin type org.gradle.kotlin.dsl.provider.plugins.KotlinScriptBasePlugin_Decorated expected enum ORG_GRADLE_KOTLIN_DSL_PROVIDER_PLUGINS_KOTLINSCRIPTBASEPLUGIN_DECORATED
Resolve mutations for :app:preBuild (Thread[Execution worker,5,main]) started.
:app:preBuild (Thread[Execution worker,5,main]) started.

> Task :app:preBuild UP-TO-DATE
Skipping task ':app:preBuild' as it has no actions.
Resolve mutations for :app:preDebugBuild (Thread[Execution worker,5,main]) started.
:app:preDebugBuild (Thread[Execution worker,5,main]) started.

> Task :app:preDebugBuild UP-TO-DATE
Skipping task ':app:preDebugBuild' as it has no actions.
Resolve mutations for :app:mergeDebugNativeDebugMetadata (Thread[Execution worker,5,main]) started.
:app:mergeDebugNativeDebugMetadata (Thread[Execution worker,5,main]) started.

> Task :app:mergeDebugNativeDebugMetadata NO-SOURCE
Skipping task ':app:mergeDebugNativeDebugMetadata' as it has no source files and no previous output files.
Resolve mutations for :app:dataBindingMergeDependencyArtifactsDebug (Thread[Execution worker,5,main]) started.
:app:dataBindingMergeDependencyArtifactsDebug (Thread[Execution worker,5,main]) started.

> Task :app:dataBindingMergeDependencyArtifactsDebug UP-TO-DATE
Transforming viewbinding-8.2.2.aar (androidx.databinding:viewbinding:8.2.2) with ExtractAarTransform
Transforming viewbinding-8.2.2.aar (androidx.databinding:viewbinding:8.2.2) with AarTransform
Transforming navigation-runtime-ktx-2.7.6.aar (androidx.navigation:navigation-runtime-ktx:2.7.6) with ExtractAarTransform
Transforming navigation-runtime-ktx-2.7.6.aar (androidx.navigation:navigation-runtime-ktx:2.7.6) with AarTransform
Transforming navigation-common-2.7.6.aar (androidx.navigation:navigation-common:2.7.6) with ExtractAarTransform
Transforming navigation-common-2.7.6.aar (androidx.navigation:navigation-common:2.7.6) with AarTransform
Transforming navigation-fragment-2.7.6.aar (androidx.navigation:navigation-fragment:2.7.6) with ExtractAarTransform
Transforming navigation-fragment-2.7.6.aar (androidx.navigation:navigation-fragment:2.7.6) with AarTransform
Transforming navigation-common-ktx-2.7.6.aar (androidx.navigation:navigation-common-ktx:2.7.6) with ExtractAarTransform
Transforming navigation-common-ktx-2.7.6.aar (androidx.navigation:navigation-common-ktx:2.7.6) with AarTransform
Transforming navigation-runtime-2.7.6.aar (androidx.navigation:navigation-runtime:2.7.6) with ExtractAarTransform
Transforming navigation-runtime-2.7.6.aar (androidx.navigation:navigation-runtime:2.7.6) with AarTransform
Transforming navigation-fragment-ktx-2.7.6.aar (androidx.navigation:navigation-fragment-ktx:2.7.6) with ExtractAarTransform
Transforming navigation-fragment-ktx-2.7.6.aar (androidx.navigation:navigation-fragment-ktx:2.7.6) with AarTransform
Transforming activity-1.8.2.aar (androidx.activity:activity:1.8.2) with ExtractAarTransform
Transforming activity-1.8.2.aar (androidx.activity:activity:1.8.2) with AarTransform
Transforming navigation-ui-2.7.6.aar (androidx.navigation:navigation-ui:2.7.6) with ExtractAarTransform
Transforming navigation-ui-2.7.6.aar (androidx.navigation:navigation-ui:2.7.6) with AarTransform
Transforming activity-ktx-1.8.2.aar (androidx.activity:activity-ktx:1.8.2) with ExtractAarTransform
Transforming activity-ktx-1.8.2.aar (androidx.activity:activity-ktx:1.8.2) with AarTransform
Transforming material-1.11.0.aar (com.google.android.material:material:1.11.0) with ExtractAarTransform
Transforming material-1.11.0.aar (com.google.android.material:material:1.11.0) with AarTransform
Transforming paging-runtime-ktx-3.2.1.aar (androidx.paging:paging-runtime-ktx:3.2.1) with ExtractAarTransform
Transforming paging-runtime-ktx-3.2.1.aar (androidx.paging:paging-runtime-ktx:3.2.1) with AarTransform
Transforming lifecycle-runtime-ktx-2.7.0.aar (androidx.lifecycle:lifecycle-runtime-ktx:2.7.0) with ExtractAarTransform
Transforming lifecycle-runtime-ktx-2.7.0.aar (androidx.lifecycle:lifecycle-runtime-ktx:2.7.0) with AarTransform
Transforming fragment-1.6.2.aar (androidx.fragment:fragment:1.6.2) with ExtractAarTransform
Transforming fragment-1.6.2.aar (androidx.fragment:fragment:1.6.2) with AarTransform
Transforming navigation-ui-ktx-2.7.6.aar (androidx.navigation:navigation-ui-ktx:2.7.6) with ExtractAarTransform
Transforming navigation-ui-ktx-2.7.6.aar (androidx.navigation:navigation-ui-ktx:2.7.6) with AarTransform
Transforming preference-1.2.1.aar (androidx.preference:preference:1.2.1) with ExtractAarTransform
Transforming preference-1.2.1.aar (androidx.preference:preference:1.2.1) with AarTransform
Transforming preference-ktx-1.2.1.aar (androidx.preference:preference-ktx:1.2.1) with ExtractAarTransform
Transforming preference-ktx-1.2.1.aar (androidx.preference:preference-ktx:1.2.1) with AarTransform
Transforming hilt-android-2.48.1.aar (com.google.dagger:hilt-android:2.48.1) with ExtractAarTransform
Transforming hilt-android-2.48.1.aar (com.google.dagger:hilt-android:2.48.1) with AarTransform
Transforming appcompat-1.6.1.aar (androidx.appcompat:appcompat:1.6.1) with ExtractAarTransform
Transforming appcompat-1.6.1.aar (androidx.appcompat:appcompat:1.6.1) with AarTransform
Transforming lifecycle-livedata-2.7.0.aar (androidx.lifecycle:lifecycle-livedata:2.7.0) with ExtractAarTransform
Transforming lifecycle-livedata-2.7.0.aar (androidx.lifecycle:lifecycle-livedata:2.7.0) with AarTransform
Transforming viewpager2-1.1.0-beta02.aar (androidx.viewpager2:viewpager2:1.1.0-beta02) with ExtractAarTransform
Transforming viewpager2-1.1.0-beta02.aar (androidx.viewpager2:viewpager2:1.1.0-beta02) with AarTransform
Transforming loader-1.0.0.aar (androidx.loader:loader:1.0.0) with ExtractAarTransform
Transforming loader-1.0.0.aar (androidx.loader:loader:1.0.0) with ExtractAarTransform
Transforming loader-1.0.0.aar (androidx.loader:loader:1.0.0) with AarTransform
Transforming loader-1.0.0.aar (androidx.loader:loader:1.0.0) with AarTransform
Transforming fragment-ktx-1.6.2.aar (androidx.fragment:fragment-ktx:1.6.2) with ExtractAarTransform
Transforming fragment-ktx-1.6.2.aar (androidx.fragment:fragment-ktx:1.6.2) with AarTransform
Transforming lifecycle-livedata-core-2.7.0.aar (androidx.lifecycle:lifecycle-livedata-core:2.7.0) with ExtractAarTransform
Transforming lifecycle-livedata-core-2.7.0.aar (androidx.lifecycle:lifecycle-livedata-core:2.7.0) with AarTransform
Transforming paging-runtime-3.2.1.aar (androidx.paging:paging-runtime:3.2.1) with ExtractAarTransform
Transforming paging-runtime-3.2.1.aar (androidx.paging:paging-runtime:3.2.1) with AarTransform
Transforming lifecycle-livedata-core-ktx-2.7.0.aar (androidx.lifecycle:lifecycle-livedata-core-ktx:2.7.0) with ExtractAarTransform
Transforming lifecycle-livedata-core-ktx-2.7.0.aar (androidx.lifecycle:lifecycle-livedata-core-ktx:2.7.0) with AarTransform
Transforming dynamicanimation-1.0.0.aar (androidx.dynamicanimation:dynamicanimation:1.0.0) with ExtractAarTransform
Transforming dynamicanimation-1.0.0.aar (androidx.dynamicanimation:dynamicanimation:1.0.0) with AarTransform
Transforming lifecycle-viewmodel-savedstate-2.7.0.aar (androidx.lifecycle:lifecycle-viewmodel-savedstate:2.7.0) with ExtractAarTransform
Transforming lifecycle-viewmodel-savedstate-2.7.0.aar (androidx.lifecycle:lifecycle-viewmodel-savedstate:2.7.0) with AarTransform
Transforming legacy-support-core-utils-1.0.0.aar (androidx.legacy:legacy-support-core-utils:1.0.0) with ExtractAarTransform
Transforming legacy-support-core-utils-1.0.0.aar (androidx.legacy:legacy-support-core-utils:1.0.0) with AarTransform
Transforming lifecycle-livedata-2.7.0.aar (androidx.lifecycle:lifecycle-livedata:2.7.0) with ExtractAarTransform
Transforming lifecycle-livedata-2.7.0.aar (androidx.lifecycle:lifecycle-livedata:2.7.0) with AarTransform
Transforming vectordrawable-animated-1.1.0.aar (androidx.vectordrawable:vectordrawable-animated:1.1.0) with ExtractAarTransform
Transforming vectordrawable-animated-1.1.0.aar (androidx.vectordrawable:vectordrawable-animated:1.1.0) with AarTransform
Transforming lifecycle-viewmodel-2.7.0.aar (androidx.lifecycle:lifecycle-viewmodel:2.7.0) with ExtractAarTransform
Transforming lifecycle-viewmodel-2.7.0.aar (androidx.lifecycle:lifecycle-viewmodel:2.7.0) with AarTransform
Transforming lifecycle-viewmodel-2.7.0.aar (androidx.lifecycle:lifecycle-viewmodel:2.7.0) with ExtractAarTransform
Transforming lifecycle-viewmodel-2.7.0.aar (androidx.lifecycle:lifecycle-viewmodel:2.7.0) with AarTransform
Transforming slidingpanelayout-1.2.0.aar (androidx.slidingpanelayout:slidingpanelayout:1.2.0) with ExtractAarTransform
Transforming slidingpanelayout-1.2.0.aar (androidx.slidingpanelayout:slidingpanelayout:1.2.0) with AarTransform
Transforming core-ktx-1.12.0.aar (androidx.core:core-ktx:1.12.0) with ExtractAarTransform
Transforming recyclerview-1.3.2.aar (androidx.recyclerview:recyclerview:1.3.2) with ExtractAarTransform
Transforming core-ktx-1.12.0.aar (androidx.core:core-ktx:1.12.0) with AarTransform
Transforming recyclerview-1.3.2.aar (androidx.recyclerview:recyclerview:1.3.2) with AarTransform
Transforming swiperefreshlayout-1.1.0.aar (androidx.swiperefreshlayout:swiperefreshlayout:1.1.0) with ExtractAarTransform
Transforming swiperefreshlayout-1.1.0.aar (androidx.swiperefreshlayout:swiperefreshlayout:1.1.0) with AarTransform
Transforming appcompat-resources-1.6.1.aar (androidx.appcompat:appcompat-resources:1.6.1) with ExtractAarTransform
Transforming appcompat-resources-1.6.1.aar (androidx.appcompat:appcompat-resources:1.6.1) with AarTransform
Transforming drawerlayout-1.1.1.aar (androidx.drawerlayout:drawerlayout:1.1.1) with ExtractAarTransform
Transforming drawerlayout-1.1.1.aar (androidx.drawerlayout:drawerlayout:1.1.1) with AarTransform
Transforming coordinatorlayout-1.1.0.aar (androidx.coordinatorlayout:coordinatorlayout:1.1.0) with ExtractAarTransform
Transforming coordinatorlayout-1.1.0.aar (androidx.coordinatorlayout:coordinatorlayout:1.1.0) with AarTransform
Transforming transition-1.4.1.aar (androidx.transition:transition:1.4.1) with ExtractAarTransform
Transforming transition-1.4.1.aar (androidx.transition:transition:1.4.1) with AarTransform
Transforming vectordrawable-1.1.0.aar (androidx.vectordrawable:vectordrawable:1.1.0) with ExtractAarTransform
Transforming vectordrawable-1.1.0.aar (androidx.vectordrawable:vectordrawable:1.1.0) with ExtractAarTransform
Transforming vectordrawable-1.1.0.aar (androidx.vectordrawable:vectordrawable:1.1.0) with AarTransform
Transforming vectordrawable-1.1.0.aar (androidx.vectordrawable:vectordrawable:1.1.0) with AarTransform
Transforming viewpager-1.0.0.aar (androidx.viewpager:viewpager:1.0.0) with ExtractAarTransform
Transforming viewpager-1.0.0.aar (androidx.viewpager:viewpager:1.0.0) with AarTransform
Transforming customview-1.1.0.aar (androidx.customview:customview:1.1.0) with ExtractAarTransform
Transforming customview-1.1.0.aar (androidx.customview:customview:1.1.0) with ExtractAarTransform
Transforming customview-1.1.0.aar (androidx.customview:customview:1.1.0) with AarTransform
Transforming customview-1.1.0.aar (androidx.customview:customview:1.1.0) with ExtractAarTransform
Transforming customview-1.1.0.aar (androidx.customview:customview:1.1.0) with AarTransform
Transforming customview-1.1.0.aar (androidx.customview:customview:1.1.0) with AarTransform
Transforming customview-1.1.0.aar (androidx.customview:customview:1.1.0) with ExtractAarTransform
Transforming core-1.12.0.aar (androidx.core:core:1.12.0) with ExtractAarTransform
Transforming customview-1.1.0.aar (androidx.customview:customview:1.1.0) with AarTransform
Transforming core-1.12.0.aar (androidx.core:core:1.12.0) with ExtractAarTransform
Transforming core-1.12.0.aar (androidx.core:core:1.12.0) with ExtractAarTransform
Transforming core-1.12.0.aar (androidx.core:core:1.12.0) with ExtractAarTransform
Transforming core-1.12.0.aar (androidx.core:core:1.12.0) with AarTransform
Transforming core-1.12.0.aar (androidx.core:core:1.12.0) with AarTransform
Transforming core-1.12.0.aar (androidx.core:core:1.12.0) with ExtractAarTransform
Transforming core-1.12.0.aar (androidx.core:core:1.12.0) with AarTransform
Transforming core-1.12.0.aar (androidx.core:core:1.12.0) with AarTransform
Transforming core-1.12.0.aar (androidx.core:core:1.12.0) with ExtractAarTransform
Transforming core-1.12.0.aar (androidx.core:core:1.12.0) with ExtractAarTransform
Transforming core-1.12.0.aar (androidx.core:core:1.12.0) with AarTransform
Transforming core-1.12.0.aar (androidx.core:core:1.12.0) with AarTransform
Transforming core-1.12.0.aar (androidx.core:core:1.12.0) with ExtractAarTransform
Transforming coil-2.5.0.aar (io.coil-kt:coil:2.5.0) with ExtractAarTransform
Transforming core-1.12.0.aar (androidx.core:core:1.12.0) with AarTransform
Transforming coil-2.5.0.aar (io.coil-kt:coil:2.5.0) with AarTransform
Transforming core-1.12.0.aar (androidx.core:core:1.12.0) with ExtractAarTransform
Transforming core-1.12.0.aar (androidx.core:core:1.12.0) with AarTransform
Transforming core-1.12.0.aar (androidx.core:core:1.12.0) with AarTransform
Transforming coil-compose-base-2.5.0.aar (io.coil-kt:coil-compose-base:2.5.0) with ExtractAarTransform
Transforming coil-compose-2.5.0.aar (io.coil-kt:coil-compose:2.5.0) with ExtractAarTransform
Transforming coil-compose-base-2.5.0.aar (io.coil-kt:coil-compose-base:2.5.0) with AarTransform
Transforming coil-compose-2.5.0.aar (io.coil-kt:coil-compose:2.5.0) with AarTransform
Transforming core-1.12.0.aar (androidx.core:core:1.12.0) with ExtractAarTransform
Transforming coil-base-2.5.0.aar (io.coil-kt:coil-base:2.5.0) with ExtractAarTransform
Transforming core-1.12.0.aar (androidx.core:core:1.12.0) with AarTransform
Transforming coil-base-2.5.0.aar (io.coil-kt:coil-base:2.5.0) with AarTransform
Transforming ui-unit-release.aar (androidx.compose.ui:ui-unit-android:1.5.4) with ExtractAarTransform
Transforming ui-unit-release.aar (androidx.compose.ui:ui-unit-android:1.5.4) with AarTransform
Transforming ui-graphics-release.aar (androidx.compose.ui:ui-graphics-android:1.5.4) with ExtractAarTransform
Transforming ui-graphics-release.aar (androidx.compose.ui:ui-graphics-android:1.5.4) with AarTransform
Transforming room-runtime-2.6.1.aar (androidx.room:room-runtime:2.6.1) with ExtractAarTransform
Transforming room-runtime-2.6.1.aar (androidx.room:room-runtime:2.6.1) with AarTransform
Transforming lifecycle-runtime-2.7.0.aar (androidx.lifecycle:lifecycle-runtime:2.7.0) with ExtractAarTransform
Transforming lifecycle-runtime-2.7.0.aar (androidx.lifecycle:lifecycle-runtime:2.7.0) with AarTransform
Transforming animation-release.aar (androidx.compose.animation:animation-android:1.5.4) with ExtractAarTransform
Transforming animation-release.aar (androidx.compose.animation:animation-android:1.5.4) with AarTransform
Transforming lifecycle-livedata-ktx-2.7.0.aar (androidx.lifecycle:lifecycle-livedata-ktx:2.7.0) with ExtractAarTransform
Transforming lifecycle-livedata-ktx-2.7.0.aar (androidx.lifecycle:lifecycle-livedata-ktx:2.7.0) with AarTransform
Transforming foundation-layout-release.aar (androidx.compose.foundation:foundation-layout-android:1.5.4) with ExtractAarTransform
Transforming foundation-layout-release.aar (androidx.compose.foundation:foundation-layout-android:1.5.4) with AarTransform
Transforming lifecycle-viewmodel-ktx-2.7.0.aar (androidx.lifecycle:lifecycle-viewmodel-ktx:2.7.0) with ExtractAarTransform
Transforming lifecycle-viewmodel-ktx-2.7.0.aar (androidx.lifecycle:lifecycle-viewmodel-ktx:2.7.0) with AarTransform
Transforming room-ktx-2.6.1.aar (androidx.room:room-ktx:2.6.1) with ExtractAarTransform
Transforming room-ktx-2.6.1.aar (androidx.room:room-ktx:2.6.1) with AarTransform
Transforming animation-core-release.aar (androidx.compose.animation:animation-core-android:1.5.4) with ExtractAarTransform
Transforming animation-core-release.aar (androidx.compose.animation:animation-core-android:1.5.4) with AarTransform
Transforming foundation-release.aar (androidx.compose.foundation:foundation-android:1.5.4) with ExtractAarTransform
Transforming foundation-release.aar (androidx.compose.foundation:foundation-android:1.5.4) with AarTransform
Transforming ui-text-release.aar (androidx.compose.ui:ui-text-android:1.5.4) with ExtractAarTransform
Transforming ui-text-release.aar (androidx.compose.ui:ui-text-android:1.5.4) with AarTransform
Transforming ui-release.aar (androidx.compose.ui:ui-android:1.5.4) with ExtractAarTransform
Transforming ui-release.aar (androidx.compose.ui:ui-android:1.5.4) with AarTransform
Transforming ui-geometry-release.aar (androidx.compose.ui:ui-geometry-android:1.5.4) with ExtractAarTransform
Transforming ui-geometry-release.aar (androidx.compose.ui:ui-geometry-android:1.5.4) with AarTransform
Transforming runtime-saveable-release.aar (androidx.compose.runtime:runtime-saveable-android:1.5.4) with ExtractAarTransform
Transforming runtime-saveable-release.aar (androidx.compose.runtime:runtime-saveable-android:1.5.4) with AarTransform
Transforming runtime-release.aar (androidx.compose.runtime:runtime-android:1.5.4) with ExtractAarTransform
Transforming runtime-release.aar (androidx.compose.runtime:runtime-android:1.5.4) with AarTransform
Transforming cardview-1.0.0.aar (androidx.cardview:cardview:1.0.0) with ExtractAarTransform
Transforming cardview-1.0.0.aar (androidx.cardview:cardview:1.0.0) with AarTransform
Transforming shimmer-0.5.0.aar (com.facebook.shimmer:shimmer:0.5.0) with ExtractAarTransform
Transforming shimmer-0.5.0.aar (com.facebook.shimmer:shimmer:0.5.0) with AarTransform
Transforming cursoradapter-1.0.0.aar (androidx.cursoradapter:cursoradapter:1.0.0) with ExtractAarTransform
Transforming cursoradapter-1.0.0.aar (androidx.cursoradapter:cursoradapter:1.0.0) with AarTransform
Transforming savedstate-ktx-1.2.1.aar (androidx.savedstate:savedstate-ktx:1.2.1) with ExtractAarTransform
Transforming savedstate-ktx-1.2.1.aar (androidx.savedstate:savedstate-ktx:1.2.1) with AarTransform
Transforming savedstate-1.2.1.aar (androidx.savedstate:savedstate:1.2.1) with ExtractAarTransform
Transforming savedstate-1.2.1.aar (androidx.savedstate:savedstate:1.2.1) with AarTransform
Transforming sqlite-framework-2.4.0.aar (androidx.sqlite:sqlite-framework:2.4.0) with ExtractAarTransform
Transforming sqlite-framework-2.4.0.aar (androidx.sqlite:sqlite-framework:2.4.0) with AarTransform
Transforming sqlite-2.4.0.aar (androidx.sqlite:sqlite:2.4.0) with ExtractAarTransform
Transforming sqlite-2.4.0.aar (androidx.sqlite:sqlite:2.4.0) with AarTransform
Transforming interpolator-1.0.0.aar (androidx.interpolator:interpolator:1.0.0) with ExtractAarTransform
Transforming interpolator-1.0.0.aar (androidx.interpolator:interpolator:1.0.0) with ExtractAarTransform
Transforming interpolator-1.0.0.aar (androidx.interpolator:interpolator:1.0.0) with AarTransform
Transforming interpolator-1.0.0.aar (androidx.interpolator:interpolator:1.0.0) with AarTransform
Transforming versionedparcelable-1.1.1.aar (androidx.versionedparcelable:versionedparcelable:1.1.1) with ExtractAarTransform
Transforming versionedparcelable-1.1.1.aar (androidx.versionedparcelable:versionedparcelable:1.1.1) with AarTransform
Transforming core-runtime-2.2.0.aar (androidx.arch.core:core-runtime:2.2.0) with ExtractAarTransform
Transforming core-runtime-2.2.0.aar (androidx.arch.core:core-runtime:2.2.0) with AarTransform
Transforming documentfile-1.0.0.aar (androidx.documentfile:documentfile:1.0.0) with ExtractAarTransform
Transforming documentfile-1.0.0.aar (androidx.documentfile:documentfile:1.0.0) with AarTransform
Transforming localbroadcastmanager-1.0.0.aar (androidx.localbroadcastmanager:localbroadcastmanager:1.0.0) with ExtractAarTransform
Transforming localbroadcastmanager-1.0.0.aar (androidx.localbroadcastmanager:localbroadcastmanager:1.0.0) with AarTransform
Transforming print-1.0.0.aar (androidx.print:print:1.0.0) with ExtractAarTransform
Transforming print-1.0.0.aar (androidx.print:print:1.0.0) with AarTransform
Transforming annotation-experimental-1.3.0.aar (androidx.annotation:annotation-experimental:1.3.0) with ExtractAarTransform
Transforming annotation-experimental-1.3.0.aar (androidx.annotation:annotation-experimental:1.3.0) with AarTransform
Transforming constraintlayout-2.1.4.aar (androidx.constraintlayout:constraintlayout:2.1.4) with ExtractAarTransform
Transforming constraintlayout-2.1.4.aar (androidx.constraintlayout:constraintlayout:2.1.4) with AarTransform
Transforming dagger-lint-aar-2.48.1.aar (com.google.dagger:dagger-lint-aar:2.48.1) with ExtractAarTransform
Transforming dagger-lint-aar-2.48.1.aar (com.google.dagger:dagger-lint-aar:2.48.1) with AarTransform
Transforming lottie-6.2.0.aar (com.airbnb.android:lottie:6.2.0) with ExtractAarTransform
Transforming lottie-6.2.0.aar (com.airbnb.android:lottie:6.2.0) with AarTransform
Transforming viewbinding-8.2.2.aar (androidx.databinding:viewbinding:8.2.2) with ExtractAarTransform
Transforming viewbinding-8.2.2.aar (androidx.databinding:viewbinding:8.2.2) with AarTransform
Transforming navigation-common-2.7.6.aar (androidx.navigation:navigation-common:2.7.6) with ExtractAarTransform
Transforming navigation-common-2.7.6.aar (androidx.navigation:navigation-common:2.7.6) with AarTransform
Transforming navigation-common-ktx-2.7.6.aar (androidx.navigation:navigation-common-ktx:2.7.6) with ExtractAarTransform
Transforming navigation-common-ktx-2.7.6.aar (androidx.navigation:navigation-common-ktx:2.7.6) with AarTransform
Transforming navigation-runtime-2.7.6.aar (androidx.navigation:navigation-runtime:2.7.6) with ExtractAarTransform
Transforming navigation-runtime-2.7.6.aar (androidx.navigation:navigation-runtime:2.7.6) with AarTransform
Transforming navigation-runtime-ktx-2.7.6.aar (androidx.navigation:navigation-runtime-ktx:2.7.6) with ExtractAarTransform
Transforming navigation-runtime-ktx-2.7.6.aar (androidx.navigation:navigation-runtime-ktx:2.7.6) with AarTransform
Transforming navigation-fragment-2.7.6.aar (androidx.navigation:navigation-fragment:2.7.6) with ExtractAarTransform
Transforming navigation-fragment-2.7.6.aar (androidx.navigation:navigation-fragment:2.7.6) with AarTransform
Transforming navigation-fragment-ktx-2.7.6.aar (androidx.navigation:navigation-fragment-ktx:2.7.6) with ExtractAarTransform
Transforming navigation-fragment-ktx-2.7.6.aar (androidx.navigation:navigation-fragment-ktx:2.7.6) with AarTransform
Transforming navigation-ui-ktx-2.7.6.aar (androidx.navigation:navigation-ui-ktx:2.7.6) with ExtractAarTransform
Transforming navigation-ui-ktx-2.7.6.aar (androidx.navigation:navigation-ui-ktx:2.7.6) with AarTransform
Transforming navigation-ui-2.7.6.aar (androidx.navigation:navigation-ui:2.7.6) with ExtractAarTransform
Transforming navigation-ui-2.7.6.aar (androidx.navigation:navigation-ui:2.7.6) with AarTransform
Transforming material-1.11.0.aar (com.google.android.material:material:1.11.0) with ExtractAarTransform
Transforming material-1.11.0.aar (com.google.android.material:material:1.11.0) with AarTransform
Transforming constraintlayout-2.1.4.aar (androidx.constraintlayout:constraintlayout:2.1.4) with ExtractAarTransform
Transforming constraintlayout-2.1.4.aar (androidx.constraintlayout:constraintlayout:2.1.4) with AarTransform
Transforming lottie-6.2.0.aar (com.airbnb.android:lottie:6.2.0) with ExtractAarTransform
Transforming lottie-6.2.0.aar (com.airbnb.android:lottie:6.2.0) with AarTransform
Transforming coil-compose-2.5.0.aar (io.coil-kt:coil-compose:2.5.0) with ExtractAarTransform
Transforming coil-compose-2.5.0.aar (io.coil-kt:coil-compose:2.5.0) with AarTransform
Transforming coil-2.5.0.aar (io.coil-kt:coil:2.5.0) with ExtractAarTransform
Transforming coil-2.5.0.aar (io.coil-kt:coil:2.5.0) with AarTransform
Transforming coil-compose-base-2.5.0.aar (io.coil-kt:coil-compose-base:2.5.0) with ExtractAarTransform
Transforming coil-compose-base-2.5.0.aar (io.coil-kt:coil-compose-base:2.5.0) with AarTransform
Transforming coil-base-2.5.0.aar (io.coil-kt:coil-base:2.5.0) with ExtractAarTransform
Transforming coil-base-2.5.0.aar (io.coil-kt:coil-base:2.5.0) with AarTransform
Transforming appcompat-resources-1.6.1.aar (androidx.appcompat:appcompat-resources:1.6.1) with ExtractAarTransform
Transforming appcompat-resources-1.6.1.aar (androidx.appcompat:appcompat-resources:1.6.1) with AarTransform
Transforming preference-ktx-1.2.1.aar (androidx.preference:preference-ktx:1.2.1) with ExtractAarTransform
Transforming preference-ktx-1.2.1.aar (androidx.preference:preference-ktx:1.2.1) with AarTransform
Transforming preference-1.2.1.aar (androidx.preference:preference:1.2.1) with ExtractAarTransform
Transforming preference-1.2.1.aar (androidx.preference:preference:1.2.1) with AarTransform
Transforming appcompat-1.6.1.aar (androidx.appcompat:appcompat:1.6.1) with ExtractAarTransform
Transforming appcompat-1.6.1.aar (androidx.appcompat:appcompat:1.6.1) with AarTransform
Transforming hilt-android-2.48.1.aar (com.google.dagger:hilt-android:2.48.1) with ExtractAarTransform
Transforming hilt-android-2.48.1.aar (com.google.dagger:hilt-android:2.48.1) with AarTransform
Transforming paging-runtime-ktx-3.2.1.aar (androidx.paging:paging-runtime-ktx:3.2.1) with ExtractAarTransform
Transforming paging-runtime-ktx-3.2.1.aar (androidx.paging:paging-runtime-ktx:3.2.1) with AarTransform
Transforming paging-runtime-3.2.1.aar (androidx.paging:paging-runtime:3.2.1) with ExtractAarTransform
Transforming paging-runtime-3.2.1.aar (androidx.paging:paging-runtime:3.2.1) with AarTransform
Transforming recyclerview-1.3.2.aar (androidx.recyclerview:recyclerview:1.3.2) with ExtractAarTransform
Transforming recyclerview-1.3.2.aar (androidx.recyclerview:recyclerview:1.3.2) with AarTransform
Transforming viewpager2-1.1.0-beta02.aar (androidx.viewpager2:viewpager2:1.1.0-beta02) with ExtractAarTransform
Transforming viewpager2-1.1.0-beta02.aar (androidx.viewpager2:viewpager2:1.1.0-beta02) with AarTransform
Transforming fragment-1.6.2.aar (androidx.fragment:fragment:1.6.2) with ExtractAarTransform
Transforming fragment-1.6.2.aar (androidx.fragment:fragment:1.6.2) with AarTransform
Transforming fragment-ktx-1.6.2.aar (androidx.fragment:fragment-ktx:1.6.2) with ExtractAarTransform
Transforming fragment-ktx-1.6.2.aar (androidx.fragment:fragment-ktx:1.6.2) with AarTransform
Transforming activity-1.8.2.aar (androidx.activity:activity:1.8.2) with ExtractAarTransform
Transforming activity-1.8.2.aar (androidx.activity:activity:1.8.2) with AarTransform
Transforming animation-core-release.aar (androidx.compose.animation:animation-core-android:1.5.4) with ExtractAarTransform
Transforming animation-core-release.aar (androidx.compose.animation:animation-core-android:1.5.4) with AarTransform
Transforming animation-release.aar (androidx.compose.animation:animation-android:1.5.4) with ExtractAarTransform
Transforming animation-release.aar (androidx.compose.animation:animation-android:1.5.4) with AarTransform
Transforming foundation-layout-release.aar (androidx.compose.foundation:foundation-layout-android:1.5.4) with ExtractAarTransform
Transforming foundation-layout-release.aar (androidx.compose.foundation:foundation-layout-android:1.5.4) with AarTransform
Transforming foundation-release.aar (androidx.compose.foundation:foundation-android:1.5.4) with ExtractAarTransform
Transforming foundation-release.aar (androidx.compose.foundation:foundation-android:1.5.4) with AarTransform
Transforming ui-unit-release.aar (androidx.compose.ui:ui-unit-android:1.5.4) with ExtractAarTransform
Transforming ui-unit-release.aar (androidx.compose.ui:ui-unit-android:1.5.4) with AarTransform
Transforming ui-graphics-release.aar (androidx.compose.ui:ui-graphics-android:1.5.4) with ExtractAarTransform
Transforming ui-graphics-release.aar (androidx.compose.ui:ui-graphics-android:1.5.4) with AarTransform
Transforming accompanist-drawablepainter-0.32.0.aar (com.google.accompanist:accompanist-drawablepainter:0.32.0) with ExtractAarTransform
Transforming ui-geometry-release.aar (androidx.compose.ui:ui-geometry-android:1.5.4) with ExtractAarTransform
Transforming accompanist-drawablepainter-0.32.0.aar (com.google.accompanist:accompanist-drawablepainter:0.32.0) with AarTransform
Transforming ui-geometry-release.aar (androidx.compose.ui:ui-geometry-android:1.5.4) with AarTransform
Transforming ui-text-release.aar (androidx.compose.ui:ui-text-android:1.5.4) with ExtractAarTransform
Transforming ui-text-release.aar (androidx.compose.ui:ui-text-android:1.5.4) with AarTransform
Transforming ui-release.aar (androidx.compose.ui:ui-android:1.5.4) with ExtractAarTransform
Transforming ui-release.aar (androidx.compose.ui:ui-android:1.5.4) with AarTransform
Transforming activity-ktx-1.8.2.aar (androidx.activity:activity-ktx:1.8.2) with ExtractAarTransform
Transforming activity-ktx-1.8.2.aar (androidx.activity:activity-ktx:1.8.2) with AarTransform
Transforming ui-util-release.aar (androidx.compose.ui:ui-util-android:1.5.4) with ExtractAarTransform
Transforming ui-util-release.aar (androidx.compose.ui:ui-util-android:1.5.4) with AarTransform
Transforming lifecycle-livedata-core-2.7.0.aar (androidx.lifecycle:lifecycle-livedata-core:2.7.0) with ExtractAarTransform
Transforming lifecycle-livedata-core-2.7.0.aar (androidx.lifecycle:lifecycle-livedata-core:2.7.0) with AarTransform
Transforming savedstate-ktx-1.2.1.aar (androidx.savedstate:savedstate-ktx:1.2.1) with ExtractAarTransform
Transforming savedstate-ktx-1.2.1.aar (androidx.savedstate:savedstate-ktx:1.2.1) with AarTransform
Transforming savedstate-1.2.1.aar (androidx.savedstate:savedstate:1.2.1) with ExtractAarTransform
Transforming savedstate-1.2.1.aar (androidx.savedstate:savedstate:1.2.1) with AarTransform
Transforming emoji2-1.4.0.aar (androidx.emoji2:emoji2:1.4.0) with ExtractAarTransform
Transforming lifecycle-runtime-ktx-2.7.0.aar (androidx.lifecycle:lifecycle-runtime-ktx:2.7.0) with ExtractAarTransform
Transforming emoji2-1.4.0.aar (androidx.emoji2:emoji2:1.4.0) with AarTransform
Transforming lifecycle-runtime-ktx-2.7.0.aar (androidx.lifecycle:lifecycle-runtime-ktx:2.7.0) with AarTransform
Transforming emoji2-views-helper-1.4.0.aar (androidx.emoji2:emoji2-views-helper:1.4.0) with ExtractAarTransform
Transforming lifecycle-livedata-core-ktx-2.7.0.aar (androidx.lifecycle:lifecycle-livedata-core-ktx:2.7.0) with ExtractAarTransform
Transforming emoji2-views-helper-1.4.0.aar (androidx.emoji2:emoji2-views-helper:1.4.0) with AarTransform
Transforming lifecycle-livedata-core-ktx-2.7.0.aar (androidx.lifecycle:lifecycle-livedata-core-ktx:2.7.0) with AarTransform
Transforming dynamicanimation-1.0.0.aar (androidx.dynamicanimation:dynamicanimation:1.0.0) with ExtractAarTransform
Transforming lifecycle-process-2.7.0.aar (androidx.lifecycle:lifecycle-process:2.7.0) with ExtractAarTransform
Transforming dynamicanimation-1.0.0.aar (androidx.dynamicanimation:dynamicanimation:1.0.0) with AarTransform
Transforming lifecycle-process-2.7.0.aar (androidx.lifecycle:lifecycle-process:2.7.0) with AarTransform
Transforming loader-1.0.0.aar (androidx.loader:loader:1.0.0) with ExtractAarTransform
Transforming loader-1.0.0.aar (androidx.loader:loader:1.0.0) with AarTransform
Transforming lifecycle-livedata-2.7.0.aar (androidx.lifecycle:lifecycle-livedata:2.7.0) with ExtractAarTransform
Transforming lifecycle-livedata-2.7.0.aar (androidx.lifecycle:lifecycle-livedata:2.7.0) with AarTransform
Transforming lifecycle-viewmodel-savedstate-2.7.0.aar (androidx.lifecycle:lifecycle-viewmodel-savedstate:2.7.0) with ExtractAarTransform
Transforming lifecycle-viewmodel-savedstate-2.7.0.aar (androidx.lifecycle:lifecycle-viewmodel-savedstate:2.7.0) with AarTransform
Transforming core-ktx-1.12.0.aar (androidx.core:core-ktx:1.12.0) with ExtractAarTransform
Transforming core-ktx-1.12.0.aar (androidx.core:core-ktx:1.12.0) with AarTransform
Transforming swiperefreshlayout-1.1.0.aar (androidx.swiperefreshlayout:swiperefreshlayout:1.1.0) with ExtractAarTransform
Transforming swiperefreshlayout-1.1.0.aar (androidx.swiperefreshlayout:swiperefreshlayout:1.1.0) with AarTransform
Transforming drawerlayout-1.1.1.aar (androidx.drawerlayout:drawerlayout:1.1.1) with ExtractAarTransform
Transforming drawerlayout-1.1.1.aar (androidx.drawerlayout:drawerlayout:1.1.1) with AarTransform
Transforming coordinatorlayout-1.1.0.aar (androidx.coordinatorlayout:coordinatorlayout:1.1.0) with ExtractAarTransform
Transforming coordinatorlayout-1.1.0.aar (androidx.coordinatorlayout:coordinatorlayout:1.1.0) with AarTransform
Transforming customview-poolingcontainer-1.0.0.aar (androidx.customview:customview-poolingcontainer:1.0.0) with ExtractAarTransform
Transforming vectordrawable-animated-1.1.0.aar (androidx.vectordrawable:vectordrawable-animated:1.1.0) with ExtractAarTransform
Transforming customview-poolingcontainer-1.0.0.aar (androidx.customview:customview-poolingcontainer:1.0.0) with AarTransform
Transforming vectordrawable-animated-1.1.0.aar (androidx.vectordrawable:vectordrawable-animated:1.1.0) with AarTransform
Transforming vectordrawable-1.1.0.aar (androidx.vectordrawable:vectordrawable:1.1.0) with ExtractAarTransform
Transforming vectordrawable-1.1.0.aar (androidx.vectordrawable:vectordrawable:1.1.0) with AarTransform
Transforming viewpager-1.0.0.aar (androidx.viewpager:viewpager:1.0.0) with ExtractAarTransform
Transforming viewpager-1.0.0.aar (androidx.viewpager:viewpager:1.0.0) with AarTransform
Transforming slidingpanelayout-1.2.0.aar (androidx.slidingpanelayout:slidingpanelayout:1.2.0) with ExtractAarTransform
Transforming slidingpanelayout-1.2.0.aar (androidx.slidingpanelayout:slidingpanelayout:1.2.0) with AarTransform
Transforming customview-1.1.0.aar (androidx.customview:customview:1.1.0) with ExtractAarTransform
Transforming customview-1.1.0.aar (androidx.customview:customview:1.1.0) with AarTransform
Transforming transition-1.4.1.aar (androidx.transition:transition:1.4.1) with ExtractAarTransform
Transforming transition-1.4.1.aar (androidx.transition:transition:1.4.1) with AarTransform
Transforming core-1.12.0.aar (androidx.core:core:1.12.0) with ExtractAarTransform
Transforming core-1.12.0.aar (androidx.core:core:1.12.0) with AarTransform
Transforming lifecycle-runtime-2.7.0.aar (androidx.lifecycle:lifecycle-runtime:2.7.0) with ExtractAarTransform
Transforming lifecycle-runtime-2.7.0.aar (androidx.lifecycle:lifecycle-runtime:2.7.0) with AarTransform
Transforming lifecycle-viewmodel-2.7.0.aar (androidx.lifecycle:lifecycle-viewmodel:2.7.0) with ExtractAarTransform
Transforming lifecycle-viewmodel-2.7.0.aar (androidx.lifecycle:lifecycle-viewmodel:2.7.0) with AarTransform
Transforming lifecycle-livedata-ktx-2.7.0.aar (androidx.lifecycle:lifecycle-livedata-ktx:2.7.0) with ExtractAarTransform
Transforming lifecycle-livedata-ktx-2.7.0.aar (androidx.lifecycle:lifecycle-livedata-ktx:2.7.0) with AarTransform
Transforming window-1.0.0.aar (androidx.window:window:1.0.0) with ExtractAarTransform
Transforming lifecycle-viewmodel-ktx-2.7.0.aar (androidx.lifecycle:lifecycle-viewmodel-ktx:2.7.0) with ExtractAarTransform
Transforming window-1.0.0.aar (androidx.window:window:1.0.0) with AarTransform
Transforming lifecycle-viewmodel-ktx-2.7.0.aar (androidx.lifecycle:lifecycle-viewmodel-ktx:2.7.0) with AarTransform
Transforming room-runtime-2.6.1.aar (androidx.room:room-runtime:2.6.1) with ExtractAarTransform
Transforming autofill-1.0.0.aar (androidx.autofill:autofill:1.0.0) with ExtractAarTransform
Transforming room-runtime-2.6.1.aar (androidx.room:room-runtime:2.6.1) with AarTransform
Transforming autofill-1.0.0.aar (androidx.autofill:autofill:1.0.0) with AarTransform
Transforming room-ktx-2.6.1.aar (androidx.room:room-ktx:2.6.1) with ExtractAarTransform
Transforming room-ktx-2.6.1.aar (androidx.room:room-ktx:2.6.1) with AarTransform
Transforming runtime-saveable-release.aar (androidx.compose.runtime:runtime-saveable-android:1.5.4) with ExtractAarTransform
Transforming runtime-saveable-release.aar (androidx.compose.runtime:runtime-saveable-android:1.5.4) with AarTransform
Transforming runtime-release.aar (androidx.compose.runtime:runtime-android:1.5.4) with ExtractAarTransform
Transforming runtime-release.aar (androidx.compose.runtime:runtime-android:1.5.4) with AarTransform
Transforming cardview-1.0.0.aar (androidx.cardview:cardview:1.0.0) with ExtractAarTransform
Transforming cardview-1.0.0.aar (androidx.cardview:cardview:1.0.0) with AarTransform
Transforming shimmer-0.5.0.aar (com.facebook.shimmer:shimmer:0.5.0) with ExtractAarTransform
Transforming shimmer-0.5.0.aar (com.facebook.shimmer:shimmer:0.5.0) with AarTransform
Transforming cursoradapter-1.0.0.aar (androidx.cursoradapter:cursoradapter:1.0.0) with ExtractAarTransform
Transforming cursoradapter-1.0.0.aar (androidx.cursoradapter:cursoradapter:1.0.0) with AarTransform
Transforming core-runtime-2.2.0.aar (androidx.arch.core:core-runtime:2.2.0) with ExtractAarTransform
Transforming core-runtime-2.2.0.aar (androidx.arch.core:core-runtime:2.2.0) with AarTransform
Transforming sqlite-framework-2.4.0.aar (androidx.sqlite:sqlite-framework:2.4.0) with ExtractAarTransform
Transforming sqlite-framework-2.4.0.aar (androidx.sqlite:sqlite-framework:2.4.0) with AarTransform
Transforming sqlite-2.4.0.aar (androidx.sqlite:sqlite:2.4.0) with ExtractAarTransform
Transforming sqlite-2.4.0.aar (androidx.sqlite:sqlite:2.4.0) with AarTransform
Transforming interpolator-1.0.0.aar (androidx.interpolator:interpolator:1.0.0) with ExtractAarTransform
Transforming interpolator-1.0.0.aar (androidx.interpolator:interpolator:1.0.0) with AarTransform
Transforming versionedparcelable-1.1.1.aar (androidx.versionedparcelable:versionedparcelable:1.1.1) with ExtractAarTransform
Transforming versionedparcelable-1.1.1.aar (androidx.versionedparcelable:versionedparcelable:1.1.1) with AarTransform
Transforming annotation-experimental-1.3.0.aar (androidx.annotation:annotation-experimental:1.3.0) with ExtractAarTransform
Transforming annotation-experimental-1.3.0.aar (androidx.annotation:annotation-experimental:1.3.0) with AarTransform
Transforming dagger-lint-aar-2.48.1.aar (com.google.dagger:dagger-lint-aar:2.48.1) with ExtractAarTransform
Transforming dagger-lint-aar-2.48.1.aar (com.google.dagger:dagger-lint-aar:2.48.1) with AarTransform
Transforming profileinstaller-1.3.1.aar (androidx.profileinstaller:profileinstaller:1.3.1) with ExtractAarTransform
Transforming profileinstaller-1.3.1.aar (androidx.profileinstaller:profileinstaller:1.3.1) with AarTransform
Transforming startup-runtime-1.1.1.aar (androidx.startup:startup-runtime:1.1.1) with ExtractAarTransform
Transforming startup-runtime-1.1.1.aar (androidx.startup:startup-runtime:1.1.1) with AarTransform
Transforming tracing-1.0.0.aar (androidx.tracing:tracing:1.0.0) with ExtractAarTransform
Transforming tracing-1.0.0.aar (androidx.tracing:tracing:1.0.0) with AarTransform
Transforming exifinterface-1.3.6.aar (androidx.exifinterface:exifinterface:1.3.6) with ExtractAarTransform
Transforming exifinterface-1.3.6.aar (androidx.exifinterface:exifinterface:1.3.6) with AarTransform
Caching disabled for task ':app:dataBindingMergeDependencyArtifactsDebug' because:
  Build cache is disabled
  Caching has been disabled for the task
Skipping task ':app:dataBindingMergeDependencyArtifactsDebug' as it is up-to-date.
Resolve mutations for :app:generateDebugResValues (Thread[Execution worker,5,main]) started.
:app:generateDebugResValues (Thread[Execution worker,5,main]) started.

> Task :app:generateDebugResValues UP-TO-DATE
Caching disabled for task ':app:generateDebugResValues' because:
  Build cache is disabled
Skipping task ':app:generateDebugResValues' as it is up-to-date.
Resolve mutations for :app:generateDebugResources (Thread[Execution worker,5,main]) started.
:app:generateDebugResources (Thread[Execution worker Thread 10,5,main]) started.

> Task :app:generateDebugResources UP-TO-DATE
Skipping task ':app:generateDebugResources' as it has no actions.
Resolve mutations for :app:mergeDebugResources (Thread[Execution worker Thread 10,5,main]) started.
:app:mergeDebugResources (Thread[Execution worker Thread 10,5,main]) started.

> Task :app:mergeDebugResources UP-TO-DATE
Transforming viewbinding-8.2.2.aar (androidx.databinding:viewbinding:8.2.2) with ExtractAarTransform
Transforming viewbinding-8.2.2.aar (androidx.databinding:viewbinding:8.2.2) with AarTransform
Transforming navigation-common-2.7.6.aar (androidx.navigation:navigation-common:2.7.6) with ExtractAarTransform
Transforming navigation-common-2.7.6.aar (androidx.navigation:navigation-common:2.7.6) with AarTransform
Transforming navigation-common-ktx-2.7.6.aar (androidx.navigation:navigation-common-ktx:2.7.6) with ExtractAarTransform
Transforming navigation-common-ktx-2.7.6.aar (androidx.navigation:navigation-common-ktx:2.7.6) with AarTransform
Transforming navigation-runtime-2.7.6.aar (androidx.navigation:navigation-runtime:2.7.6) with ExtractAarTransform
Transforming navigation-runtime-2.7.6.aar (androidx.navigation:navigation-runtime:2.7.6) with AarTransform
Transforming navigation-runtime-ktx-2.7.6.aar (androidx.navigation:navigation-runtime-ktx:2.7.6) with ExtractAarTransform
Transforming navigation-runtime-ktx-2.7.6.aar (androidx.navigation:navigation-runtime-ktx:2.7.6) with AarTransform
Transforming navigation-fragment-2.7.6.aar (androidx.navigation:navigation-fragment:2.7.6) with ExtractAarTransform
Transforming navigation-fragment-2.7.6.aar (androidx.navigation:navigation-fragment:2.7.6) with AarTransform
Transforming navigation-fragment-ktx-2.7.6.aar (androidx.navigation:navigation-fragment-ktx:2.7.6) with ExtractAarTransform
Transforming navigation-fragment-ktx-2.7.6.aar (androidx.navigation:navigation-fragment-ktx:2.7.6) with AarTransform
Transforming navigation-ui-ktx-2.7.6.aar (androidx.navigation:navigation-ui-ktx:2.7.6) with ExtractAarTransform
Transforming navigation-ui-ktx-2.7.6.aar (androidx.navigation:navigation-ui-ktx:2.7.6) with AarTransform
Transforming navigation-ui-2.7.6.aar (androidx.navigation:navigation-ui:2.7.6) with ExtractAarTransform
Transforming navigation-ui-2.7.6.aar (androidx.navigation:navigation-ui:2.7.6) with AarTransform
Transforming material-1.11.0.aar (com.google.android.material:material:1.11.0) with ExtractAarTransform
Transforming material-1.11.0.aar (com.google.android.material:material:1.11.0) with AarTransform
Transforming constraintlayout-2.1.4.aar (androidx.constraintlayout:constraintlayout:2.1.4) with ExtractAarTransform
Transforming constraintlayout-2.1.4.aar (androidx.constraintlayout:constraintlayout:2.1.4) with AarTransform
Transforming lottie-6.2.0.aar (com.airbnb.android:lottie:6.2.0) with ExtractAarTransform
Transforming lottie-6.2.0.aar (com.airbnb.android:lottie:6.2.0) with AarTransform
Transforming coil-compose-2.5.0.aar (io.coil-kt:coil-compose:2.5.0) with ExtractAarTransform
Transforming coil-compose-2.5.0.aar (io.coil-kt:coil-compose:2.5.0) with AarTransform
Transforming coil-2.5.0.aar (io.coil-kt:coil:2.5.0) with ExtractAarTransform
Transforming coil-2.5.0.aar (io.coil-kt:coil:2.5.0) with AarTransform
Transforming coil-compose-base-2.5.0.aar (io.coil-kt:coil-compose-base:2.5.0) with ExtractAarTransform
Transforming coil-compose-base-2.5.0.aar (io.coil-kt:coil-compose-base:2.5.0) with AarTransform
Transforming coil-base-2.5.0.aar (io.coil-kt:coil-base:2.5.0) with ExtractAarTransform
Transforming coil-base-2.5.0.aar (io.coil-kt:coil-base:2.5.0) with AarTransform
Transforming appcompat-resources-1.6.1.aar (androidx.appcompat:appcompat-resources:1.6.1) with ExtractAarTransform
Transforming appcompat-resources-1.6.1.aar (androidx.appcompat:appcompat-resources:1.6.1) with AarTransform
Transforming preference-ktx-1.2.1.aar (androidx.preference:preference-ktx:1.2.1) with ExtractAarTransform
Transforming preference-ktx-1.2.1.aar (androidx.preference:preference-ktx:1.2.1) with AarTransform
Transforming preference-1.2.1.aar (androidx.preference:preference:1.2.1) with ExtractAarTransform
Transforming preference-1.2.1.aar (androidx.preference:preference:1.2.1) with AarTransform
Transforming appcompat-1.6.1.aar (androidx.appcompat:appcompat:1.6.1) with ExtractAarTransform
Transforming appcompat-1.6.1.aar (androidx.appcompat:appcompat:1.6.1) with AarTransform
Transforming hilt-android-2.48.1.aar (com.google.dagger:hilt-android:2.48.1) with ExtractAarTransform
Transforming hilt-android-2.48.1.aar (com.google.dagger:hilt-android:2.48.1) with AarTransform
Transforming paging-runtime-ktx-3.2.1.aar (androidx.paging:paging-runtime-ktx:3.2.1) with ExtractAarTransform
Transforming paging-runtime-ktx-3.2.1.aar (androidx.paging:paging-runtime-ktx:3.2.1) with AarTransform
Transforming paging-runtime-3.2.1.aar (androidx.paging:paging-runtime:3.2.1) with ExtractAarTransform
Transforming paging-runtime-3.2.1.aar (androidx.paging:paging-runtime:3.2.1) with AarTransform
Transforming recyclerview-1.3.2.aar (androidx.recyclerview:recyclerview:1.3.2) with ExtractAarTransform
Transforming recyclerview-1.3.2.aar (androidx.recyclerview:recyclerview:1.3.2) with AarTransform
Transforming viewpager2-1.1.0-beta02.aar (androidx.viewpager2:viewpager2:1.1.0-beta02) with ExtractAarTransform
Transforming viewpager2-1.1.0-beta02.aar (androidx.viewpager2:viewpager2:1.1.0-beta02) with AarTransform
Transforming fragment-1.6.2.aar (androidx.fragment:fragment:1.6.2) with ExtractAarTransform
Transforming fragment-1.6.2.aar (androidx.fragment:fragment:1.6.2) with AarTransform
Transforming fragment-ktx-1.6.2.aar (androidx.fragment:fragment-ktx:1.6.2) with ExtractAarTransform
Transforming fragment-ktx-1.6.2.aar (androidx.fragment:fragment-ktx:1.6.2) with AarTransform
Transforming activity-1.8.2.aar (androidx.activity:activity:1.8.2) with ExtractAarTransform
Transforming activity-1.8.2.aar (androidx.activity:activity:1.8.2) with AarTransform
Transforming accompanist-drawablepainter-0.32.0.aar (com.google.accompanist:accompanist-drawablepainter:0.32.0) with ExtractAarTransform
Transforming accompanist-drawablepainter-0.32.0.aar (com.google.accompanist:accompanist-drawablepainter:0.32.0) with AarTransform
Transforming animation-core-release.aar (androidx.compose.animation:animation-core-android:1.5.4) with ExtractAarTransform
Transforming animation-core-release.aar (androidx.compose.animation:animation-core-android:1.5.4) with AarTransform
Transforming animation-release.aar (androidx.compose.animation:animation-android:1.5.4) with ExtractAarTransform
Transforming animation-release.aar (androidx.compose.animation:animation-android:1.5.4) with AarTransform
Transforming foundation-layout-release.aar (androidx.compose.foundation:foundation-layout-android:1.5.4) with ExtractAarTransform
Transforming foundation-layout-release.aar (androidx.compose.foundation:foundation-layout-android:1.5.4) with AarTransform
Transforming foundation-release.aar (androidx.compose.foundation:foundation-android:1.5.4) with ExtractAarTransform
Transforming foundation-release.aar (androidx.compose.foundation:foundation-android:1.5.4) with AarTransform
Transforming ui-unit-release.aar (androidx.compose.ui:ui-unit-android:1.5.4) with ExtractAarTransform
Transforming ui-unit-release.aar (androidx.compose.ui:ui-unit-android:1.5.4) with AarTransform
Transforming ui-graphics-release.aar (androidx.compose.ui:ui-graphics-android:1.5.4) with ExtractAarTransform
Transforming ui-graphics-release.aar (androidx.compose.ui:ui-graphics-android:1.5.4) with AarTransform
Transforming ui-geometry-release.aar (androidx.compose.ui:ui-geometry-android:1.5.4) with ExtractAarTransform
Transforming ui-geometry-release.aar (androidx.compose.ui:ui-geometry-android:1.5.4) with AarTransform
Transforming ui-util-release.aar (androidx.compose.ui:ui-util-android:1.5.4) with ExtractAarTransform
Transforming ui-util-release.aar (androidx.compose.ui:ui-util-android:1.5.4) with AarTransform
Transforming ui-text-release.aar (androidx.compose.ui:ui-text-android:1.5.4) with ExtractAarTransform
Transforming ui-text-release.aar (androidx.compose.ui:ui-text-android:1.5.4) with AarTransform
Transforming ui-release.aar (androidx.compose.ui:ui-android:1.5.4) with ExtractAarTransform
Transforming ui-release.aar (androidx.compose.ui:ui-android:1.5.4) with AarTransform
Transforming activity-ktx-1.8.2.aar (androidx.activity:activity-ktx:1.8.2) with ExtractAarTransform
Transforming activity-ktx-1.8.2.aar (androidx.activity:activity-ktx:1.8.2) with AarTransform
Transforming emoji2-views-helper-1.4.0.aar (androidx.emoji2:emoji2-views-helper:1.4.0) with ExtractAarTransform
Transforming emoji2-views-helper-1.4.0.aar (androidx.emoji2:emoji2-views-helper:1.4.0) with AarTransform
Transforming emoji2-1.4.0.aar (androidx.emoji2:emoji2:1.4.0) with ExtractAarTransform
Transforming emoji2-1.4.0.aar (androidx.emoji2:emoji2:1.4.0) with AarTransform
Transforming lifecycle-process-2.7.0.aar (androidx.lifecycle:lifecycle-process:2.7.0) with ExtractAarTransform
Transforming lifecycle-process-2.7.0.aar (androidx.lifecycle:lifecycle-process:2.7.0) with AarTransform
Transforming lifecycle-livedata-core-2.7.0.aar (androidx.lifecycle:lifecycle-livedata-core:2.7.0) with ExtractAarTransform
Transforming lifecycle-livedata-core-2.7.0.aar (androidx.lifecycle:lifecycle-livedata-core:2.7.0) with AarTransform
Transforming savedstate-ktx-1.2.1.aar (androidx.savedstate:savedstate-ktx:1.2.1) with ExtractAarTransform
Transforming savedstate-ktx-1.2.1.aar (androidx.savedstate:savedstate-ktx:1.2.1) with AarTransform
Transforming savedstate-1.2.1.aar (androidx.savedstate:savedstate:1.2.1) with ExtractAarTransform
Transforming savedstate-1.2.1.aar (androidx.savedstate:savedstate:1.2.1) with AarTransform
Transforming lifecycle-runtime-ktx-2.7.0.aar (androidx.lifecycle:lifecycle-runtime-ktx:2.7.0) with ExtractAarTransform
Transforming lifecycle-runtime-ktx-2.7.0.aar (androidx.lifecycle:lifecycle-runtime-ktx:2.7.0) with AarTransform
Transforming lifecycle-livedata-core-ktx-2.7.0.aar (androidx.lifecycle:lifecycle-livedata-core-ktx:2.7.0) with ExtractAarTransform
Transforming lifecycle-livedata-core-ktx-2.7.0.aar (androidx.lifecycle:lifecycle-livedata-core-ktx:2.7.0) with AarTransform
Transforming dynamicanimation-1.0.0.aar (androidx.dynamicanimation:dynamicanimation:1.0.0) with ExtractAarTransform
Transforming dynamicanimation-1.0.0.aar (androidx.dynamicanimation:dynamicanimation:1.0.0) with AarTransform
Transforming legacy-support-core-utils-1.0.0.aar (androidx.legacy:legacy-support-core-utils:1.0.0) with ExtractAarTransform
Transforming legacy-support-core-utils-1.0.0.aar (androidx.legacy:legacy-support-core-utils:1.0.0) with AarTransform
Transforming loader-1.0.0.aar (androidx.loader:loader:1.0.0) with ExtractAarTransform
Transforming loader-1.0.0.aar (androidx.loader:loader:1.0.0) with AarTransform
Transforming loader-1.0.0.aar (androidx.loader:loader:1.0.0) with ExtractAarTransform
Transforming loader-1.0.0.aar (androidx.loader:loader:1.0.0) with AarTransform
Transforming lifecycle-livedata-2.7.0.aar (androidx.lifecycle:lifecycle-livedata:2.7.0) with ExtractAarTransform
Transforming lifecycle-livedata-2.7.0.aar (androidx.lifecycle:lifecycle-livedata:2.7.0) with AarTransform
Transforming lifecycle-livedata-2.7.0.aar (androidx.lifecycle:lifecycle-livedata:2.7.0) with ExtractAarTransform
Transforming lifecycle-livedata-2.7.0.aar (androidx.lifecycle:lifecycle-livedata:2.7.0) with AarTransform
Transforming lifecycle-viewmodel-savedstate-2.7.0.aar (androidx.lifecycle:lifecycle-viewmodel-savedstate:2.7.0) with ExtractAarTransform
Transforming lifecycle-viewmodel-savedstate-2.7.0.aar (androidx.lifecycle:lifecycle-viewmodel-savedstate:2.7.0) with AarTransform
Transforming customview-poolingcontainer-1.0.0.aar (androidx.customview:customview-poolingcontainer:1.0.0) with ExtractAarTransform
Transforming customview-poolingcontainer-1.0.0.aar (androidx.customview:customview-poolingcontainer:1.0.0) with AarTransform
Transforming core-ktx-1.12.0.aar (androidx.core:core-ktx:1.12.0) with ExtractAarTransform
Transforming core-ktx-1.12.0.aar (androidx.core:core-ktx:1.12.0) with AarTransform
Transforming swiperefreshlayout-1.1.0.aar (androidx.swiperefreshlayout:swiperefreshlayout:1.1.0) with ExtractAarTransform
Transforming swiperefreshlayout-1.1.0.aar (androidx.swiperefreshlayout:swiperefreshlayout:1.1.0) with AarTransform
Transforming drawerlayout-1.1.1.aar (androidx.drawerlayout:drawerlayout:1.1.1) with ExtractAarTransform
Transforming drawerlayout-1.1.1.aar (androidx.drawerlayout:drawerlayout:1.1.1) with AarTransform
Transforming coordinatorlayout-1.1.0.aar (androidx.coordinatorlayout:coordinatorlayout:1.1.0) with ExtractAarTransform
Transforming coordinatorlayout-1.1.0.aar (androidx.coordinatorlayout:coordinatorlayout:1.1.0) with AarTransform
Transforming vectordrawable-animated-1.1.0.aar (androidx.vectordrawable:vectordrawable-animated:1.1.0) with ExtractAarTransform
Transforming vectordrawable-animated-1.1.0.aar (androidx.vectordrawable:vectordrawable-animated:1.1.0) with AarTransform
Transforming vectordrawable-1.1.0.aar (androidx.vectordrawable:vectordrawable:1.1.0) with ExtractAarTransform
Transforming vectordrawable-1.1.0.aar (androidx.vectordrawable:vectordrawable:1.1.0) with AarTransform
Transforming vectordrawable-1.1.0.aar (androidx.vectordrawable:vectordrawable:1.1.0) with ExtractAarTransform
Transforming vectordrawable-1.1.0.aar (androidx.vectordrawable:vectordrawable:1.1.0) with AarTransform
Transforming viewpager-1.0.0.aar (androidx.viewpager:viewpager:1.0.0) with ExtractAarTransform
Transforming viewpager-1.0.0.aar (androidx.viewpager:viewpager:1.0.0) with AarTransform
Transforming slidingpanelayout-1.2.0.aar (androidx.slidingpanelayout:slidingpanelayout:1.2.0) with ExtractAarTransform
Transforming slidingpanelayout-1.2.0.aar (androidx.slidingpanelayout:slidingpanelayout:1.2.0) with AarTransform
Transforming customview-1.1.0.aar (androidx.customview:customview:1.1.0) with ExtractAarTransform
Transforming customview-1.1.0.aar (androidx.customview:customview:1.1.0) with AarTransform
Transforming customview-1.1.0.aar (androidx.customview:customview:1.1.0) with ExtractAarTransform
Transforming customview-1.1.0.aar (androidx.customview:customview:1.1.0) with AarTransform
Transforming transition-1.4.1.aar (androidx.transition:transition:1.4.1) with ExtractAarTransform
Transforming transition-1.4.1.aar (androidx.transition:transition:1.4.1) with AarTransform
Transforming window-1.0.0.aar (androidx.window:window:1.0.0) with ExtractAarTransform
Transforming window-1.0.0.aar (androidx.window:window:1.0.0) with AarTransform
Transforming autofill-1.0.0.aar (androidx.autofill:autofill:1.0.0) with ExtractAarTransform
Transforming autofill-1.0.0.aar (androidx.autofill:autofill:1.0.0) with AarTransform
Transforming core-1.12.0.aar (androidx.core:core:1.12.0) with ExtractAarTransform
Transforming core-1.12.0.aar (androidx.core:core:1.12.0) with AarTransform
Transforming core-1.12.0.aar (androidx.core:core:1.12.0) with ExtractAarTransform
Transforming core-1.12.0.aar (androidx.core:core:1.12.0) with AarTransform
Transforming lifecycle-runtime-2.7.0.aar (androidx.lifecycle:lifecycle-runtime:2.7.0) with ExtractAarTransform
Transforming lifecycle-runtime-2.7.0.aar (androidx.lifecycle:lifecycle-runtime:2.7.0) with AarTransform
Transforming lifecycle-viewmodel-2.7.0.aar (androidx.lifecycle:lifecycle-viewmodel:2.7.0) with ExtractAarTransform
Transforming lifecycle-viewmodel-2.7.0.aar (androidx.lifecycle:lifecycle-viewmodel:2.7.0) with AarTransform
Transforming lifecycle-viewmodel-2.7.0.aar (androidx.lifecycle:lifecycle-viewmodel:2.7.0) with ExtractAarTransform
Transforming lifecycle-viewmodel-2.7.0.aar (androidx.lifecycle:lifecycle-viewmodel:2.7.0) with AarTransform
Transforming lifecycle-livedata-ktx-2.7.0.aar (androidx.lifecycle:lifecycle-livedata-ktx:2.7.0) with ExtractAarTransform
Transforming lifecycle-livedata-ktx-2.7.0.aar (androidx.lifecycle:lifecycle-livedata-ktx:2.7.0) with AarTransform
Transforming lifecycle-viewmodel-ktx-2.7.0.aar (androidx.lifecycle:lifecycle-viewmodel-ktx:2.7.0) with ExtractAarTransform
Transforming lifecycle-viewmodel-ktx-2.7.0.aar (androidx.lifecycle:lifecycle-viewmodel-ktx:2.7.0) with AarTransform
Transforming room-runtime-2.6.1.aar (androidx.room:room-runtime:2.6.1) with ExtractAarTransform
Transforming room-runtime-2.6.1.aar (androidx.room:room-runtime:2.6.1) with AarTransform
Transforming room-ktx-2.6.1.aar (androidx.room:room-ktx:2.6.1) with ExtractAarTransform
Transforming room-ktx-2.6.1.aar (androidx.room:room-ktx:2.6.1) with AarTransform
Transforming runtime-saveable-release.aar (androidx.compose.runtime:runtime-saveable-android:1.5.4) with ExtractAarTransform
Transforming runtime-saveable-release.aar (androidx.compose.runtime:runtime-saveable-android:1.5.4) with AarTransform
Transforming runtime-release.aar (androidx.compose.runtime:runtime-android:1.5.4) with ExtractAarTransform
Transforming runtime-release.aar (androidx.compose.runtime:runtime-android:1.5.4) with AarTransform
Transforming cardview-1.0.0.aar (androidx.cardview:cardview:1.0.0) with ExtractAarTransform
Transforming cardview-1.0.0.aar (androidx.cardview:cardview:1.0.0) with AarTransform
Transforming shimmer-0.5.0.aar (com.facebook.shimmer:shimmer:0.5.0) with ExtractAarTransform
Transforming shimmer-0.5.0.aar (com.facebook.shimmer:shimmer:0.5.0) with AarTransform
Transforming cursoradapter-1.0.0.aar (androidx.cursoradapter:cursoradapter:1.0.0) with ExtractAarTransform
Transforming cursoradapter-1.0.0.aar (androidx.cursoradapter:cursoradapter:1.0.0) with AarTransform
Transforming core-runtime-2.2.0.aar (androidx.arch.core:core-runtime:2.2.0) with ExtractAarTransform
Transforming core-runtime-2.2.0.aar (androidx.arch.core:core-runtime:2.2.0) with AarTransform
Transforming sqlite-framework-2.4.0.aar (androidx.sqlite:sqlite-framework:2.4.0) with ExtractAarTransform
Transforming sqlite-framework-2.4.0.aar (androidx.sqlite:sqlite-framework:2.4.0) with AarTransform
Transforming sqlite-2.4.0.aar (androidx.sqlite:sqlite:2.4.0) with ExtractAarTransform
Transforming sqlite-2.4.0.aar (androidx.sqlite:sqlite:2.4.0) with AarTransform
Transforming interpolator-1.0.0.aar (androidx.interpolator:interpolator:1.0.0) with ExtractAarTransform
Transforming interpolator-1.0.0.aar (androidx.interpolator:interpolator:1.0.0) with AarTransform
Transforming interpolator-1.0.0.aar (androidx.interpolator:interpolator:1.0.0) with ExtractAarTransform
Transforming interpolator-1.0.0.aar (androidx.interpolator:interpolator:1.0.0) with AarTransform
Transforming versionedparcelable-1.1.1.aar (androidx.versionedparcelable:versionedparcelable:1.1.1) with ExtractAarTransform
Transforming versionedparcelable-1.1.1.aar (androidx.versionedparcelable:versionedparcelable:1.1.1) with AarTransform
Transforming profileinstaller-1.3.1.aar (androidx.profileinstaller:profileinstaller:1.3.1) with ExtractAarTransform
Transforming profileinstaller-1.3.1.aar (androidx.profileinstaller:profileinstaller:1.3.1) with AarTransform
Transforming startup-runtime-1.1.1.aar (androidx.startup:startup-runtime:1.1.1) with ExtractAarTransform
Transforming startup-runtime-1.1.1.aar (androidx.startup:startup-runtime:1.1.1) with AarTransform
Transforming tracing-1.0.0.aar (androidx.tracing:tracing:1.0.0) with ExtractAarTransform
Transforming tracing-1.0.0.aar (androidx.tracing:tracing:1.0.0) with AarTransform
Transforming exifinterface-1.3.6.aar (androidx.exifinterface:exifinterface:1.3.6) with ExtractAarTransform
Transforming exifinterface-1.3.6.aar (androidx.exifinterface:exifinterface:1.3.6) with AarTransform
Transforming documentfile-1.0.0.aar (androidx.documentfile:documentfile:1.0.0) with ExtractAarTransform
Transforming documentfile-1.0.0.aar (androidx.documentfile:documentfile:1.0.0) with AarTransform
Transforming localbroadcastmanager-1.0.0.aar (androidx.localbroadcastmanager:localbroadcastmanager:1.0.0) with ExtractAarTransform
Transforming localbroadcastmanager-1.0.0.aar (androidx.localbroadcastmanager:localbroadcastmanager:1.0.0) with AarTransform
Transforming print-1.0.0.aar (androidx.print:print:1.0.0) with ExtractAarTransform
Transforming print-1.0.0.aar (androidx.print:print:1.0.0) with AarTransform
Transforming annotation-experimental-1.3.0.aar (androidx.annotation:annotation-experimental:1.3.0) with ExtractAarTransform
Transforming annotation-experimental-1.3.0.aar (androidx.annotation:annotation-experimental:1.3.0) with AarTransform
Transforming dagger-lint-aar-2.48.1.aar (com.google.dagger:dagger-lint-aar:2.48.1) with ExtractAarTransform
Transforming dagger-lint-aar-2.48.1.aar (com.google.dagger:dagger-lint-aar:2.48.1) with AarTransform
Caching disabled for task ':app:mergeDebugResources' because:
  Build cache is disabled
Skipping task ':app:mergeDebugResources' as it is up-to-date.
Resolve mutations for :app:packageDebugResources (Thread[Execution worker Thread 10,5,main]) started.
:app:packageDebugResources (Thread[Execution worker Thread 10,5,main]) started.

> Task :app:packageDebugResources UP-TO-DATE
Caching disabled for task ':app:packageDebugResources' because:
  Build cache is disabled
Skipping task ':app:packageDebugResources' as it is up-to-date.
Resolve mutations for :app:parseDebugLocalResources (Thread[Execution worker Thread 10,5,main]) started.
:app:parseDebugLocalResources (Thread[Execution worker Thread 10,5,main]) started.

> Task :app:parseDebugLocalResources UP-TO-DATE
Transforming android.jar with PlatformAttrTransform
Transforming android.jar with PlatformAttrTransform
Caching disabled for task ':app:parseDebugLocalResources' because:
  Build cache is disabled
Skipping task ':app:parseDebugLocalResources' as it is up-to-date.
Resolve mutations for :app:dataBindingGenBaseClassesDebug (Thread[Execution worker Thread 10,5,main]) started.
:app:dataBindingGenBaseClassesDebug (Thread[Execution worker Thread 10,5,main]) started.

> Task :app:dataBindingGenBaseClassesDebug UP-TO-DATE
Transforming viewbinding-8.2.2.aar (androidx.databinding:viewbinding:8.2.2) with ExtractAarTransform
Transforming viewbinding-8.2.2.aar (androidx.databinding:viewbinding:8.2.2) with LibrarySymbolTableTransform
Transforming navigation-common-2.7.6.aar (androidx.navigation:navigation-common:2.7.6) with ExtractAarTransform
Transforming navigation-common-2.7.6.aar (androidx.navigation:navigation-common:2.7.6) with LibrarySymbolTableTransform
Transforming navigation-common-ktx-2.7.6.aar (androidx.navigation:navigation-common-ktx:2.7.6) with ExtractAarTransform
Transforming navigation-common-ktx-2.7.6.aar (androidx.navigation:navigation-common-ktx:2.7.6) with LibrarySymbolTableTransform
Transforming navigation-runtime-2.7.6.aar (androidx.navigation:navigation-runtime:2.7.6) with ExtractAarTransform
Transforming navigation-runtime-2.7.6.aar (androidx.navigation:navigation-runtime:2.7.6) with LibrarySymbolTableTransform
Transforming navigation-runtime-ktx-2.7.6.aar (androidx.navigation:navigation-runtime-ktx:2.7.6) with ExtractAarTransform
Transforming navigation-runtime-ktx-2.7.6.aar (androidx.navigation:navigation-runtime-ktx:2.7.6) with LibrarySymbolTableTransform
Transforming navigation-fragment-2.7.6.aar (androidx.navigation:navigation-fragment:2.7.6) with ExtractAarTransform
Transforming navigation-fragment-2.7.6.aar (androidx.navigation:navigation-fragment:2.7.6) with LibrarySymbolTableTransform
Transforming navigation-fragment-ktx-2.7.6.aar (androidx.navigation:navigation-fragment-ktx:2.7.6) with ExtractAarTransform
Transforming navigation-fragment-ktx-2.7.6.aar (androidx.navigation:navigation-fragment-ktx:2.7.6) with LibrarySymbolTableTransform
Transforming navigation-ui-ktx-2.7.6.aar (androidx.navigation:navigation-ui-ktx:2.7.6) with ExtractAarTransform
Transforming navigation-ui-ktx-2.7.6.aar (androidx.navigation:navigation-ui-ktx:2.7.6) with LibrarySymbolTableTransform
Transforming navigation-ui-2.7.6.aar (androidx.navigation:navigation-ui:2.7.6) with ExtractAarTransform
Transforming navigation-ui-2.7.6.aar (androidx.navigation:navigation-ui:2.7.6) with LibrarySymbolTableTransform
Transforming material-1.11.0.aar (com.google.android.material:material:1.11.0) with ExtractAarTransform
Transforming material-1.11.0.aar (com.google.android.material:material:1.11.0) with LibrarySymbolTableTransform
Transforming constraintlayout-2.1.4.aar (androidx.constraintlayout:constraintlayout:2.1.4) with ExtractAarTransform
Transforming constraintlayout-2.1.4.aar (androidx.constraintlayout:constraintlayout:2.1.4) with LibrarySymbolTableTransform
Transforming lottie-6.2.0.aar (com.airbnb.android:lottie:6.2.0) with ExtractAarTransform
Transforming lottie-6.2.0.aar (com.airbnb.android:lottie:6.2.0) with LibrarySymbolTableTransform
Transforming coil-compose-2.5.0.aar (io.coil-kt:coil-compose:2.5.0) with ExtractAarTransform
Transforming coil-compose-2.5.0.aar (io.coil-kt:coil-compose:2.5.0) with LibrarySymbolTableTransform
Transforming coil-2.5.0.aar (io.coil-kt:coil:2.5.0) with ExtractAarTransform
Transforming coil-2.5.0.aar (io.coil-kt:coil:2.5.0) with LibrarySymbolTableTransform
Transforming coil-compose-base-2.5.0.aar (io.coil-kt:coil-compose-base:2.5.0) with ExtractAarTransform
Transforming coil-compose-base-2.5.0.aar (io.coil-kt:coil-compose-base:2.5.0) with LibrarySymbolTableTransform
Transforming coil-base-2.5.0.aar (io.coil-kt:coil-base:2.5.0) with ExtractAarTransform
Transforming coil-base-2.5.0.aar (io.coil-kt:coil-base:2.5.0) with LibrarySymbolTableTransform
Transforming appcompat-resources-1.6.1.aar (androidx.appcompat:appcompat-resources:1.6.1) with ExtractAarTransform
Transforming appcompat-resources-1.6.1.aar (androidx.appcompat:appcompat-resources:1.6.1) with LibrarySymbolTableTransform
Transforming preference-ktx-1.2.1.aar (androidx.preference:preference-ktx:1.2.1) with ExtractAarTransform
Transforming preference-ktx-1.2.1.aar (androidx.preference:preference-ktx:1.2.1) with LibrarySymbolTableTransform
Transforming preference-1.2.1.aar (androidx.preference:preference:1.2.1) with ExtractAarTransform
Transforming preference-1.2.1.aar (androidx.preference:preference:1.2.1) with LibrarySymbolTableTransform
Transforming appcompat-1.6.1.aar (androidx.appcompat:appcompat:1.6.1) with ExtractAarTransform
Transforming appcompat-1.6.1.aar (androidx.appcompat:appcompat:1.6.1) with LibrarySymbolTableTransform
Transforming hilt-android-2.48.1.aar (com.google.dagger:hilt-android:2.48.1) with ExtractAarTransform
Transforming hilt-android-2.48.1.aar (com.google.dagger:hilt-android:2.48.1) with LibrarySymbolTableTransform
Transforming paging-runtime-ktx-3.2.1.aar (androidx.paging:paging-runtime-ktx:3.2.1) with ExtractAarTransform
Transforming paging-runtime-ktx-3.2.1.aar (androidx.paging:paging-runtime-ktx:3.2.1) with LibrarySymbolTableTransform
Transforming paging-runtime-3.2.1.aar (androidx.paging:paging-runtime:3.2.1) with ExtractAarTransform
Transforming paging-runtime-3.2.1.aar (androidx.paging:paging-runtime:3.2.1) with LibrarySymbolTableTransform
Transforming recyclerview-1.3.2.aar (androidx.recyclerview:recyclerview:1.3.2) with ExtractAarTransform
Transforming recyclerview-1.3.2.aar (androidx.recyclerview:recyclerview:1.3.2) with LibrarySymbolTableTransform
Transforming viewpager2-1.1.0-beta02.aar (androidx.viewpager2:viewpager2:1.1.0-beta02) with ExtractAarTransform
Transforming viewpager2-1.1.0-beta02.aar (androidx.viewpager2:viewpager2:1.1.0-beta02) with LibrarySymbolTableTransform
Transforming fragment-1.6.2.aar (androidx.fragment:fragment:1.6.2) with ExtractAarTransform
Transforming fragment-1.6.2.aar (androidx.fragment:fragment:1.6.2) with LibrarySymbolTableTransform
Transforming fragment-ktx-1.6.2.aar (androidx.fragment:fragment-ktx:1.6.2) with ExtractAarTransform
Transforming fragment-ktx-1.6.2.aar (androidx.fragment:fragment-ktx:1.6.2) with LibrarySymbolTableTransform
Transforming activity-1.8.2.aar (androidx.activity:activity:1.8.2) with ExtractAarTransform
Transforming activity-1.8.2.aar (androidx.activity:activity:1.8.2) with LibrarySymbolTableTransform
Transforming accompanist-drawablepainter-0.32.0.aar (com.google.accompanist:accompanist-drawablepainter:0.32.0) with ExtractAarTransform
Transforming accompanist-drawablepainter-0.32.0.aar (com.google.accompanist:accompanist-drawablepainter:0.32.0) with LibrarySymbolTableTransform
Transforming animation-core-release.aar (androidx.compose.animation:animation-core-android:1.5.4) with ExtractAarTransform
Transforming animation-core-release.aar (androidx.compose.animation:animation-core-android:1.5.4) with LibrarySymbolTableTransform
Transforming animation-release.aar (androidx.compose.animation:animation-android:1.5.4) with ExtractAarTransform
Transforming animation-release.aar (androidx.compose.animation:animation-android:1.5.4) with LibrarySymbolTableTransform
Transforming foundation-layout-release.aar (androidx.compose.foundation:foundation-layout-android:1.5.4) with ExtractAarTransform
Transforming foundation-layout-release.aar (androidx.compose.foundation:foundation-layout-android:1.5.4) with LibrarySymbolTableTransform
Transforming foundation-release.aar (androidx.compose.foundation:foundation-android:1.5.4) with ExtractAarTransform
Transforming foundation-release.aar (androidx.compose.foundation:foundation-android:1.5.4) with LibrarySymbolTableTransform
Transforming ui-unit-release.aar (androidx.compose.ui:ui-unit-android:1.5.4) with ExtractAarTransform
Transforming ui-unit-release.aar (androidx.compose.ui:ui-unit-android:1.5.4) with LibrarySymbolTableTransform
Transforming ui-graphics-release.aar (androidx.compose.ui:ui-graphics-android:1.5.4) with ExtractAarTransform
Transforming ui-graphics-release.aar (androidx.compose.ui:ui-graphics-android:1.5.4) with LibrarySymbolTableTransform
Transforming ui-geometry-release.aar (androidx.compose.ui:ui-geometry-android:1.5.4) with ExtractAarTransform
Transforming ui-geometry-release.aar (androidx.compose.ui:ui-geometry-android:1.5.4) with LibrarySymbolTableTransform
Transforming ui-util-release.aar (androidx.compose.ui:ui-util-android:1.5.4) with ExtractAarTransform
Transforming ui-util-release.aar (androidx.compose.ui:ui-util-android:1.5.4) with LibrarySymbolTableTransform
Transforming ui-text-release.aar (androidx.compose.ui:ui-text-android:1.5.4) with ExtractAarTransform
Transforming ui-text-release.aar (androidx.compose.ui:ui-text-android:1.5.4) with LibrarySymbolTableTransform
Transforming ui-release.aar (androidx.compose.ui:ui-android:1.5.4) with ExtractAarTransform
Transforming ui-release.aar (androidx.compose.ui:ui-android:1.5.4) with LibrarySymbolTableTransform
Transforming activity-ktx-1.8.2.aar (androidx.activity:activity-ktx:1.8.2) with ExtractAarTransform
Transforming activity-ktx-1.8.2.aar (androidx.activity:activity-ktx:1.8.2) with LibrarySymbolTableTransform
Transforming emoji2-views-helper-1.4.0.aar (androidx.emoji2:emoji2-views-helper:1.4.0) with ExtractAarTransform
Transforming emoji2-views-helper-1.4.0.aar (androidx.emoji2:emoji2-views-helper:1.4.0) with LibrarySymbolTableTransform
Transforming emoji2-1.4.0.aar (androidx.emoji2:emoji2:1.4.0) with ExtractAarTransform
Transforming emoji2-1.4.0.aar (androidx.emoji2:emoji2:1.4.0) with LibrarySymbolTableTransform
Transforming lifecycle-process-2.7.0.aar (androidx.lifecycle:lifecycle-process:2.7.0) with ExtractAarTransform
Transforming lifecycle-process-2.7.0.aar (androidx.lifecycle:lifecycle-process:2.7.0) with LibrarySymbolTableTransform
Transforming lifecycle-livedata-core-2.7.0.aar (androidx.lifecycle:lifecycle-livedata-core:2.7.0) with ExtractAarTransform
Transforming lifecycle-livedata-core-2.7.0.aar (androidx.lifecycle:lifecycle-livedata-core:2.7.0) with LibrarySymbolTableTransform
Transforming savedstate-ktx-1.2.1.aar (androidx.savedstate:savedstate-ktx:1.2.1) with ExtractAarTransform
Transforming savedstate-ktx-1.2.1.aar (androidx.savedstate:savedstate-ktx:1.2.1) with LibrarySymbolTableTransform
Transforming savedstate-1.2.1.aar (androidx.savedstate:savedstate:1.2.1) with ExtractAarTransform
Transforming savedstate-1.2.1.aar (androidx.savedstate:savedstate:1.2.1) with LibrarySymbolTableTransform
Transforming lifecycle-runtime-ktx-2.7.0.aar (androidx.lifecycle:lifecycle-runtime-ktx:2.7.0) with ExtractAarTransform
Transforming lifecycle-runtime-ktx-2.7.0.aar (androidx.lifecycle:lifecycle-runtime-ktx:2.7.0) with LibrarySymbolTableTransform
Transforming lifecycle-livedata-core-ktx-2.7.0.aar (androidx.lifecycle:lifecycle-livedata-core-ktx:2.7.0) with ExtractAarTransform
Transforming lifecycle-livedata-core-ktx-2.7.0.aar (androidx.lifecycle:lifecycle-livedata-core-ktx:2.7.0) with LibrarySymbolTableTransform
Transforming dynamicanimation-1.0.0.aar (androidx.dynamicanimation:dynamicanimation:1.0.0) with ExtractAarTransform
Transforming dynamicanimation-1.0.0.aar (androidx.dynamicanimation:dynamicanimation:1.0.0) with LibrarySymbolTableTransform
Transforming legacy-support-core-utils-1.0.0.aar (androidx.legacy:legacy-support-core-utils:1.0.0) with ExtractAarTransform
Transforming legacy-support-core-utils-1.0.0.aar (androidx.legacy:legacy-support-core-utils:1.0.0) with LibrarySymbolTableTransform
Transforming loader-1.0.0.aar (androidx.loader:loader:1.0.0) with ExtractAarTransform
Transforming loader-1.0.0.aar (androidx.loader:loader:1.0.0) with LibrarySymbolTableTransform
Transforming loader-1.0.0.aar (androidx.loader:loader:1.0.0) with ExtractAarTransform
Transforming loader-1.0.0.aar (androidx.loader:loader:1.0.0) with LibrarySymbolTableTransform
Transforming lifecycle-livedata-2.7.0.aar (androidx.lifecycle:lifecycle-livedata:2.7.0) with ExtractAarTransform
Transforming lifecycle-livedata-2.7.0.aar (androidx.lifecycle:lifecycle-livedata:2.7.0) with LibrarySymbolTableTransform
Transforming lifecycle-livedata-2.7.0.aar (androidx.lifecycle:lifecycle-livedata:2.7.0) with ExtractAarTransform
Transforming lifecycle-livedata-2.7.0.aar (androidx.lifecycle:lifecycle-livedata:2.7.0) with LibrarySymbolTableTransform
Transforming lifecycle-viewmodel-savedstate-2.7.0.aar (androidx.lifecycle:lifecycle-viewmodel-savedstate:2.7.0) with ExtractAarTransform
Transforming lifecycle-viewmodel-savedstate-2.7.0.aar (androidx.lifecycle:lifecycle-viewmodel-savedstate:2.7.0) with LibrarySymbolTableTransform
Transforming customview-poolingcontainer-1.0.0.aar (androidx.customview:customview-poolingcontainer:1.0.0) with ExtractAarTransform
Transforming customview-poolingcontainer-1.0.0.aar (androidx.customview:customview-poolingcontainer:1.0.0) with LibrarySymbolTableTransform
Transforming core-ktx-1.12.0.aar (androidx.core:core-ktx:1.12.0) with ExtractAarTransform
Transforming core-ktx-1.12.0.aar (androidx.core:core-ktx:1.12.0) with LibrarySymbolTableTransform
Transforming swiperefreshlayout-1.1.0.aar (androidx.swiperefreshlayout:swiperefreshlayout:1.1.0) with ExtractAarTransform
Transforming swiperefreshlayout-1.1.0.aar (androidx.swiperefreshlayout:swiperefreshlayout:1.1.0) with LibrarySymbolTableTransform
Transforming drawerlayout-1.1.1.aar (androidx.drawerlayout:drawerlayout:1.1.1) with ExtractAarTransform
Transforming drawerlayout-1.1.1.aar (androidx.drawerlayout:drawerlayout:1.1.1) with LibrarySymbolTableTransform
Transforming coordinatorlayout-1.1.0.aar (androidx.coordinatorlayout:coordinatorlayout:1.1.0) with ExtractAarTransform
Transforming coordinatorlayout-1.1.0.aar (androidx.coordinatorlayout:coordinatorlayout:1.1.0) with LibrarySymbolTableTransform
Transforming vectordrawable-animated-1.1.0.aar (androidx.vectordrawable:vectordrawable-animated:1.1.0) with ExtractAarTransform
Transforming vectordrawable-animated-1.1.0.aar (androidx.vectordrawable:vectordrawable-animated:1.1.0) with LibrarySymbolTableTransform
Transforming vectordrawable-1.1.0.aar (androidx.vectordrawable:vectordrawable:1.1.0) with ExtractAarTransform
Transforming vectordrawable-1.1.0.aar (androidx.vectordrawable:vectordrawable:1.1.0) with LibrarySymbolTableTransform
Transforming vectordrawable-1.1.0.aar (androidx.vectordrawable:vectordrawable:1.1.0) with ExtractAarTransform
Transforming vectordrawable-1.1.0.aar (androidx.vectordrawable:vectordrawable:1.1.0) with LibrarySymbolTableTransform
Transforming viewpager-1.0.0.aar (androidx.viewpager:viewpager:1.0.0) with ExtractAarTransform
Transforming viewpager-1.0.0.aar (androidx.viewpager:viewpager:1.0.0) with LibrarySymbolTableTransform
Transforming slidingpanelayout-1.2.0.aar (androidx.slidingpanelayout:slidingpanelayout:1.2.0) with ExtractAarTransform
Transforming slidingpanelayout-1.2.0.aar (androidx.slidingpanelayout:slidingpanelayout:1.2.0) with LibrarySymbolTableTransform
Transforming customview-1.1.0.aar (androidx.customview:customview:1.1.0) with ExtractAarTransform
Transforming customview-1.1.0.aar (androidx.customview:customview:1.1.0) with LibrarySymbolTableTransform
Transforming customview-1.1.0.aar (androidx.customview:customview:1.1.0) with ExtractAarTransform
Transforming customview-1.1.0.aar (androidx.customview:customview:1.1.0) with LibrarySymbolTableTransform
Transforming transition-1.4.1.aar (androidx.transition:transition:1.4.1) with ExtractAarTransform
Transforming transition-1.4.1.aar (androidx.transition:transition:1.4.1) with LibrarySymbolTableTransform
Transforming window-1.0.0.aar (androidx.window:window:1.0.0) with ExtractAarTransform
Transforming window-1.0.0.aar (androidx.window:window:1.0.0) with LibrarySymbolTableTransform
Transforming autofill-1.0.0.aar (androidx.autofill:autofill:1.0.0) with ExtractAarTransform
Transforming autofill-1.0.0.aar (androidx.autofill:autofill:1.0.0) with LibrarySymbolTableTransform
Transforming core-1.12.0.aar (androidx.core:core:1.12.0) with ExtractAarTransform
Transforming core-1.12.0.aar (androidx.core:core:1.12.0) with LibrarySymbolTableTransform
Transforming core-1.12.0.aar (androidx.core:core:1.12.0) with ExtractAarTransform
Transforming core-1.12.0.aar (androidx.core:core:1.12.0) with LibrarySymbolTableTransform
Transforming lifecycle-runtime-2.7.0.aar (androidx.lifecycle:lifecycle-runtime:2.7.0) with ExtractAarTransform
Transforming lifecycle-runtime-2.7.0.aar (androidx.lifecycle:lifecycle-runtime:2.7.0) with LibrarySymbolTableTransform
Transforming lifecycle-viewmodel-2.7.0.aar (androidx.lifecycle:lifecycle-viewmodel:2.7.0) with ExtractAarTransform
Transforming lifecycle-viewmodel-2.7.0.aar (androidx.lifecycle:lifecycle-viewmodel:2.7.0) with LibrarySymbolTableTransform
Transforming lifecycle-viewmodel-2.7.0.aar (androidx.lifecycle:lifecycle-viewmodel:2.7.0) with ExtractAarTransform
Transforming lifecycle-viewmodel-2.7.0.aar (androidx.lifecycle:lifecycle-viewmodel:2.7.0) with LibrarySymbolTableTransform
Transforming lifecycle-livedata-ktx-2.7.0.aar (androidx.lifecycle:lifecycle-livedata-ktx:2.7.0) with ExtractAarTransform
Transforming lifecycle-livedata-ktx-2.7.0.aar (androidx.lifecycle:lifecycle-livedata-ktx:2.7.0) with LibrarySymbolTableTransform
Transforming lifecycle-viewmodel-ktx-2.7.0.aar (androidx.lifecycle:lifecycle-viewmodel-ktx:2.7.0) with ExtractAarTransform
Transforming lifecycle-viewmodel-ktx-2.7.0.aar (androidx.lifecycle:lifecycle-viewmodel-ktx:2.7.0) with LibrarySymbolTableTransform
Transforming room-runtime-2.6.1.aar (androidx.room:room-runtime:2.6.1) with ExtractAarTransform
Transforming room-runtime-2.6.1.aar (androidx.room:room-runtime:2.6.1) with LibrarySymbolTableTransform
Transforming room-ktx-2.6.1.aar (androidx.room:room-ktx:2.6.1) with ExtractAarTransform
Transforming room-ktx-2.6.1.aar (androidx.room:room-ktx:2.6.1) with LibrarySymbolTableTransform
Transforming runtime-saveable-release.aar (androidx.compose.runtime:runtime-saveable-android:1.5.4) with ExtractAarTransform
Transforming runtime-saveable-release.aar (androidx.compose.runtime:runtime-saveable-android:1.5.4) with LibrarySymbolTableTransform
Transforming runtime-release.aar (androidx.compose.runtime:runtime-android:1.5.4) with ExtractAarTransform
Transforming runtime-release.aar (androidx.compose.runtime:runtime-android:1.5.4) with LibrarySymbolTableTransform
Transforming cardview-1.0.0.aar (androidx.cardview:cardview:1.0.0) with ExtractAarTransform
Transforming cardview-1.0.0.aar (androidx.cardview:cardview:1.0.0) with LibrarySymbolTableTransform
Transforming shimmer-0.5.0.aar (com.facebook.shimmer:shimmer:0.5.0) with ExtractAarTransform
Transforming shimmer-0.5.0.aar (com.facebook.shimmer:shimmer:0.5.0) with LibrarySymbolTableTransform
Transforming cursoradapter-1.0.0.aar (androidx.cursoradapter:cursoradapter:1.0.0) with ExtractAarTransform
Transforming cursoradapter-1.0.0.aar (androidx.cursoradapter:cursoradapter:1.0.0) with LibrarySymbolTableTransform
Transforming core-runtime-2.2.0.aar (androidx.arch.core:core-runtime:2.2.0) with ExtractAarTransform
Transforming core-runtime-2.2.0.aar (androidx.arch.core:core-runtime:2.2.0) with LibrarySymbolTableTransform
Transforming sqlite-framework-2.4.0.aar (androidx.sqlite:sqlite-framework:2.4.0) with ExtractAarTransform
Transforming sqlite-framework-2.4.0.aar (androidx.sqlite:sqlite-framework:2.4.0) with LibrarySymbolTableTransform
Transforming sqlite-2.4.0.aar (androidx.sqlite:sqlite:2.4.0) with ExtractAarTransform
Transforming sqlite-2.4.0.aar (androidx.sqlite:sqlite:2.4.0) with LibrarySymbolTableTransform
Transforming interpolator-1.0.0.aar (androidx.interpolator:interpolator:1.0.0) with ExtractAarTransform
Transforming interpolator-1.0.0.aar (androidx.interpolator:interpolator:1.0.0) with LibrarySymbolTableTransform
Transforming interpolator-1.0.0.aar (androidx.interpolator:interpolator:1.0.0) with ExtractAarTransform
Transforming interpolator-1.0.0.aar (androidx.interpolator:interpolator:1.0.0) with LibrarySymbolTableTransform
Transforming versionedparcelable-1.1.1.aar (androidx.versionedparcelable:versionedparcelable:1.1.1) with ExtractAarTransform
Transforming versionedparcelable-1.1.1.aar (androidx.versionedparcelable:versionedparcelable:1.1.1) with LibrarySymbolTableTransform
Transforming profileinstaller-1.3.1.aar (androidx.profileinstaller:profileinstaller:1.3.1) with ExtractAarTransform
Transforming profileinstaller-1.3.1.aar (androidx.profileinstaller:profileinstaller:1.3.1) with LibrarySymbolTableTransform
Transforming startup-runtime-1.1.1.aar (androidx.startup:startup-runtime:1.1.1) with ExtractAarTransform
Transforming startup-runtime-1.1.1.aar (androidx.startup:startup-runtime:1.1.1) with LibrarySymbolTableTransform
Transforming tracing-1.0.0.aar (androidx.tracing:tracing:1.0.0) with ExtractAarTransform
Transforming tracing-1.0.0.aar (androidx.tracing:tracing:1.0.0) with LibrarySymbolTableTransform
Transforming exifinterface-1.3.6.aar (androidx.exifinterface:exifinterface:1.3.6) with ExtractAarTransform
Transforming exifinterface-1.3.6.aar (androidx.exifinterface:exifinterface:1.3.6) with LibrarySymbolTableTransform
Transforming documentfile-1.0.0.aar (androidx.documentfile:documentfile:1.0.0) with ExtractAarTransform
Transforming documentfile-1.0.0.aar (androidx.documentfile:documentfile:1.0.0) with LibrarySymbolTableTransform
Transforming localbroadcastmanager-1.0.0.aar (androidx.localbroadcastmanager:localbroadcastmanager:1.0.0) with ExtractAarTransform
Transforming localbroadcastmanager-1.0.0.aar (androidx.localbroadcastmanager:localbroadcastmanager:1.0.0) with LibrarySymbolTableTransform
Transforming print-1.0.0.aar (androidx.print:print:1.0.0) with ExtractAarTransform
Transforming print-1.0.0.aar (androidx.print:print:1.0.0) with LibrarySymbolTableTransform
Transforming annotation-experimental-1.3.0.aar (androidx.annotation:annotation-experimental:1.3.0) with ExtractAarTransform
Transforming annotation-experimental-1.3.0.aar (androidx.annotation:annotation-experimental:1.3.0) with LibrarySymbolTableTransform
Transforming dagger-lint-aar-2.48.1.aar (com.google.dagger:dagger-lint-aar:2.48.1) with ExtractAarTransform
Transforming dagger-lint-aar-2.48.1.aar (com.google.dagger:dagger-lint-aar:2.48.1) with LibrarySymbolTableTransform
Transforming viewbinding-8.2.2.aar (androidx.databinding:viewbinding:8.2.2) with ExtractAarTransform
Transforming viewbinding-8.2.2.aar (androidx.databinding:viewbinding:8.2.2) with AarTransform
Transforming navigation-common-2.7.6.aar (androidx.navigation:navigation-common:2.7.6) with ExtractAarTransform
Transforming navigation-common-2.7.6.aar (androidx.navigation:navigation-common:2.7.6) with AarTransform
Transforming navigation-common-ktx-2.7.6.aar (androidx.navigation:navigation-common-ktx:2.7.6) with ExtractAarTransform
Transforming navigation-common-ktx-2.7.6.aar (androidx.navigation:navigation-common-ktx:2.7.6) with AarTransform
Transforming navigation-runtime-2.7.6.aar (androidx.navigation:navigation-runtime:2.7.6) with ExtractAarTransform
Transforming navigation-runtime-2.7.6.aar (androidx.navigation:navigation-runtime:2.7.6) with AarTransform
Transforming navigation-runtime-ktx-2.7.6.aar (androidx.navigation:navigation-runtime-ktx:2.7.6) with ExtractAarTransform
Transforming navigation-runtime-ktx-2.7.6.aar (androidx.navigation:navigation-runtime-ktx:2.7.6) with AarTransform
Transforming navigation-fragment-2.7.6.aar (androidx.navigation:navigation-fragment:2.7.6) with ExtractAarTransform
Transforming navigation-fragment-2.7.6.aar (androidx.navigation:navigation-fragment:2.7.6) with AarTransform
Transforming navigation-fragment-ktx-2.7.6.aar (androidx.navigation:navigation-fragment-ktx:2.7.6) with ExtractAarTransform
Transforming navigation-fragment-ktx-2.7.6.aar (androidx.navigation:navigation-fragment-ktx:2.7.6) with AarTransform
Transforming navigation-ui-ktx-2.7.6.aar (androidx.navigation:navigation-ui-ktx:2.7.6) with ExtractAarTransform
Transforming navigation-ui-ktx-2.7.6.aar (androidx.navigation:navigation-ui-ktx:2.7.6) with AarTransform
Transforming navigation-ui-2.7.6.aar (androidx.navigation:navigation-ui:2.7.6) with ExtractAarTransform
Transforming navigation-ui-2.7.6.aar (androidx.navigation:navigation-ui:2.7.6) with AarTransform
Transforming material-1.11.0.aar (com.google.android.material:material:1.11.0) with ExtractAarTransform
Transforming material-1.11.0.aar (com.google.android.material:material:1.11.0) with AarTransform
Transforming preference-ktx-1.2.1.aar (androidx.preference:preference-ktx:1.2.1) with ExtractAarTransform
Transforming preference-ktx-1.2.1.aar (androidx.preference:preference-ktx:1.2.1) with AarTransform
Transforming preference-1.2.1.aar (androidx.preference:preference:1.2.1) with ExtractAarTransform
Transforming preference-1.2.1.aar (androidx.preference:preference:1.2.1) with AarTransform
Transforming appcompat-1.6.1.aar (androidx.appcompat:appcompat:1.6.1) with ExtractAarTransform
Transforming appcompat-1.6.1.aar (androidx.appcompat:appcompat:1.6.1) with AarTransform
Transforming hilt-android-2.48.1.aar (com.google.dagger:hilt-android:2.48.1) with ExtractAarTransform
Transforming hilt-android-2.48.1.aar (com.google.dagger:hilt-android:2.48.1) with AarTransform
Transforming viewpager2-1.1.0-beta02.aar (androidx.viewpager2:viewpager2:1.1.0-beta02) with ExtractAarTransform
Transforming viewpager2-1.1.0-beta02.aar (androidx.viewpager2:viewpager2:1.1.0-beta02) with AarTransform
Transforming fragment-1.6.2.aar (androidx.fragment:fragment:1.6.2) with ExtractAarTransform
Transforming fragment-1.6.2.aar (androidx.fragment:fragment:1.6.2) with AarTransform
Transforming fragment-ktx-1.6.2.aar (androidx.fragment:fragment-ktx:1.6.2) with ExtractAarTransform
Transforming fragment-ktx-1.6.2.aar (androidx.fragment:fragment-ktx:1.6.2) with AarTransform
Transforming activity-1.8.2.aar (androidx.activity:activity:1.8.2) with ExtractAarTransform
Transforming activity-1.8.2.aar (androidx.activity:activity:1.8.2) with AarTransform
Transforming activity-ktx-1.8.2.aar (androidx.activity:activity-ktx:1.8.2) with ExtractAarTransform
Transforming activity-ktx-1.8.2.aar (androidx.activity:activity-ktx:1.8.2) with AarTransform
Transforming lifecycle-livedata-core-2.7.0.aar (androidx.lifecycle:lifecycle-livedata-core:2.7.0) with ExtractAarTransform
Transforming lifecycle-livedata-core-2.7.0.aar (androidx.lifecycle:lifecycle-livedata-core:2.7.0) with AarTransform
Transforming paging-runtime-ktx-3.2.1.aar (androidx.paging:paging-runtime-ktx:3.2.1) with ExtractAarTransform
Transforming paging-runtime-ktx-3.2.1.aar (androidx.paging:paging-runtime-ktx:3.2.1) with AarTransform
Transforming paging-runtime-3.2.1.aar (androidx.paging:paging-runtime:3.2.1) with ExtractAarTransform
Transforming paging-runtime-3.2.1.aar (androidx.paging:paging-runtime:3.2.1) with AarTransform
Transforming lifecycle-runtime-ktx-2.7.0.aar (androidx.lifecycle:lifecycle-runtime-ktx:2.7.0) with ExtractAarTransform
Transforming lifecycle-runtime-ktx-2.7.0.aar (androidx.lifecycle:lifecycle-runtime-ktx:2.7.0) with AarTransform
Transforming lifecycle-livedata-core-ktx-2.7.0.aar (androidx.lifecycle:lifecycle-livedata-core-ktx:2.7.0) with ExtractAarTransform
Transforming lifecycle-livedata-core-ktx-2.7.0.aar (androidx.lifecycle:lifecycle-livedata-core-ktx:2.7.0) with AarTransform
Transforming dynamicanimation-1.0.0.aar (androidx.dynamicanimation:dynamicanimation:1.0.0) with ExtractAarTransform
Transforming dynamicanimation-1.0.0.aar (androidx.dynamicanimation:dynamicanimation:1.0.0) with AarTransform
Transforming legacy-support-core-utils-1.0.0.aar (androidx.legacy:legacy-support-core-utils:1.0.0) with ExtractAarTransform
Transforming legacy-support-core-utils-1.0.0.aar (androidx.legacy:legacy-support-core-utils:1.0.0) with AarTransform
Transforming loader-1.0.0.aar (androidx.loader:loader:1.0.0) with ExtractAarTransform
Transforming loader-1.0.0.aar (androidx.loader:loader:1.0.0) with AarTransform
Transforming loader-1.0.0.aar (androidx.loader:loader:1.0.0) with ExtractAarTransform
Transforming loader-1.0.0.aar (androidx.loader:loader:1.0.0) with AarTransform
Transforming lifecycle-livedata-2.7.0.aar (androidx.lifecycle:lifecycle-livedata:2.7.0) with ExtractAarTransform
Transforming lifecycle-livedata-2.7.0.aar (androidx.lifecycle:lifecycle-livedata:2.7.0) with AarTransform
Transforming lifecycle-livedata-2.7.0.aar (androidx.lifecycle:lifecycle-livedata:2.7.0) with ExtractAarTransform
Transforming lifecycle-livedata-2.7.0.aar (androidx.lifecycle:lifecycle-livedata:2.7.0) with AarTransform
Transforming lifecycle-viewmodel-2.7.0.aar (androidx.lifecycle:lifecycle-viewmodel:2.7.0) with ExtractAarTransform
Transforming lifecycle-viewmodel-2.7.0.aar (androidx.lifecycle:lifecycle-viewmodel:2.7.0) with AarTransform
Transforming lifecycle-viewmodel-2.7.0.aar (androidx.lifecycle:lifecycle-viewmodel:2.7.0) with ExtractAarTransform
Transforming lifecycle-viewmodel-2.7.0.aar (androidx.lifecycle:lifecycle-viewmodel:2.7.0) with AarTransform
Transforming lifecycle-viewmodel-savedstate-2.7.0.aar (androidx.lifecycle:lifecycle-viewmodel-savedstate:2.7.0) with ExtractAarTransform
Transforming lifecycle-viewmodel-savedstate-2.7.0.aar (androidx.lifecycle:lifecycle-viewmodel-savedstate:2.7.0) with AarTransform
Transforming core-ktx-1.12.0.aar (androidx.core:core-ktx:1.12.0) with ExtractAarTransform
Transforming core-ktx-1.12.0.aar (androidx.core:core-ktx:1.12.0) with AarTransform
Transforming recyclerview-1.3.2.aar (androidx.recyclerview:recyclerview:1.3.2) with ExtractAarTransform
Transforming recyclerview-1.3.2.aar (androidx.recyclerview:recyclerview:1.3.2) with AarTransform
Transforming swiperefreshlayout-1.1.0.aar (androidx.swiperefreshlayout:swiperefreshlayout:1.1.0) with ExtractAarTransform
Transforming swiperefreshlayout-1.1.0.aar (androidx.swiperefreshlayout:swiperefreshlayout:1.1.0) with AarTransform
Transforming appcompat-resources-1.6.1.aar (androidx.appcompat:appcompat-resources:1.6.1) with ExtractAarTransform
Transforming appcompat-resources-1.6.1.aar (androidx.appcompat:appcompat-resources:1.6.1) with AarTransform
Transforming drawerlayout-1.1.1.aar (androidx.drawerlayout:drawerlayout:1.1.1) with ExtractAarTransform
Transforming drawerlayout-1.1.1.aar (androidx.drawerlayout:drawerlayout:1.1.1) with AarTransform
Transforming coordinatorlayout-1.1.0.aar (androidx.coordinatorlayout:coordinatorlayout:1.1.0) with ExtractAarTransform
Transforming coordinatorlayout-1.1.0.aar (androidx.coordinatorlayout:coordinatorlayout:1.1.0) with AarTransform
Transforming transition-1.4.1.aar (androidx.transition:transition:1.4.1) with ExtractAarTransform
Transforming transition-1.4.1.aar (androidx.transition:transition:1.4.1) with AarTransform
Transforming vectordrawable-animated-1.1.0.aar (androidx.vectordrawable:vectordrawable-animated:1.1.0) with ExtractAarTransform
Transforming vectordrawable-animated-1.1.0.aar (androidx.vectordrawable:vectordrawable-animated:1.1.0) with AarTransform
Transforming vectordrawable-1.1.0.aar (androidx.vectordrawable:vectordrawable:1.1.0) with ExtractAarTransform
Transforming vectordrawable-1.1.0.aar (androidx.vectordrawable:vectordrawable:1.1.0) with AarTransform
Transforming vectordrawable-1.1.0.aar (androidx.vectordrawable:vectordrawable:1.1.0) with ExtractAarTransform
Transforming vectordrawable-1.1.0.aar (androidx.vectordrawable:vectordrawable:1.1.0) with AarTransform
Transforming viewpager-1.0.0.aar (androidx.viewpager:viewpager:1.0.0) with ExtractAarTransform
Transforming viewpager-1.0.0.aar (androidx.viewpager:viewpager:1.0.0) with AarTransform
Transforming slidingpanelayout-1.2.0.aar (androidx.slidingpanelayout:slidingpanelayout:1.2.0) with ExtractAarTransform
Transforming slidingpanelayout-1.2.0.aar (androidx.slidingpanelayout:slidingpanelayout:1.2.0) with AarTransform
Transforming customview-1.1.0.aar (androidx.customview:customview:1.1.0) with ExtractAarTransform
Transforming customview-1.1.0.aar (androidx.customview:customview:1.1.0) with AarTransform
Transforming customview-1.1.0.aar (androidx.customview:customview:1.1.0) with ExtractAarTransform
Transforming customview-1.1.0.aar (androidx.customview:customview:1.1.0) with AarTransform
Transforming core-1.12.0.aar (androidx.core:core:1.12.0) with ExtractAarTransform
Transforming core-1.12.0.aar (androidx.core:core:1.12.0) with AarTransform
Transforming core-1.12.0.aar (androidx.core:core:1.12.0) with ExtractAarTransform
Transforming core-1.12.0.aar (androidx.core:core:1.12.0) with AarTransform
Transforming coil-compose-2.5.0.aar (io.coil-kt:coil-compose:2.5.0) with ExtractAarTransform
Transforming coil-compose-2.5.0.aar (io.coil-kt:coil-compose:2.5.0) with AarTransform
Transforming coil-2.5.0.aar (io.coil-kt:coil:2.5.0) with ExtractAarTransform
Transforming coil-2.5.0.aar (io.coil-kt:coil:2.5.0) with AarTransform
Transforming coil-compose-base-2.5.0.aar (io.coil-kt:coil-compose-base:2.5.0) with ExtractAarTransform
Transforming coil-compose-base-2.5.0.aar (io.coil-kt:coil-compose-base:2.5.0) with AarTransform
Transforming coil-base-2.5.0.aar (io.coil-kt:coil-base:2.5.0) with ExtractAarTransform
Transforming coil-base-2.5.0.aar (io.coil-kt:coil-base:2.5.0) with AarTransform
Transforming lifecycle-runtime-2.7.0.aar (androidx.lifecycle:lifecycle-runtime:2.7.0) with ExtractAarTransform
Transforming lifecycle-runtime-2.7.0.aar (androidx.lifecycle:lifecycle-runtime:2.7.0) with AarTransform
Transforming lifecycle-livedata-ktx-2.7.0.aar (androidx.lifecycle:lifecycle-livedata-ktx:2.7.0) with ExtractAarTransform
Transforming lifecycle-livedata-ktx-2.7.0.aar (androidx.lifecycle:lifecycle-livedata-ktx:2.7.0) with AarTransform
Transforming lifecycle-viewmodel-ktx-2.7.0.aar (androidx.lifecycle:lifecycle-viewmodel-ktx:2.7.0) with ExtractAarTransform
Transforming lifecycle-viewmodel-ktx-2.7.0.aar (androidx.lifecycle:lifecycle-viewmodel-ktx:2.7.0) with AarTransform
Transforming room-runtime-2.6.1.aar (androidx.room:room-runtime:2.6.1) with ExtractAarTransform
Transforming room-runtime-2.6.1.aar (androidx.room:room-runtime:2.6.1) with AarTransform
Transforming room-ktx-2.6.1.aar (androidx.room:room-ktx:2.6.1) with ExtractAarTransform
Transforming room-ktx-2.6.1.aar (androidx.room:room-ktx:2.6.1) with AarTransform
Transforming animation-core-release.aar (androidx.compose.animation:animation-core-android:1.5.4) with ExtractAarTransform
Transforming animation-core-release.aar (androidx.compose.animation:animation-core-android:1.5.4) with AarTransform
Transforming animation-release.aar (androidx.compose.animation:animation-android:1.5.4) with ExtractAarTransform
Transforming animation-release.aar (androidx.compose.animation:animation-android:1.5.4) with AarTransform
Transforming foundation-layout-release.aar (androidx.compose.foundation:foundation-layout-android:1.5.4) with ExtractAarTransform
Transforming foundation-layout-release.aar (androidx.compose.foundation:foundation-layout-android:1.5.4) with AarTransform
Transforming foundation-release.aar (androidx.compose.foundation:foundation-android:1.5.4) with ExtractAarTransform
Transforming foundation-release.aar (androidx.compose.foundation:foundation-android:1.5.4) with AarTransform
Transforming ui-unit-release.aar (androidx.compose.ui:ui-unit-android:1.5.4) with ExtractAarTransform
Transforming ui-unit-release.aar (androidx.compose.ui:ui-unit-android:1.5.4) with AarTransform
Transforming ui-text-release.aar (androidx.compose.ui:ui-text-android:1.5.4) with ExtractAarTransform
Transforming ui-text-release.aar (androidx.compose.ui:ui-text-android:1.5.4) with AarTransform
Transforming ui-graphics-release.aar (androidx.compose.ui:ui-graphics-android:1.5.4) with ExtractAarTransform
Transforming ui-graphics-release.aar (androidx.compose.ui:ui-graphics-android:1.5.4) with AarTransform
Transforming ui-geometry-release.aar (androidx.compose.ui:ui-geometry-android:1.5.4) with ExtractAarTransform
Transforming ui-geometry-release.aar (androidx.compose.ui:ui-geometry-android:1.5.4) with AarTransform
Transforming ui-release.aar (androidx.compose.ui:ui-android:1.5.4) with ExtractAarTransform
Transforming ui-release.aar (androidx.compose.ui:ui-android:1.5.4) with AarTransform
Transforming runtime-saveable-release.aar (androidx.compose.runtime:runtime-saveable-android:1.5.4) with ExtractAarTransform
Transforming runtime-saveable-release.aar (androidx.compose.runtime:runtime-saveable-android:1.5.4) with AarTransform
Transforming runtime-release.aar (androidx.compose.runtime:runtime-android:1.5.4) with ExtractAarTransform
Transforming runtime-release.aar (androidx.compose.runtime:runtime-android:1.5.4) with AarTransform
Transforming cardview-1.0.0.aar (androidx.cardview:cardview:1.0.0) with ExtractAarTransform
Transforming cardview-1.0.0.aar (androidx.cardview:cardview:1.0.0) with AarTransform
Transforming shimmer-0.5.0.aar (com.facebook.shimmer:shimmer:0.5.0) with ExtractAarTransform
Transforming shimmer-0.5.0.aar (com.facebook.shimmer:shimmer:0.5.0) with AarTransform
Transforming cursoradapter-1.0.0.aar (androidx.cursoradapter:cursoradapter:1.0.0) with ExtractAarTransform
Transforming cursoradapter-1.0.0.aar (androidx.cursoradapter:cursoradapter:1.0.0) with AarTransform
Transforming savedstate-ktx-1.2.1.aar (androidx.savedstate:savedstate-ktx:1.2.1) with ExtractAarTransform
Transforming savedstate-ktx-1.2.1.aar (androidx.savedstate:savedstate-ktx:1.2.1) with AarTransform
Transforming savedstate-1.2.1.aar (androidx.savedstate:savedstate:1.2.1) with ExtractAarTransform
Transforming savedstate-1.2.1.aar (androidx.savedstate:savedstate:1.2.1) with AarTransform
Transforming sqlite-framework-2.4.0.aar (androidx.sqlite:sqlite-framework:2.4.0) with ExtractAarTransform
Transforming sqlite-framework-2.4.0.aar (androidx.sqlite:sqlite-framework:2.4.0) with AarTransform
Transforming sqlite-2.4.0.aar (androidx.sqlite:sqlite:2.4.0) with ExtractAarTransform
Transforming sqlite-2.4.0.aar (androidx.sqlite:sqlite:2.4.0) with AarTransform
Transforming interpolator-1.0.0.aar (androidx.interpolator:interpolator:1.0.0) with ExtractAarTransform
Transforming interpolator-1.0.0.aar (androidx.interpolator:interpolator:1.0.0) with AarTransform
Transforming versionedparcelable-1.1.1.aar (androidx.versionedparcelable:versionedparcelable:1.1.1) with ExtractAarTransform
Transforming versionedparcelable-1.1.1.aar (androidx.versionedparcelable:versionedparcelable:1.1.1) with AarTransform
Transforming core-runtime-2.2.0.aar (androidx.arch.core:core-runtime:2.2.0) with ExtractAarTransform
Transforming core-runtime-2.2.0.aar (androidx.arch.core:core-runtime:2.2.0) with AarTransform
Transforming documentfile-1.0.0.aar (androidx.documentfile:documentfile:1.0.0) with ExtractAarTransform
Transforming documentfile-1.0.0.aar (androidx.documentfile:documentfile:1.0.0) with AarTransform
Transforming localbroadcastmanager-1.0.0.aar (androidx.localbroadcastmanager:localbroadcastmanager:1.0.0) with ExtractAarTransform
Transforming localbroadcastmanager-1.0.0.aar (androidx.localbroadcastmanager:localbroadcastmanager:1.0.0) with AarTransform
Transforming print-1.0.0.aar (androidx.print:print:1.0.0) with ExtractAarTransform
Transforming print-1.0.0.aar (androidx.print:print:1.0.0) with AarTransform
Transforming annotation-experimental-1.3.0.aar (androidx.annotation:annotation-experimental:1.3.0) with ExtractAarTransform
Transforming annotation-experimental-1.3.0.aar (androidx.annotation:annotation-experimental:1.3.0) with AarTransform
Transforming constraintlayout-2.1.4.aar (androidx.constraintlayout:constraintlayout:2.1.4) with ExtractAarTransform
Transforming constraintlayout-2.1.4.aar (androidx.constraintlayout:constraintlayout:2.1.4) with AarTransform
Transforming dagger-lint-aar-2.48.1.aar (com.google.dagger:dagger-lint-aar:2.48.1) with ExtractAarTransform
Transforming dagger-lint-aar-2.48.1.aar (com.google.dagger:dagger-lint-aar:2.48.1) with AarTransform
Transforming lottie-6.2.0.aar (com.airbnb.android:lottie:6.2.0) with ExtractAarTransform
Transforming lottie-6.2.0.aar (com.airbnb.android:lottie:6.2.0) with AarTransform
Caching disabled for task ':app:dataBindingGenBaseClassesDebug' because:
  Build cache is disabled
Skipping task ':app:dataBindingGenBaseClassesDebug' as it is up-to-date.
Resolve mutations for :app:generateDebugBuildConfig (Thread[Execution worker Thread 10,5,main]) started.
:app:generateDebugBuildConfig (Thread[Execution worker Thread 10,5,main]) started.

> Task :app:generateDebugBuildConfig UP-TO-DATE
Caching disabled for task ':app:generateDebugBuildConfig' because:
  Build cache is disabled
Skipping task ':app:generateDebugBuildConfig' as it is up-to-date.
Resolve mutations for :app:checkDebugAarMetadata (Thread[Execution worker Thread 10,5,main]) started.
:app:checkDebugAarMetadata (Thread[Execution worker Thread 10,5,main]) started.

> Task :app:checkDebugAarMetadata UP-TO-DATE
Transforming viewbinding-8.2.2.aar (androidx.databinding:viewbinding:8.2.2) with ExtractAarTransform
Transforming viewbinding-8.2.2.aar (androidx.databinding:viewbinding:8.2.2) with AarTransform
Transforming navigation-common-2.7.6.aar (androidx.navigation:navigation-common:2.7.6) with ExtractAarTransform
Transforming navigation-common-2.7.6.aar (androidx.navigation:navigation-common:2.7.6) with AarTransform
Transforming navigation-common-ktx-2.7.6.aar (androidx.navigation:navigation-common-ktx:2.7.6) with ExtractAarTransform
Transforming navigation-common-ktx-2.7.6.aar (androidx.navigation:navigation-common-ktx:2.7.6) with AarTransform
Transforming navigation-runtime-2.7.6.aar (androidx.navigation:navigation-runtime:2.7.6) with ExtractAarTransform
Transforming navigation-runtime-2.7.6.aar (androidx.navigation:navigation-runtime:2.7.6) with AarTransform
Transforming navigation-runtime-ktx-2.7.6.aar (androidx.navigation:navigation-runtime-ktx:2.7.6) with ExtractAarTransform
Transforming navigation-runtime-ktx-2.7.6.aar (androidx.navigation:navigation-runtime-ktx:2.7.6) with AarTransform
Transforming navigation-fragment-2.7.6.aar (androidx.navigation:navigation-fragment:2.7.6) with ExtractAarTransform
Transforming navigation-fragment-2.7.6.aar (androidx.navigation:navigation-fragment:2.7.6) with AarTransform
Transforming navigation-fragment-ktx-2.7.6.aar (androidx.navigation:navigation-fragment-ktx:2.7.6) with ExtractAarTransform
Transforming navigation-fragment-ktx-2.7.6.aar (androidx.navigation:navigation-fragment-ktx:2.7.6) with AarTransform
Transforming navigation-ui-ktx-2.7.6.aar (androidx.navigation:navigation-ui-ktx:2.7.6) with ExtractAarTransform
Transforming navigation-ui-ktx-2.7.6.aar (androidx.navigation:navigation-ui-ktx:2.7.6) with AarTransform
Transforming navigation-ui-2.7.6.aar (androidx.navigation:navigation-ui:2.7.6) with ExtractAarTransform
Transforming navigation-ui-2.7.6.aar (androidx.navigation:navigation-ui:2.7.6) with AarTransform
Transforming material-1.11.0.aar (com.google.android.material:material:1.11.0) with ExtractAarTransform
Transforming material-1.11.0.aar (com.google.android.material:material:1.11.0) with AarTransform
Transforming constraintlayout-2.1.4.aar (androidx.constraintlayout:constraintlayout:2.1.4) with ExtractAarTransform
Transforming constraintlayout-2.1.4.aar (androidx.constraintlayout:constraintlayout:2.1.4) with AarTransform
Transforming lottie-6.2.0.aar (com.airbnb.android:lottie:6.2.0) with ExtractAarTransform
Transforming lottie-6.2.0.aar (com.airbnb.android:lottie:6.2.0) with AarTransform
Transforming coil-compose-2.5.0.aar (io.coil-kt:coil-compose:2.5.0) with ExtractAarTransform
Transforming coil-compose-2.5.0.aar (io.coil-kt:coil-compose:2.5.0) with AarTransform
Transforming coil-2.5.0.aar (io.coil-kt:coil:2.5.0) with ExtractAarTransform
Transforming coil-2.5.0.aar (io.coil-kt:coil:2.5.0) with AarTransform
Transforming coil-compose-base-2.5.0.aar (io.coil-kt:coil-compose-base:2.5.0) with ExtractAarTransform
Transforming coil-compose-base-2.5.0.aar (io.coil-kt:coil-compose-base:2.5.0) with AarTransform
Transforming coil-base-2.5.0.aar (io.coil-kt:coil-base:2.5.0) with ExtractAarTransform
Transforming coil-base-2.5.0.aar (io.coil-kt:coil-base:2.5.0) with AarTransform
Transforming appcompat-resources-1.6.1.aar (androidx.appcompat:appcompat-resources:1.6.1) with ExtractAarTransform
Transforming appcompat-resources-1.6.1.aar (androidx.appcompat:appcompat-resources:1.6.1) with AarTransform
Transforming preference-ktx-1.2.1.aar (androidx.preference:preference-ktx:1.2.1) with ExtractAarTransform
Transforming preference-ktx-1.2.1.aar (androidx.preference:preference-ktx:1.2.1) with AarTransform
Transforming preference-1.2.1.aar (androidx.preference:preference:1.2.1) with ExtractAarTransform
Transforming preference-1.2.1.aar (androidx.preference:preference:1.2.1) with AarTransform
Transforming appcompat-1.6.1.aar (androidx.appcompat:appcompat:1.6.1) with ExtractAarTransform
Transforming appcompat-1.6.1.aar (androidx.appcompat:appcompat:1.6.1) with AarTransform
Transforming hilt-android-2.48.1.aar (com.google.dagger:hilt-android:2.48.1) with ExtractAarTransform
Transforming hilt-android-2.48.1.aar (com.google.dagger:hilt-android:2.48.1) with AarTransform
Transforming paging-runtime-ktx-3.2.1.aar (androidx.paging:paging-runtime-ktx:3.2.1) with ExtractAarTransform
Transforming paging-runtime-ktx-3.2.1.aar (androidx.paging:paging-runtime-ktx:3.2.1) with AarTransform
Transforming paging-runtime-3.2.1.aar (androidx.paging:paging-runtime:3.2.1) with ExtractAarTransform
Transforming paging-runtime-3.2.1.aar (androidx.paging:paging-runtime:3.2.1) with AarTransform
Transforming recyclerview-1.3.2.aar (androidx.recyclerview:recyclerview:1.3.2) with ExtractAarTransform
Transforming recyclerview-1.3.2.aar (androidx.recyclerview:recyclerview:1.3.2) with AarTransform
Transforming viewpager2-1.1.0-beta02.aar (androidx.viewpager2:viewpager2:1.1.0-beta02) with ExtractAarTransform
Transforming viewpager2-1.1.0-beta02.aar (androidx.viewpager2:viewpager2:1.1.0-beta02) with AarTransform
Transforming fragment-1.6.2.aar (androidx.fragment:fragment:1.6.2) with ExtractAarTransform
Transforming fragment-1.6.2.aar (androidx.fragment:fragment:1.6.2) with AarTransform
Transforming fragment-ktx-1.6.2.aar (androidx.fragment:fragment-ktx:1.6.2) with ExtractAarTransform
Transforming fragment-ktx-1.6.2.aar (androidx.fragment:fragment-ktx:1.6.2) with AarTransform
Transforming activity-1.8.2.aar (androidx.activity:activity:1.8.2) with ExtractAarTransform
Transforming activity-1.8.2.aar (androidx.activity:activity:1.8.2) with AarTransform
Transforming accompanist-drawablepainter-0.32.0.aar (com.google.accompanist:accompanist-drawablepainter:0.32.0) with ExtractAarTransform
Transforming accompanist-drawablepainter-0.32.0.aar (com.google.accompanist:accompanist-drawablepainter:0.32.0) with AarTransform
Transforming animation-core-release.aar (androidx.compose.animation:animation-core-android:1.5.4) with ExtractAarTransform
Transforming animation-core-release.aar (androidx.compose.animation:animation-core-android:1.5.4) with AarTransform
Transforming animation-release.aar (androidx.compose.animation:animation-android:1.5.4) with ExtractAarTransform
Transforming animation-release.aar (androidx.compose.animation:animation-android:1.5.4) with AarTransform
Transforming foundation-layout-release.aar (androidx.compose.foundation:foundation-layout-android:1.5.4) with ExtractAarTransform
Transforming foundation-layout-release.aar (androidx.compose.foundation:foundation-layout-android:1.5.4) with AarTransform
Transforming foundation-release.aar (androidx.compose.foundation:foundation-android:1.5.4) with ExtractAarTransform
Transforming foundation-release.aar (androidx.compose.foundation:foundation-android:1.5.4) with AarTransform
Transforming ui-unit-release.aar (androidx.compose.ui:ui-unit-android:1.5.4) with ExtractAarTransform
Transforming ui-unit-release.aar (androidx.compose.ui:ui-unit-android:1.5.4) with AarTransform
Transforming ui-graphics-release.aar (androidx.compose.ui:ui-graphics-android:1.5.4) with ExtractAarTransform
Transforming ui-graphics-release.aar (androidx.compose.ui:ui-graphics-android:1.5.4) with AarTransform
Transforming ui-geometry-release.aar (androidx.compose.ui:ui-geometry-android:1.5.4) with ExtractAarTransform
Transforming ui-geometry-release.aar (androidx.compose.ui:ui-geometry-android:1.5.4) with AarTransform
Transforming ui-util-release.aar (androidx.compose.ui:ui-util-android:1.5.4) with ExtractAarTransform
Transforming ui-util-release.aar (androidx.compose.ui:ui-util-android:1.5.4) with AarTransform
Transforming ui-text-release.aar (androidx.compose.ui:ui-text-android:1.5.4) with ExtractAarTransform
Transforming ui-text-release.aar (androidx.compose.ui:ui-text-android:1.5.4) with AarTransform
Transforming ui-release.aar (androidx.compose.ui:ui-android:1.5.4) with ExtractAarTransform
Transforming ui-release.aar (androidx.compose.ui:ui-android:1.5.4) with AarTransform
Transforming activity-ktx-1.8.2.aar (androidx.activity:activity-ktx:1.8.2) with ExtractAarTransform
Transforming activity-ktx-1.8.2.aar (androidx.activity:activity-ktx:1.8.2) with AarTransform
Transforming emoji2-views-helper-1.4.0.aar (androidx.emoji2:emoji2-views-helper:1.4.0) with ExtractAarTransform
Transforming emoji2-views-helper-1.4.0.aar (androidx.emoji2:emoji2-views-helper:1.4.0) with AarTransform
Transforming emoji2-1.4.0.aar (androidx.emoji2:emoji2:1.4.0) with ExtractAarTransform
Transforming emoji2-1.4.0.aar (androidx.emoji2:emoji2:1.4.0) with AarTransform
Transforming lifecycle-process-2.7.0.aar (androidx.lifecycle:lifecycle-process:2.7.0) with ExtractAarTransform
Transforming lifecycle-process-2.7.0.aar (androidx.lifecycle:lifecycle-process:2.7.0) with AarTransform
Transforming lifecycle-livedata-core-2.7.0.aar (androidx.lifecycle:lifecycle-livedata-core:2.7.0) with ExtractAarTransform
Transforming lifecycle-livedata-core-2.7.0.aar (androidx.lifecycle:lifecycle-livedata-core:2.7.0) with AarTransform
Transforming savedstate-ktx-1.2.1.aar (androidx.savedstate:savedstate-ktx:1.2.1) with ExtractAarTransform
Transforming savedstate-ktx-1.2.1.aar (androidx.savedstate:savedstate-ktx:1.2.1) with AarTransform
Transforming savedstate-1.2.1.aar (androidx.savedstate:savedstate:1.2.1) with ExtractAarTransform
Transforming savedstate-1.2.1.aar (androidx.savedstate:savedstate:1.2.1) with AarTransform
Transforming lifecycle-runtime-ktx-2.7.0.aar (androidx.lifecycle:lifecycle-runtime-ktx:2.7.0) with ExtractAarTransform
Transforming lifecycle-runtime-ktx-2.7.0.aar (androidx.lifecycle:lifecycle-runtime-ktx:2.7.0) with AarTransform
Transforming lifecycle-livedata-core-ktx-2.7.0.aar (androidx.lifecycle:lifecycle-livedata-core-ktx:2.7.0) with ExtractAarTransform
Transforming lifecycle-livedata-core-ktx-2.7.0.aar (androidx.lifecycle:lifecycle-livedata-core-ktx:2.7.0) with AarTransform
Transforming dynamicanimation-1.0.0.aar (androidx.dynamicanimation:dynamicanimation:1.0.0) with ExtractAarTransform
Transforming dynamicanimation-1.0.0.aar (androidx.dynamicanimation:dynamicanimation:1.0.0) with AarTransform
Transforming legacy-support-core-utils-1.0.0.aar (androidx.legacy:legacy-support-core-utils:1.0.0) with ExtractAarTransform
Transforming legacy-support-core-utils-1.0.0.aar (androidx.legacy:legacy-support-core-utils:1.0.0) with AarTransform
Transforming loader-1.0.0.aar (androidx.loader:loader:1.0.0) with ExtractAarTransform
Transforming loader-1.0.0.aar (androidx.loader:loader:1.0.0) with AarTransform
Transforming loader-1.0.0.aar (androidx.loader:loader:1.0.0) with ExtractAarTransform
Transforming loader-1.0.0.aar (androidx.loader:loader:1.0.0) with AarTransform
Transforming lifecycle-livedata-2.7.0.aar (androidx.lifecycle:lifecycle-livedata:2.7.0) with ExtractAarTransform
Transforming lifecycle-livedata-2.7.0.aar (androidx.lifecycle:lifecycle-livedata:2.7.0) with AarTransform
Transforming lifecycle-livedata-2.7.0.aar (androidx.lifecycle:lifecycle-livedata:2.7.0) with ExtractAarTransform
Transforming lifecycle-livedata-2.7.0.aar (androidx.lifecycle:lifecycle-livedata:2.7.0) with AarTransform
Transforming lifecycle-viewmodel-savedstate-2.7.0.aar (androidx.lifecycle:lifecycle-viewmodel-savedstate:2.7.0) with ExtractAarTransform
Transforming lifecycle-viewmodel-savedstate-2.7.0.aar (androidx.lifecycle:lifecycle-viewmodel-savedstate:2.7.0) with AarTransform
Transforming customview-poolingcontainer-1.0.0.aar (androidx.customview:customview-poolingcontainer:1.0.0) with ExtractAarTransform
Transforming customview-poolingcontainer-1.0.0.aar (androidx.customview:customview-poolingcontainer:1.0.0) with AarTransform
Transforming core-ktx-1.12.0.aar (androidx.core:core-ktx:1.12.0) with ExtractAarTransform
Transforming core-ktx-1.12.0.aar (androidx.core:core-ktx:1.12.0) with AarTransform
Transforming swiperefreshlayout-1.1.0.aar (androidx.swiperefreshlayout:swiperefreshlayout:1.1.0) with ExtractAarTransform
Transforming swiperefreshlayout-1.1.0.aar (androidx.swiperefreshlayout:swiperefreshlayout:1.1.0) with AarTransform
Transforming drawerlayout-1.1.1.aar (androidx.drawerlayout:drawerlayout:1.1.1) with ExtractAarTransform
Transforming drawerlayout-1.1.1.aar (androidx.drawerlayout:drawerlayout:1.1.1) with AarTransform
Transforming coordinatorlayout-1.1.0.aar (androidx.coordinatorlayout:coordinatorlayout:1.1.0) with ExtractAarTransform
Transforming coordinatorlayout-1.1.0.aar (androidx.coordinatorlayout:coordinatorlayout:1.1.0) with AarTransform
Transforming vectordrawable-animated-1.1.0.aar (androidx.vectordrawable:vectordrawable-animated:1.1.0) with ExtractAarTransform
Transforming vectordrawable-animated-1.1.0.aar (androidx.vectordrawable:vectordrawable-animated:1.1.0) with AarTransform
Transforming vectordrawable-1.1.0.aar (androidx.vectordrawable:vectordrawable:1.1.0) with ExtractAarTransform
Transforming vectordrawable-1.1.0.aar (androidx.vectordrawable:vectordrawable:1.1.0) with AarTransform
Transforming vectordrawable-1.1.0.aar (androidx.vectordrawable:vectordrawable:1.1.0) with ExtractAarTransform
Transforming vectordrawable-1.1.0.aar (androidx.vectordrawable:vectordrawable:1.1.0) with AarTransform
Transforming viewpager-1.0.0.aar (androidx.viewpager:viewpager:1.0.0) with ExtractAarTransform
Transforming viewpager-1.0.0.aar (androidx.viewpager:viewpager:1.0.0) with AarTransform
Transforming slidingpanelayout-1.2.0.aar (androidx.slidingpanelayout:slidingpanelayout:1.2.0) with ExtractAarTransform
Transforming slidingpanelayout-1.2.0.aar (androidx.slidingpanelayout:slidingpanelayout:1.2.0) with AarTransform
Transforming customview-1.1.0.aar (androidx.customview:customview:1.1.0) with ExtractAarTransform
Transforming customview-1.1.0.aar (androidx.customview:customview:1.1.0) with AarTransform
Transforming customview-1.1.0.aar (androidx.customview:customview:1.1.0) with ExtractAarTransform
Transforming customview-1.1.0.aar (androidx.customview:customview:1.1.0) with AarTransform
Transforming transition-1.4.1.aar (androidx.transition:transition:1.4.1) with ExtractAarTransform
Transforming transition-1.4.1.aar (androidx.transition:transition:1.4.1) with AarTransform
Transforming window-1.0.0.aar (androidx.window:window:1.0.0) with ExtractAarTransform
Transforming window-1.0.0.aar (androidx.window:window:1.0.0) with AarTransform
Transforming autofill-1.0.0.aar (androidx.autofill:autofill:1.0.0) with ExtractAarTransform
Transforming autofill-1.0.0.aar (androidx.autofill:autofill:1.0.0) with AarTransform
Transforming core-1.12.0.aar (androidx.core:core:1.12.0) with ExtractAarTransform
Transforming core-1.12.0.aar (androidx.core:core:1.12.0) with AarTransform
Transforming core-1.12.0.aar (androidx.core:core:1.12.0) with ExtractAarTransform
Transforming core-1.12.0.aar (androidx.core:core:1.12.0) with AarTransform
Transforming lifecycle-runtime-2.7.0.aar (androidx.lifecycle:lifecycle-runtime:2.7.0) with ExtractAarTransform
Transforming lifecycle-runtime-2.7.0.aar (androidx.lifecycle:lifecycle-runtime:2.7.0) with AarTransform
Transforming lifecycle-viewmodel-2.7.0.aar (androidx.lifecycle:lifecycle-viewmodel:2.7.0) with ExtractAarTransform
Transforming lifecycle-viewmodel-2.7.0.aar (androidx.lifecycle:lifecycle-viewmodel:2.7.0) with AarTransform
Transforming lifecycle-viewmodel-2.7.0.aar (androidx.lifecycle:lifecycle-viewmodel:2.7.0) with ExtractAarTransform
Transforming lifecycle-viewmodel-2.7.0.aar (androidx.lifecycle:lifecycle-viewmodel:2.7.0) with AarTransform
Transforming lifecycle-livedata-ktx-2.7.0.aar (androidx.lifecycle:lifecycle-livedata-ktx:2.7.0) with ExtractAarTransform
Transforming lifecycle-livedata-ktx-2.7.0.aar (androidx.lifecycle:lifecycle-livedata-ktx:2.7.0) with AarTransform
Transforming lifecycle-viewmodel-ktx-2.7.0.aar (androidx.lifecycle:lifecycle-viewmodel-ktx:2.7.0) with ExtractAarTransform
Transforming lifecycle-viewmodel-ktx-2.7.0.aar (androidx.lifecycle:lifecycle-viewmodel-ktx:2.7.0) with AarTransform
Transforming room-runtime-2.6.1.aar (androidx.room:room-runtime:2.6.1) with ExtractAarTransform
Transforming room-runtime-2.6.1.aar (androidx.room:room-runtime:2.6.1) with AarTransform
Transforming room-ktx-2.6.1.aar (androidx.room:room-ktx:2.6.1) with ExtractAarTransform
Transforming room-ktx-2.6.1.aar (androidx.room:room-ktx:2.6.1) with AarTransform
Transforming runtime-saveable-release.aar (androidx.compose.runtime:runtime-saveable-android:1.5.4) with ExtractAarTransform
Transforming runtime-saveable-release.aar (androidx.compose.runtime:runtime-saveable-android:1.5.4) with AarTransform
Transforming runtime-release.aar (androidx.compose.runtime:runtime-android:1.5.4) with ExtractAarTransform
Transforming runtime-release.aar (androidx.compose.runtime:runtime-android:1.5.4) with AarTransform
Transforming cardview-1.0.0.aar (androidx.cardview:cardview:1.0.0) with ExtractAarTransform
Transforming cardview-1.0.0.aar (androidx.cardview:cardview:1.0.0) with AarTransform
Transforming shimmer-0.5.0.aar (com.facebook.shimmer:shimmer:0.5.0) with ExtractAarTransform
Transforming shimmer-0.5.0.aar (com.facebook.shimmer:shimmer:0.5.0) with AarTransform
Transforming cursoradapter-1.0.0.aar (androidx.cursoradapter:cursoradapter:1.0.0) with ExtractAarTransform
Transforming cursoradapter-1.0.0.aar (androidx.cursoradapter:cursoradapter:1.0.0) with AarTransform
Transforming core-runtime-2.2.0.aar (androidx.arch.core:core-runtime:2.2.0) with ExtractAarTransform
Transforming core-runtime-2.2.0.aar (androidx.arch.core:core-runtime:2.2.0) with AarTransform
Transforming sqlite-framework-2.4.0.aar (androidx.sqlite:sqlite-framework:2.4.0) with ExtractAarTransform
Transforming sqlite-framework-2.4.0.aar (androidx.sqlite:sqlite-framework:2.4.0) with AarTransform
Transforming sqlite-2.4.0.aar (androidx.sqlite:sqlite:2.4.0) with ExtractAarTransform
Transforming sqlite-2.4.0.aar (androidx.sqlite:sqlite:2.4.0) with AarTransform
Transforming interpolator-1.0.0.aar (androidx.interpolator:interpolator:1.0.0) with ExtractAarTransform
Transforming interpolator-1.0.0.aar (androidx.interpolator:interpolator:1.0.0) with AarTransform
Transforming interpolator-1.0.0.aar (androidx.interpolator:interpolator:1.0.0) with ExtractAarTransform
Transforming interpolator-1.0.0.aar (androidx.interpolator:interpolator:1.0.0) with AarTransform
Transforming versionedparcelable-1.1.1.aar (androidx.versionedparcelable:versionedparcelable:1.1.1) with ExtractAarTransform
Transforming versionedparcelable-1.1.1.aar (androidx.versionedparcelable:versionedparcelable:1.1.1) with AarTransform
Transforming profileinstaller-1.3.1.aar (androidx.profileinstaller:profileinstaller:1.3.1) with ExtractAarTransform
Transforming profileinstaller-1.3.1.aar (androidx.profileinstaller:profileinstaller:1.3.1) with AarTransform
Transforming startup-runtime-1.1.1.aar (androidx.startup:startup-runtime:1.1.1) with ExtractAarTransform
Transforming startup-runtime-1.1.1.aar (androidx.startup:startup-runtime:1.1.1) with AarTransform
Transforming tracing-1.0.0.aar (androidx.tracing:tracing:1.0.0) with ExtractAarTransform
Transforming tracing-1.0.0.aar (androidx.tracing:tracing:1.0.0) with AarTransform
Transforming exifinterface-1.3.6.aar (androidx.exifinterface:exifinterface:1.3.6) with ExtractAarTransform
Transforming exifinterface-1.3.6.aar (androidx.exifinterface:exifinterface:1.3.6) with AarTransform
Transforming documentfile-1.0.0.aar (androidx.documentfile:documentfile:1.0.0) with ExtractAarTransform
Transforming documentfile-1.0.0.aar (androidx.documentfile:documentfile:1.0.0) with AarTransform
Transforming localbroadcastmanager-1.0.0.aar (androidx.localbroadcastmanager:localbroadcastmanager:1.0.0) with ExtractAarTransform
Transforming localbroadcastmanager-1.0.0.aar (androidx.localbroadcastmanager:localbroadcastmanager:1.0.0) with AarTransform
Transforming print-1.0.0.aar (androidx.print:print:1.0.0) with ExtractAarTransform
Transforming print-1.0.0.aar (androidx.print:print:1.0.0) with AarTransform
Transforming annotation-experimental-1.3.0.aar (androidx.annotation:annotation-experimental:1.3.0) with ExtractAarTransform
Transforming annotation-experimental-1.3.0.aar (androidx.annotation:annotation-experimental:1.3.0) with AarTransform
Transforming dagger-lint-aar-2.48.1.aar (com.google.dagger:dagger-lint-aar:2.48.1) with ExtractAarTransform
Transforming dagger-lint-aar-2.48.1.aar (com.google.dagger:dagger-lint-aar:2.48.1) with AarTransform
Caching disabled for task ':app:checkDebugAarMetadata' because:
  Build cache is disabled
  Caching has been disabled for the task
Skipping task ':app:checkDebugAarMetadata' as it is up-to-date.
Resolve mutations for :app:mapDebugSourceSetPaths (Thread[Execution worker Thread 10,5,main]) started.
:app:mapDebugSourceSetPaths (Thread[Execution worker Thread 10,5,main]) started.

> Task :app:mapDebugSourceSetPaths UP-TO-DATE
Caching disabled for task ':app:mapDebugSourceSetPaths' because:
  Build cache is disabled
  Caching has been disabled for the task
Skipping task ':app:mapDebugSourceSetPaths' as it is up-to-date.
Resolve mutations for :app:createDebugCompatibleScreenManifests (Thread[Execution worker Thread 10,5,main]) started.
:app:createDebugCompatibleScreenManifests (Thread[Execution worker Thread 10,5,main]) started.

> Task :app:createDebugCompatibleScreenManifests UP-TO-DATE
Caching disabled for task ':app:createDebugCompatibleScreenManifests' because:
  Build cache is disabled
  Caching has been disabled for the task
Skipping task ':app:createDebugCompatibleScreenManifests' as it is up-to-date.
Resolve mutations for :app:extractDeepLinksDebug (Thread[Execution worker Thread 10,5,main]) started.
:app:extractDeepLinksDebug (Thread[Execution worker Thread 10,5,main]) started.

> Task :app:extractDeepLinksDebug UP-TO-DATE
Caching disabled for task ':app:extractDeepLinksDebug' because:
  Build cache is disabled
Skipping task ':app:extractDeepLinksDebug' as it is up-to-date.
Resolve mutations for :app:processDebugMainManifest (Thread[Execution worker Thread 10,5,main]) started.
:app:processDebugMainManifest (Thread[Execution worker Thread 10,5,main]) started.

> Task :app:processDebugMainManifest UP-TO-DATE
Transforming viewbinding-8.2.2.aar (androidx.databinding:viewbinding:8.2.2) with ExtractAarTransform
Transforming viewbinding-8.2.2.aar (androidx.databinding:viewbinding:8.2.2) with AarTransform
Transforming navigation-common-2.7.6.aar (androidx.navigation:navigation-common:2.7.6) with ExtractAarTransform
Transforming navigation-common-2.7.6.aar (androidx.navigation:navigation-common:2.7.6) with AarTransform
Transforming navigation-common-ktx-2.7.6.aar (androidx.navigation:navigation-common-ktx:2.7.6) with ExtractAarTransform
Transforming navigation-common-ktx-2.7.6.aar (androidx.navigation:navigation-common-ktx:2.7.6) with AarTransform
Transforming navigation-runtime-2.7.6.aar (androidx.navigation:navigation-runtime:2.7.6) with ExtractAarTransform
Transforming navigation-runtime-2.7.6.aar (androidx.navigation:navigation-runtime:2.7.6) with AarTransform
Transforming navigation-runtime-ktx-2.7.6.aar (androidx.navigation:navigation-runtime-ktx:2.7.6) with ExtractAarTransform
Transforming navigation-runtime-ktx-2.7.6.aar (androidx.navigation:navigation-runtime-ktx:2.7.6) with AarTransform
Transforming navigation-fragment-2.7.6.aar (androidx.navigation:navigation-fragment:2.7.6) with ExtractAarTransform
Transforming navigation-fragment-2.7.6.aar (androidx.navigation:navigation-fragment:2.7.6) with AarTransform
Transforming navigation-fragment-ktx-2.7.6.aar (androidx.navigation:navigation-fragment-ktx:2.7.6) with ExtractAarTransform
Transforming navigation-fragment-ktx-2.7.6.aar (androidx.navigation:navigation-fragment-ktx:2.7.6) with AarTransform
Transforming navigation-ui-ktx-2.7.6.aar (androidx.navigation:navigation-ui-ktx:2.7.6) with ExtractAarTransform
Transforming navigation-ui-ktx-2.7.6.aar (androidx.navigation:navigation-ui-ktx:2.7.6) with AarTransform
Transforming navigation-ui-2.7.6.aar (androidx.navigation:navigation-ui:2.7.6) with ExtractAarTransform
Transforming navigation-ui-2.7.6.aar (androidx.navigation:navigation-ui:2.7.6) with AarTransform
Transforming material-1.11.0.aar (com.google.android.material:material:1.11.0) with ExtractAarTransform
Transforming material-1.11.0.aar (com.google.android.material:material:1.11.0) with AarTransform
Transforming constraintlayout-2.1.4.aar (androidx.constraintlayout:constraintlayout:2.1.4) with ExtractAarTransform
Transforming constraintlayout-2.1.4.aar (androidx.constraintlayout:constraintlayout:2.1.4) with AarTransform
Transforming lottie-6.2.0.aar (com.airbnb.android:lottie:6.2.0) with ExtractAarTransform
Transforming lottie-6.2.0.aar (com.airbnb.android:lottie:6.2.0) with AarTransform
Transforming coil-compose-2.5.0.aar (io.coil-kt:coil-compose:2.5.0) with ExtractAarTransform
Transforming coil-compose-2.5.0.aar (io.coil-kt:coil-compose:2.5.0) with AarTransform
Transforming coil-2.5.0.aar (io.coil-kt:coil:2.5.0) with ExtractAarTransform
Transforming coil-2.5.0.aar (io.coil-kt:coil:2.5.0) with AarTransform
Transforming coil-compose-base-2.5.0.aar (io.coil-kt:coil-compose-base:2.5.0) with ExtractAarTransform
Transforming coil-compose-base-2.5.0.aar (io.coil-kt:coil-compose-base:2.5.0) with AarTransform
Transforming coil-base-2.5.0.aar (io.coil-kt:coil-base:2.5.0) with ExtractAarTransform
Transforming coil-base-2.5.0.aar (io.coil-kt:coil-base:2.5.0) with AarTransform
Transforming appcompat-resources-1.6.1.aar (androidx.appcompat:appcompat-resources:1.6.1) with ExtractAarTransform
Transforming appcompat-resources-1.6.1.aar (androidx.appcompat:appcompat-resources:1.6.1) with AarTransform
Transforming preference-ktx-1.2.1.aar (androidx.preference:preference-ktx:1.2.1) with ExtractAarTransform
Transforming preference-ktx-1.2.1.aar (androidx.preference:preference-ktx:1.2.1) with AarTransform
Transforming preference-1.2.1.aar (androidx.preference:preference:1.2.1) with ExtractAarTransform
Transforming preference-1.2.1.aar (androidx.preference:preference:1.2.1) with AarTransform
Transforming appcompat-1.6.1.aar (androidx.appcompat:appcompat:1.6.1) with ExtractAarTransform
Transforming appcompat-1.6.1.aar (androidx.appcompat:appcompat:1.6.1) with AarTransform
Transforming hilt-android-2.48.1.aar (com.google.dagger:hilt-android:2.48.1) with ExtractAarTransform
Transforming hilt-android-2.48.1.aar (com.google.dagger:hilt-android:2.48.1) with AarTransform
Transforming paging-runtime-ktx-3.2.1.aar (androidx.paging:paging-runtime-ktx:3.2.1) with ExtractAarTransform
Transforming paging-runtime-ktx-3.2.1.aar (androidx.paging:paging-runtime-ktx:3.2.1) with AarTransform
Transforming paging-runtime-3.2.1.aar (androidx.paging:paging-runtime:3.2.1) with ExtractAarTransform
Transforming paging-runtime-3.2.1.aar (androidx.paging:paging-runtime:3.2.1) with AarTransform
Transforming recyclerview-1.3.2.aar (androidx.recyclerview:recyclerview:1.3.2) with ExtractAarTransform
Transforming recyclerview-1.3.2.aar (androidx.recyclerview:recyclerview:1.3.2) with AarTransform
Transforming viewpager2-1.1.0-beta02.aar (androidx.viewpager2:viewpager2:1.1.0-beta02) with ExtractAarTransform
Transforming viewpager2-1.1.0-beta02.aar (androidx.viewpager2:viewpager2:1.1.0-beta02) with AarTransform
Transforming fragment-1.6.2.aar (androidx.fragment:fragment:1.6.2) with ExtractAarTransform
Transforming fragment-1.6.2.aar (androidx.fragment:fragment:1.6.2) with AarTransform
Transforming fragment-ktx-1.6.2.aar (androidx.fragment:fragment-ktx:1.6.2) with ExtractAarTransform
Transforming fragment-ktx-1.6.2.aar (androidx.fragment:fragment-ktx:1.6.2) with AarTransform
Transforming activity-1.8.2.aar (androidx.activity:activity:1.8.2) with ExtractAarTransform
Transforming activity-1.8.2.aar (androidx.activity:activity:1.8.2) with AarTransform
Transforming accompanist-drawablepainter-0.32.0.aar (com.google.accompanist:accompanist-drawablepainter:0.32.0) with ExtractAarTransform
Transforming accompanist-drawablepainter-0.32.0.aar (com.google.accompanist:accompanist-drawablepainter:0.32.0) with AarTransform
Transforming animation-core-release.aar (androidx.compose.animation:animation-core-android:1.5.4) with ExtractAarTransform
Transforming animation-core-release.aar (androidx.compose.animation:animation-core-android:1.5.4) with AarTransform
Transforming animation-release.aar (androidx.compose.animation:animation-android:1.5.4) with ExtractAarTransform
Transforming animation-release.aar (androidx.compose.animation:animation-android:1.5.4) with AarTransform
Transforming foundation-layout-release.aar (androidx.compose.foundation:foundation-layout-android:1.5.4) with ExtractAarTransform
Transforming foundation-layout-release.aar (androidx.compose.foundation:foundation-layout-android:1.5.4) with AarTransform
Transforming foundation-release.aar (androidx.compose.foundation:foundation-android:1.5.4) with ExtractAarTransform
Transforming foundation-release.aar (androidx.compose.foundation:foundation-android:1.5.4) with AarTransform
Transforming ui-unit-release.aar (androidx.compose.ui:ui-unit-android:1.5.4) with ExtractAarTransform
Transforming ui-unit-release.aar (androidx.compose.ui:ui-unit-android:1.5.4) with AarTransform
Transforming ui-graphics-release.aar (androidx.compose.ui:ui-graphics-android:1.5.4) with ExtractAarTransform
Transforming ui-graphics-release.aar (androidx.compose.ui:ui-graphics-android:1.5.4) with AarTransform
Transforming ui-geometry-release.aar (androidx.compose.ui:ui-geometry-android:1.5.4) with ExtractAarTransform
Transforming ui-geometry-release.aar (androidx.compose.ui:ui-geometry-android:1.5.4) with AarTransform
Transforming ui-util-release.aar (androidx.compose.ui:ui-util-android:1.5.4) with ExtractAarTransform
Transforming ui-util-release.aar (androidx.compose.ui:ui-util-android:1.5.4) with AarTransform
Transforming ui-text-release.aar (androidx.compose.ui:ui-text-android:1.5.4) with ExtractAarTransform
Transforming ui-text-release.aar (androidx.compose.ui:ui-text-android:1.5.4) with AarTransform
Transforming ui-release.aar (androidx.compose.ui:ui-android:1.5.4) with ExtractAarTransform
Transforming ui-release.aar (androidx.compose.ui:ui-android:1.5.4) with AarTransform
Transforming activity-ktx-1.8.2.aar (androidx.activity:activity-ktx:1.8.2) with ExtractAarTransform
Transforming activity-ktx-1.8.2.aar (androidx.activity:activity-ktx:1.8.2) with AarTransform
Transforming emoji2-views-helper-1.4.0.aar (androidx.emoji2:emoji2-views-helper:1.4.0) with ExtractAarTransform
Transforming emoji2-views-helper-1.4.0.aar (androidx.emoji2:emoji2-views-helper:1.4.0) with AarTransform
Transforming emoji2-1.4.0.aar (androidx.emoji2:emoji2:1.4.0) with ExtractAarTransform
Transforming emoji2-1.4.0.aar (androidx.emoji2:emoji2:1.4.0) with AarTransform
Transforming lifecycle-process-2.7.0.aar (androidx.lifecycle:lifecycle-process:2.7.0) with ExtractAarTransform
Transforming lifecycle-process-2.7.0.aar (androidx.lifecycle:lifecycle-process:2.7.0) with AarTransform
Transforming lifecycle-livedata-core-2.7.0.aar (androidx.lifecycle:lifecycle-livedata-core:2.7.0) with ExtractAarTransform
Transforming lifecycle-livedata-core-2.7.0.aar (androidx.lifecycle:lifecycle-livedata-core:2.7.0) with AarTransform
Transforming savedstate-ktx-1.2.1.aar (androidx.savedstate:savedstate-ktx:1.2.1) with ExtractAarTransform
Transforming savedstate-ktx-1.2.1.aar (androidx.savedstate:savedstate-ktx:1.2.1) with AarTransform
Transforming savedstate-1.2.1.aar (androidx.savedstate:savedstate:1.2.1) with ExtractAarTransform
Transforming savedstate-1.2.1.aar (androidx.savedstate:savedstate:1.2.1) with AarTransform
Transforming lifecycle-runtime-ktx-2.7.0.aar (androidx.lifecycle:lifecycle-runtime-ktx:2.7.0) with ExtractAarTransform
Transforming lifecycle-runtime-ktx-2.7.0.aar (androidx.lifecycle:lifecycle-runtime-ktx:2.7.0) with AarTransform
Transforming lifecycle-livedata-core-ktx-2.7.0.aar (androidx.lifecycle:lifecycle-livedata-core-ktx:2.7.0) with ExtractAarTransform
Transforming lifecycle-livedata-core-ktx-2.7.0.aar (androidx.lifecycle:lifecycle-livedata-core-ktx:2.7.0) with AarTransform
Transforming dynamicanimation-1.0.0.aar (androidx.dynamicanimation:dynamicanimation:1.0.0) with ExtractAarTransform
Transforming dynamicanimation-1.0.0.aar (androidx.dynamicanimation:dynamicanimation:1.0.0) with AarTransform
Transforming legacy-support-core-utils-1.0.0.aar (androidx.legacy:legacy-support-core-utils:1.0.0) with ExtractAarTransform
Transforming legacy-support-core-utils-1.0.0.aar (androidx.legacy:legacy-support-core-utils:1.0.0) with AarTransform
Transforming loader-1.0.0.aar (androidx.loader:loader:1.0.0) with ExtractAarTransform
Transforming loader-1.0.0.aar (androidx.loader:loader:1.0.0) with AarTransform
Transforming loader-1.0.0.aar (androidx.loader:loader:1.0.0) with ExtractAarTransform
Transforming loader-1.0.0.aar (androidx.loader:loader:1.0.0) with AarTransform
Transforming lifecycle-livedata-2.7.0.aar (androidx.lifecycle:lifecycle-livedata:2.7.0) with ExtractAarTransform
Transforming lifecycle-livedata-2.7.0.aar (androidx.lifecycle:lifecycle-livedata:2.7.0) with AarTransform
Transforming lifecycle-livedata-2.7.0.aar (androidx.lifecycle:lifecycle-livedata:2.7.0) with ExtractAarTransform
Transforming lifecycle-livedata-2.7.0.aar (androidx.lifecycle:lifecycle-livedata:2.7.0) with AarTransform
Transforming lifecycle-viewmodel-savedstate-2.7.0.aar (androidx.lifecycle:lifecycle-viewmodel-savedstate:2.7.0) with ExtractAarTransform
Transforming lifecycle-viewmodel-savedstate-2.7.0.aar (androidx.lifecycle:lifecycle-viewmodel-savedstate:2.7.0) with AarTransform
Transforming customview-poolingcontainer-1.0.0.aar (androidx.customview:customview-poolingcontainer:1.0.0) with ExtractAarTransform
Transforming customview-poolingcontainer-1.0.0.aar (androidx.customview:customview-poolingcontainer:1.0.0) with AarTransform
Transforming core-ktx-1.12.0.aar (androidx.core:core-ktx:1.12.0) with ExtractAarTransform
Transforming core-ktx-1.12.0.aar (androidx.core:core-ktx:1.12.0) with AarTransform
Transforming swiperefreshlayout-1.1.0.aar (androidx.swiperefreshlayout:swiperefreshlayout:1.1.0) with ExtractAarTransform
Transforming swiperefreshlayout-1.1.0.aar (androidx.swiperefreshlayout:swiperefreshlayout:1.1.0) with AarTransform
Transforming drawerlayout-1.1.1.aar (androidx.drawerlayout:drawerlayout:1.1.1) with ExtractAarTransform
Transforming drawerlayout-1.1.1.aar (androidx.drawerlayout:drawerlayout:1.1.1) with AarTransform
Transforming coordinatorlayout-1.1.0.aar (androidx.coordinatorlayout:coordinatorlayout:1.1.0) with ExtractAarTransform
Transforming coordinatorlayout-1.1.0.aar (androidx.coordinatorlayout:coordinatorlayout:1.1.0) with AarTransform
Transforming vectordrawable-animated-1.1.0.aar (androidx.vectordrawable:vectordrawable-animated:1.1.0) with ExtractAarTransform
Transforming vectordrawable-animated-1.1.0.aar (androidx.vectordrawable:vectordrawable-animated:1.1.0) with AarTransform
Transforming vectordrawable-1.1.0.aar (androidx.vectordrawable:vectordrawable:1.1.0) with ExtractAarTransform
Transforming vectordrawable-1.1.0.aar (androidx.vectordrawable:vectordrawable:1.1.0) with AarTransform
Transforming vectordrawable-1.1.0.aar (androidx.vectordrawable:vectordrawable:1.1.0) with ExtractAarTransform
Transforming vectordrawable-1.1.0.aar (androidx.vectordrawable:vectordrawable:1.1.0) with AarTransform
Transforming viewpager-1.0.0.aar (androidx.viewpager:viewpager:1.0.0) with ExtractAarTransform
Transforming viewpager-1.0.0.aar (androidx.viewpager:viewpager:1.0.0) with AarTransform
Transforming slidingpanelayout-1.2.0.aar (androidx.slidingpanelayout:slidingpanelayout:1.2.0) with ExtractAarTransform
Transforming slidingpanelayout-1.2.0.aar (androidx.slidingpanelayout:slidingpanelayout:1.2.0) with AarTransform
Transforming customview-1.1.0.aar (androidx.customview:customview:1.1.0) with ExtractAarTransform
Transforming customview-1.1.0.aar (androidx.customview:customview:1.1.0) with AarTransform
Transforming customview-1.1.0.aar (androidx.customview:customview:1.1.0) with ExtractAarTransform
Transforming customview-1.1.0.aar (androidx.customview:customview:1.1.0) with AarTransform
Transforming transition-1.4.1.aar (androidx.transition:transition:1.4.1) with ExtractAarTransform
Transforming transition-1.4.1.aar (androidx.transition:transition:1.4.1) with AarTransform
Transforming window-1.0.0.aar (androidx.window:window:1.0.0) with ExtractAarTransform
Transforming window-1.0.0.aar (androidx.window:window:1.0.0) with AarTransform
Transforming autofill-1.0.0.aar (androidx.autofill:autofill:1.0.0) with ExtractAarTransform
Transforming autofill-1.0.0.aar (androidx.autofill:autofill:1.0.0) with AarTransform
Transforming core-1.12.0.aar (androidx.core:core:1.12.0) with ExtractAarTransform
Transforming core-1.12.0.aar (androidx.core:core:1.12.0) with AarTransform
Transforming core-1.12.0.aar (androidx.core:core:1.12.0) with ExtractAarTransform
Transforming core-1.12.0.aar (androidx.core:core:1.12.0) with AarTransform
Transforming lifecycle-runtime-2.7.0.aar (androidx.lifecycle:lifecycle-runtime:2.7.0) with ExtractAarTransform
Transforming lifecycle-runtime-2.7.0.aar (androidx.lifecycle:lifecycle-runtime:2.7.0) with AarTransform
Transforming lifecycle-viewmodel-2.7.0.aar (androidx.lifecycle:lifecycle-viewmodel:2.7.0) with ExtractAarTransform
Transforming lifecycle-viewmodel-2.7.0.aar (androidx.lifecycle:lifecycle-viewmodel:2.7.0) with AarTransform
Transforming lifecycle-viewmodel-2.7.0.aar (androidx.lifecycle:lifecycle-viewmodel:2.7.0) with ExtractAarTransform
Transforming lifecycle-viewmodel-2.7.0.aar (androidx.lifecycle:lifecycle-viewmodel:2.7.0) with AarTransform
Transforming lifecycle-livedata-ktx-2.7.0.aar (androidx.lifecycle:lifecycle-livedata-ktx:2.7.0) with ExtractAarTransform
Transforming lifecycle-livedata-ktx-2.7.0.aar (androidx.lifecycle:lifecycle-livedata-ktx:2.7.0) with AarTransform
Transforming lifecycle-viewmodel-ktx-2.7.0.aar (androidx.lifecycle:lifecycle-viewmodel-ktx:2.7.0) with ExtractAarTransform
Transforming lifecycle-viewmodel-ktx-2.7.0.aar (androidx.lifecycle:lifecycle-viewmodel-ktx:2.7.0) with AarTransform
Transforming room-runtime-2.6.1.aar (androidx.room:room-runtime:2.6.1) with ExtractAarTransform
Transforming room-runtime-2.6.1.aar (androidx.room:room-runtime:2.6.1) with AarTransform
Transforming room-ktx-2.6.1.aar (androidx.room:room-ktx:2.6.1) with ExtractAarTransform
Transforming room-ktx-2.6.1.aar (androidx.room:room-ktx:2.6.1) with AarTransform
Transforming runtime-saveable-release.aar (androidx.compose.runtime:runtime-saveable-android:1.5.4) with ExtractAarTransform
Transforming runtime-saveable-release.aar (androidx.compose.runtime:runtime-saveable-android:1.5.4) with AarTransform
Transforming runtime-release.aar (androidx.compose.runtime:runtime-android:1.5.4) with ExtractAarTransform
Transforming runtime-release.aar (androidx.compose.runtime:runtime-android:1.5.4) with AarTransform
Transforming cardview-1.0.0.aar (androidx.cardview:cardview:1.0.0) with ExtractAarTransform
Transforming cardview-1.0.0.aar (androidx.cardview:cardview:1.0.0) with AarTransform
Transforming shimmer-0.5.0.aar (com.facebook.shimmer:shimmer:0.5.0) with ExtractAarTransform
Transforming shimmer-0.5.0.aar (com.facebook.shimmer:shimmer:0.5.0) with AarTransform
Transforming cursoradapter-1.0.0.aar (androidx.cursoradapter:cursoradapter:1.0.0) with ExtractAarTransform
Transforming cursoradapter-1.0.0.aar (androidx.cursoradapter:cursoradapter:1.0.0) with AarTransform
Transforming core-runtime-2.2.0.aar (androidx.arch.core:core-runtime:2.2.0) with ExtractAarTransform
Transforming core-runtime-2.2.0.aar (androidx.arch.core:core-runtime:2.2.0) with AarTransform
Transforming sqlite-framework-2.4.0.aar (androidx.sqlite:sqlite-framework:2.4.0) with ExtractAarTransform
Transforming sqlite-framework-2.4.0.aar (androidx.sqlite:sqlite-framework:2.4.0) with AarTransform
Transforming sqlite-2.4.0.aar (androidx.sqlite:sqlite:2.4.0) with ExtractAarTransform
Transforming sqlite-2.4.0.aar (androidx.sqlite:sqlite:2.4.0) with AarTransform
Transforming interpolator-1.0.0.aar (androidx.interpolator:interpolator:1.0.0) with ExtractAarTransform
Transforming interpolator-1.0.0.aar (androidx.interpolator:interpolator:1.0.0) with AarTransform
Transforming interpolator-1.0.0.aar (androidx.interpolator:interpolator:1.0.0) with ExtractAarTransform
Transforming interpolator-1.0.0.aar (androidx.interpolator:interpolator:1.0.0) with AarTransform
Transforming versionedparcelable-1.1.1.aar (androidx.versionedparcelable:versionedparcelable:1.1.1) with ExtractAarTransform
Transforming versionedparcelable-1.1.1.aar (androidx.versionedparcelable:versionedparcelable:1.1.1) with AarTransform
Transforming profileinstaller-1.3.1.aar (androidx.profileinstaller:profileinstaller:1.3.1) with ExtractAarTransform
Transforming profileinstaller-1.3.1.aar (androidx.profileinstaller:profileinstaller:1.3.1) with AarTransform
Transforming startup-runtime-1.1.1.aar (androidx.startup:startup-runtime:1.1.1) with ExtractAarTransform
Transforming startup-runtime-1.1.1.aar (androidx.startup:startup-runtime:1.1.1) with AarTransform
Transforming tracing-1.0.0.aar (androidx.tracing:tracing:1.0.0) with ExtractAarTransform
Transforming tracing-1.0.0.aar (androidx.tracing:tracing:1.0.0) with AarTransform
Transforming exifinterface-1.3.6.aar (androidx.exifinterface:exifinterface:1.3.6) with ExtractAarTransform
Transforming exifinterface-1.3.6.aar (androidx.exifinterface:exifinterface:1.3.6) with AarTransform
Transforming documentfile-1.0.0.aar (androidx.documentfile:documentfile:1.0.0) with ExtractAarTransform
Transforming documentfile-1.0.0.aar (androidx.documentfile:documentfile:1.0.0) with AarTransform
Transforming localbroadcastmanager-1.0.0.aar (androidx.localbroadcastmanager:localbroadcastmanager:1.0.0) with ExtractAarTransform
Transforming localbroadcastmanager-1.0.0.aar (androidx.localbroadcastmanager:localbroadcastmanager:1.0.0) with AarTransform
Transforming print-1.0.0.aar (androidx.print:print:1.0.0) with ExtractAarTransform
Transforming print-1.0.0.aar (androidx.print:print:1.0.0) with AarTransform
Transforming annotation-experimental-1.3.0.aar (androidx.annotation:annotation-experimental:1.3.0) with ExtractAarTransform
Transforming annotation-experimental-1.3.0.aar (androidx.annotation:annotation-experimental:1.3.0) with AarTransform
Transforming dagger-lint-aar-2.48.1.aar (com.google.dagger:dagger-lint-aar:2.48.1) with ExtractAarTransform
Transforming dagger-lint-aar-2.48.1.aar (com.google.dagger:dagger-lint-aar:2.48.1) with AarTransform
Transforming viewbinding-8.2.2.aar (androidx.databinding:viewbinding:8.2.2) with ExtractAarTransform
Transforming viewbinding-8.2.2.aar (androidx.databinding:viewbinding:8.2.2) with AarTransform
Transforming navigation-common-2.7.6.aar (androidx.navigation:navigation-common:2.7.6) with ExtractAarTransform
Transforming navigation-common-2.7.6.aar (androidx.navigation:navigation-common:2.7.6) with AarTransform
Transforming navigation-common-ktx-2.7.6.aar (androidx.navigation:navigation-common-ktx:2.7.6) with ExtractAarTransform
Transforming navigation-common-ktx-2.7.6.aar (androidx.navigation:navigation-common-ktx:2.7.6) with AarTransform
Transforming navigation-runtime-2.7.6.aar (androidx.navigation:navigation-runtime:2.7.6) with ExtractAarTransform
Transforming navigation-runtime-2.7.6.aar (androidx.navigation:navigation-runtime:2.7.6) with AarTransform
Transforming navigation-runtime-ktx-2.7.6.aar (androidx.navigation:navigation-runtime-ktx:2.7.6) with ExtractAarTransform
Transforming navigation-runtime-ktx-2.7.6.aar (androidx.navigation:navigation-runtime-ktx:2.7.6) with AarTransform
Transforming navigation-fragment-2.7.6.aar (androidx.navigation:navigation-fragment:2.7.6) with ExtractAarTransform
Transforming navigation-fragment-2.7.6.aar (androidx.navigation:navigation-fragment:2.7.6) with AarTransform
Transforming navigation-fragment-ktx-2.7.6.aar (androidx.navigation:navigation-fragment-ktx:2.7.6) with ExtractAarTransform
Transforming navigation-fragment-ktx-2.7.6.aar (androidx.navigation:navigation-fragment-ktx:2.7.6) with AarTransform
Transforming navigation-ui-ktx-2.7.6.aar (androidx.navigation:navigation-ui-ktx:2.7.6) with ExtractAarTransform
Transforming navigation-ui-ktx-2.7.6.aar (androidx.navigation:navigation-ui-ktx:2.7.6) with AarTransform
Transforming navigation-ui-2.7.6.aar (androidx.navigation:navigation-ui:2.7.6) with ExtractAarTransform
Transforming navigation-ui-2.7.6.aar (androidx.navigation:navigation-ui:2.7.6) with AarTransform
Transforming material-1.11.0.aar (com.google.android.material:material:1.11.0) with ExtractAarTransform
Transforming material-1.11.0.aar (com.google.android.material:material:1.11.0) with AarTransform
Transforming constraintlayout-2.1.4.aar (androidx.constraintlayout:constraintlayout:2.1.4) with ExtractAarTransform
Transforming constraintlayout-2.1.4.aar (androidx.constraintlayout:constraintlayout:2.1.4) with AarTransform
Transforming lottie-6.2.0.aar (com.airbnb.android:lottie:6.2.0) with ExtractAarTransform
Transforming lottie-6.2.0.aar (com.airbnb.android:lottie:6.2.0) with AarTransform
Transforming coil-compose-2.5.0.aar (io.coil-kt:coil-compose:2.5.0) with ExtractAarTransform
Transforming coil-compose-2.5.0.aar (io.coil-kt:coil-compose:2.5.0) with AarTransform
Transforming coil-2.5.0.aar (io.coil-kt:coil:2.5.0) with ExtractAarTransform
Transforming coil-2.5.0.aar (io.coil-kt:coil:2.5.0) with AarTransform
Transforming coil-compose-base-2.5.0.aar (io.coil-kt:coil-compose-base:2.5.0) with ExtractAarTransform
Transforming coil-compose-base-2.5.0.aar (io.coil-kt:coil-compose-base:2.5.0) with AarTransform
Transforming coil-base-2.5.0.aar (io.coil-kt:coil-base:2.5.0) with ExtractAarTransform
Transforming coil-base-2.5.0.aar (io.coil-kt:coil-base:2.5.0) with AarTransform
Transforming appcompat-resources-1.6.1.aar (androidx.appcompat:appcompat-resources:1.6.1) with ExtractAarTransform
Transforming appcompat-resources-1.6.1.aar (androidx.appcompat:appcompat-resources:1.6.1) with AarTransform
Transforming preference-ktx-1.2.1.aar (androidx.preference:preference-ktx:1.2.1) with ExtractAarTransform
Transforming preference-ktx-1.2.1.aar (androidx.preference:preference-ktx:1.2.1) with AarTransform
Transforming preference-1.2.1.aar (androidx.preference:preference:1.2.1) with ExtractAarTransform
Transforming preference-1.2.1.aar (androidx.preference:preference:1.2.1) with AarTransform
Transforming appcompat-1.6.1.aar (androidx.appcompat:appcompat:1.6.1) with ExtractAarTransform
Transforming appcompat-1.6.1.aar (androidx.appcompat:appcompat:1.6.1) with AarTransform
Transforming hilt-android-2.48.1.aar (com.google.dagger:hilt-android:2.48.1) with ExtractAarTransform
Transforming hilt-android-2.48.1.aar (com.google.dagger:hilt-android:2.48.1) with AarTransform
Transforming paging-runtime-ktx-3.2.1.aar (androidx.paging:paging-runtime-ktx:3.2.1) with ExtractAarTransform
Transforming paging-runtime-ktx-3.2.1.aar (androidx.paging:paging-runtime-ktx:3.2.1) with AarTransform
Transforming paging-runtime-3.2.1.aar (androidx.paging:paging-runtime:3.2.1) with ExtractAarTransform
Transforming paging-runtime-3.2.1.aar (androidx.paging:paging-runtime:3.2.1) with AarTransform
Transforming recyclerview-1.3.2.aar (androidx.recyclerview:recyclerview:1.3.2) with ExtractAarTransform
Transforming recyclerview-1.3.2.aar (androidx.recyclerview:recyclerview:1.3.2) with AarTransform
Transforming viewpager2-1.1.0-beta02.aar (androidx.viewpager2:viewpager2:1.1.0-beta02) with ExtractAarTransform
Transforming viewpager2-1.1.0-beta02.aar (androidx.viewpager2:viewpager2:1.1.0-beta02) with AarTransform
Transforming fragment-1.6.2.aar (androidx.fragment:fragment:1.6.2) with ExtractAarTransform
Transforming fragment-1.6.2.aar (androidx.fragment:fragment:1.6.2) with AarTransform
Transforming fragment-ktx-1.6.2.aar (androidx.fragment:fragment-ktx:1.6.2) with ExtractAarTransform
Transforming fragment-ktx-1.6.2.aar (androidx.fragment:fragment-ktx:1.6.2) with AarTransform
Transforming activity-1.8.2.aar (androidx.activity:activity:1.8.2) with ExtractAarTransform
Transforming activity-1.8.2.aar (androidx.activity:activity:1.8.2) with AarTransform
Transforming accompanist-drawablepainter-0.32.0.aar (com.google.accompanist:accompanist-drawablepainter:0.32.0) with ExtractAarTransform
Transforming accompanist-drawablepainter-0.32.0.aar (com.google.accompanist:accompanist-drawablepainter:0.32.0) with AarTransform
Transforming animation-core-release.aar (androidx.compose.animation:animation-core-android:1.5.4) with ExtractAarTransform
Transforming animation-core-release.aar (androidx.compose.animation:animation-core-android:1.5.4) with AarTransform
Transforming animation-release.aar (androidx.compose.animation:animation-android:1.5.4) with ExtractAarTransform
Transforming animation-release.aar (androidx.compose.animation:animation-android:1.5.4) with AarTransform
Transforming foundation-layout-release.aar (androidx.compose.foundation:foundation-layout-android:1.5.4) with ExtractAarTransform
Transforming foundation-layout-release.aar (androidx.compose.foundation:foundation-layout-android:1.5.4) with AarTransform
Transforming foundation-release.aar (androidx.compose.foundation:foundation-android:1.5.4) with ExtractAarTransform
Transforming foundation-release.aar (androidx.compose.foundation:foundation-android:1.5.4) with AarTransform
Transforming ui-unit-release.aar (androidx.compose.ui:ui-unit-android:1.5.4) with ExtractAarTransform
Transforming ui-unit-release.aar (androidx.compose.ui:ui-unit-android:1.5.4) with AarTransform
Transforming ui-graphics-release.aar (androidx.compose.ui:ui-graphics-android:1.5.4) with ExtractAarTransform
Transforming ui-graphics-release.aar (androidx.compose.ui:ui-graphics-android:1.5.4) with AarTransform
Transforming ui-geometry-release.aar (androidx.compose.ui:ui-geometry-android:1.5.4) with ExtractAarTransform
Transforming ui-geometry-release.aar (androidx.compose.ui:ui-geometry-android:1.5.4) with AarTransform
Transforming ui-util-release.aar (androidx.compose.ui:ui-util-android:1.5.4) with ExtractAarTransform
Transforming ui-util-release.aar (androidx.compose.ui:ui-util-android:1.5.4) with AarTransform
Transforming ui-text-release.aar (androidx.compose.ui:ui-text-android:1.5.4) with ExtractAarTransform
Transforming ui-text-release.aar (androidx.compose.ui:ui-text-android:1.5.4) with AarTransform
Transforming ui-release.aar (androidx.compose.ui:ui-android:1.5.4) with ExtractAarTransform
Transforming ui-release.aar (androidx.compose.ui:ui-android:1.5.4) with AarTransform
Transforming activity-ktx-1.8.2.aar (androidx.activity:activity-ktx:1.8.2) with ExtractAarTransform
Transforming activity-ktx-1.8.2.aar (androidx.activity:activity-ktx:1.8.2) with AarTransform
Transforming emoji2-views-helper-1.4.0.aar (androidx.emoji2:emoji2-views-helper:1.4.0) with ExtractAarTransform
Transforming emoji2-views-helper-1.4.0.aar (androidx.emoji2:emoji2-views-helper:1.4.0) with AarTransform
Transforming emoji2-1.4.0.aar (androidx.emoji2:emoji2:1.4.0) with ExtractAarTransform
Transforming emoji2-1.4.0.aar (androidx.emoji2:emoji2:1.4.0) with AarTransform
Transforming lifecycle-process-2.7.0.aar (androidx.lifecycle:lifecycle-process:2.7.0) with ExtractAarTransform
Transforming lifecycle-process-2.7.0.aar (androidx.lifecycle:lifecycle-process:2.7.0) with AarTransform
Transforming lifecycle-livedata-core-2.7.0.aar (androidx.lifecycle:lifecycle-livedata-core:2.7.0) with ExtractAarTransform
Transforming lifecycle-livedata-core-2.7.0.aar (androidx.lifecycle:lifecycle-livedata-core:2.7.0) with AarTransform
Transforming savedstate-ktx-1.2.1.aar (androidx.savedstate:savedstate-ktx:1.2.1) with ExtractAarTransform
Transforming savedstate-ktx-1.2.1.aar (androidx.savedstate:savedstate-ktx:1.2.1) with AarTransform
Transforming savedstate-1.2.1.aar (androidx.savedstate:savedstate:1.2.1) with ExtractAarTransform
Transforming savedstate-1.2.1.aar (androidx.savedstate:savedstate:1.2.1) with AarTransform
Transforming lifecycle-runtime-ktx-2.7.0.aar (androidx.lifecycle:lifecycle-runtime-ktx:2.7.0) with ExtractAarTransform
Transforming lifecycle-runtime-ktx-2.7.0.aar (androidx.lifecycle:lifecycle-runtime-ktx:2.7.0) with AarTransform
Transforming lifecycle-livedata-core-ktx-2.7.0.aar (androidx.lifecycle:lifecycle-livedata-core-ktx:2.7.0) with ExtractAarTransform
Transforming lifecycle-livedata-core-ktx-2.7.0.aar (androidx.lifecycle:lifecycle-livedata-core-ktx:2.7.0) with AarTransform
Transforming dynamicanimation-1.0.0.aar (androidx.dynamicanimation:dynamicanimation:1.0.0) with ExtractAarTransform
Transforming dynamicanimation-1.0.0.aar (androidx.dynamicanimation:dynamicanimation:1.0.0) with AarTransform
Transforming legacy-support-core-utils-1.0.0.aar (androidx.legacy:legacy-support-core-utils:1.0.0) with ExtractAarTransform
Transforming legacy-support-core-utils-1.0.0.aar (androidx.legacy:legacy-support-core-utils:1.0.0) with AarTransform
Transforming loader-1.0.0.aar (androidx.loader:loader:1.0.0) with ExtractAarTransform
Transforming loader-1.0.0.aar (androidx.loader:loader:1.0.0) with AarTransform
Transforming loader-1.0.0.aar (androidx.loader:loader:1.0.0) with ExtractAarTransform
Transforming loader-1.0.0.aar (androidx.loader:loader:1.0.0) with AarTransform
Transforming lifecycle-livedata-2.7.0.aar (androidx.lifecycle:lifecycle-livedata:2.7.0) with ExtractAarTransform
Transforming lifecycle-livedata-2.7.0.aar (androidx.lifecycle:lifecycle-livedata:2.7.0) with AarTransform
Transforming lifecycle-livedata-2.7.0.aar (androidx.lifecycle:lifecycle-livedata:2.7.0) with ExtractAarTransform
Transforming lifecycle-livedata-2.7.0.aar (androidx.lifecycle:lifecycle-livedata:2.7.0) with AarTransform
Transforming lifecycle-viewmodel-savedstate-2.7.0.aar (androidx.lifecycle:lifecycle-viewmodel-savedstate:2.7.0) with ExtractAarTransform
Transforming lifecycle-viewmodel-savedstate-2.7.0.aar (androidx.lifecycle:lifecycle-viewmodel-savedstate:2.7.0) with AarTransform
Transforming customview-poolingcontainer-1.0.0.aar (androidx.customview:customview-poolingcontainer:1.0.0) with ExtractAarTransform
Transforming customview-poolingcontainer-1.0.0.aar (androidx.customview:customview-poolingcontainer:1.0.0) with AarTransform
Transforming core-ktx-1.12.0.aar (androidx.core:core-ktx:1.12.0) with ExtractAarTransform
Transforming core-ktx-1.12.0.aar (androidx.core:core-ktx:1.12.0) with AarTransform
Transforming swiperefreshlayout-1.1.0.aar (androidx.swiperefreshlayout:swiperefreshlayout:1.1.0) with ExtractAarTransform
Transforming swiperefreshlayout-1.1.0.aar (androidx.swiperefreshlayout:swiperefreshlayout:1.1.0) with AarTransform
Transforming drawerlayout-1.1.1.aar (androidx.drawerlayout:drawerlayout:1.1.1) with ExtractAarTransform
Transforming drawerlayout-1.1.1.aar (androidx.drawerlayout:drawerlayout:1.1.1) with AarTransform
Transforming coordinatorlayout-1.1.0.aar (androidx.coordinatorlayout:coordinatorlayout:1.1.0) with ExtractAarTransform
Transforming coordinatorlayout-1.1.0.aar (androidx.coordinatorlayout:coordinatorlayout:1.1.0) with AarTransform
Transforming vectordrawable-animated-1.1.0.aar (androidx.vectordrawable:vectordrawable-animated:1.1.0) with ExtractAarTransform
Transforming vectordrawable-animated-1.1.0.aar (androidx.vectordrawable:vectordrawable-animated:1.1.0) with AarTransform
Transforming vectordrawable-1.1.0.aar (androidx.vectordrawable:vectordrawable:1.1.0) with ExtractAarTransform
Transforming vectordrawable-1.1.0.aar (androidx.vectordrawable:vectordrawable:1.1.0) with AarTransform
Transforming vectordrawable-1.1.0.aar (androidx.vectordrawable:vectordrawable:1.1.0) with ExtractAarTransform
Transforming vectordrawable-1.1.0.aar (androidx.vectordrawable:vectordrawable:1.1.0) with AarTransform
Transforming viewpager-1.0.0.aar (androidx.viewpager:viewpager:1.0.0) with ExtractAarTransform
Transforming viewpager-1.0.0.aar (androidx.viewpager:viewpager:1.0.0) with AarTransform
Transforming slidingpanelayout-1.2.0.aar (androidx.slidingpanelayout:slidingpanelayout:1.2.0) with ExtractAarTransform
Transforming slidingpanelayout-1.2.0.aar (androidx.slidingpanelayout:slidingpanelayout:1.2.0) with AarTransform
Transforming customview-1.1.0.aar (androidx.customview:customview:1.1.0) with ExtractAarTransform
Transforming customview-1.1.0.aar (androidx.customview:customview:1.1.0) with AarTransform
Transforming customview-1.1.0.aar (androidx.customview:customview:1.1.0) with ExtractAarTransform
Transforming customview-1.1.0.aar (androidx.customview:customview:1.1.0) with AarTransform
Transforming transition-1.4.1.aar (androidx.transition:transition:1.4.1) with ExtractAarTransform
Transforming transition-1.4.1.aar (androidx.transition:transition:1.4.1) with AarTransform
Transforming window-1.0.0.aar (androidx.window:window:1.0.0) with ExtractAarTransform
Transforming window-1.0.0.aar (androidx.window:window:1.0.0) with AarTransform
Transforming autofill-1.0.0.aar (androidx.autofill:autofill:1.0.0) with ExtractAarTransform
Transforming autofill-1.0.0.aar (androidx.autofill:autofill:1.0.0) with AarTransform
Transforming core-1.12.0.aar (androidx.core:core:1.12.0) with ExtractAarTransform
Transforming core-1.12.0.aar (androidx.core:core:1.12.0) with AarTransform
Transforming core-1.12.0.aar (androidx.core:core:1.12.0) with ExtractAarTransform
Transforming core-1.12.0.aar (androidx.core:core:1.12.0) with AarTransform
Transforming lifecycle-runtime-2.7.0.aar (androidx.lifecycle:lifecycle-runtime:2.7.0) with ExtractAarTransform
Transforming lifecycle-runtime-2.7.0.aar (androidx.lifecycle:lifecycle-runtime:2.7.0) with AarTransform
Transforming lifecycle-viewmodel-2.7.0.aar (androidx.lifecycle:lifecycle-viewmodel:2.7.0) with ExtractAarTransform
Transforming lifecycle-viewmodel-2.7.0.aar (androidx.lifecycle:lifecycle-viewmodel:2.7.0) with AarTransform
Transforming lifecycle-viewmodel-2.7.0.aar (androidx.lifecycle:lifecycle-viewmodel:2.7.0) with ExtractAarTransform
Transforming lifecycle-viewmodel-2.7.0.aar (androidx.lifecycle:lifecycle-viewmodel:2.7.0) with AarTransform
Transforming lifecycle-livedata-ktx-2.7.0.aar (androidx.lifecycle:lifecycle-livedata-ktx:2.7.0) with ExtractAarTransform
Transforming lifecycle-livedata-ktx-2.7.0.aar (androidx.lifecycle:lifecycle-livedata-ktx:2.7.0) with AarTransform
Transforming lifecycle-viewmodel-ktx-2.7.0.aar (androidx.lifecycle:lifecycle-viewmodel-ktx:2.7.0) with ExtractAarTransform
Transforming lifecycle-viewmodel-ktx-2.7.0.aar (androidx.lifecycle:lifecycle-viewmodel-ktx:2.7.0) with AarTransform
Transforming room-runtime-2.6.1.aar (androidx.room:room-runtime:2.6.1) with ExtractAarTransform
Transforming room-runtime-2.6.1.aar (androidx.room:room-runtime:2.6.1) with AarTransform
Transforming room-ktx-2.6.1.aar (androidx.room:room-ktx:2.6.1) with ExtractAarTransform
Transforming room-ktx-2.6.1.aar (androidx.room:room-ktx:2.6.1) with AarTransform
Transforming runtime-saveable-release.aar (androidx.compose.runtime:runtime-saveable-android:1.5.4) with ExtractAarTransform
Transforming runtime-saveable-release.aar (androidx.compose.runtime:runtime-saveable-android:1.5.4) with AarTransform
Transforming runtime-release.aar (androidx.compose.runtime:runtime-android:1.5.4) with ExtractAarTransform
Transforming runtime-release.aar (androidx.compose.runtime:runtime-android:1.5.4) with AarTransform
Transforming cardview-1.0.0.aar (androidx.cardview:cardview:1.0.0) with ExtractAarTransform
Transforming cardview-1.0.0.aar (androidx.cardview:cardview:1.0.0) with AarTransform
Transforming shimmer-0.5.0.aar (com.facebook.shimmer:shimmer:0.5.0) with ExtractAarTransform
Transforming shimmer-0.5.0.aar (com.facebook.shimmer:shimmer:0.5.0) with AarTransform
Transforming cursoradapter-1.0.0.aar (androidx.cursoradapter:cursoradapter:1.0.0) with ExtractAarTransform
Transforming cursoradapter-1.0.0.aar (androidx.cursoradapter:cursoradapter:1.0.0) with AarTransform
Transforming core-runtime-2.2.0.aar (androidx.arch.core:core-runtime:2.2.0) with ExtractAarTransform
Transforming core-runtime-2.2.0.aar (androidx.arch.core:core-runtime:2.2.0) with AarTransform
Transforming sqlite-framework-2.4.0.aar (androidx.sqlite:sqlite-framework:2.4.0) with ExtractAarTransform
Transforming sqlite-framework-2.4.0.aar (androidx.sqlite:sqlite-framework:2.4.0) with AarTransform
Transforming sqlite-2.4.0.aar (androidx.sqlite:sqlite:2.4.0) with ExtractAarTransform
Transforming sqlite-2.4.0.aar (androidx.sqlite:sqlite:2.4.0) with AarTransform
Transforming interpolator-1.0.0.aar (androidx.interpolator:interpolator:1.0.0) with ExtractAarTransform
Transforming interpolator-1.0.0.aar (androidx.interpolator:interpolator:1.0.0) with AarTransform
Transforming interpolator-1.0.0.aar (androidx.interpolator:interpolator:1.0.0) with ExtractAarTransform
Transforming interpolator-1.0.0.aar (androidx.interpolator:interpolator:1.0.0) with AarTransform
Transforming versionedparcelable-1.1.1.aar (androidx.versionedparcelable:versionedparcelable:1.1.1) with ExtractAarTransform
Transforming versionedparcelable-1.1.1.aar (androidx.versionedparcelable:versionedparcelable:1.1.1) with AarTransform
Transforming profileinstaller-1.3.1.aar (androidx.profileinstaller:profileinstaller:1.3.1) with ExtractAarTransform
Transforming profileinstaller-1.3.1.aar (androidx.profileinstaller:profileinstaller:1.3.1) with AarTransform
Transforming startup-runtime-1.1.1.aar (androidx.startup:startup-runtime:1.1.1) with ExtractAarTransform
Transforming startup-runtime-1.1.1.aar (androidx.startup:startup-runtime:1.1.1) with AarTransform
Transforming tracing-1.0.0.aar (androidx.tracing:tracing:1.0.0) with ExtractAarTransform
Transforming tracing-1.0.0.aar (androidx.tracing:tracing:1.0.0) with AarTransform
Transforming exifinterface-1.3.6.aar (androidx.exifinterface:exifinterface:1.3.6) with ExtractAarTransform
Transforming exifinterface-1.3.6.aar (androidx.exifinterface:exifinterface:1.3.6) with AarTransform
Transforming documentfile-1.0.0.aar (androidx.documentfile:documentfile:1.0.0) with ExtractAarTransform
Transforming documentfile-1.0.0.aar (androidx.documentfile:documentfile:1.0.0) with AarTransform
Transforming localbroadcastmanager-1.0.0.aar (androidx.localbroadcastmanager:localbroadcastmanager:1.0.0) with ExtractAarTransform
Transforming localbroadcastmanager-1.0.0.aar (androidx.localbroadcastmanager:localbroadcastmanager:1.0.0) with AarTransform
Transforming print-1.0.0.aar (androidx.print:print:1.0.0) with ExtractAarTransform
Transforming print-1.0.0.aar (androidx.print:print:1.0.0) with AarTransform
Transforming annotation-experimental-1.3.0.aar (androidx.annotation:annotation-experimental:1.3.0) with ExtractAarTransform
Transforming annotation-experimental-1.3.0.aar (androidx.annotation:annotation-experimental:1.3.0) with AarTransform
Transforming dagger-lint-aar-2.48.1.aar (com.google.dagger:dagger-lint-aar:2.48.1) with ExtractAarTransform
Transforming dagger-lint-aar-2.48.1.aar (com.google.dagger:dagger-lint-aar:2.48.1) with AarTransform
Caching disabled for task ':app:processDebugMainManifest' because:
  Build cache is disabled
Skipping task ':app:processDebugMainManifest' as it is up-to-date.
Resolve mutations for :app:processDebugManifest (Thread[Execution worker Thread 10,5,main]) started.
:app:processDebugManifest (Thread[Execution worker Thread 10,5,main]) started.

> Task :app:processDebugManifest UP-TO-DATE
Caching disabled for task ':app:processDebugManifest' because:
  Build cache is disabled
Skipping task ':app:processDebugManifest' as it is up-to-date.
Resolve mutations for :app:processDebugManifestForPackage (Thread[Execution worker Thread 10,5,main]) started.
:app:processDebugManifestForPackage (Thread[Execution worker Thread 10,5,main]) started.

> Task :app:processDebugManifestForPackage UP-TO-DATE
Custom actions are attached to task ':app:processDebugManifestForPackage'.
Caching disabled for task ':app:processDebugManifestForPackage' because:
  Build cache is disabled
Skipping task ':app:processDebugManifestForPackage' as it is up-to-date.
Resolve mutations for :app:processDebugResources (Thread[Execution worker Thread 10,5,main]) started.
:app:processDebugResources (Thread[Execution worker Thread 10,5,main]) started.

> Task :app:processDebugResources UP-TO-DATE
Transforming aapt2-8.2.2-10154469-windows.jar (com.android.tools.build:aapt2:8.2.2-10154469) with Aapt2Extractor
Transforming viewbinding-8.2.2.aar (androidx.databinding:viewbinding:8.2.2) with ExtractAarTransform
Transforming viewbinding-8.2.2.aar (androidx.databinding:viewbinding:8.2.2) with AarResourcesCompilerTransform
Transforming navigation-common-2.7.6.aar (androidx.navigation:navigation-common:2.7.6) with ExtractAarTransform
Transforming navigation-common-2.7.6.aar (androidx.navigation:navigation-common:2.7.6) with AarResourcesCompilerTransform
Transforming navigation-common-ktx-2.7.6.aar (androidx.navigation:navigation-common-ktx:2.7.6) with ExtractAarTransform
Transforming navigation-common-ktx-2.7.6.aar (androidx.navigation:navigation-common-ktx:2.7.6) with AarResourcesCompilerTransform
Transforming navigation-runtime-2.7.6.aar (androidx.navigation:navigation-runtime:2.7.6) with ExtractAarTransform
Transforming navigation-runtime-2.7.6.aar (androidx.navigation:navigation-runtime:2.7.6) with AarResourcesCompilerTransform
Transforming navigation-runtime-ktx-2.7.6.aar (androidx.navigation:navigation-runtime-ktx:2.7.6) with ExtractAarTransform
Transforming navigation-runtime-ktx-2.7.6.aar (androidx.navigation:navigation-runtime-ktx:2.7.6) with AarResourcesCompilerTransform
Transforming navigation-fragment-2.7.6.aar (androidx.navigation:navigation-fragment:2.7.6) with ExtractAarTransform
Transforming navigation-fragment-2.7.6.aar (androidx.navigation:navigation-fragment:2.7.6) with AarResourcesCompilerTransform
Transforming navigation-fragment-ktx-2.7.6.aar (androidx.navigation:navigation-fragment-ktx:2.7.6) with ExtractAarTransform
Transforming navigation-fragment-ktx-2.7.6.aar (androidx.navigation:navigation-fragment-ktx:2.7.6) with AarResourcesCompilerTransform
Transforming navigation-ui-ktx-2.7.6.aar (androidx.navigation:navigation-ui-ktx:2.7.6) with ExtractAarTransform
Transforming navigation-ui-ktx-2.7.6.aar (androidx.navigation:navigation-ui-ktx:2.7.6) with AarResourcesCompilerTransform
Transforming navigation-ui-2.7.6.aar (androidx.navigation:navigation-ui:2.7.6) with ExtractAarTransform
Transforming navigation-ui-2.7.6.aar (androidx.navigation:navigation-ui:2.7.6) with AarResourcesCompilerTransform
Transforming material-1.11.0.aar (com.google.android.material:material:1.11.0) with ExtractAarTransform
Transforming material-1.11.0.aar (com.google.android.material:material:1.11.0) with AarResourcesCompilerTransform
Transforming constraintlayout-2.1.4.aar (androidx.constraintlayout:constraintlayout:2.1.4) with ExtractAarTransform
Transforming constraintlayout-2.1.4.aar (androidx.constraintlayout:constraintlayout:2.1.4) with AarResourcesCompilerTransform
Transforming lottie-6.2.0.aar (com.airbnb.android:lottie:6.2.0) with ExtractAarTransform
Transforming lottie-6.2.0.aar (com.airbnb.android:lottie:6.2.0) with AarResourcesCompilerTransform
Transforming coil-compose-2.5.0.aar (io.coil-kt:coil-compose:2.5.0) with ExtractAarTransform
Transforming coil-compose-2.5.0.aar (io.coil-kt:coil-compose:2.5.0) with AarResourcesCompilerTransform
Transforming coil-2.5.0.aar (io.coil-kt:coil:2.5.0) with ExtractAarTransform
Transforming coil-2.5.0.aar (io.coil-kt:coil:2.5.0) with AarResourcesCompilerTransform
Transforming coil-compose-base-2.5.0.aar (io.coil-kt:coil-compose-base:2.5.0) with ExtractAarTransform
Transforming coil-compose-base-2.5.0.aar (io.coil-kt:coil-compose-base:2.5.0) with AarResourcesCompilerTransform
Transforming coil-base-2.5.0.aar (io.coil-kt:coil-base:2.5.0) with ExtractAarTransform
Transforming coil-base-2.5.0.aar (io.coil-kt:coil-base:2.5.0) with AarResourcesCompilerTransform
Transforming appcompat-resources-1.6.1.aar (androidx.appcompat:appcompat-resources:1.6.1) with ExtractAarTransform
Transforming appcompat-resources-1.6.1.aar (androidx.appcompat:appcompat-resources:1.6.1) with AarResourcesCompilerTransform
Transforming preference-ktx-1.2.1.aar (androidx.preference:preference-ktx:1.2.1) with ExtractAarTransform
Transforming preference-ktx-1.2.1.aar (androidx.preference:preference-ktx:1.2.1) with AarResourcesCompilerTransform
Transforming preference-1.2.1.aar (androidx.preference:preference:1.2.1) with ExtractAarTransform
Transforming preference-1.2.1.aar (androidx.preference:preference:1.2.1) with AarResourcesCompilerTransform
Transforming appcompat-1.6.1.aar (androidx.appcompat:appcompat:1.6.1) with ExtractAarTransform
Transforming appcompat-1.6.1.aar (androidx.appcompat:appcompat:1.6.1) with AarResourcesCompilerTransform
Transforming hilt-android-2.48.1.aar (com.google.dagger:hilt-android:2.48.1) with ExtractAarTransform
Transforming hilt-android-2.48.1.aar (com.google.dagger:hilt-android:2.48.1) with AarResourcesCompilerTransform
Transforming paging-runtime-ktx-3.2.1.aar (androidx.paging:paging-runtime-ktx:3.2.1) with ExtractAarTransform
Transforming paging-runtime-ktx-3.2.1.aar (androidx.paging:paging-runtime-ktx:3.2.1) with AarResourcesCompilerTransform
Transforming paging-runtime-3.2.1.aar (androidx.paging:paging-runtime:3.2.1) with ExtractAarTransform
Transforming paging-runtime-3.2.1.aar (androidx.paging:paging-runtime:3.2.1) with AarResourcesCompilerTransform
Transforming recyclerview-1.3.2.aar (androidx.recyclerview:recyclerview:1.3.2) with ExtractAarTransform
Transforming recyclerview-1.3.2.aar (androidx.recyclerview:recyclerview:1.3.2) with AarResourcesCompilerTransform
Transforming viewpager2-1.1.0-beta02.aar (androidx.viewpager2:viewpager2:1.1.0-beta02) with ExtractAarTransform
Transforming viewpager2-1.1.0-beta02.aar (androidx.viewpager2:viewpager2:1.1.0-beta02) with AarResourcesCompilerTransform
Transforming fragment-1.6.2.aar (androidx.fragment:fragment:1.6.2) with ExtractAarTransform
Transforming fragment-1.6.2.aar (androidx.fragment:fragment:1.6.2) with AarResourcesCompilerTransform
Transforming fragment-ktx-1.6.2.aar (androidx.fragment:fragment-ktx:1.6.2) with ExtractAarTransform
Transforming fragment-ktx-1.6.2.aar (androidx.fragment:fragment-ktx:1.6.2) with AarResourcesCompilerTransform
Transforming activity-1.8.2.aar (androidx.activity:activity:1.8.2) with ExtractAarTransform
Transforming activity-1.8.2.aar (androidx.activity:activity:1.8.2) with AarResourcesCompilerTransform
Transforming accompanist-drawablepainter-0.32.0.aar (com.google.accompanist:accompanist-drawablepainter:0.32.0) with ExtractAarTransform
Transforming accompanist-drawablepainter-0.32.0.aar (com.google.accompanist:accompanist-drawablepainter:0.32.0) with AarResourcesCompilerTransform
Transforming animation-core-release.aar (androidx.compose.animation:animation-core-android:1.5.4) with ExtractAarTransform
Transforming animation-core-release.aar (androidx.compose.animation:animation-core-android:1.5.4) with AarResourcesCompilerTransform
Transforming animation-release.aar (androidx.compose.animation:animation-android:1.5.4) with ExtractAarTransform
Transforming animation-release.aar (androidx.compose.animation:animation-android:1.5.4) with AarResourcesCompilerTransform
Transforming foundation-layout-release.aar (androidx.compose.foundation:foundation-layout-android:1.5.4) with ExtractAarTransform
Transforming foundation-layout-release.aar (androidx.compose.foundation:foundation-layout-android:1.5.4) with AarResourcesCompilerTransform
Transforming foundation-release.aar (androidx.compose.foundation:foundation-android:1.5.4) with ExtractAarTransform
Transforming foundation-release.aar (androidx.compose.foundation:foundation-android:1.5.4) with AarResourcesCompilerTransform
Transforming ui-unit-release.aar (androidx.compose.ui:ui-unit-android:1.5.4) with ExtractAarTransform
Transforming ui-unit-release.aar (androidx.compose.ui:ui-unit-android:1.5.4) with AarResourcesCompilerTransform
Transforming ui-graphics-release.aar (androidx.compose.ui:ui-graphics-android:1.5.4) with ExtractAarTransform
Transforming ui-graphics-release.aar (androidx.compose.ui:ui-graphics-android:1.5.4) with AarResourcesCompilerTransform
Transforming ui-geometry-release.aar (androidx.compose.ui:ui-geometry-android:1.5.4) with ExtractAarTransform
Transforming ui-geometry-release.aar (androidx.compose.ui:ui-geometry-android:1.5.4) with AarResourcesCompilerTransform
Transforming ui-util-release.aar (androidx.compose.ui:ui-util-android:1.5.4) with ExtractAarTransform
Transforming ui-util-release.aar (androidx.compose.ui:ui-util-android:1.5.4) with AarResourcesCompilerTransform
Transforming ui-text-release.aar (androidx.compose.ui:ui-text-android:1.5.4) with ExtractAarTransform
Transforming ui-text-release.aar (androidx.compose.ui:ui-text-android:1.5.4) with AarResourcesCompilerTransform
Transforming ui-release.aar (androidx.compose.ui:ui-android:1.5.4) with ExtractAarTransform
Transforming ui-release.aar (androidx.compose.ui:ui-android:1.5.4) with AarResourcesCompilerTransform
Transforming activity-ktx-1.8.2.aar (androidx.activity:activity-ktx:1.8.2) with ExtractAarTransform
Transforming activity-ktx-1.8.2.aar (androidx.activity:activity-ktx:1.8.2) with AarResourcesCompilerTransform
Transforming emoji2-views-helper-1.4.0.aar (androidx.emoji2:emoji2-views-helper:1.4.0) with ExtractAarTransform
Transforming emoji2-views-helper-1.4.0.aar (androidx.emoji2:emoji2-views-helper:1.4.0) with AarResourcesCompilerTransform
Transforming emoji2-1.4.0.aar (androidx.emoji2:emoji2:1.4.0) with ExtractAarTransform
Transforming emoji2-1.4.0.aar (androidx.emoji2:emoji2:1.4.0) with AarResourcesCompilerTransform
Transforming lifecycle-process-2.7.0.aar (androidx.lifecycle:lifecycle-process:2.7.0) with ExtractAarTransform
Transforming lifecycle-process-2.7.0.aar (androidx.lifecycle:lifecycle-process:2.7.0) with AarResourcesCompilerTransform
Transforming lifecycle-livedata-core-2.7.0.aar (androidx.lifecycle:lifecycle-livedata-core:2.7.0) with ExtractAarTransform
Transforming lifecycle-livedata-core-2.7.0.aar (androidx.lifecycle:lifecycle-livedata-core:2.7.0) with AarResourcesCompilerTransform
Transforming savedstate-ktx-1.2.1.aar (androidx.savedstate:savedstate-ktx:1.2.1) with ExtractAarTransform
Transforming savedstate-ktx-1.2.1.aar (androidx.savedstate:savedstate-ktx:1.2.1) with AarResourcesCompilerTransform
Transforming savedstate-1.2.1.aar (androidx.savedstate:savedstate:1.2.1) with ExtractAarTransform
Transforming savedstate-1.2.1.aar (androidx.savedstate:savedstate:1.2.1) with AarResourcesCompilerTransform
Transforming lifecycle-runtime-ktx-2.7.0.aar (androidx.lifecycle:lifecycle-runtime-ktx:2.7.0) with ExtractAarTransform
Transforming lifecycle-runtime-ktx-2.7.0.aar (androidx.lifecycle:lifecycle-runtime-ktx:2.7.0) with AarResourcesCompilerTransform
Transforming lifecycle-livedata-core-ktx-2.7.0.aar (androidx.lifecycle:lifecycle-livedata-core-ktx:2.7.0) with ExtractAarTransform
Transforming lifecycle-livedata-core-ktx-2.7.0.aar (androidx.lifecycle:lifecycle-livedata-core-ktx:2.7.0) with AarResourcesCompilerTransform
Transforming dynamicanimation-1.0.0.aar (androidx.dynamicanimation:dynamicanimation:1.0.0) with ExtractAarTransform
Transforming dynamicanimation-1.0.0.aar (androidx.dynamicanimation:dynamicanimation:1.0.0) with AarResourcesCompilerTransform
Transforming legacy-support-core-utils-1.0.0.aar (androidx.legacy:legacy-support-core-utils:1.0.0) with ExtractAarTransform
Transforming legacy-support-core-utils-1.0.0.aar (androidx.legacy:legacy-support-core-utils:1.0.0) with AarResourcesCompilerTransform
Transforming loader-1.0.0.aar (androidx.loader:loader:1.0.0) with ExtractAarTransform
Transforming loader-1.0.0.aar (androidx.loader:loader:1.0.0) with AarResourcesCompilerTransform
Transforming loader-1.0.0.aar (androidx.loader:loader:1.0.0) with ExtractAarTransform
Transforming loader-1.0.0.aar (androidx.loader:loader:1.0.0) with AarResourcesCompilerTransform
Transforming lifecycle-livedata-2.7.0.aar (androidx.lifecycle:lifecycle-livedata:2.7.0) with ExtractAarTransform
Transforming lifecycle-livedata-2.7.0.aar (androidx.lifecycle:lifecycle-livedata:2.7.0) with AarResourcesCompilerTransform
Transforming lifecycle-livedata-2.7.0.aar (androidx.lifecycle:lifecycle-livedata:2.7.0) with ExtractAarTransform
Transforming lifecycle-livedata-2.7.0.aar (androidx.lifecycle:lifecycle-livedata:2.7.0) with AarResourcesCompilerTransform
Transforming lifecycle-viewmodel-savedstate-2.7.0.aar (androidx.lifecycle:lifecycle-viewmodel-savedstate:2.7.0) with ExtractAarTransform
Transforming lifecycle-viewmodel-savedstate-2.7.0.aar (androidx.lifecycle:lifecycle-viewmodel-savedstate:2.7.0) with AarResourcesCompilerTransform
Transforming customview-poolingcontainer-1.0.0.aar (androidx.customview:customview-poolingcontainer:1.0.0) with ExtractAarTransform
Transforming customview-poolingcontainer-1.0.0.aar (androidx.customview:customview-poolingcontainer:1.0.0) with AarResourcesCompilerTransform
Transforming core-ktx-1.12.0.aar (androidx.core:core-ktx:1.12.0) with ExtractAarTransform
Transforming core-ktx-1.12.0.aar (androidx.core:core-ktx:1.12.0) with AarResourcesCompilerTransform
Transforming swiperefreshlayout-1.1.0.aar (androidx.swiperefreshlayout:swiperefreshlayout:1.1.0) with ExtractAarTransform
Transforming swiperefreshlayout-1.1.0.aar (androidx.swiperefreshlayout:swiperefreshlayout:1.1.0) with AarResourcesCompilerTransform
Transforming drawerlayout-1.1.1.aar (androidx.drawerlayout:drawerlayout:1.1.1) with ExtractAarTransform
Transforming drawerlayout-1.1.1.aar (androidx.drawerlayout:drawerlayout:1.1.1) with AarResourcesCompilerTransform
Transforming coordinatorlayout-1.1.0.aar (androidx.coordinatorlayout:coordinatorlayout:1.1.0) with ExtractAarTransform
Transforming coordinatorlayout-1.1.0.aar (androidx.coordinatorlayout:coordinatorlayout:1.1.0) with AarResourcesCompilerTransform
Transforming vectordrawable-animated-1.1.0.aar (androidx.vectordrawable:vectordrawable-animated:1.1.0) with ExtractAarTransform
Transforming vectordrawable-animated-1.1.0.aar (androidx.vectordrawable:vectordrawable-animated:1.1.0) with AarResourcesCompilerTransform
Transforming vectordrawable-1.1.0.aar (androidx.vectordrawable:vectordrawable:1.1.0) with ExtractAarTransform
Transforming vectordrawable-1.1.0.aar (androidx.vectordrawable:vectordrawable:1.1.0) with AarResourcesCompilerTransform
Transforming vectordrawable-1.1.0.aar (androidx.vectordrawable:vectordrawable:1.1.0) with ExtractAarTransform
Transforming vectordrawable-1.1.0.aar (androidx.vectordrawable:vectordrawable:1.1.0) with AarResourcesCompilerTransform
Transforming viewpager-1.0.0.aar (androidx.viewpager:viewpager:1.0.0) with ExtractAarTransform
Transforming viewpager-1.0.0.aar (androidx.viewpager:viewpager:1.0.0) with AarResourcesCompilerTransform
Transforming slidingpanelayout-1.2.0.aar (androidx.slidingpanelayout:slidingpanelayout:1.2.0) with ExtractAarTransform
Transforming slidingpanelayout-1.2.0.aar (androidx.slidingpanelayout:slidingpanelayout:1.2.0) with AarResourcesCompilerTransform
Transforming customview-1.1.0.aar (androidx.customview:customview:1.1.0) with ExtractAarTransform
Transforming customview-1.1.0.aar (androidx.customview:customview:1.1.0) with AarResourcesCompilerTransform
Transforming customview-1.1.0.aar (androidx.customview:customview:1.1.0) with ExtractAarTransform
Transforming customview-1.1.0.aar (androidx.customview:customview:1.1.0) with AarResourcesCompilerTransform
Transforming transition-1.4.1.aar (androidx.transition:transition:1.4.1) with ExtractAarTransform
Transforming transition-1.4.1.aar (androidx.transition:transition:1.4.1) with AarResourcesCompilerTransform
Transforming window-1.0.0.aar (androidx.window:window:1.0.0) with ExtractAarTransform
Transforming window-1.0.0.aar (androidx.window:window:1.0.0) with AarResourcesCompilerTransform
Transforming autofill-1.0.0.aar (androidx.autofill:autofill:1.0.0) with ExtractAarTransform
Transforming autofill-1.0.0.aar (androidx.autofill:autofill:1.0.0) with AarResourcesCompilerTransform
Transforming core-1.12.0.aar (androidx.core:core:1.12.0) with ExtractAarTransform
Transforming core-1.12.0.aar (androidx.core:core:1.12.0) with AarResourcesCompilerTransform
Transforming core-1.12.0.aar (androidx.core:core:1.12.0) with ExtractAarTransform
Transforming core-1.12.0.aar (androidx.core:core:1.12.0) with AarResourcesCompilerTransform
Transforming lifecycle-runtime-2.7.0.aar (androidx.lifecycle:lifecycle-runtime:2.7.0) with ExtractAarTransform
Transforming lifecycle-runtime-2.7.0.aar (androidx.lifecycle:lifecycle-runtime:2.7.0) with AarResourcesCompilerTransform
Transforming lifecycle-viewmodel-2.7.0.aar (androidx.lifecycle:lifecycle-viewmodel:2.7.0) with ExtractAarTransform
Transforming lifecycle-viewmodel-2.7.0.aar (androidx.lifecycle:lifecycle-viewmodel:2.7.0) with AarResourcesCompilerTransform
Transforming lifecycle-viewmodel-2.7.0.aar (androidx.lifecycle:lifecycle-viewmodel:2.7.0) with ExtractAarTransform
Transforming lifecycle-viewmodel-2.7.0.aar (androidx.lifecycle:lifecycle-viewmodel:2.7.0) with AarResourcesCompilerTransform
Transforming lifecycle-livedata-ktx-2.7.0.aar (androidx.lifecycle:lifecycle-livedata-ktx:2.7.0) with ExtractAarTransform
Transforming lifecycle-livedata-ktx-2.7.0.aar (androidx.lifecycle:lifecycle-livedata-ktx:2.7.0) with AarResourcesCompilerTransform
Transforming lifecycle-viewmodel-ktx-2.7.0.aar (androidx.lifecycle:lifecycle-viewmodel-ktx:2.7.0) with ExtractAarTransform
Transforming lifecycle-viewmodel-ktx-2.7.0.aar (androidx.lifecycle:lifecycle-viewmodel-ktx:2.7.0) with AarResourcesCompilerTransform
Transforming room-runtime-2.6.1.aar (androidx.room:room-runtime:2.6.1) with ExtractAarTransform
Transforming room-runtime-2.6.1.aar (androidx.room:room-runtime:2.6.1) with AarResourcesCompilerTransform
Transforming room-ktx-2.6.1.aar (androidx.room:room-ktx:2.6.1) with ExtractAarTransform
Transforming room-ktx-2.6.1.aar (androidx.room:room-ktx:2.6.1) with AarResourcesCompilerTransform
Transforming runtime-saveable-release.aar (androidx.compose.runtime:runtime-saveable-android:1.5.4) with ExtractAarTransform
Transforming runtime-saveable-release.aar (androidx.compose.runtime:runtime-saveable-android:1.5.4) with AarResourcesCompilerTransform
Transforming runtime-release.aar (androidx.compose.runtime:runtime-android:1.5.4) with ExtractAarTransform
Transforming runtime-release.aar (androidx.compose.runtime:runtime-android:1.5.4) with AarResourcesCompilerTransform
Transforming cardview-1.0.0.aar (androidx.cardview:cardview:1.0.0) with ExtractAarTransform
Transforming cardview-1.0.0.aar (androidx.cardview:cardview:1.0.0) with AarResourcesCompilerTransform
Transforming shimmer-0.5.0.aar (com.facebook.shimmer:shimmer:0.5.0) with ExtractAarTransform
Transforming shimmer-0.5.0.aar (com.facebook.shimmer:shimmer:0.5.0) with AarResourcesCompilerTransform
Transforming cursoradapter-1.0.0.aar (androidx.cursoradapter:cursoradapter:1.0.0) with ExtractAarTransform
Transforming cursoradapter-1.0.0.aar (androidx.cursoradapter:cursoradapter:1.0.0) with AarResourcesCompilerTransform
Transforming core-runtime-2.2.0.aar (androidx.arch.core:core-runtime:2.2.0) with ExtractAarTransform
Transforming core-runtime-2.2.0.aar (androidx.arch.core:core-runtime:2.2.0) with AarResourcesCompilerTransform
Transforming sqlite-framework-2.4.0.aar (androidx.sqlite:sqlite-framework:2.4.0) with ExtractAarTransform
Transforming sqlite-framework-2.4.0.aar (androidx.sqlite:sqlite-framework:2.4.0) with AarResourcesCompilerTransform
Transforming sqlite-2.4.0.aar (androidx.sqlite:sqlite:2.4.0) with ExtractAarTransform
Transforming sqlite-2.4.0.aar (androidx.sqlite:sqlite:2.4.0) with AarResourcesCompilerTransform
Transforming interpolator-1.0.0.aar (androidx.interpolator:interpolator:1.0.0) with ExtractAarTransform
Transforming interpolator-1.0.0.aar (androidx.interpolator:interpolator:1.0.0) with AarResourcesCompilerTransform
Transforming interpolator-1.0.0.aar (androidx.interpolator:interpolator:1.0.0) with ExtractAarTransform
Transforming interpolator-1.0.0.aar (androidx.interpolator:interpolator:1.0.0) with AarResourcesCompilerTransform
Transforming versionedparcelable-1.1.1.aar (androidx.versionedparcelable:versionedparcelable:1.1.1) with ExtractAarTransform
Transforming versionedparcelable-1.1.1.aar (androidx.versionedparcelable:versionedparcelable:1.1.1) with AarResourcesCompilerTransform
Transforming profileinstaller-1.3.1.aar (androidx.profileinstaller:profileinstaller:1.3.1) with ExtractAarTransform
Transforming profileinstaller-1.3.1.aar (androidx.profileinstaller:profileinstaller:1.3.1) with AarResourcesCompilerTransform
Transforming startup-runtime-1.1.1.aar (androidx.startup:startup-runtime:1.1.1) with ExtractAarTransform
Transforming startup-runtime-1.1.1.aar (androidx.startup:startup-runtime:1.1.1) with AarResourcesCompilerTransform
Transforming tracing-1.0.0.aar (androidx.tracing:tracing:1.0.0) with ExtractAarTransform
Transforming tracing-1.0.0.aar (androidx.tracing:tracing:1.0.0) with AarResourcesCompilerTransform
Transforming exifinterface-1.3.6.aar (androidx.exifinterface:exifinterface:1.3.6) with ExtractAarTransform
Transforming exifinterface-1.3.6.aar (androidx.exifinterface:exifinterface:1.3.6) with AarResourcesCompilerTransform
Transforming documentfile-1.0.0.aar (androidx.documentfile:documentfile:1.0.0) with ExtractAarTransform
Transforming documentfile-1.0.0.aar (androidx.documentfile:documentfile:1.0.0) with AarResourcesCompilerTransform
Transforming localbroadcastmanager-1.0.0.aar (androidx.localbroadcastmanager:localbroadcastmanager:1.0.0) with ExtractAarTransform
Transforming localbroadcastmanager-1.0.0.aar (androidx.localbroadcastmanager:localbroadcastmanager:1.0.0) with AarResourcesCompilerTransform
Transforming print-1.0.0.aar (androidx.print:print:1.0.0) with ExtractAarTransform
Transforming print-1.0.0.aar (androidx.print:print:1.0.0) with AarResourcesCompilerTransform
Transforming annotation-experimental-1.3.0.aar (androidx.annotation:annotation-experimental:1.3.0) with ExtractAarTransform
Transforming annotation-experimental-1.3.0.aar (androidx.annotation:annotation-experimental:1.3.0) with AarResourcesCompilerTransform
Transforming dagger-lint-aar-2.48.1.aar (com.google.dagger:dagger-lint-aar:2.48.1) with ExtractAarTransform
Transforming dagger-lint-aar-2.48.1.aar (com.google.dagger:dagger-lint-aar:2.48.1) with AarResourcesCompilerTransform
Caching disabled for task ':app:processDebugResources' because:
  Build cache is disabled
Skipping task ':app:processDebugResources' as it is up-to-date.
Resolve mutations for :app:kspDebugKotlin (Thread[Execution worker Thread 10,5,main]) started.
:app:kspDebugKotlin (Thread[Execution worker Thread 10,5,main]) started.

> Task :app:kspDebugKotlin UP-TO-DATE
file or directory 'C:\Users\Gandon\Desktop\Projects\MovieTimeTracker\app\src\debug\kotlin', not found
file or directory 'C:\Users\Gandon\Desktop\Projects\MovieTimeTracker\app\src\debug\kotlin', not found
file or directory 'C:\Users\Gandon\Desktop\Projects\MovieTimeTracker\app\src\debug\java', not found
file or directory 'C:\Users\Gandon\Desktop\Projects\MovieTimeTracker\app\src\debug\kotlin', not found
file or directory 'C:\Users\Gandon\Desktop\Projects\MovieTimeTracker\app\src\debug\java', not found
file or directory 'C:\Users\Gandon\Desktop\Projects\MovieTimeTracker\app\src\main\kotlin', not found
file or directory 'C:\Users\Gandon\Desktop\Projects\MovieTimeTracker\app\src\main\kotlin', not found
file or directory 'C:\Users\Gandon\Desktop\Projects\MovieTimeTracker\app\src\main\kotlin', not found
Transforming viewbinding-8.2.2.aar (androidx.databinding:viewbinding:8.2.2) with AarToClassTransform
Transforming navigation-common-2.7.6.aar (androidx.navigation:navigation-common:2.7.6) with AarToClassTransform
Transforming navigation-common-ktx-2.7.6.aar (androidx.navigation:navigation-common-ktx:2.7.6) with AarToClassTransform
Transforming navigation-runtime-2.7.6.aar (androidx.navigation:navigation-runtime:2.7.6) with AarToClassTransform
Transforming navigation-runtime-ktx-2.7.6.aar (androidx.navigation:navigation-runtime-ktx:2.7.6) with AarToClassTransform
Transforming navigation-fragment-2.7.6.aar (androidx.navigation:navigation-fragment:2.7.6) with AarToClassTransform
Transforming navigation-fragment-ktx-2.7.6.aar (androidx.navigation:navigation-fragment-ktx:2.7.6) with AarToClassTransform
Transforming navigation-ui-ktx-2.7.6.aar (androidx.navigation:navigation-ui-ktx:2.7.6) with AarToClassTransform
Transforming navigation-ui-2.7.6.aar (androidx.navigation:navigation-ui:2.7.6) with AarToClassTransform
Transforming material-1.11.0.aar (com.google.android.material:material:1.11.0) with AarToClassTransform
Transforming preference-ktx-1.2.1.aar (androidx.preference:preference-ktx:1.2.1) with AarToClassTransform
Transforming preference-1.2.1.aar (androidx.preference:preference:1.2.1) with AarToClassTransform
Transforming appcompat-1.6.1.aar (androidx.appcompat:appcompat:1.6.1) with AarToClassTransform
Transforming hilt-android-2.48.1.aar (com.google.dagger:hilt-android:2.48.1) with AarToClassTransform
Transforming viewpager2-1.1.0-beta02.aar (androidx.viewpager2:viewpager2:1.1.0-beta02) with AarToClassTransform
Transforming fragment-1.6.2.aar (androidx.fragment:fragment:1.6.2) with AarToClassTransform
Transforming fragment-ktx-1.6.2.aar (androidx.fragment:fragment-ktx:1.6.2) with AarToClassTransform
Transforming activity-1.8.2.aar (androidx.activity:activity:1.8.2) with AarToClassTransform
Transforming activity-ktx-1.8.2.aar (androidx.activity:activity-ktx:1.8.2) with AarToClassTransform
Transforming lifecycle-livedata-core-2.7.0.aar (androidx.lifecycle:lifecycle-livedata-core:2.7.0) with AarToClassTransform
Transforming paging-runtime-ktx-3.2.1.aar (androidx.paging:paging-runtime-ktx:3.2.1) with AarToClassTransform
Transforming paging-runtime-3.2.1.aar (androidx.paging:paging-runtime:3.2.1) with AarToClassTransform
Transforming lifecycle-runtime-ktx-2.7.0.aar (androidx.lifecycle:lifecycle-runtime-ktx:2.7.0) with AarToClassTransform
Transforming lifecycle-livedata-core-ktx-2.7.0.aar (androidx.lifecycle:lifecycle-livedata-core-ktx:2.7.0) with AarToClassTransform
Transforming dynamicanimation-1.0.0.aar (androidx.dynamicanimation:dynamicanimation:1.0.0) with AarToClassTransform
Transforming legacy-support-core-utils-1.0.0.aar (androidx.legacy:legacy-support-core-utils:1.0.0) with AarToClassTransform
Transforming loader-1.0.0.aar (androidx.loader:loader:1.0.0) with AarToClassTransform
Transforming lifecycle-common-2.7.0.jar (androidx.lifecycle:lifecycle-common:2.7.0) with IdentityTransform
Transforming loader-1.0.0.aar (androidx.loader:loader:1.0.0) with AarToClassTransform
Transforming lifecycle-livedata-2.7.0.aar (androidx.lifecycle:lifecycle-livedata:2.7.0) with AarToClassTransform
Transforming paging-common-ktx-3.2.1.jar (androidx.paging:paging-common-ktx:3.2.1) with IdentityTransform
Transforming lifecycle-livedata-2.7.0.aar (androidx.lifecycle:lifecycle-livedata:2.7.0) with AarToClassTransform
Transforming lifecycle-viewmodel-2.7.0.aar (androidx.lifecycle:lifecycle-viewmodel:2.7.0) with AarToClassTransform
Transforming lifecycle-viewmodel-2.7.0.aar (androidx.lifecycle:lifecycle-viewmodel:2.7.0) with AarToClassTransform
Transforming paging-common-3.2.1.jar (androidx.paging:paging-common:3.2.1) with IdentityTransform
Transforming lifecycle-viewmodel-savedstate-2.7.0.aar (androidx.lifecycle:lifecycle-viewmodel-savedstate:2.7.0) with AarToClassTransform
Transforming core-ktx-1.12.0.aar (androidx.core:core-ktx:1.12.0) with AarToClassTransform
Transforming recyclerview-1.3.2.aar (androidx.recyclerview:recyclerview:1.3.2) with AarToClassTransform
Transforming swiperefreshlayout-1.1.0.aar (androidx.swiperefreshlayout:swiperefreshlayout:1.1.0) with AarToClassTransform
Transforming appcompat-resources-1.6.1.aar (androidx.appcompat:appcompat-resources:1.6.1) with AarToClassTransform
Transforming drawerlayout-1.1.1.aar (androidx.drawerlayout:drawerlayout:1.1.1) with AarToClassTransform
Transforming coordinatorlayout-1.1.0.aar (androidx.coordinatorlayout:coordinatorlayout:1.1.0) with AarToClassTransform
Transforming transition-1.4.1.aar (androidx.transition:transition:1.4.1) with AarToClassTransform
Transforming vectordrawable-animated-1.1.0.aar (androidx.vectordrawable:vectordrawable-animated:1.1.0) with AarToClassTransform
Transforming vectordrawable-1.1.0.aar (androidx.vectordrawable:vectordrawable:1.1.0) with AarToClassTransform
Transforming vectordrawable-1.1.0.aar (androidx.vectordrawable:vectordrawable:1.1.0) with AarToClassTransform
Transforming viewpager-1.0.0.aar (androidx.viewpager:viewpager:1.0.0) with AarToClassTransform
Transforming slidingpanelayout-1.2.0.aar (androidx.slidingpanelayout:slidingpanelayout:1.2.0) with AarToClassTransform
Transforming customview-1.1.0.aar (androidx.customview:customview:1.1.0) with AarToClassTransform
Transforming customview-1.1.0.aar (androidx.customview:customview:1.1.0) with AarToClassTransform
Transforming core-1.12.0.aar (androidx.core:core:1.12.0) with AarToClassTransform
Transforming core-1.12.0.aar (androidx.core:core:1.12.0) with AarToClassTransform
Transforming coil-compose-2.5.0.aar (io.coil-kt:coil-compose:2.5.0) with AarToClassTransform
Transforming coil-2.5.0.aar (io.coil-kt:coil:2.5.0) with AarToClassTransform
Transforming coil-compose-base-2.5.0.aar (io.coil-kt:coil-compose-base:2.5.0) with AarToClassTransform
Transforming coil-base-2.5.0.aar (io.coil-kt:coil-base:2.5.0) with AarToClassTransform
Transforming lifecycle-runtime-2.7.0.aar (androidx.lifecycle:lifecycle-runtime:2.7.0) with AarToClassTransform
Transforming lifecycle-livedata-ktx-2.7.0.aar (androidx.lifecycle:lifecycle-livedata-ktx:2.7.0) with AarToClassTransform
Transforming lifecycle-viewmodel-ktx-2.7.0.aar (androidx.lifecycle:lifecycle-viewmodel-ktx:2.7.0) with AarToClassTransform
Transforming room-common-2.6.1.jar (androidx.room:room-common:2.6.1) with IdentityTransform
Transforming room-runtime-2.6.1.aar (androidx.room:room-runtime:2.6.1) with AarToClassTransform
Transforming room-ktx-2.6.1.aar (androidx.room:room-ktx:2.6.1) with AarToClassTransform
Transforming animation-core-release.aar (androidx.compose.animation:animation-core-android:1.5.4) with AarToClassTransform
Transforming animation-release.aar (androidx.compose.animation:animation-android:1.5.4) with AarToClassTransform
Transforming foundation-layout-release.aar (androidx.compose.foundation:foundation-layout-android:1.5.4) with AarToClassTransform
Transforming foundation-release.aar (androidx.compose.foundation:foundation-android:1.5.4) with AarToClassTransform
Transforming ui-unit-release.aar (androidx.compose.ui:ui-unit-android:1.5.4) with AarToClassTransform
Transforming ui-text-release.aar (androidx.compose.ui:ui-text-android:1.5.4) with AarToClassTransform
Transforming ui-graphics-release.aar (androidx.compose.ui:ui-graphics-android:1.5.4) with AarToClassTransform
Transforming ui-geometry-release.aar (androidx.compose.ui:ui-geometry-android:1.5.4) with AarToClassTransform
Transforming ui-release.aar (androidx.compose.ui:ui-android:1.5.4) with AarToClassTransform
Transforming runtime-saveable-release.aar (androidx.compose.runtime:runtime-saveable-android:1.5.4) with AarToClassTransform
Transforming runtime-release.aar (androidx.compose.runtime:runtime-android:1.5.4) with AarToClassTransform
Transforming cardview-1.0.0.aar (androidx.cardview:cardview:1.0.0) with AarToClassTransform
Transforming shimmer-0.5.0.aar (com.facebook.shimmer:shimmer:0.5.0) with AarToClassTransform
Transforming cursoradapter-1.0.0.aar (androidx.cursoradapter:cursoradapter:1.0.0) with AarToClassTransform
Transforming savedstate-ktx-1.2.1.aar (androidx.savedstate:savedstate-ktx:1.2.1) with AarToClassTransform
Transforming savedstate-1.2.1.aar (androidx.savedstate:savedstate:1.2.1) with AarToClassTransform
Transforming kotlinx-coroutines-core-jvm-1.7.3.jar (org.jetbrains.kotlinx:kotlinx-coroutines-core-jvm:1.7.3) with IdentityTransform
Transforming sqlite-framework-2.4.0.aar (androidx.sqlite:sqlite-framework:2.4.0) with AarToClassTransform
Transforming sqlite-2.4.0.aar (androidx.sqlite:sqlite:2.4.0) with AarToClassTransform
Transforming interpolator-1.0.0.aar (androidx.interpolator:interpolator:1.0.0) with AarToClassTransform
Transforming kotlinx-coroutines-android-1.7.3.jar (org.jetbrains.kotlinx:kotlinx-coroutines-android:1.7.3) with IdentityTransform
Transforming versionedparcelable-1.1.1.aar (androidx.versionedparcelable:versionedparcelable:1.1.1) with AarToClassTransform
Transforming logging-interceptor-4.12.0.jar (com.squareup.okhttp3:logging-interceptor:4.12.0) with IdentityTransform
Transforming core-runtime-2.2.0.aar (androidx.arch.core:core-runtime:2.2.0) with AarToClassTransform
Transforming documentfile-1.0.0.aar (androidx.documentfile:documentfile:1.0.0) with AarToClassTransform
Transforming localbroadcastmanager-1.0.0.aar (androidx.localbroadcastmanager:localbroadcastmanager:1.0.0) with AarToClassTransform
Transforming converter-gson-2.9.0.jar (com.squareup.retrofit2:converter-gson:2.9.0) with IdentityTransform
Transforming print-1.0.0.aar (androidx.print:print:1.0.0) with AarToClassTransform
Transforming annotation-experimental-1.3.0.aar (androidx.annotation:annotation-experimental:1.3.0) with AarToClassTransform
Transforming constraintlayout-2.1.4.aar (androidx.constraintlayout:constraintlayout:2.1.4) with AarToClassTransform
Transforming dagger-2.48.1.jar (com.google.dagger:dagger:2.48.1) with IdentityTransform
Transforming javax.inject-1.jar (javax.inject:javax.inject:1) with IdentityTransform
Transforming dagger-lint-aar-2.48.1.aar (com.google.dagger:dagger-lint-aar:2.48.1) with AarToClassTransform
Transforming jsr305-3.0.2.jar (com.google.code.findbugs:jsr305:3.0.2) with IdentityTransform
Transforming lottie-6.2.0.aar (com.airbnb.android:lottie:6.2.0) with AarToClassTransform
Transforming collection-ktx-1.3.0.jar (androidx.collection:collection-ktx:1.3.0) with IdentityTransform
Transforming core-common-2.2.0.jar (androidx.arch.core:core-common:2.2.0) with IdentityTransform
Transforming okio-jvm-3.6.0.jar (com.squareup.okio:okio-jvm:3.6.0) with IdentityTransform
Transforming kotlin-stdlib-jdk7-1.9.10.jar (org.jetbrains.kotlin:kotlin-stdlib-jdk7:1.9.10) with IdentityTransform
Transforming kotlin-stdlib-1.9.10.jar (org.jetbrains.kotlin:kotlin-stdlib:1.9.10) with IdentityTransform
Transforming resourceinspection-annotation-1.0.1.jar (androidx.resourceinspection:resourceinspection-annotation:1.0.1) with IdentityTransform
Transforming collection-jvm-1.3.0.jar (androidx.collection:collection-jvm:1.3.0) with IdentityTransform
Transforming gson-2.8.5.jar (com.google.code.gson:gson:2.8.5) with IdentityTransform
Transforming retrofit-2.9.0.jar (com.squareup.retrofit2:retrofit:2.9.0) with IdentityTransform
Transforming kotlin-stdlib-jdk8-1.9.10.jar (org.jetbrains.kotlin:kotlin-stdlib-jdk8:1.9.10) with IdentityTransform
Transforming kotlin-stdlib-common-1.9.10.jar (org.jetbrains.kotlin:kotlin-stdlib-common:1.9.10) with IdentityTransform
Transforming annotation-jvm-1.7.0.jar (androidx.annotation:annotation-jvm:1.7.0) with IdentityTransform
Transforming annotations-23.0.0.jar (org.jetbrains:annotations:23.0.0) with IdentityTransform
Transforming hilt-core-2.48.1.jar (com.google.dagger:hilt-core:2.48.1) with IdentityTransform
Transforming okhttp-4.12.0.jar (com.squareup.okhttp3:okhttp:4.12.0) with IdentityTransform
Transforming R.jar with ClasspathEntrySnapshotTransform
Transforming viewbinding-8.2.2-api.jar with ClasspathEntrySnapshotTransform
Transforming navigation-common-2.7.6-api.jar with ClasspathEntrySnapshotTransform
Transforming navigation-common-ktx-2.7.6-api.jar with ClasspathEntrySnapshotTransform
Transforming navigation-runtime-2.7.6-api.jar with ClasspathEntrySnapshotTransform
Transforming navigation-runtime-ktx-2.7.6-api.jar with ClasspathEntrySnapshotTransform
Transforming navigation-fragment-2.7.6-api.jar with ClasspathEntrySnapshotTransform
Transforming navigation-fragment-ktx-2.7.6-api.jar with ClasspathEntrySnapshotTransform
Transforming navigation-ui-ktx-2.7.6-api.jar with ClasspathEntrySnapshotTransform
Transforming navigation-ui-2.7.6-api.jar with ClasspathEntrySnapshotTransform
Transforming material-1.11.0-api.jar with ClasspathEntrySnapshotTransform
Transforming preference-ktx-1.2.1-api.jar with ClasspathEntrySnapshotTransform
Transforming preference-1.2.1-api.jar with ClasspathEntrySnapshotTransform
Transforming appcompat-1.6.1-api.jar with ClasspathEntrySnapshotTransform
Transforming hilt-android-2.48.1-api.jar with ClasspathEntrySnapshotTransform
Transforming viewpager2-1.1.0-beta02-api.jar with ClasspathEntrySnapshotTransform
Transforming fragment-1.6.2-api.jar with ClasspathEntrySnapshotTransform
Transforming fragment-ktx-1.6.2-api.jar with ClasspathEntrySnapshotTransform
Transforming activity-1.8.2-api.jar with ClasspathEntrySnapshotTransform
Transforming activity-ktx-1.8.2-api.jar with ClasspathEntrySnapshotTransform
Transforming lifecycle-livedata-core-2.7.0-api.jar with ClasspathEntrySnapshotTransform
Transforming lifecycle-common-2.7.0.jar with ClasspathEntrySnapshotTransform
Transforming paging-common-ktx-3.2.1.jar with ClasspathEntrySnapshotTransform
Transforming paging-common-3.2.1.jar with ClasspathEntrySnapshotTransform
Transforming paging-runtime-ktx-3.2.1-api.jar with ClasspathEntrySnapshotTransform
Transforming paging-runtime-3.2.1-api.jar with ClasspathEntrySnapshotTransform
Transforming lifecycle-runtime-ktx-2.7.0-api.jar with ClasspathEntrySnapshotTransform
Transforming lifecycle-livedata-core-ktx-2.7.0-api.jar with ClasspathEntrySnapshotTransform
Transforming dynamicanimation-1.0.0-api.jar with ClasspathEntrySnapshotTransform
Transforming legacy-support-core-utils-1.0.0-api.jar with ClasspathEntrySnapshotTransform
Transforming loader-1.0.0-api.jar with ClasspathEntrySnapshotTransform
Transforming lifecycle-livedata-2.7.0-api.jar with ClasspathEntrySnapshotTransform
Transforming lifecycle-viewmodel-2.7.0-api.jar with ClasspathEntrySnapshotTransform
Transforming lifecycle-viewmodel-savedstate-2.7.0-api.jar with ClasspathEntrySnapshotTransform
Transforming core-ktx-1.12.0-api.jar with ClasspathEntrySnapshotTransform
Transforming recyclerview-1.3.2-api.jar with ClasspathEntrySnapshotTransform
Transforming swiperefreshlayout-1.1.0-api.jar with ClasspathEntrySnapshotTransform
Transforming appcompat-resources-1.6.1-api.jar with ClasspathEntrySnapshotTransform
Transforming drawerlayout-1.1.1-api.jar with ClasspathEntrySnapshotTransform
Transforming coordinatorlayout-1.1.0-api.jar with ClasspathEntrySnapshotTransform
Transforming transition-1.4.1-api.jar with ClasspathEntrySnapshotTransform
Transforming vectordrawable-animated-1.1.0-api.jar with ClasspathEntrySnapshotTransform
Transforming vectordrawable-1.1.0-api.jar with ClasspathEntrySnapshotTransform
Transforming viewpager-1.0.0-api.jar with ClasspathEntrySnapshotTransform
Transforming slidingpanelayout-1.2.0-api.jar with ClasspathEntrySnapshotTransform
Transforming customview-1.1.0-api.jar with ClasspathEntrySnapshotTransform
Transforming core-1.12.0-api.jar with ClasspathEntrySnapshotTransform
Transforming coil-compose-2.5.0-api.jar with ClasspathEntrySnapshotTransform
Transforming coil-2.5.0-api.jar with ClasspathEntrySnapshotTransform
Transforming coil-compose-base-2.5.0-api.jar with ClasspathEntrySnapshotTransform
Transforming coil-base-2.5.0-api.jar with ClasspathEntrySnapshotTransform
Transforming lifecycle-runtime-2.7.0-api.jar with ClasspathEntrySnapshotTransform
Transforming lifecycle-livedata-ktx-2.7.0-api.jar with ClasspathEntrySnapshotTransform
Transforming lifecycle-viewmodel-ktx-2.7.0-api.jar with ClasspathEntrySnapshotTransform
Transforming room-common-2.6.1.jar with ClasspathEntrySnapshotTransform
Transforming room-runtime-2.6.1-api.jar with ClasspathEntrySnapshotTransform
Transforming room-ktx-2.6.1-api.jar with ClasspathEntrySnapshotTransform
Transforming animation-core-release-api.jar with ClasspathEntrySnapshotTransform
Transforming animation-release-api.jar with ClasspathEntrySnapshotTransform
Transforming foundation-layout-release-api.jar with ClasspathEntrySnapshotTransform
Transforming foundation-release-api.jar with ClasspathEntrySnapshotTransform
Transforming ui-unit-release-api.jar with ClasspathEntrySnapshotTransform
Transforming ui-text-release-api.jar with ClasspathEntrySnapshotTransform
Transforming ui-graphics-release-api.jar with ClasspathEntrySnapshotTransform
Transforming ui-geometry-release-api.jar with ClasspathEntrySnapshotTransform
Transforming ui-release-api.jar with ClasspathEntrySnapshotTransform
Transforming runtime-saveable-release-api.jar with ClasspathEntrySnapshotTransform
Transforming runtime-release-api.jar with ClasspathEntrySnapshotTransform
Transforming kotlinx-coroutines-core-jvm-1.7.3.jar with ClasspathEntrySnapshotTransform
Transforming kotlinx-coroutines-android-1.7.3.jar with ClasspathEntrySnapshotTransform
Transforming logging-interceptor-4.12.0.jar with ClasspathEntrySnapshotTransform
Transforming converter-gson-2.9.0.jar with ClasspathEntrySnapshotTransform
Transforming retrofit-2.9.0.jar with ClasspathEntrySnapshotTransform
Transforming okhttp-4.12.0.jar with ClasspathEntrySnapshotTransform
Transforming okio-jvm-3.6.0.jar with ClasspathEntrySnapshotTransform
Transforming kotlin-stdlib-jdk8-1.9.10.jar with ClasspathEntrySnapshotTransform
Transforming cardview-1.0.0-api.jar with ClasspathEntrySnapshotTransform
Transforming shimmer-0.5.0-api.jar with ClasspathEntrySnapshotTransform
Transforming cursoradapter-1.0.0-api.jar with ClasspathEntrySnapshotTransform
Transforming savedstate-ktx-1.2.1-api.jar with ClasspathEntrySnapshotTransform
Transforming savedstate-1.2.1-api.jar with ClasspathEntrySnapshotTransform
Transforming sqlite-framework-2.4.0-api.jar with ClasspathEntrySnapshotTransform
Transforming sqlite-2.4.0-api.jar with ClasspathEntrySnapshotTransform
Transforming interpolator-1.0.0-api.jar with ClasspathEntrySnapshotTransform
Transforming versionedparcelable-1.1.1-api.jar with ClasspathEntrySnapshotTransform
Transforming core-runtime-2.2.0-api.jar with ClasspathEntrySnapshotTransform
Transforming core-common-2.2.0.jar with ClasspathEntrySnapshotTransform
Transforming collection-ktx-1.3.0.jar with ClasspathEntrySnapshotTransform
Transforming collection-jvm-1.3.0.jar with ClasspathEntrySnapshotTransform
Transforming documentfile-1.0.0-api.jar with ClasspathEntrySnapshotTransform
Transforming localbroadcastmanager-1.0.0-api.jar with ClasspathEntrySnapshotTransform
Transforming print-1.0.0-api.jar with ClasspathEntrySnapshotTransform
Transforming annotation-jvm-1.7.0.jar with ClasspathEntrySnapshotTransform
Transforming kotlin-stdlib-jdk7-1.9.10.jar with ClasspathEntrySnapshotTransform
Transforming annotation-experimental-1.3.0-api.jar with ClasspathEntrySnapshotTransform
Transforming kotlin-stdlib-1.9.10.jar with ClasspathEntrySnapshotTransform
Transforming kotlin-stdlib-common-1.9.10.jar with ClasspathEntrySnapshotTransform
Transforming annotations-23.0.0.jar with ClasspathEntrySnapshotTransform
Transforming resourceinspection-annotation-1.0.1.jar with ClasspathEntrySnapshotTransform
Transforming constraintlayout-2.1.4-api.jar with ClasspathEntrySnapshotTransform
Transforming hilt-core-2.48.1.jar with ClasspathEntrySnapshotTransform
Transforming dagger-2.48.1.jar with ClasspathEntrySnapshotTransform
Transforming javax.inject-1.jar with ClasspathEntrySnapshotTransform
Transforming dagger-lint-aar-2.48.1-api.jar with ClasspathEntrySnapshotTransform
Transforming jsr305-3.0.2.jar with ClasspathEntrySnapshotTransform
Transforming gson-2.8.5.jar with ClasspathEntrySnapshotTransform
Transforming lottie-6.2.0-api.jar with ClasspathEntrySnapshotTransform
Transforming android.jar with ClasspathEntrySnapshotTransform
Transforming core-lambda-stubs.jar with ClasspathEntrySnapshotTransform
file or directory 'C:\Users\Gandon\Desktop\Projects\MovieTimeTracker\app\src\debug\kotlin', not found
file or directory 'C:\Users\Gandon\Desktop\Projects\MovieTimeTracker\app\src\debug\kotlin', not found
file or directory 'C:\Users\Gandon\Desktop\Projects\MovieTimeTracker\app\src\debug\java', not found
file or directory 'C:\Users\Gandon\Desktop\Projects\MovieTimeTracker\app\src\debug\kotlin', not found
file or directory 'C:\Users\Gandon\Desktop\Projects\MovieTimeTracker\app\src\debug\java', not found
file or directory 'C:\Users\Gandon\Desktop\Projects\MovieTimeTracker\app\src\main\kotlin', not found
file or directory 'C:\Users\Gandon\Desktop\Projects\MovieTimeTracker\app\src\main\kotlin', not found
file or directory 'C:\Users\Gandon\Desktop\Projects\MovieTimeTracker\app\src\main\kotlin', not found
Caching disabled for task ':app:kspDebugKotlin' because:
  Build cache is disabled
Skipping task ':app:kspDebugKotlin' as it is up-to-date.
Resolve mutations for :app:compileDebugKotlin (Thread[Execution worker Thread 10,5,main]) started.
:app:compileDebugKotlin (Thread[Execution worker Thread 10,5,main]) started.

> Task :app:compileDebugKotlin UP-TO-DATE
Transforming R.jar with ClasspathEntrySnapshotTransform
Transforming viewbinding-8.2.2-api.jar with ClasspathEntrySnapshotTransform
Transforming navigation-common-2.7.6-api.jar with ClasspathEntrySnapshotTransform
Transforming navigation-common-ktx-2.7.6-api.jar with ClasspathEntrySnapshotTransform
Transforming navigation-runtime-2.7.6-api.jar with ClasspathEntrySnapshotTransform
Transforming navigation-runtime-ktx-2.7.6-api.jar with ClasspathEntrySnapshotTransform
Transforming navigation-fragment-2.7.6-api.jar with ClasspathEntrySnapshotTransform
Transforming navigation-fragment-ktx-2.7.6-api.jar with ClasspathEntrySnapshotTransform
Transforming navigation-ui-ktx-2.7.6-api.jar with ClasspathEntrySnapshotTransform
Transforming navigation-ui-2.7.6-api.jar with ClasspathEntrySnapshotTransform
Transforming material-1.11.0-api.jar with ClasspathEntrySnapshotTransform
Transforming preference-ktx-1.2.1-api.jar with ClasspathEntrySnapshotTransform
Transforming preference-1.2.1-api.jar with ClasspathEntrySnapshotTransform
Transforming appcompat-1.6.1-api.jar with ClasspathEntrySnapshotTransform
Transforming hilt-android-2.48.1-api.jar with ClasspathEntrySnapshotTransform
Transforming viewpager2-1.1.0-beta02-api.jar with ClasspathEntrySnapshotTransform
Transforming fragment-1.6.2-api.jar with ClasspathEntrySnapshotTransform
Transforming fragment-ktx-1.6.2-api.jar with ClasspathEntrySnapshotTransform
Transforming activity-1.8.2-api.jar with ClasspathEntrySnapshotTransform
Transforming activity-ktx-1.8.2-api.jar with ClasspathEntrySnapshotTransform
Transforming lifecycle-livedata-core-2.7.0-api.jar with ClasspathEntrySnapshotTransform
Transforming lifecycle-common-2.7.0.jar with ClasspathEntrySnapshotTransform
Transforming paging-common-ktx-3.2.1.jar with ClasspathEntrySnapshotTransform
Transforming paging-common-3.2.1.jar with ClasspathEntrySnapshotTransform
Transforming paging-runtime-ktx-3.2.1-api.jar with ClasspathEntrySnapshotTransform
Transforming paging-runtime-3.2.1-api.jar with ClasspathEntrySnapshotTransform
Transforming lifecycle-runtime-ktx-2.7.0-api.jar with ClasspathEntrySnapshotTransform
Transforming lifecycle-livedata-core-ktx-2.7.0-api.jar with ClasspathEntrySnapshotTransform
Transforming dynamicanimation-1.0.0-api.jar with ClasspathEntrySnapshotTransform
Transforming legacy-support-core-utils-1.0.0-api.jar with ClasspathEntrySnapshotTransform
Transforming loader-1.0.0-api.jar with ClasspathEntrySnapshotTransform
Transforming lifecycle-livedata-2.7.0-api.jar with ClasspathEntrySnapshotTransform
Transforming lifecycle-viewmodel-2.7.0-api.jar with ClasspathEntrySnapshotTransform
Transforming lifecycle-viewmodel-savedstate-2.7.0-api.jar with ClasspathEntrySnapshotTransform
Transforming core-ktx-1.12.0-api.jar with ClasspathEntrySnapshotTransform
Transforming recyclerview-1.3.2-api.jar with ClasspathEntrySnapshotTransform
Transforming swiperefreshlayout-1.1.0-api.jar with ClasspathEntrySnapshotTransform
Transforming appcompat-resources-1.6.1-api.jar with ClasspathEntrySnapshotTransform
Transforming drawerlayout-1.1.1-api.jar with ClasspathEntrySnapshotTransform
Transforming coordinatorlayout-1.1.0-api.jar with ClasspathEntrySnapshotTransform
Transforming transition-1.4.1-api.jar with ClasspathEntrySnapshotTransform
Transforming vectordrawable-animated-1.1.0-api.jar with ClasspathEntrySnapshotTransform
Transforming vectordrawable-1.1.0-api.jar with ClasspathEntrySnapshotTransform
Transforming viewpager-1.0.0-api.jar with ClasspathEntrySnapshotTransform
Transforming slidingpanelayout-1.2.0-api.jar with ClasspathEntrySnapshotTransform
Transforming customview-1.1.0-api.jar with ClasspathEntrySnapshotTransform
Transforming core-1.12.0-api.jar with ClasspathEntrySnapshotTransform
Transforming coil-compose-2.5.0-api.jar with ClasspathEntrySnapshotTransform
Transforming coil-2.5.0-api.jar with ClasspathEntrySnapshotTransform
Transforming coil-compose-base-2.5.0-api.jar with ClasspathEntrySnapshotTransform
Transforming coil-base-2.5.0-api.jar with ClasspathEntrySnapshotTransform
Transforming lifecycle-runtime-2.7.0-api.jar with ClasspathEntrySnapshotTransform
Transforming lifecycle-livedata-ktx-2.7.0-api.jar with ClasspathEntrySnapshotTransform
Transforming lifecycle-viewmodel-ktx-2.7.0-api.jar with ClasspathEntrySnapshotTransform
Transforming room-common-2.6.1.jar with ClasspathEntrySnapshotTransform
Transforming room-runtime-2.6.1-api.jar with ClasspathEntrySnapshotTransform
Transforming room-ktx-2.6.1-api.jar with ClasspathEntrySnapshotTransform
Transforming animation-core-release-api.jar with ClasspathEntrySnapshotTransform
Transforming animation-release-api.jar with ClasspathEntrySnapshotTransform
Transforming foundation-layout-release-api.jar with ClasspathEntrySnapshotTransform
Transforming foundation-release-api.jar with ClasspathEntrySnapshotTransform
Transforming ui-unit-release-api.jar with ClasspathEntrySnapshotTransform
Transforming ui-text-release-api.jar with ClasspathEntrySnapshotTransform
Transforming ui-graphics-release-api.jar with ClasspathEntrySnapshotTransform
Transforming ui-geometry-release-api.jar with ClasspathEntrySnapshotTransform
Transforming ui-release-api.jar with ClasspathEntrySnapshotTransform
Transforming runtime-saveable-release-api.jar with ClasspathEntrySnapshotTransform
Transforming runtime-release-api.jar with ClasspathEntrySnapshotTransform
Transforming kotlinx-coroutines-core-jvm-1.7.3.jar with ClasspathEntrySnapshotTransform
Transforming kotlinx-coroutines-android-1.7.3.jar with ClasspathEntrySnapshotTransform
Transforming logging-interceptor-4.12.0.jar with ClasspathEntrySnapshotTransform
Transforming converter-gson-2.9.0.jar with ClasspathEntrySnapshotTransform
Transforming retrofit-2.9.0.jar with ClasspathEntrySnapshotTransform
Transforming okhttp-4.12.0.jar with ClasspathEntrySnapshotTransform
Transforming okio-jvm-3.6.0.jar with ClasspathEntrySnapshotTransform
Transforming kotlin-stdlib-jdk8-1.9.10.jar with ClasspathEntrySnapshotTransform
Transforming cardview-1.0.0-api.jar with ClasspathEntrySnapshotTransform
Transforming shimmer-0.5.0-api.jar with ClasspathEntrySnapshotTransform
Transforming cursoradapter-1.0.0-api.jar with ClasspathEntrySnapshotTransform
Transforming savedstate-ktx-1.2.1-api.jar with ClasspathEntrySnapshotTransform
Transforming savedstate-1.2.1-api.jar with ClasspathEntrySnapshotTransform
Transforming sqlite-framework-2.4.0-api.jar with ClasspathEntrySnapshotTransform
Transforming sqlite-2.4.0-api.jar with ClasspathEntrySnapshotTransform
Transforming interpolator-1.0.0-api.jar with ClasspathEntrySnapshotTransform
Transforming versionedparcelable-1.1.1-api.jar with ClasspathEntrySnapshotTransform
Transforming core-runtime-2.2.0-api.jar with ClasspathEntrySnapshotTransform
Transforming core-common-2.2.0.jar with ClasspathEntrySnapshotTransform
Transforming collection-ktx-1.3.0.jar with ClasspathEntrySnapshotTransform
Transforming collection-jvm-1.3.0.jar with ClasspathEntrySnapshotTransform
Transforming documentfile-1.0.0-api.jar with ClasspathEntrySnapshotTransform
Transforming localbroadcastmanager-1.0.0-api.jar with ClasspathEntrySnapshotTransform
Transforming print-1.0.0-api.jar with ClasspathEntrySnapshotTransform
Transforming annotation-jvm-1.7.0.jar with ClasspathEntrySnapshotTransform
Transforming kotlin-stdlib-jdk7-1.9.10.jar with ClasspathEntrySnapshotTransform
Transforming annotation-experimental-1.3.0-api.jar with ClasspathEntrySnapshotTransform
Transforming kotlin-stdlib-1.9.10.jar with ClasspathEntrySnapshotTransform
Transforming kotlin-stdlib-common-1.9.10.jar with ClasspathEntrySnapshotTransform
Transforming annotations-23.0.0.jar with ClasspathEntrySnapshotTransform
Transforming resourceinspection-annotation-1.0.1.jar with ClasspathEntrySnapshotTransform
Transforming constraintlayout-2.1.4-api.jar with ClasspathEntrySnapshotTransform
Transforming hilt-core-2.48.1.jar with ClasspathEntrySnapshotTransform
Transforming dagger-2.48.1.jar with ClasspathEntrySnapshotTransform
Transforming javax.inject-1.jar with ClasspathEntrySnapshotTransform
Transforming dagger-lint-aar-2.48.1-api.jar with ClasspathEntrySnapshotTransform
Transforming jsr305-3.0.2.jar with ClasspathEntrySnapshotTransform
Transforming gson-2.8.5.jar with ClasspathEntrySnapshotTransform
Transforming lottie-6.2.0-api.jar with ClasspathEntrySnapshotTransform
Transforming android.jar with ClasspathEntrySnapshotTransform
Transforming core-lambda-stubs.jar with ClasspathEntrySnapshotTransform
Caching disabled for task ':app:compileDebugKotlin' because:
  Build cache is disabled
Skipping task ':app:compileDebugKotlin' as it is up-to-date.
Resolve mutations for :app:javaPreCompileDebug (Thread[Execution worker Thread 10,5,main]) started.
:app:javaPreCompileDebug (Thread[Execution worker Thread 10,5,main]) started.

> Task :app:javaPreCompileDebug UP-TO-DATE
Caching disabled for task ':app:javaPreCompileDebug' because:
  Build cache is disabled
Skipping task ':app:javaPreCompileDebug' as it is up-to-date.
Resolve mutations for :app:compileDebugJavaWithJavac (Thread[Execution worker Thread 10,5,main]) started.
:app:compileDebugJavaWithJavac (Thread[Execution worker Thread 10,5,main]) started.

> Task :app:compileDebugJavaWithJavac UP-TO-DATE
file or directory 'C:\Users\Gandon\Desktop\Projects\MovieTimeTracker\app\build\generated\ksp\debug\classes', not found
Transforming core-for-system-modules.jar with JdkImageTransform
Transforming core-for-system-modules.jar with JdkImageTransform
Transforming core-for-system-modules.jar with JdkImageTransform
Transforming core-for-system-modules.jar with JdkImageTransform
file or directory 'C:\Users\Gandon\Desktop\Projects\MovieTimeTracker\app\build\generated\ksp\debug\classes', not found
Transforming core-for-system-modules.jar with JdkImageTransform
Transforming core-for-system-modules.jar with JdkImageTransform
Custom actions are attached to task ':app:compileDebugJavaWithJavac'.
Caching disabled for task ':app:compileDebugJavaWithJavac' because:
  Build cache is disabled
Skipping task ':app:compileDebugJavaWithJavac' as it is up-to-date.
No compile result for :app:compileDebugJavaWithJavac
No compile result for :app:compileDebugJavaWithJavac
Resolve mutations for :app:mergeDebugShaders (Thread[Execution worker Thread 10,5,main]) started.
:app:mergeDebugShaders (Thread[Execution worker Thread 10,5,main]) started.

> Task :app:mergeDebugShaders UP-TO-DATE
Caching disabled for task ':app:mergeDebugShaders' because:
  Build cache is disabled
Skipping task ':app:mergeDebugShaders' as it is up-to-date.
Resolve mutations for :app:compileDebugShaders (Thread[Execution worker Thread 10,5,main]) started.
:app:compileDebugShaders (Thread[Execution worker Thread 10,5,main]) started.

> Task :app:compileDebugShaders NO-SOURCE
Skipping task ':app:compileDebugShaders' as it has no source files and no previous output files.
Resolve mutations for :app:generateDebugAssets (Thread[Execution worker Thread 10,5,main]) started.
:app:generateDebugAssets (Thread[Execution worker Thread 4,5,main]) started.

> Task :app:generateDebugAssets UP-TO-DATE
Skipping task ':app:generateDebugAssets' as it has no actions.
Resolve mutations for :app:mergeDebugAssets (Thread[Execution worker Thread 4,5,main]) started.
:app:mergeDebugAssets (Thread[Execution worker Thread 4,5,main]) started.

> Task :app:mergeDebugAssets UP-TO-DATE
Transforming viewbinding-8.2.2.aar (androidx.databinding:viewbinding:8.2.2) with ExtractAarTransform
Transforming viewbinding-8.2.2.aar (androidx.databinding:viewbinding:8.2.2) with AarTransform
Transforming navigation-common-2.7.6.aar (androidx.navigation:navigation-common:2.7.6) with ExtractAarTransform
Transforming navigation-common-2.7.6.aar (androidx.navigation:navigation-common:2.7.6) with AarTransform
Transforming navigation-common-ktx-2.7.6.aar (androidx.navigation:navigation-common-ktx:2.7.6) with ExtractAarTransform
Transforming navigation-common-ktx-2.7.6.aar (androidx.navigation:navigation-common-ktx:2.7.6) with AarTransform
Transforming navigation-runtime-2.7.6.aar (androidx.navigation:navigation-runtime:2.7.6) with ExtractAarTransform
Transforming navigation-runtime-2.7.6.aar (androidx.navigation:navigation-runtime:2.7.6) with AarTransform
Transforming navigation-runtime-ktx-2.7.6.aar (androidx.navigation:navigation-runtime-ktx:2.7.6) with ExtractAarTransform
Transforming navigation-runtime-ktx-2.7.6.aar (androidx.navigation:navigation-runtime-ktx:2.7.6) with AarTransform
Transforming navigation-fragment-2.7.6.aar (androidx.navigation:navigation-fragment:2.7.6) with ExtractAarTransform
Transforming navigation-fragment-2.7.6.aar (androidx.navigation:navigation-fragment:2.7.6) with AarTransform
Transforming navigation-fragment-ktx-2.7.6.aar (androidx.navigation:navigation-fragment-ktx:2.7.6) with ExtractAarTransform
Transforming navigation-fragment-ktx-2.7.6.aar (androidx.navigation:navigation-fragment-ktx:2.7.6) with AarTransform
Transforming navigation-ui-ktx-2.7.6.aar (androidx.navigation:navigation-ui-ktx:2.7.6) with ExtractAarTransform
Transforming navigation-ui-ktx-2.7.6.aar (androidx.navigation:navigation-ui-ktx:2.7.6) with AarTransform
Transforming navigation-ui-2.7.6.aar (androidx.navigation:navigation-ui:2.7.6) with ExtractAarTransform
Transforming navigation-ui-2.7.6.aar (androidx.navigation:navigation-ui:2.7.6) with AarTransform
Transforming material-1.11.0.aar (com.google.android.material:material:1.11.0) with ExtractAarTransform
Transforming material-1.11.0.aar (com.google.android.material:material:1.11.0) with AarTransform
Transforming constraintlayout-2.1.4.aar (androidx.constraintlayout:constraintlayout:2.1.4) with ExtractAarTransform
Transforming constraintlayout-2.1.4.aar (androidx.constraintlayout:constraintlayout:2.1.4) with AarTransform
Transforming lottie-6.2.0.aar (com.airbnb.android:lottie:6.2.0) with ExtractAarTransform
Transforming lottie-6.2.0.aar (com.airbnb.android:lottie:6.2.0) with AarTransform
Transforming coil-compose-2.5.0.aar (io.coil-kt:coil-compose:2.5.0) with ExtractAarTransform
Transforming coil-compose-2.5.0.aar (io.coil-kt:coil-compose:2.5.0) with AarTransform
Transforming coil-2.5.0.aar (io.coil-kt:coil:2.5.0) with ExtractAarTransform
Transforming coil-2.5.0.aar (io.coil-kt:coil:2.5.0) with AarTransform
Transforming coil-compose-base-2.5.0.aar (io.coil-kt:coil-compose-base:2.5.0) with ExtractAarTransform
Transforming coil-compose-base-2.5.0.aar (io.coil-kt:coil-compose-base:2.5.0) with AarTransform
Transforming coil-base-2.5.0.aar (io.coil-kt:coil-base:2.5.0) with ExtractAarTransform
Transforming coil-base-2.5.0.aar (io.coil-kt:coil-base:2.5.0) with AarTransform
Transforming appcompat-resources-1.6.1.aar (androidx.appcompat:appcompat-resources:1.6.1) with ExtractAarTransform
Transforming appcompat-resources-1.6.1.aar (androidx.appcompat:appcompat-resources:1.6.1) with AarTransform
Transforming preference-ktx-1.2.1.aar (androidx.preference:preference-ktx:1.2.1) with ExtractAarTransform
Transforming preference-ktx-1.2.1.aar (androidx.preference:preference-ktx:1.2.1) with AarTransform
Transforming preference-1.2.1.aar (androidx.preference:preference:1.2.1) with ExtractAarTransform
Transforming preference-1.2.1.aar (androidx.preference:preference:1.2.1) with AarTransform
Transforming appcompat-1.6.1.aar (androidx.appcompat:appcompat:1.6.1) with ExtractAarTransform
Transforming appcompat-1.6.1.aar (androidx.appcompat:appcompat:1.6.1) with AarTransform
Transforming hilt-android-2.48.1.aar (com.google.dagger:hilt-android:2.48.1) with ExtractAarTransform
Transforming hilt-android-2.48.1.aar (com.google.dagger:hilt-android:2.48.1) with AarTransform
Transforming paging-runtime-ktx-3.2.1.aar (androidx.paging:paging-runtime-ktx:3.2.1) with ExtractAarTransform
Transforming paging-runtime-ktx-3.2.1.aar (androidx.paging:paging-runtime-ktx:3.2.1) with AarTransform
Transforming paging-runtime-3.2.1.aar (androidx.paging:paging-runtime:3.2.1) with ExtractAarTransform
Transforming paging-runtime-3.2.1.aar (androidx.paging:paging-runtime:3.2.1) with AarTransform
Transforming recyclerview-1.3.2.aar (androidx.recyclerview:recyclerview:1.3.2) with ExtractAarTransform
Transforming recyclerview-1.3.2.aar (androidx.recyclerview:recyclerview:1.3.2) with AarTransform
Transforming viewpager2-1.1.0-beta02.aar (androidx.viewpager2:viewpager2:1.1.0-beta02) with ExtractAarTransform
Transforming viewpager2-1.1.0-beta02.aar (androidx.viewpager2:viewpager2:1.1.0-beta02) with AarTransform
Transforming fragment-1.6.2.aar (androidx.fragment:fragment:1.6.2) with ExtractAarTransform
Transforming fragment-1.6.2.aar (androidx.fragment:fragment:1.6.2) with AarTransform
Transforming fragment-ktx-1.6.2.aar (androidx.fragment:fragment-ktx:1.6.2) with ExtractAarTransform
Transforming fragment-ktx-1.6.2.aar (androidx.fragment:fragment-ktx:1.6.2) with AarTransform
Transforming activity-1.8.2.aar (androidx.activity:activity:1.8.2) with ExtractAarTransform
Transforming activity-1.8.2.aar (androidx.activity:activity:1.8.2) with AarTransform
Transforming accompanist-drawablepainter-0.32.0.aar (com.google.accompanist:accompanist-drawablepainter:0.32.0) with ExtractAarTransform
Transforming accompanist-drawablepainter-0.32.0.aar (com.google.accompanist:accompanist-drawablepainter:0.32.0) with AarTransform
Transforming animation-core-release.aar (androidx.compose.animation:animation-core-android:1.5.4) with ExtractAarTransform
Transforming animation-core-release.aar (androidx.compose.animation:animation-core-android:1.5.4) with AarTransform
Transforming animation-release.aar (androidx.compose.animation:animation-android:1.5.4) with ExtractAarTransform
Transforming animation-release.aar (androidx.compose.animation:animation-android:1.5.4) with AarTransform
Transforming foundation-layout-release.aar (androidx.compose.foundation:foundation-layout-android:1.5.4) with ExtractAarTransform
Transforming foundation-layout-release.aar (androidx.compose.foundation:foundation-layout-android:1.5.4) with AarTransform
Transforming foundation-release.aar (androidx.compose.foundation:foundation-android:1.5.4) with ExtractAarTransform
Transforming foundation-release.aar (androidx.compose.foundation:foundation-android:1.5.4) with AarTransform
Transforming ui-unit-release.aar (androidx.compose.ui:ui-unit-android:1.5.4) with ExtractAarTransform
Transforming ui-unit-release.aar (androidx.compose.ui:ui-unit-android:1.5.4) with AarTransform
Transforming ui-graphics-release.aar (androidx.compose.ui:ui-graphics-android:1.5.4) with ExtractAarTransform
Transforming ui-graphics-release.aar (androidx.compose.ui:ui-graphics-android:1.5.4) with AarTransform
Transforming ui-geometry-release.aar (androidx.compose.ui:ui-geometry-android:1.5.4) with ExtractAarTransform
Transforming ui-geometry-release.aar (androidx.compose.ui:ui-geometry-android:1.5.4) with AarTransform
Transforming ui-util-release.aar (androidx.compose.ui:ui-util-android:1.5.4) with ExtractAarTransform
Transforming ui-util-release.aar (androidx.compose.ui:ui-util-android:1.5.4) with AarTransform
Transforming ui-text-release.aar (androidx.compose.ui:ui-text-android:1.5.4) with ExtractAarTransform
Transforming ui-text-release.aar (androidx.compose.ui:ui-text-android:1.5.4) with AarTransform
Transforming ui-release.aar (androidx.compose.ui:ui-android:1.5.4) with ExtractAarTransform
Transforming ui-release.aar (androidx.compose.ui:ui-android:1.5.4) with AarTransform
Transforming activity-ktx-1.8.2.aar (androidx.activity:activity-ktx:1.8.2) with ExtractAarTransform
Transforming activity-ktx-1.8.2.aar (androidx.activity:activity-ktx:1.8.2) with AarTransform
Transforming emoji2-views-helper-1.4.0.aar (androidx.emoji2:emoji2-views-helper:1.4.0) with ExtractAarTransform
Transforming emoji2-views-helper-1.4.0.aar (androidx.emoji2:emoji2-views-helper:1.4.0) with AarTransform
Transforming emoji2-1.4.0.aar (androidx.emoji2:emoji2:1.4.0) with ExtractAarTransform
Transforming emoji2-1.4.0.aar (androidx.emoji2:emoji2:1.4.0) with AarTransform
Transforming lifecycle-process-2.7.0.aar (androidx.lifecycle:lifecycle-process:2.7.0) with ExtractAarTransform
Transforming lifecycle-process-2.7.0.aar (androidx.lifecycle:lifecycle-process:2.7.0) with AarTransform
Transforming lifecycle-livedata-core-2.7.0.aar (androidx.lifecycle:lifecycle-livedata-core:2.7.0) with ExtractAarTransform
Transforming lifecycle-livedata-core-2.7.0.aar (androidx.lifecycle:lifecycle-livedata-core:2.7.0) with AarTransform
Transforming savedstate-ktx-1.2.1.aar (androidx.savedstate:savedstate-ktx:1.2.1) with ExtractAarTransform
Transforming savedstate-ktx-1.2.1.aar (androidx.savedstate:savedstate-ktx:1.2.1) with AarTransform
Transforming savedstate-1.2.1.aar (androidx.savedstate:savedstate:1.2.1) with ExtractAarTransform
Transforming savedstate-1.2.1.aar (androidx.savedstate:savedstate:1.2.1) with AarTransform
Transforming lifecycle-runtime-ktx-2.7.0.aar (androidx.lifecycle:lifecycle-runtime-ktx:2.7.0) with ExtractAarTransform
Transforming lifecycle-runtime-ktx-2.7.0.aar (androidx.lifecycle:lifecycle-runtime-ktx:2.7.0) with AarTransform
Transforming lifecycle-livedata-core-ktx-2.7.0.aar (androidx.lifecycle:lifecycle-livedata-core-ktx:2.7.0) with ExtractAarTransform
Transforming lifecycle-livedata-core-ktx-2.7.0.aar (androidx.lifecycle:lifecycle-livedata-core-ktx:2.7.0) with AarTransform
Transforming dynamicanimation-1.0.0.aar (androidx.dynamicanimation:dynamicanimation:1.0.0) with ExtractAarTransform
Transforming dynamicanimation-1.0.0.aar (androidx.dynamicanimation:dynamicanimation:1.0.0) with AarTransform
Transforming legacy-support-core-utils-1.0.0.aar (androidx.legacy:legacy-support-core-utils:1.0.0) with ExtractAarTransform
Transforming legacy-support-core-utils-1.0.0.aar (androidx.legacy:legacy-support-core-utils:1.0.0) with AarTransform
Transforming loader-1.0.0.aar (androidx.loader:loader:1.0.0) with ExtractAarTransform
Transforming loader-1.0.0.aar (androidx.loader:loader:1.0.0) with AarTransform
Transforming loader-1.0.0.aar (androidx.loader:loader:1.0.0) with ExtractAarTransform
Transforming loader-1.0.0.aar (androidx.loader:loader:1.0.0) with AarTransform
Transforming lifecycle-livedata-2.7.0.aar (androidx.lifecycle:lifecycle-livedata:2.7.0) with ExtractAarTransform
Transforming lifecycle-livedata-2.7.0.aar (androidx.lifecycle:lifecycle-livedata:2.7.0) with AarTransform
Transforming lifecycle-livedata-2.7.0.aar (androidx.lifecycle:lifecycle-livedata:2.7.0) with ExtractAarTransform
Transforming lifecycle-livedata-2.7.0.aar (androidx.lifecycle:lifecycle-livedata:2.7.0) with AarTransform
Transforming lifecycle-viewmodel-savedstate-2.7.0.aar (androidx.lifecycle:lifecycle-viewmodel-savedstate:2.7.0) with ExtractAarTransform
Transforming lifecycle-viewmodel-savedstate-2.7.0.aar (androidx.lifecycle:lifecycle-viewmodel-savedstate:2.7.0) with AarTransform
Transforming customview-poolingcontainer-1.0.0.aar (androidx.customview:customview-poolingcontainer:1.0.0) with ExtractAarTransform
Transforming customview-poolingcontainer-1.0.0.aar (androidx.customview:customview-poolingcontainer:1.0.0) with AarTransform
Transforming core-ktx-1.12.0.aar (androidx.core:core-ktx:1.12.0) with ExtractAarTransform
Transforming core-ktx-1.12.0.aar (androidx.core:core-ktx:1.12.0) with AarTransform
Transforming swiperefreshlayout-1.1.0.aar (androidx.swiperefreshlayout:swiperefreshlayout:1.1.0) with ExtractAarTransform
Transforming swiperefreshlayout-1.1.0.aar (androidx.swiperefreshlayout:swiperefreshlayout:1.1.0) with AarTransform
Transforming drawerlayout-1.1.1.aar (androidx.drawerlayout:drawerlayout:1.1.1) with ExtractAarTransform
Transforming drawerlayout-1.1.1.aar (androidx.drawerlayout:drawerlayout:1.1.1) with AarTransform
Transforming coordinatorlayout-1.1.0.aar (androidx.coordinatorlayout:coordinatorlayout:1.1.0) with ExtractAarTransform
Transforming coordinatorlayout-1.1.0.aar (androidx.coordinatorlayout:coordinatorlayout:1.1.0) with AarTransform
Transforming vectordrawable-animated-1.1.0.aar (androidx.vectordrawable:vectordrawable-animated:1.1.0) with ExtractAarTransform
Transforming vectordrawable-animated-1.1.0.aar (androidx.vectordrawable:vectordrawable-animated:1.1.0) with AarTransform
Transforming vectordrawable-1.1.0.aar (androidx.vectordrawable:vectordrawable:1.1.0) with ExtractAarTransform
Transforming vectordrawable-1.1.0.aar (androidx.vectordrawable:vectordrawable:1.1.0) with AarTransform
Transforming vectordrawable-1.1.0.aar (androidx.vectordrawable:vectordrawable:1.1.0) with ExtractAarTransform
Transforming vectordrawable-1.1.0.aar (androidx.vectordrawable:vectordrawable:1.1.0) with AarTransform
Transforming viewpager-1.0.0.aar (androidx.viewpager:viewpager:1.0.0) with ExtractAarTransform
Transforming viewpager-1.0.0.aar (androidx.viewpager:viewpager:1.0.0) with AarTransform
Transforming slidingpanelayout-1.2.0.aar (androidx.slidingpanelayout:slidingpanelayout:1.2.0) with ExtractAarTransform
Transforming slidingpanelayout-1.2.0.aar (androidx.slidingpanelayout:slidingpanelayout:1.2.0) with AarTransform
Transforming customview-1.1.0.aar (androidx.customview:customview:1.1.0) with ExtractAarTransform
Transforming customview-1.1.0.aar (androidx.customview:customview:1.1.0) with AarTransform
Transforming customview-1.1.0.aar (androidx.customview:customview:1.1.0) with ExtractAarTransform
Transforming customview-1.1.0.aar (androidx.customview:customview:1.1.0) with AarTransform
Transforming transition-1.4.1.aar (androidx.transition:transition:1.4.1) with ExtractAarTransform
Transforming transition-1.4.1.aar (androidx.transition:transition:1.4.1) with AarTransform
Transforming window-1.0.0.aar (androidx.window:window:1.0.0) with ExtractAarTransform
Transforming window-1.0.0.aar (androidx.window:window:1.0.0) with AarTransform
Transforming autofill-1.0.0.aar (androidx.autofill:autofill:1.0.0) with ExtractAarTransform
Transforming autofill-1.0.0.aar (androidx.autofill:autofill:1.0.0) with AarTransform
Transforming core-1.12.0.aar (androidx.core:core:1.12.0) with ExtractAarTransform
Transforming core-1.12.0.aar (androidx.core:core:1.12.0) with AarTransform
Transforming core-1.12.0.aar (androidx.core:core:1.12.0) with ExtractAarTransform
Transforming core-1.12.0.aar (androidx.core:core:1.12.0) with AarTransform
Transforming lifecycle-runtime-2.7.0.aar (androidx.lifecycle:lifecycle-runtime:2.7.0) with ExtractAarTransform
Transforming lifecycle-runtime-2.7.0.aar (androidx.lifecycle:lifecycle-runtime:2.7.0) with AarTransform
Transforming lifecycle-viewmodel-2.7.0.aar (androidx.lifecycle:lifecycle-viewmodel:2.7.0) with ExtractAarTransform
Transforming lifecycle-viewmodel-2.7.0.aar (androidx.lifecycle:lifecycle-viewmodel:2.7.0) with AarTransform
Transforming lifecycle-viewmodel-2.7.0.aar (androidx.lifecycle:lifecycle-viewmodel:2.7.0) with ExtractAarTransform
Transforming lifecycle-viewmodel-2.7.0.aar (androidx.lifecycle:lifecycle-viewmodel:2.7.0) with AarTransform
Transforming lifecycle-livedata-ktx-2.7.0.aar (androidx.lifecycle:lifecycle-livedata-ktx:2.7.0) with ExtractAarTransform
Transforming lifecycle-livedata-ktx-2.7.0.aar (androidx.lifecycle:lifecycle-livedata-ktx:2.7.0) with AarTransform
Transforming lifecycle-viewmodel-ktx-2.7.0.aar (androidx.lifecycle:lifecycle-viewmodel-ktx:2.7.0) with ExtractAarTransform
Transforming lifecycle-viewmodel-ktx-2.7.0.aar (androidx.lifecycle:lifecycle-viewmodel-ktx:2.7.0) with AarTransform
Transforming room-runtime-2.6.1.aar (androidx.room:room-runtime:2.6.1) with ExtractAarTransform
Transforming room-runtime-2.6.1.aar (androidx.room:room-runtime:2.6.1) with AarTransform
Transforming room-ktx-2.6.1.aar (androidx.room:room-ktx:2.6.1) with ExtractAarTransform
Transforming room-ktx-2.6.1.aar (androidx.room:room-ktx:2.6.1) with AarTransform
Transforming runtime-saveable-release.aar (androidx.compose.runtime:runtime-saveable-android:1.5.4) with ExtractAarTransform
Transforming runtime-saveable-release.aar (androidx.compose.runtime:runtime-saveable-android:1.5.4) with AarTransform
Transforming runtime-release.aar (androidx.compose.runtime:runtime-android:1.5.4) with ExtractAarTransform
Transforming runtime-release.aar (androidx.compose.runtime:runtime-android:1.5.4) with AarTransform
Transforming cardview-1.0.0.aar (androidx.cardview:cardview:1.0.0) with ExtractAarTransform
Transforming cardview-1.0.0.aar (androidx.cardview:cardview:1.0.0) with AarTransform
Transforming shimmer-0.5.0.aar (com.facebook.shimmer:shimmer:0.5.0) with ExtractAarTransform
Transforming shimmer-0.5.0.aar (com.facebook.shimmer:shimmer:0.5.0) with AarTransform
Transforming cursoradapter-1.0.0.aar (androidx.cursoradapter:cursoradapter:1.0.0) with ExtractAarTransform
Transforming cursoradapter-1.0.0.aar (androidx.cursoradapter:cursoradapter:1.0.0) with AarTransform
Transforming core-runtime-2.2.0.aar (androidx.arch.core:core-runtime:2.2.0) with ExtractAarTransform
Transforming core-runtime-2.2.0.aar (androidx.arch.core:core-runtime:2.2.0) with AarTransform
Transforming sqlite-framework-2.4.0.aar (androidx.sqlite:sqlite-framework:2.4.0) with ExtractAarTransform
Transforming sqlite-framework-2.4.0.aar (androidx.sqlite:sqlite-framework:2.4.0) with AarTransform
Transforming sqlite-2.4.0.aar (androidx.sqlite:sqlite:2.4.0) with ExtractAarTransform
Transforming sqlite-2.4.0.aar (androidx.sqlite:sqlite:2.4.0) with AarTransform
Transforming interpolator-1.0.0.aar (androidx.interpolator:interpolator:1.0.0) with ExtractAarTransform
Transforming interpolator-1.0.0.aar (androidx.interpolator:interpolator:1.0.0) with AarTransform
Transforming interpolator-1.0.0.aar (androidx.interpolator:interpolator:1.0.0) with ExtractAarTransform
Transforming interpolator-1.0.0.aar (androidx.interpolator:interpolator:1.0.0) with AarTransform
Transforming versionedparcelable-1.1.1.aar (androidx.versionedparcelable:versionedparcelable:1.1.1) with ExtractAarTransform
Transforming versionedparcelable-1.1.1.aar (androidx.versionedparcelable:versionedparcelable:1.1.1) with AarTransform
Transforming profileinstaller-1.3.1.aar (androidx.profileinstaller:profileinstaller:1.3.1) with ExtractAarTransform
Transforming profileinstaller-1.3.1.aar (androidx.profileinstaller:profileinstaller:1.3.1) with AarTransform
Transforming startup-runtime-1.1.1.aar (androidx.startup:startup-runtime:1.1.1) with ExtractAarTransform
Transforming startup-runtime-1.1.1.aar (androidx.startup:startup-runtime:1.1.1) with AarTransform
Transforming tracing-1.0.0.aar (androidx.tracing:tracing:1.0.0) with ExtractAarTransform
Transforming tracing-1.0.0.aar (androidx.tracing:tracing:1.0.0) with AarTransform
Transforming exifinterface-1.3.6.aar (androidx.exifinterface:exifinterface:1.3.6) with ExtractAarTransform
Transforming exifinterface-1.3.6.aar (androidx.exifinterface:exifinterface:1.3.6) with AarTransform
Transforming documentfile-1.0.0.aar (androidx.documentfile:documentfile:1.0.0) with ExtractAarTransform
Transforming documentfile-1.0.0.aar (androidx.documentfile:documentfile:1.0.0) with AarTransform
Transforming localbroadcastmanager-1.0.0.aar (androidx.localbroadcastmanager:localbroadcastmanager:1.0.0) with ExtractAarTransform
Transforming localbroadcastmanager-1.0.0.aar (androidx.localbroadcastmanager:localbroadcastmanager:1.0.0) with AarTransform
Transforming print-1.0.0.aar (androidx.print:print:1.0.0) with ExtractAarTransform
Transforming print-1.0.0.aar (androidx.print:print:1.0.0) with AarTransform
Transforming annotation-experimental-1.3.0.aar (androidx.annotation:annotation-experimental:1.3.0) with ExtractAarTransform
Transforming annotation-experimental-1.3.0.aar (androidx.annotation:annotation-experimental:1.3.0) with AarTransform
Transforming dagger-lint-aar-2.48.1.aar (com.google.dagger:dagger-lint-aar:2.48.1) with ExtractAarTransform
Transforming dagger-lint-aar-2.48.1.aar (com.google.dagger:dagger-lint-aar:2.48.1) with AarTransform
Caching disabled for task ':app:mergeDebugAssets' because:
  Build cache is disabled
Skipping task ':app:mergeDebugAssets' as it is up-to-date.
Resolve mutations for :app:compressDebugAssets (Thread[Execution worker Thread 4,5,main]) started.
:app:compressDebugAssets (Thread[Execution worker Thread 4,5,main]) started.

> Task :app:compressDebugAssets UP-TO-DATE
Caching disabled for task ':app:compressDebugAssets' because:
  Build cache is disabled
Skipping task ':app:compressDebugAssets' as it is up-to-date.
Resolve mutations for :app:desugarDebugFileDependencies (Thread[Execution worker Thread 4,5,main]) started.
:app:desugarDebugFileDependencies (Thread[Execution worker Thread 4,5,main]) started.

> Task :app:desugarDebugFileDependencies UP-TO-DATE
Caching disabled for task ':app:desugarDebugFileDependencies' because:
  Build cache is disabled
Skipping task ':app:desugarDebugFileDependencies' as it is up-to-date.
Resolve mutations for :app:hiltAggregateDepsDebug (Thread[Execution worker Thread 4,5,main]) started.
:app:hiltAggregateDepsDebug (Thread[Execution worker Thread 4,5,main]) started.

> Task :app:hiltAggregateDepsDebug UP-TO-DATE
Transforming viewbinding-8.2.2.aar (androidx.databinding:viewbinding:8.2.2) with AarToClassTransform
Transforming viewbinding-8.2.2.aar (androidx.databinding:viewbinding:8.2.2) with IdentityTransform
Transforming viewbinding-8.2.2.aar (androidx.databinding:viewbinding:8.2.2) with CopyTransform
Transforming viewbinding-8.2.2.aar (androidx.databinding:viewbinding:8.2.2) with AggregatedPackagesTransform
Transforming navigation-common-2.7.6.aar (androidx.navigation:navigation-common:2.7.6) with AarToClassTransform
Transforming navigation-common-2.7.6.aar (androidx.navigation:navigation-common:2.7.6) with IdentityTransform
Transforming navigation-common-2.7.6.aar (androidx.navigation:navigation-common:2.7.6) with CopyTransform
Transforming navigation-common-2.7.6.aar (androidx.navigation:navigation-common:2.7.6) with AggregatedPackagesTransform
Transforming navigation-common-ktx-2.7.6.aar (androidx.navigation:navigation-common-ktx:2.7.6) with AarToClassTransform
Transforming navigation-common-ktx-2.7.6.aar (androidx.navigation:navigation-common-ktx:2.7.6) with IdentityTransform
Transforming navigation-common-ktx-2.7.6.aar (androidx.navigation:navigation-common-ktx:2.7.6) with CopyTransform
Transforming navigation-common-ktx-2.7.6.aar (androidx.navigation:navigation-common-ktx:2.7.6) with AggregatedPackagesTransform
Transforming navigation-runtime-2.7.6.aar (androidx.navigation:navigation-runtime:2.7.6) with AarToClassTransform
Transforming navigation-runtime-2.7.6.aar (androidx.navigation:navigation-runtime:2.7.6) with IdentityTransform
Transforming navigation-runtime-2.7.6.aar (androidx.navigation:navigation-runtime:2.7.6) with CopyTransform
Transforming navigation-runtime-2.7.6.aar (androidx.navigation:navigation-runtime:2.7.6) with AggregatedPackagesTransform
Transforming navigation-runtime-ktx-2.7.6.aar (androidx.navigation:navigation-runtime-ktx:2.7.6) with AarToClassTransform
Transforming navigation-runtime-ktx-2.7.6.aar (androidx.navigation:navigation-runtime-ktx:2.7.6) with IdentityTransform
Transforming navigation-runtime-ktx-2.7.6.aar (androidx.navigation:navigation-runtime-ktx:2.7.6) with CopyTransform
Transforming navigation-runtime-ktx-2.7.6.aar (androidx.navigation:navigation-runtime-ktx:2.7.6) with AggregatedPackagesTransform
Transforming navigation-fragment-2.7.6.aar (androidx.navigation:navigation-fragment:2.7.6) with AarToClassTransform
Transforming navigation-fragment-2.7.6.aar (androidx.navigation:navigation-fragment:2.7.6) with IdentityTransform
Transforming navigation-fragment-2.7.6.aar (androidx.navigation:navigation-fragment:2.7.6) with CopyTransform
Transforming navigation-fragment-2.7.6.aar (androidx.navigation:navigation-fragment:2.7.6) with AggregatedPackagesTransform
Transforming navigation-fragment-ktx-2.7.6.aar (androidx.navigation:navigation-fragment-ktx:2.7.6) with AarToClassTransform
Transforming navigation-fragment-ktx-2.7.6.aar (androidx.navigation:navigation-fragment-ktx:2.7.6) with IdentityTransform
Transforming navigation-fragment-ktx-2.7.6.aar (androidx.navigation:navigation-fragment-ktx:2.7.6) with CopyTransform
Transforming navigation-fragment-ktx-2.7.6.aar (androidx.navigation:navigation-fragment-ktx:2.7.6) with AggregatedPackagesTransform
Transforming navigation-ui-ktx-2.7.6.aar (androidx.navigation:navigation-ui-ktx:2.7.6) with AarToClassTransform
Transforming navigation-ui-ktx-2.7.6.aar (androidx.navigation:navigation-ui-ktx:2.7.6) with IdentityTransform
Transforming navigation-ui-ktx-2.7.6.aar (androidx.navigation:navigation-ui-ktx:2.7.6) with CopyTransform
Transforming navigation-ui-ktx-2.7.6.aar (androidx.navigation:navigation-ui-ktx:2.7.6) with AggregatedPackagesTransform
Transforming navigation-ui-2.7.6.aar (androidx.navigation:navigation-ui:2.7.6) with AarToClassTransform
Transforming navigation-ui-2.7.6.aar (androidx.navigation:navigation-ui:2.7.6) with IdentityTransform
Transforming navigation-ui-2.7.6.aar (androidx.navigation:navigation-ui:2.7.6) with CopyTransform
Transforming navigation-ui-2.7.6.aar (androidx.navigation:navigation-ui:2.7.6) with AggregatedPackagesTransform
Transforming material-1.11.0.aar (com.google.android.material:material:1.11.0) with AarToClassTransform
Transforming material-1.11.0.aar (com.google.android.material:material:1.11.0) with IdentityTransform
Transforming material-1.11.0.aar (com.google.android.material:material:1.11.0) with CopyTransform
Transforming material-1.11.0.aar (com.google.android.material:material:1.11.0) with AggregatedPackagesTransform
Transforming constraintlayout-2.1.4.aar (androidx.constraintlayout:constraintlayout:2.1.4) with AarToClassTransform
Transforming constraintlayout-2.1.4.aar (androidx.constraintlayout:constraintlayout:2.1.4) with IdentityTransform
Transforming constraintlayout-2.1.4.aar (androidx.constraintlayout:constraintlayout:2.1.4) with CopyTransform
Transforming constraintlayout-2.1.4.aar (androidx.constraintlayout:constraintlayout:2.1.4) with AggregatedPackagesTransform
Transforming lottie-6.2.0.aar (com.airbnb.android:lottie:6.2.0) with AarToClassTransform
Transforming lottie-6.2.0.aar (com.airbnb.android:lottie:6.2.0) with IdentityTransform
Transforming lottie-6.2.0.aar (com.airbnb.android:lottie:6.2.0) with CopyTransform
Transforming lottie-6.2.0.aar (com.airbnb.android:lottie:6.2.0) with AggregatedPackagesTransform
Transforming coil-compose-2.5.0.aar (io.coil-kt:coil-compose:2.5.0) with AarToClassTransform
Transforming coil-compose-2.5.0.aar (io.coil-kt:coil-compose:2.5.0) with IdentityTransform
Transforming coil-compose-2.5.0.aar (io.coil-kt:coil-compose:2.5.0) with CopyTransform
Transforming coil-compose-2.5.0.aar (io.coil-kt:coil-compose:2.5.0) with AggregatedPackagesTransform
Transforming coil-2.5.0.aar (io.coil-kt:coil:2.5.0) with AarToClassTransform
Transforming coil-2.5.0.aar (io.coil-kt:coil:2.5.0) with IdentityTransform
Transforming coil-2.5.0.aar (io.coil-kt:coil:2.5.0) with CopyTransform
Transforming coil-2.5.0.aar (io.coil-kt:coil:2.5.0) with AggregatedPackagesTransform
Transforming coil-compose-base-2.5.0.aar (io.coil-kt:coil-compose-base:2.5.0) with AarToClassTransform
Transforming coil-compose-base-2.5.0.aar (io.coil-kt:coil-compose-base:2.5.0) with IdentityTransform
Transforming coil-compose-base-2.5.0.aar (io.coil-kt:coil-compose-base:2.5.0) with CopyTransform
Transforming coil-compose-base-2.5.0.aar (io.coil-kt:coil-compose-base:2.5.0) with AggregatedPackagesTransform
Transforming coil-base-2.5.0.aar (io.coil-kt:coil-base:2.5.0) with AarToClassTransform
Transforming coil-base-2.5.0.aar (io.coil-kt:coil-base:2.5.0) with IdentityTransform
Transforming coil-base-2.5.0.aar (io.coil-kt:coil-base:2.5.0) with CopyTransform
Transforming coil-base-2.5.0.aar (io.coil-kt:coil-base:2.5.0) with AggregatedPackagesTransform
Transforming appcompat-resources-1.6.1.aar (androidx.appcompat:appcompat-resources:1.6.1) with AarToClassTransform
Transforming appcompat-resources-1.6.1.aar (androidx.appcompat:appcompat-resources:1.6.1) with IdentityTransform
Transforming appcompat-resources-1.6.1.aar (androidx.appcompat:appcompat-resources:1.6.1) with CopyTransform
Transforming appcompat-resources-1.6.1.aar (androidx.appcompat:appcompat-resources:1.6.1) with AggregatedPackagesTransform
Transforming preference-ktx-1.2.1.aar (androidx.preference:preference-ktx:1.2.1) with AarToClassTransform
Transforming preference-ktx-1.2.1.aar (androidx.preference:preference-ktx:1.2.1) with IdentityTransform
Transforming preference-ktx-1.2.1.aar (androidx.preference:preference-ktx:1.2.1) with CopyTransform
Transforming preference-ktx-1.2.1.aar (androidx.preference:preference-ktx:1.2.1) with AggregatedPackagesTransform
Transforming preference-1.2.1.aar (androidx.preference:preference:1.2.1) with AarToClassTransform
Transforming preference-1.2.1.aar (androidx.preference:preference:1.2.1) with IdentityTransform
Transforming preference-1.2.1.aar (androidx.preference:preference:1.2.1) with CopyTransform
Transforming preference-1.2.1.aar (androidx.preference:preference:1.2.1) with AggregatedPackagesTransform
Transforming appcompat-1.6.1.aar (androidx.appcompat:appcompat:1.6.1) with AarToClassTransform
Transforming appcompat-1.6.1.aar (androidx.appcompat:appcompat:1.6.1) with IdentityTransform
Transforming appcompat-1.6.1.aar (androidx.appcompat:appcompat:1.6.1) with CopyTransform
Transforming appcompat-1.6.1.aar (androidx.appcompat:appcompat:1.6.1) with AggregatedPackagesTransform
Transforming hilt-android-2.48.1.aar (com.google.dagger:hilt-android:2.48.1) with AarToClassTransform
Transforming hilt-android-2.48.1.aar (com.google.dagger:hilt-android:2.48.1) with IdentityTransform
Transforming hilt-android-2.48.1.aar (com.google.dagger:hilt-android:2.48.1) with CopyTransform
Transforming hilt-android-2.48.1.aar (com.google.dagger:hilt-android:2.48.1) with AggregatedPackagesTransform
Transforming paging-common-3.2.1.jar (androidx.paging:paging-common:3.2.1) with IdentityTransform
Transforming paging-common-3.2.1.jar (androidx.paging:paging-common:3.2.1) with IdentityTransform
Transforming paging-common-3.2.1.jar (androidx.paging:paging-common:3.2.1) with CopyTransform
Transforming paging-common-3.2.1.jar (androidx.paging:paging-common:3.2.1) with AggregatedPackagesTransform
Transforming paging-common-ktx-3.2.1.jar (androidx.paging:paging-common-ktx:3.2.1) with IdentityTransform
Transforming paging-common-ktx-3.2.1.jar (androidx.paging:paging-common-ktx:3.2.1) with IdentityTransform
Transforming paging-common-ktx-3.2.1.jar (androidx.paging:paging-common-ktx:3.2.1) with CopyTransform
Transforming paging-common-ktx-3.2.1.jar (androidx.paging:paging-common-ktx:3.2.1) with AggregatedPackagesTransform
Transforming paging-runtime-ktx-3.2.1.aar (androidx.paging:paging-runtime-ktx:3.2.1) with AarToClassTransform
Transforming paging-runtime-ktx-3.2.1.aar (androidx.paging:paging-runtime-ktx:3.2.1) with IdentityTransform
Transforming paging-runtime-ktx-3.2.1.aar (androidx.paging:paging-runtime-ktx:3.2.1) with CopyTransform
Transforming paging-runtime-ktx-3.2.1.aar (androidx.paging:paging-runtime-ktx:3.2.1) with AggregatedPackagesTransform
Transforming paging-runtime-3.2.1.aar (androidx.paging:paging-runtime:3.2.1) with AarToClassTransform
Transforming paging-runtime-3.2.1.aar (androidx.paging:paging-runtime:3.2.1) with IdentityTransform
Transforming paging-runtime-3.2.1.aar (androidx.paging:paging-runtime:3.2.1) with CopyTransform
Transforming paging-runtime-3.2.1.aar (androidx.paging:paging-runtime:3.2.1) with AggregatedPackagesTransform
Transforming recyclerview-1.3.2.aar (androidx.recyclerview:recyclerview:1.3.2) with AarToClassTransform
Transforming recyclerview-1.3.2.aar (androidx.recyclerview:recyclerview:1.3.2) with IdentityTransform
Transforming recyclerview-1.3.2.aar (androidx.recyclerview:recyclerview:1.3.2) with CopyTransform
Transforming recyclerview-1.3.2.aar (androidx.recyclerview:recyclerview:1.3.2) with AggregatedPackagesTransform
Transforming viewpager2-1.1.0-beta02.aar (androidx.viewpager2:viewpager2:1.1.0-beta02) with AarToClassTransform
Transforming viewpager2-1.1.0-beta02.aar (androidx.viewpager2:viewpager2:1.1.0-beta02) with IdentityTransform
Transforming viewpager2-1.1.0-beta02.aar (androidx.viewpager2:viewpager2:1.1.0-beta02) with CopyTransform
Transforming viewpager2-1.1.0-beta02.aar (androidx.viewpager2:viewpager2:1.1.0-beta02) with AggregatedPackagesTransform
Transforming fragment-1.6.2.aar (androidx.fragment:fragment:1.6.2) with AarToClassTransform
Transforming fragment-1.6.2.aar (androidx.fragment:fragment:1.6.2) with IdentityTransform
Transforming fragment-1.6.2.aar (androidx.fragment:fragment:1.6.2) with CopyTransform
Transforming fragment-1.6.2.aar (androidx.fragment:fragment:1.6.2) with AggregatedPackagesTransform
Transforming fragment-ktx-1.6.2.aar (androidx.fragment:fragment-ktx:1.6.2) with AarToClassTransform
Transforming fragment-ktx-1.6.2.aar (androidx.fragment:fragment-ktx:1.6.2) with IdentityTransform
Transforming fragment-ktx-1.6.2.aar (androidx.fragment:fragment-ktx:1.6.2) with CopyTransform
Transforming fragment-ktx-1.6.2.aar (androidx.fragment:fragment-ktx:1.6.2) with AggregatedPackagesTransform
Transforming activity-1.8.2.aar (androidx.activity:activity:1.8.2) with AarToClassTransform
Transforming activity-1.8.2.aar (androidx.activity:activity:1.8.2) with IdentityTransform
Transforming activity-1.8.2.aar (androidx.activity:activity:1.8.2) with CopyTransform
Transforming activity-1.8.2.aar (androidx.activity:activity:1.8.2) with AggregatedPackagesTransform
Transforming accompanist-drawablepainter-0.32.0.aar (com.google.accompanist:accompanist-drawablepainter:0.32.0) with AarToClassTransform
Transforming accompanist-drawablepainter-0.32.0.aar (com.google.accompanist:accompanist-drawablepainter:0.32.0) with IdentityTransform
Transforming accompanist-drawablepainter-0.32.0.aar (com.google.accompanist:accompanist-drawablepainter:0.32.0) with CopyTransform
Transforming accompanist-drawablepainter-0.32.0.aar (com.google.accompanist:accompanist-drawablepainter:0.32.0) with AggregatedPackagesTransform
Transforming animation-core-release.aar (androidx.compose.animation:animation-core-android:1.5.4) with AarToClassTransform
Transforming animation-core-release.aar (androidx.compose.animation:animation-core-android:1.5.4) with IdentityTransform
Transforming animation-core-release.aar (androidx.compose.animation:animation-core-android:1.5.4) with CopyTransform
Transforming animation-core-release.aar (androidx.compose.animation:animation-core-android:1.5.4) with AggregatedPackagesTransform
Transforming animation-release.aar (androidx.compose.animation:animation-android:1.5.4) with AarToClassTransform
Transforming animation-release.aar (androidx.compose.animation:animation-android:1.5.4) with IdentityTransform
Transforming animation-release.aar (androidx.compose.animation:animation-android:1.5.4) with CopyTransform
Transforming animation-release.aar (androidx.compose.animation:animation-android:1.5.4) with AggregatedPackagesTransform
Transforming foundation-layout-release.aar (androidx.compose.foundation:foundation-layout-android:1.5.4) with AarToClassTransform
Transforming foundation-layout-release.aar (androidx.compose.foundation:foundation-layout-android:1.5.4) with IdentityTransform
Transforming foundation-layout-release.aar (androidx.compose.foundation:foundation-layout-android:1.5.4) with CopyTransform
Transforming foundation-layout-release.aar (androidx.compose.foundation:foundation-layout-android:1.5.4) with AggregatedPackagesTransform
Transforming foundation-release.aar (androidx.compose.foundation:foundation-android:1.5.4) with AarToClassTransform
Transforming foundation-release.aar (androidx.compose.foundation:foundation-android:1.5.4) with IdentityTransform
Transforming foundation-release.aar (androidx.compose.foundation:foundation-android:1.5.4) with CopyTransform
Transforming foundation-release.aar (androidx.compose.foundation:foundation-android:1.5.4) with AggregatedPackagesTransform
Transforming ui-unit-release.aar (androidx.compose.ui:ui-unit-android:1.5.4) with AarToClassTransform
Transforming ui-unit-release.aar (androidx.compose.ui:ui-unit-android:1.5.4) with IdentityTransform
Transforming ui-unit-release.aar (androidx.compose.ui:ui-unit-android:1.5.4) with CopyTransform
Transforming ui-unit-release.aar (androidx.compose.ui:ui-unit-android:1.5.4) with AggregatedPackagesTransform
Transforming ui-graphics-release.aar (androidx.compose.ui:ui-graphics-android:1.5.4) with AarToClassTransform
Transforming ui-graphics-release.aar (androidx.compose.ui:ui-graphics-android:1.5.4) with IdentityTransform
Transforming ui-graphics-release.aar (androidx.compose.ui:ui-graphics-android:1.5.4) with CopyTransform
Transforming ui-graphics-release.aar (androidx.compose.ui:ui-graphics-android:1.5.4) with AggregatedPackagesTransform
Transforming ui-geometry-release.aar (androidx.compose.ui:ui-geometry-android:1.5.4) with AarToClassTransform
Transforming ui-geometry-release.aar (androidx.compose.ui:ui-geometry-android:1.5.4) with IdentityTransform
Transforming ui-geometry-release.aar (androidx.compose.ui:ui-geometry-android:1.5.4) with CopyTransform
Transforming ui-geometry-release.aar (androidx.compose.ui:ui-geometry-android:1.5.4) with AggregatedPackagesTransform
Transforming ui-util-release.aar (androidx.compose.ui:ui-util-android:1.5.4) with AarToClassTransform
Transforming ui-util-release.aar (androidx.compose.ui:ui-util-android:1.5.4) with IdentityTransform
Transforming ui-util-release.aar (androidx.compose.ui:ui-util-android:1.5.4) with CopyTransform
Transforming ui-util-release.aar (androidx.compose.ui:ui-util-android:1.5.4) with AggregatedPackagesTransform
Transforming ui-text-release.aar (androidx.compose.ui:ui-text-android:1.5.4) with AarToClassTransform
Transforming ui-text-release.aar (androidx.compose.ui:ui-text-android:1.5.4) with IdentityTransform
Transforming ui-text-release.aar (androidx.compose.ui:ui-text-android:1.5.4) with CopyTransform
Transforming ui-text-release.aar (androidx.compose.ui:ui-text-android:1.5.4) with AggregatedPackagesTransform
Transforming ui-release.aar (androidx.compose.ui:ui-android:1.5.4) with AarToClassTransform
Transforming ui-release.aar (androidx.compose.ui:ui-android:1.5.4) with IdentityTransform
Transforming ui-release.aar (androidx.compose.ui:ui-android:1.5.4) with CopyTransform
Transforming ui-release.aar (androidx.compose.ui:ui-android:1.5.4) with AggregatedPackagesTransform
Transforming activity-ktx-1.8.2.aar (androidx.activity:activity-ktx:1.8.2) with AarToClassTransform
Transforming activity-ktx-1.8.2.aar (androidx.activity:activity-ktx:1.8.2) with IdentityTransform
Transforming activity-ktx-1.8.2.aar (androidx.activity:activity-ktx:1.8.2) with CopyTransform
Transforming activity-ktx-1.8.2.aar (androidx.activity:activity-ktx:1.8.2) with AggregatedPackagesTransform
Transforming emoji2-views-helper-1.4.0.aar (androidx.emoji2:emoji2-views-helper:1.4.0) with AarToClassTransform
Transforming emoji2-views-helper-1.4.0.aar (androidx.emoji2:emoji2-views-helper:1.4.0) with IdentityTransform
Transforming emoji2-views-helper-1.4.0.aar (androidx.emoji2:emoji2-views-helper:1.4.0) with CopyTransform
Transforming emoji2-views-helper-1.4.0.aar (androidx.emoji2:emoji2-views-helper:1.4.0) with AggregatedPackagesTransform
Transforming emoji2-1.4.0.aar (androidx.emoji2:emoji2:1.4.0) with AarToClassTransform
Transforming emoji2-1.4.0.aar (androidx.emoji2:emoji2:1.4.0) with IdentityTransform
Transforming emoji2-1.4.0.aar (androidx.emoji2:emoji2:1.4.0) with CopyTransform
Transforming emoji2-1.4.0.aar (androidx.emoji2:emoji2:1.4.0) with AggregatedPackagesTransform
Transforming lifecycle-process-2.7.0.aar (androidx.lifecycle:lifecycle-process:2.7.0) with AarToClassTransform
Transforming lifecycle-process-2.7.0.aar (androidx.lifecycle:lifecycle-process:2.7.0) with IdentityTransform
Transforming lifecycle-process-2.7.0.aar (androidx.lifecycle:lifecycle-process:2.7.0) with CopyTransform
Transforming lifecycle-process-2.7.0.aar (androidx.lifecycle:lifecycle-process:2.7.0) with AggregatedPackagesTransform
Transforming lifecycle-livedata-core-2.7.0.aar (androidx.lifecycle:lifecycle-livedata-core:2.7.0) with AarToClassTransform
Transforming lifecycle-livedata-core-2.7.0.aar (androidx.lifecycle:lifecycle-livedata-core:2.7.0) with IdentityTransform
Transforming lifecycle-livedata-core-2.7.0.aar (androidx.lifecycle:lifecycle-livedata-core:2.7.0) with CopyTransform
Transforming lifecycle-livedata-core-2.7.0.aar (androidx.lifecycle:lifecycle-livedata-core:2.7.0) with AggregatedPackagesTransform
Transforming savedstate-ktx-1.2.1.aar (androidx.savedstate:savedstate-ktx:1.2.1) with AarToClassTransform
Transforming savedstate-ktx-1.2.1.aar (androidx.savedstate:savedstate-ktx:1.2.1) with IdentityTransform
Transforming savedstate-ktx-1.2.1.aar (androidx.savedstate:savedstate-ktx:1.2.1) with CopyTransform
Transforming savedstate-ktx-1.2.1.aar (androidx.savedstate:savedstate-ktx:1.2.1) with AggregatedPackagesTransform
Transforming savedstate-1.2.1.aar (androidx.savedstate:savedstate:1.2.1) with AarToClassTransform
Transforming savedstate-1.2.1.aar (androidx.savedstate:savedstate:1.2.1) with IdentityTransform
Transforming savedstate-1.2.1.aar (androidx.savedstate:savedstate:1.2.1) with CopyTransform
Transforming savedstate-1.2.1.aar (androidx.savedstate:savedstate:1.2.1) with AggregatedPackagesTransform
Transforming lifecycle-common-2.7.0.jar (androidx.lifecycle:lifecycle-common:2.7.0) with IdentityTransform
Transforming lifecycle-common-2.7.0.jar (androidx.lifecycle:lifecycle-common:2.7.0) with IdentityTransform
Transforming lifecycle-common-2.7.0.jar (androidx.lifecycle:lifecycle-common:2.7.0) with CopyTransform
Transforming lifecycle-common-2.7.0.jar (androidx.lifecycle:lifecycle-common:2.7.0) with AggregatedPackagesTransform
Transforming lifecycle-runtime-ktx-2.7.0.aar (androidx.lifecycle:lifecycle-runtime-ktx:2.7.0) with AarToClassTransform
Transforming lifecycle-runtime-ktx-2.7.0.aar (androidx.lifecycle:lifecycle-runtime-ktx:2.7.0) with IdentityTransform
Transforming lifecycle-runtime-ktx-2.7.0.aar (androidx.lifecycle:lifecycle-runtime-ktx:2.7.0) with CopyTransform
Transforming lifecycle-runtime-ktx-2.7.0.aar (androidx.lifecycle:lifecycle-runtime-ktx:2.7.0) with AggregatedPackagesTransform
Transforming lifecycle-livedata-core-ktx-2.7.0.aar (androidx.lifecycle:lifecycle-livedata-core-ktx:2.7.0) with AarToClassTransform
Transforming lifecycle-livedata-core-ktx-2.7.0.aar (androidx.lifecycle:lifecycle-livedata-core-ktx:2.7.0) with IdentityTransform
Transforming lifecycle-livedata-core-ktx-2.7.0.aar (androidx.lifecycle:lifecycle-livedata-core-ktx:2.7.0) with CopyTransform
Transforming lifecycle-livedata-core-ktx-2.7.0.aar (androidx.lifecycle:lifecycle-livedata-core-ktx:2.7.0) with AggregatedPackagesTransform
Transforming dynamicanimation-1.0.0.aar (androidx.dynamicanimation:dynamicanimation:1.0.0) with AarToClassTransform
Transforming dynamicanimation-1.0.0.aar (androidx.dynamicanimation:dynamicanimation:1.0.0) with IdentityTransform
Transforming dynamicanimation-1.0.0.aar (androidx.dynamicanimation:dynamicanimation:1.0.0) with CopyTransform
Transforming dynamicanimation-1.0.0.aar (androidx.dynamicanimation:dynamicanimation:1.0.0) with AggregatedPackagesTransform
Transforming legacy-support-core-utils-1.0.0.aar (androidx.legacy:legacy-support-core-utils:1.0.0) with AarToClassTransform
Transforming legacy-support-core-utils-1.0.0.aar (androidx.legacy:legacy-support-core-utils:1.0.0) with IdentityTransform
Transforming legacy-support-core-utils-1.0.0.aar (androidx.legacy:legacy-support-core-utils:1.0.0) with CopyTransform
Transforming legacy-support-core-utils-1.0.0.aar (androidx.legacy:legacy-support-core-utils:1.0.0) with AggregatedPackagesTransform
Transforming loader-1.0.0.aar (androidx.loader:loader:1.0.0) with AarToClassTransform
Transforming loader-1.0.0.aar (androidx.loader:loader:1.0.0) with IdentityTransform
Transforming loader-1.0.0.aar (androidx.loader:loader:1.0.0) with CopyTransform
Transforming loader-1.0.0.aar (androidx.loader:loader:1.0.0) with AggregatedPackagesTransform
Transforming loader-1.0.0.aar (androidx.loader:loader:1.0.0) with AarToClassTransform
Transforming loader-1.0.0.aar (androidx.loader:loader:1.0.0) with IdentityTransform
Transforming loader-1.0.0.aar (androidx.loader:loader:1.0.0) with CopyTransform
Transforming loader-1.0.0.aar (androidx.loader:loader:1.0.0) with AggregatedPackagesTransform
Transforming lifecycle-livedata-2.7.0.aar (androidx.lifecycle:lifecycle-livedata:2.7.0) with AarToClassTransform
Transforming lifecycle-livedata-2.7.0.aar (androidx.lifecycle:lifecycle-livedata:2.7.0) with IdentityTransform
Transforming lifecycle-livedata-2.7.0.aar (androidx.lifecycle:lifecycle-livedata:2.7.0) with CopyTransform
Transforming lifecycle-livedata-2.7.0.aar (androidx.lifecycle:lifecycle-livedata:2.7.0) with AggregatedPackagesTransform
Transforming lifecycle-livedata-2.7.0.aar (androidx.lifecycle:lifecycle-livedata:2.7.0) with AarToClassTransform
Transforming lifecycle-livedata-2.7.0.aar (androidx.lifecycle:lifecycle-livedata:2.7.0) with IdentityTransform
Transforming lifecycle-livedata-2.7.0.aar (androidx.lifecycle:lifecycle-livedata:2.7.0) with CopyTransform
Transforming lifecycle-livedata-2.7.0.aar (androidx.lifecycle:lifecycle-livedata:2.7.0) with AggregatedPackagesTransform
Transforming lifecycle-viewmodel-savedstate-2.7.0.aar (androidx.lifecycle:lifecycle-viewmodel-savedstate:2.7.0) with AarToClassTransform
Transforming lifecycle-viewmodel-savedstate-2.7.0.aar (androidx.lifecycle:lifecycle-viewmodel-savedstate:2.7.0) with IdentityTransform
Transforming lifecycle-viewmodel-savedstate-2.7.0.aar (androidx.lifecycle:lifecycle-viewmodel-savedstate:2.7.0) with CopyTransform
Transforming lifecycle-viewmodel-savedstate-2.7.0.aar (androidx.lifecycle:lifecycle-viewmodel-savedstate:2.7.0) with AggregatedPackagesTransform
Transforming customview-poolingcontainer-1.0.0.aar (androidx.customview:customview-poolingcontainer:1.0.0) with AarToClassTransform
Transforming customview-poolingcontainer-1.0.0.aar (androidx.customview:customview-poolingcontainer:1.0.0) with IdentityTransform
Transforming customview-poolingcontainer-1.0.0.aar (androidx.customview:customview-poolingcontainer:1.0.0) with CopyTransform
Transforming customview-poolingcontainer-1.0.0.aar (androidx.customview:customview-poolingcontainer:1.0.0) with AggregatedPackagesTransform
Transforming core-ktx-1.12.0.aar (androidx.core:core-ktx:1.12.0) with AarToClassTransform
Transforming core-ktx-1.12.0.aar (androidx.core:core-ktx:1.12.0) with IdentityTransform
Transforming core-ktx-1.12.0.aar (androidx.core:core-ktx:1.12.0) with CopyTransform
Transforming core-ktx-1.12.0.aar (androidx.core:core-ktx:1.12.0) with AggregatedPackagesTransform
Transforming swiperefreshlayout-1.1.0.aar (androidx.swiperefreshlayout:swiperefreshlayout:1.1.0) with AarToClassTransform
Transforming swiperefreshlayout-1.1.0.aar (androidx.swiperefreshlayout:swiperefreshlayout:1.1.0) with IdentityTransform
Transforming swiperefreshlayout-1.1.0.aar (androidx.swiperefreshlayout:swiperefreshlayout:1.1.0) with CopyTransform
Transforming swiperefreshlayout-1.1.0.aar (androidx.swiperefreshlayout:swiperefreshlayout:1.1.0) with AggregatedPackagesTransform
Transforming drawerlayout-1.1.1.aar (androidx.drawerlayout:drawerlayout:1.1.1) with AarToClassTransform
Transforming drawerlayout-1.1.1.aar (androidx.drawerlayout:drawerlayout:1.1.1) with IdentityTransform
Transforming drawerlayout-1.1.1.aar (androidx.drawerlayout:drawerlayout:1.1.1) with CopyTransform
Transforming drawerlayout-1.1.1.aar (androidx.drawerlayout:drawerlayout:1.1.1) with AggregatedPackagesTransform
Transforming coordinatorlayout-1.1.0.aar (androidx.coordinatorlayout:coordinatorlayout:1.1.0) with AarToClassTransform
Transforming coordinatorlayout-1.1.0.aar (androidx.coordinatorlayout:coordinatorlayout:1.1.0) with IdentityTransform
Transforming coordinatorlayout-1.1.0.aar (androidx.coordinatorlayout:coordinatorlayout:1.1.0) with CopyTransform
Transforming coordinatorlayout-1.1.0.aar (androidx.coordinatorlayout:coordinatorlayout:1.1.0) with AggregatedPackagesTransform
Transforming vectordrawable-animated-1.1.0.aar (androidx.vectordrawable:vectordrawable-animated:1.1.0) with AarToClassTransform
Transforming vectordrawable-animated-1.1.0.aar (androidx.vectordrawable:vectordrawable-animated:1.1.0) with IdentityTransform
Transforming vectordrawable-animated-1.1.0.aar (androidx.vectordrawable:vectordrawable-animated:1.1.0) with CopyTransform
Transforming vectordrawable-animated-1.1.0.aar (androidx.vectordrawable:vectordrawable-animated:1.1.0) with AggregatedPackagesTransform
Transforming vectordrawable-1.1.0.aar (androidx.vectordrawable:vectordrawable:1.1.0) with AarToClassTransform
Transforming vectordrawable-1.1.0.aar (androidx.vectordrawable:vectordrawable:1.1.0) with IdentityTransform
Transforming vectordrawable-1.1.0.aar (androidx.vectordrawable:vectordrawable:1.1.0) with CopyTransform
Transforming vectordrawable-1.1.0.aar (androidx.vectordrawable:vectordrawable:1.1.0) with AggregatedPackagesTransform
Transforming vectordrawable-1.1.0.aar (androidx.vectordrawable:vectordrawable:1.1.0) with AarToClassTransform
Transforming vectordrawable-1.1.0.aar (androidx.vectordrawable:vectordrawable:1.1.0) with IdentityTransform
Transforming vectordrawable-1.1.0.aar (androidx.vectordrawable:vectordrawable:1.1.0) with CopyTransform
Transforming vectordrawable-1.1.0.aar (androidx.vectordrawable:vectordrawable:1.1.0) with AggregatedPackagesTransform
Transforming viewpager-1.0.0.aar (androidx.viewpager:viewpager:1.0.0) with AarToClassTransform
Transforming viewpager-1.0.0.aar (androidx.viewpager:viewpager:1.0.0) with IdentityTransform
Transforming viewpager-1.0.0.aar (androidx.viewpager:viewpager:1.0.0) with CopyTransform
Transforming viewpager-1.0.0.aar (androidx.viewpager:viewpager:1.0.0) with AggregatedPackagesTransform
Transforming slidingpanelayout-1.2.0.aar (androidx.slidingpanelayout:slidingpanelayout:1.2.0) with AarToClassTransform
Transforming slidingpanelayout-1.2.0.aar (androidx.slidingpanelayout:slidingpanelayout:1.2.0) with IdentityTransform
Transforming slidingpanelayout-1.2.0.aar (androidx.slidingpanelayout:slidingpanelayout:1.2.0) with CopyTransform
Transforming slidingpanelayout-1.2.0.aar (androidx.slidingpanelayout:slidingpanelayout:1.2.0) with AggregatedPackagesTransform
Transforming customview-1.1.0.aar (androidx.customview:customview:1.1.0) with AarToClassTransform
Transforming customview-1.1.0.aar (androidx.customview:customview:1.1.0) with IdentityTransform
Transforming customview-1.1.0.aar (androidx.customview:customview:1.1.0) with CopyTransform
Transforming customview-1.1.0.aar (androidx.customview:customview:1.1.0) with AggregatedPackagesTransform
Transforming customview-1.1.0.aar (androidx.customview:customview:1.1.0) with AarToClassTransform
Transforming customview-1.1.0.aar (androidx.customview:customview:1.1.0) with IdentityTransform
Transforming customview-1.1.0.aar (androidx.customview:customview:1.1.0) with CopyTransform
Transforming customview-1.1.0.aar (androidx.customview:customview:1.1.0) with AggregatedPackagesTransform
Transforming transition-1.4.1.aar (androidx.transition:transition:1.4.1) with AarToClassTransform
Transforming transition-1.4.1.aar (androidx.transition:transition:1.4.1) with IdentityTransform
Transforming transition-1.4.1.aar (androidx.transition:transition:1.4.1) with CopyTransform
Transforming transition-1.4.1.aar (androidx.transition:transition:1.4.1) with AggregatedPackagesTransform
Transforming window-1.0.0.aar (androidx.window:window:1.0.0) with AarToClassTransform
Transforming window-1.0.0.aar (androidx.window:window:1.0.0) with IdentityTransform
Transforming window-1.0.0.aar (androidx.window:window:1.0.0) with CopyTransform
Transforming window-1.0.0.aar (androidx.window:window:1.0.0) with AggregatedPackagesTransform
Transforming autofill-1.0.0.aar (androidx.autofill:autofill:1.0.0) with AarToClassTransform
Transforming autofill-1.0.0.aar (androidx.autofill:autofill:1.0.0) with IdentityTransform
Transforming autofill-1.0.0.aar (androidx.autofill:autofill:1.0.0) with CopyTransform
Transforming autofill-1.0.0.aar (androidx.autofill:autofill:1.0.0) with AggregatedPackagesTransform
Transforming core-1.12.0.aar (androidx.core:core:1.12.0) with AarToClassTransform
Transforming core-1.12.0.aar (androidx.core:core:1.12.0) with IdentityTransform
Transforming core-1.12.0.aar (androidx.core:core:1.12.0) with CopyTransform
Transforming core-1.12.0.aar (androidx.core:core:1.12.0) with AggregatedPackagesTransform
Transforming core-1.12.0.aar (androidx.core:core:1.12.0) with AarToClassTransform
Transforming core-1.12.0.aar (androidx.core:core:1.12.0) with IdentityTransform
Transforming core-1.12.0.aar (androidx.core:core:1.12.0) with CopyTransform
Transforming core-1.12.0.aar (androidx.core:core:1.12.0) with AggregatedPackagesTransform
Transforming lifecycle-runtime-2.7.0.aar (androidx.lifecycle:lifecycle-runtime:2.7.0) with AarToClassTransform
Transforming lifecycle-runtime-2.7.0.aar (androidx.lifecycle:lifecycle-runtime:2.7.0) with IdentityTransform
Transforming lifecycle-runtime-2.7.0.aar (androidx.lifecycle:lifecycle-runtime:2.7.0) with CopyTransform
Transforming lifecycle-runtime-2.7.0.aar (androidx.lifecycle:lifecycle-runtime:2.7.0) with AggregatedPackagesTransform
Transforming lifecycle-viewmodel-2.7.0.aar (androidx.lifecycle:lifecycle-viewmodel:2.7.0) with AarToClassTransform
Transforming lifecycle-viewmodel-2.7.0.aar (androidx.lifecycle:lifecycle-viewmodel:2.7.0) with IdentityTransform
Transforming lifecycle-viewmodel-2.7.0.aar (androidx.lifecycle:lifecycle-viewmodel:2.7.0) with CopyTransform
Transforming lifecycle-viewmodel-2.7.0.aar (androidx.lifecycle:lifecycle-viewmodel:2.7.0) with AggregatedPackagesTransform
Transforming lifecycle-viewmodel-2.7.0.aar (androidx.lifecycle:lifecycle-viewmodel:2.7.0) with AarToClassTransform
Transforming lifecycle-viewmodel-2.7.0.aar (androidx.lifecycle:lifecycle-viewmodel:2.7.0) with IdentityTransform
Transforming lifecycle-viewmodel-2.7.0.aar (androidx.lifecycle:lifecycle-viewmodel:2.7.0) with CopyTransform
Transforming lifecycle-viewmodel-2.7.0.aar (androidx.lifecycle:lifecycle-viewmodel:2.7.0) with AggregatedPackagesTransform
Transforming lifecycle-livedata-ktx-2.7.0.aar (androidx.lifecycle:lifecycle-livedata-ktx:2.7.0) with AarToClassTransform
Transforming lifecycle-livedata-ktx-2.7.0.aar (androidx.lifecycle:lifecycle-livedata-ktx:2.7.0) with IdentityTransform
Transforming lifecycle-livedata-ktx-2.7.0.aar (androidx.lifecycle:lifecycle-livedata-ktx:2.7.0) with CopyTransform
Transforming lifecycle-livedata-ktx-2.7.0.aar (androidx.lifecycle:lifecycle-livedata-ktx:2.7.0) with AggregatedPackagesTransform
Transforming lifecycle-viewmodel-ktx-2.7.0.aar (androidx.lifecycle:lifecycle-viewmodel-ktx:2.7.0) with AarToClassTransform
Transforming lifecycle-viewmodel-ktx-2.7.0.aar (androidx.lifecycle:lifecycle-viewmodel-ktx:2.7.0) with IdentityTransform
Transforming lifecycle-viewmodel-ktx-2.7.0.aar (androidx.lifecycle:lifecycle-viewmodel-ktx:2.7.0) with CopyTransform
Transforming lifecycle-viewmodel-ktx-2.7.0.aar (androidx.lifecycle:lifecycle-viewmodel-ktx:2.7.0) with AggregatedPackagesTransform
Transforming room-common-2.6.1.jar (androidx.room:room-common:2.6.1) with IdentityTransform
Transforming room-common-2.6.1.jar (androidx.room:room-common:2.6.1) with IdentityTransform
Transforming room-common-2.6.1.jar (androidx.room:room-common:2.6.1) with CopyTransform
Transforming room-common-2.6.1.jar (androidx.room:room-common:2.6.1) with AggregatedPackagesTransform
Transforming room-runtime-2.6.1.aar (androidx.room:room-runtime:2.6.1) with AarToClassTransform
Transforming room-runtime-2.6.1.aar (androidx.room:room-runtime:2.6.1) with IdentityTransform
Transforming room-runtime-2.6.1.aar (androidx.room:room-runtime:2.6.1) with CopyTransform
Transforming room-runtime-2.6.1.aar (androidx.room:room-runtime:2.6.1) with AggregatedPackagesTransform
Transforming room-ktx-2.6.1.aar (androidx.room:room-ktx:2.6.1) with AarToClassTransform
Transforming room-ktx-2.6.1.aar (androidx.room:room-ktx:2.6.1) with IdentityTransform
Transforming room-ktx-2.6.1.aar (androidx.room:room-ktx:2.6.1) with CopyTransform
Transforming room-ktx-2.6.1.aar (androidx.room:room-ktx:2.6.1) with AggregatedPackagesTransform
Transforming runtime-saveable-release.aar (androidx.compose.runtime:runtime-saveable-android:1.5.4) with AarToClassTransform
Transforming runtime-saveable-release.aar (androidx.compose.runtime:runtime-saveable-android:1.5.4) with IdentityTransform
Transforming runtime-saveable-release.aar (androidx.compose.runtime:runtime-saveable-android:1.5.4) with CopyTransform
Transforming runtime-saveable-release.aar (androidx.compose.runtime:runtime-saveable-android:1.5.4) with AggregatedPackagesTransform
Transforming runtime-release.aar (androidx.compose.runtime:runtime-android:1.5.4) with AarToClassTransform
Transforming runtime-release.aar (androidx.compose.runtime:runtime-android:1.5.4) with IdentityTransform
Transforming runtime-release.aar (androidx.compose.runtime:runtime-android:1.5.4) with CopyTransform
Transforming runtime-release.aar (androidx.compose.runtime:runtime-android:1.5.4) with AggregatedPackagesTransform
Transforming kotlinx-coroutines-core-jvm-1.7.3.jar (org.jetbrains.kotlinx:kotlinx-coroutines-core-jvm:1.7.3) with IdentityTransform
Transforming kotlinx-coroutines-core-jvm-1.7.3.jar (org.jetbrains.kotlinx:kotlinx-coroutines-core-jvm:1.7.3) with IdentityTransform
Transforming kotlinx-coroutines-core-jvm-1.7.3.jar (org.jetbrains.kotlinx:kotlinx-coroutines-core-jvm:1.7.3) with CopyTransform
Transforming kotlinx-coroutines-core-jvm-1.7.3.jar (org.jetbrains.kotlinx:kotlinx-coroutines-core-jvm:1.7.3) with AggregatedPackagesTransform
Transforming kotlinx-coroutines-android-1.7.3.jar (org.jetbrains.kotlinx:kotlinx-coroutines-android:1.7.3) with IdentityTransform
Transforming kotlinx-coroutines-android-1.7.3.jar (org.jetbrains.kotlinx:kotlinx-coroutines-android:1.7.3) with IdentityTransform
Transforming kotlinx-coroutines-android-1.7.3.jar (org.jetbrains.kotlinx:kotlinx-coroutines-android:1.7.3) with CopyTransform
Transforming kotlinx-coroutines-android-1.7.3.jar (org.jetbrains.kotlinx:kotlinx-coroutines-android:1.7.3) with AggregatedPackagesTransform
Transforming logging-interceptor-4.12.0.jar (com.squareup.okhttp3:logging-interceptor:4.12.0) with IdentityTransform
Transforming logging-interceptor-4.12.0.jar (com.squareup.okhttp3:logging-interceptor:4.12.0) with IdentityTransform
Transforming logging-interceptor-4.12.0.jar (com.squareup.okhttp3:logging-interceptor:4.12.0) with CopyTransform
Transforming logging-interceptor-4.12.0.jar (com.squareup.okhttp3:logging-interceptor:4.12.0) with AggregatedPackagesTransform
Transforming converter-gson-2.9.0.jar (com.squareup.retrofit2:converter-gson:2.9.0) with IdentityTransform
Transforming converter-gson-2.9.0.jar (com.squareup.retrofit2:converter-gson:2.9.0) with IdentityTransform
Transforming converter-gson-2.9.0.jar (com.squareup.retrofit2:converter-gson:2.9.0) with CopyTransform
Transforming converter-gson-2.9.0.jar (com.squareup.retrofit2:converter-gson:2.9.0) with AggregatedPackagesTransform
Transforming retrofit-2.9.0.jar (com.squareup.retrofit2:retrofit:2.9.0) with IdentityTransform
Transforming retrofit-2.9.0.jar (com.squareup.retrofit2:retrofit:2.9.0) with IdentityTransform
Transforming retrofit-2.9.0.jar (com.squareup.retrofit2:retrofit:2.9.0) with CopyTransform
Transforming retrofit-2.9.0.jar (com.squareup.retrofit2:retrofit:2.9.0) with AggregatedPackagesTransform
Transforming okhttp-4.12.0.jar (com.squareup.okhttp3:okhttp:4.12.0) with IdentityTransform
Transforming okhttp-4.12.0.jar (com.squareup.okhttp3:okhttp:4.12.0) with IdentityTransform
Transforming okhttp-4.12.0.jar (com.squareup.okhttp3:okhttp:4.12.0) with CopyTransform
Transforming okhttp-4.12.0.jar (com.squareup.okhttp3:okhttp:4.12.0) with AggregatedPackagesTransform
Transforming okio-jvm-3.6.0.jar (com.squareup.okio:okio-jvm:3.6.0) with IdentityTransform
Transforming okio-jvm-3.6.0.jar (com.squareup.okio:okio-jvm:3.6.0) with IdentityTransform
Transforming okio-jvm-3.6.0.jar (com.squareup.okio:okio-jvm:3.6.0) with CopyTransform
Transforming okio-jvm-3.6.0.jar (com.squareup.okio:okio-jvm:3.6.0) with AggregatedPackagesTransform
Transforming kotlin-stdlib-jdk8-1.9.10.jar (org.jetbrains.kotlin:kotlin-stdlib-jdk8:1.9.10) with IdentityTransform
Transforming kotlin-stdlib-jdk8-1.9.10.jar (org.jetbrains.kotlin:kotlin-stdlib-jdk8:1.9.10) with IdentityTransform
Transforming kotlin-stdlib-jdk8-1.9.10.jar (org.jetbrains.kotlin:kotlin-stdlib-jdk8:1.9.10) with CopyTransform
Transforming kotlin-stdlib-jdk8-1.9.10.jar (org.jetbrains.kotlin:kotlin-stdlib-jdk8:1.9.10) with AggregatedPackagesTransform
Transforming cardview-1.0.0.aar (androidx.cardview:cardview:1.0.0) with AarToClassTransform
Transforming cardview-1.0.0.aar (androidx.cardview:cardview:1.0.0) with IdentityTransform
Transforming cardview-1.0.0.aar (androidx.cardview:cardview:1.0.0) with CopyTransform
Transforming cardview-1.0.0.aar (androidx.cardview:cardview:1.0.0) with AggregatedPackagesTransform
Transforming shimmer-0.5.0.aar (com.facebook.shimmer:shimmer:0.5.0) with AarToClassTransform
Transforming shimmer-0.5.0.aar (com.facebook.shimmer:shimmer:0.5.0) with IdentityTransform
Transforming shimmer-0.5.0.aar (com.facebook.shimmer:shimmer:0.5.0) with CopyTransform
Transforming shimmer-0.5.0.aar (com.facebook.shimmer:shimmer:0.5.0) with AggregatedPackagesTransform
Transforming cursoradapter-1.0.0.aar (androidx.cursoradapter:cursoradapter:1.0.0) with AarToClassTransform
Transforming cursoradapter-1.0.0.aar (androidx.cursoradapter:cursoradapter:1.0.0) with IdentityTransform
Transforming cursoradapter-1.0.0.aar (androidx.cursoradapter:cursoradapter:1.0.0) with CopyTransform
Transforming cursoradapter-1.0.0.aar (androidx.cursoradapter:cursoradapter:1.0.0) with AggregatedPackagesTransform
Transforming resourceinspection-annotation-1.0.1.jar (androidx.resourceinspection:resourceinspection-annotation:1.0.1) with IdentityTransform
Transforming resourceinspection-annotation-1.0.1.jar (androidx.resourceinspection:resourceinspection-annotation:1.0.1) with IdentityTransform
Transforming resourceinspection-annotation-1.0.1.jar (androidx.resourceinspection:resourceinspection-annotation:1.0.1) with CopyTransform
Transforming resourceinspection-annotation-1.0.1.jar (androidx.resourceinspection:resourceinspection-annotation:1.0.1) with AggregatedPackagesTransform
Transforming core-runtime-2.2.0.aar (androidx.arch.core:core-runtime:2.2.0) with AarToClassTransform
Transforming core-runtime-2.2.0.aar (androidx.arch.core:core-runtime:2.2.0) with IdentityTransform
Transforming core-runtime-2.2.0.aar (androidx.arch.core:core-runtime:2.2.0) with CopyTransform
Transforming core-runtime-2.2.0.aar (androidx.arch.core:core-runtime:2.2.0) with AggregatedPackagesTransform
Transforming sqlite-framework-2.4.0.aar (androidx.sqlite:sqlite-framework:2.4.0) with AarToClassTransform
Transforming sqlite-framework-2.4.0.aar (androidx.sqlite:sqlite-framework:2.4.0) with IdentityTransform
Transforming sqlite-framework-2.4.0.aar (androidx.sqlite:sqlite-framework:2.4.0) with CopyTransform
Transforming sqlite-framework-2.4.0.aar (androidx.sqlite:sqlite-framework:2.4.0) with AggregatedPackagesTransform
Transforming sqlite-2.4.0.aar (androidx.sqlite:sqlite:2.4.0) with AarToClassTransform
Transforming sqlite-2.4.0.aar (androidx.sqlite:sqlite:2.4.0) with IdentityTransform
Transforming sqlite-2.4.0.aar (androidx.sqlite:sqlite:2.4.0) with CopyTransform
Transforming sqlite-2.4.0.aar (androidx.sqlite:sqlite:2.4.0) with AggregatedPackagesTransform
Transforming interpolator-1.0.0.aar (androidx.interpolator:interpolator:1.0.0) with AarToClassTransform
Transforming interpolator-1.0.0.aar (androidx.interpolator:interpolator:1.0.0) with IdentityTransform
Transforming interpolator-1.0.0.aar (androidx.interpolator:interpolator:1.0.0) with CopyTransform
Transforming interpolator-1.0.0.aar (androidx.interpolator:interpolator:1.0.0) with AggregatedPackagesTransform
Transforming interpolator-1.0.0.aar (androidx.interpolator:interpolator:1.0.0) with AarToClassTransform
Transforming interpolator-1.0.0.aar (androidx.interpolator:interpolator:1.0.0) with IdentityTransform
Transforming interpolator-1.0.0.aar (androidx.interpolator:interpolator:1.0.0) with CopyTransform
Transforming interpolator-1.0.0.aar (androidx.interpolator:interpolator:1.0.0) with AggregatedPackagesTransform
Transforming versionedparcelable-1.1.1.aar (androidx.versionedparcelable:versionedparcelable:1.1.1) with AarToClassTransform
Transforming versionedparcelable-1.1.1.aar (androidx.versionedparcelable:versionedparcelable:1.1.1) with IdentityTransform
Transforming versionedparcelable-1.1.1.aar (androidx.versionedparcelable:versionedparcelable:1.1.1) with CopyTransform
Transforming versionedparcelable-1.1.1.aar (androidx.versionedparcelable:versionedparcelable:1.1.1) with AggregatedPackagesTransform
Transforming core-common-2.2.0.jar (androidx.arch.core:core-common:2.2.0) with IdentityTransform
Transforming core-common-2.2.0.jar (androidx.arch.core:core-common:2.2.0) with IdentityTransform
Transforming core-common-2.2.0.jar (androidx.arch.core:core-common:2.2.0) with CopyTransform
Transforming core-common-2.2.0.jar (androidx.arch.core:core-common:2.2.0) with AggregatedPackagesTransform
Transforming profileinstaller-1.3.1.aar (androidx.profileinstaller:profileinstaller:1.3.1) with AarToClassTransform
Transforming profileinstaller-1.3.1.aar (androidx.profileinstaller:profileinstaller:1.3.1) with IdentityTransform
Transforming profileinstaller-1.3.1.aar (androidx.profileinstaller:profileinstaller:1.3.1) with CopyTransform
Transforming profileinstaller-1.3.1.aar (androidx.profileinstaller:profileinstaller:1.3.1) with AggregatedPackagesTransform
Transforming startup-runtime-1.1.1.aar (androidx.startup:startup-runtime:1.1.1) with AarToClassTransform
Transforming startup-runtime-1.1.1.aar (androidx.startup:startup-runtime:1.1.1) with IdentityTransform
Transforming startup-runtime-1.1.1.aar (androidx.startup:startup-runtime:1.1.1) with CopyTransform
Transforming startup-runtime-1.1.1.aar (androidx.startup:startup-runtime:1.1.1) with AggregatedPackagesTransform
Transforming tracing-1.0.0.aar (androidx.tracing:tracing:1.0.0) with AarToClassTransform
Transforming tracing-1.0.0.aar (androidx.tracing:tracing:1.0.0) with IdentityTransform
Transforming tracing-1.0.0.aar (androidx.tracing:tracing:1.0.0) with CopyTransform
Transforming tracing-1.0.0.aar (androidx.tracing:tracing:1.0.0) with AggregatedPackagesTransform
Transforming exifinterface-1.3.6.aar (androidx.exifinterface:exifinterface:1.3.6) with AarToClassTransform
Transforming exifinterface-1.3.6.aar (androidx.exifinterface:exifinterface:1.3.6) with IdentityTransform
Transforming exifinterface-1.3.6.aar (androidx.exifinterface:exifinterface:1.3.6) with CopyTransform
Transforming exifinterface-1.3.6.aar (androidx.exifinterface:exifinterface:1.3.6) with AggregatedPackagesTransform
Transforming documentfile-1.0.0.aar (androidx.documentfile:documentfile:1.0.0) with AarToClassTransform
Transforming documentfile-1.0.0.aar (androidx.documentfile:documentfile:1.0.0) with IdentityTransform
Transforming documentfile-1.0.0.aar (androidx.documentfile:documentfile:1.0.0) with CopyTransform
Transforming documentfile-1.0.0.aar (androidx.documentfile:documentfile:1.0.0) with AggregatedPackagesTransform
Transforming localbroadcastmanager-1.0.0.aar (androidx.localbroadcastmanager:localbroadcastmanager:1.0.0) with AarToClassTransform
Transforming localbroadcastmanager-1.0.0.aar (androidx.localbroadcastmanager:localbroadcastmanager:1.0.0) with IdentityTransform
Transforming localbroadcastmanager-1.0.0.aar (androidx.localbroadcastmanager:localbroadcastmanager:1.0.0) with CopyTransform
Transforming localbroadcastmanager-1.0.0.aar (androidx.localbroadcastmanager:localbroadcastmanager:1.0.0) with AggregatedPackagesTransform
Transforming print-1.0.0.aar (androidx.print:print:1.0.0) with AarToClassTransform
Transforming print-1.0.0.aar (androidx.print:print:1.0.0) with IdentityTransform
Transforming print-1.0.0.aar (androidx.print:print:1.0.0) with CopyTransform
Transforming print-1.0.0.aar (androidx.print:print:1.0.0) with AggregatedPackagesTransform
Transforming collection-ktx-1.3.0.jar (androidx.collection:collection-ktx:1.3.0) with IdentityTransform
Transforming collection-ktx-1.3.0.jar (androidx.collection:collection-ktx:1.3.0) with IdentityTransform
Transforming collection-ktx-1.3.0.jar (androidx.collection:collection-ktx:1.3.0) with CopyTransform
Transforming collection-ktx-1.3.0.jar (androidx.collection:collection-ktx:1.3.0) with AggregatedPackagesTransform
Transforming collection-jvm-1.3.0.jar (androidx.collection:collection-jvm:1.3.0) with IdentityTransform
Transforming collection-jvm-1.3.0.jar (androidx.collection:collection-jvm:1.3.0) with IdentityTransform
Transforming collection-jvm-1.3.0.jar (androidx.collection:collection-jvm:1.3.0) with CopyTransform
Transforming collection-jvm-1.3.0.jar (androidx.collection:collection-jvm:1.3.0) with AggregatedPackagesTransform
Transforming annotation-experimental-1.3.0.aar (androidx.annotation:annotation-experimental:1.3.0) with AarToClassTransform
Transforming annotation-experimental-1.3.0.aar (androidx.annotation:annotation-experimental:1.3.0) with IdentityTransform
Transforming annotation-experimental-1.3.0.aar (androidx.annotation:annotation-experimental:1.3.0) with CopyTransform
Transforming annotation-experimental-1.3.0.aar (androidx.annotation:annotation-experimental:1.3.0) with AggregatedPackagesTransform
Transforming kotlin-stdlib-jdk7-1.9.10.jar (org.jetbrains.kotlin:kotlin-stdlib-jdk7:1.9.10) with IdentityTransform
Transforming kotlin-stdlib-jdk7-1.9.10.jar (org.jetbrains.kotlin:kotlin-stdlib-jdk7:1.9.10) with IdentityTransform
Transforming kotlin-stdlib-jdk7-1.9.10.jar (org.jetbrains.kotlin:kotlin-stdlib-jdk7:1.9.10) with CopyTransform
Transforming kotlin-stdlib-jdk7-1.9.10.jar (org.jetbrains.kotlin:kotlin-stdlib-jdk7:1.9.10) with AggregatedPackagesTransform
Transforming annotation-jvm-1.7.0.jar (androidx.annotation:annotation-jvm:1.7.0) with IdentityTransform
Transforming annotation-jvm-1.7.0.jar (androidx.annotation:annotation-jvm:1.7.0) with IdentityTransform
Transforming annotation-jvm-1.7.0.jar (androidx.annotation:annotation-jvm:1.7.0) with CopyTransform
Transforming annotation-jvm-1.7.0.jar (androidx.annotation:annotation-jvm:1.7.0) with AggregatedPackagesTransform
Transforming kotlin-stdlib-1.9.10.jar (org.jetbrains.kotlin:kotlin-stdlib:1.9.10) with IdentityTransform
Transforming kotlin-stdlib-1.9.10.jar (org.jetbrains.kotlin:kotlin-stdlib:1.9.10) with IdentityTransform
Transforming kotlin-stdlib-1.9.10.jar (org.jetbrains.kotlin:kotlin-stdlib:1.9.10) with CopyTransform
Transforming concurrent-futures-1.1.0.jar (androidx.concurrent:concurrent-futures:1.1.0) with IdentityTransform
Transforming kotlin-stdlib-1.9.10.jar (org.jetbrains.kotlin:kotlin-stdlib:1.9.10) with AggregatedPackagesTransform
Transforming concurrent-futures-1.1.0.jar (androidx.concurrent:concurrent-futures:1.1.0) with IdentityTransform
Transforming concurrent-futures-1.1.0.jar (androidx.concurrent:concurrent-futures:1.1.0) with CopyTransform
Transforming concurrent-futures-1.1.0.jar (androidx.concurrent:concurrent-futures:1.1.0) with AggregatedPackagesTransform
Transforming hilt-core-2.48.1.jar (com.google.dagger:hilt-core:2.48.1) with IdentityTransform
Transforming hilt-core-2.48.1.jar (com.google.dagger:hilt-core:2.48.1) with IdentityTransform
Transforming hilt-core-2.48.1.jar (com.google.dagger:hilt-core:2.48.1) with CopyTransform
Transforming hilt-core-2.48.1.jar (com.google.dagger:hilt-core:2.48.1) with AggregatedPackagesTransform
Transforming dagger-2.48.1.jar (com.google.dagger:dagger:2.48.1) with IdentityTransform
Transforming dagger-2.48.1.jar (com.google.dagger:dagger:2.48.1) with IdentityTransform
Transforming dagger-2.48.1.jar (com.google.dagger:dagger:2.48.1) with CopyTransform
Transforming dagger-2.48.1.jar (com.google.dagger:dagger:2.48.1) with AggregatedPackagesTransform
Transforming error_prone_annotations-2.15.0.jar (com.google.errorprone:error_prone_annotations:2.15.0) with IdentityTransform
Transforming dagger-lint-aar-2.48.1.aar (com.google.dagger:dagger-lint-aar:2.48.1) with AarToClassTransform
Transforming error_prone_annotations-2.15.0.jar (com.google.errorprone:error_prone_annotations:2.15.0) with IdentityTransform
Transforming dagger-lint-aar-2.48.1.aar (com.google.dagger:dagger-lint-aar:2.48.1) with IdentityTransform
Transforming error_prone_annotations-2.15.0.jar (com.google.errorprone:error_prone_annotations:2.15.0) with CopyTransform
Transforming dagger-lint-aar-2.48.1.aar (com.google.dagger:dagger-lint-aar:2.48.1) with CopyTransform
Transforming constraintlayout-core-1.0.4.jar (androidx.constraintlayout:constraintlayout-core:1.0.4) with IdentityTransform
Transforming dagger-lint-aar-2.48.1.aar (com.google.dagger:dagger-lint-aar:2.48.1) with AggregatedPackagesTransform
Transforming constraintlayout-core-1.0.4.jar (androidx.constraintlayout:constraintlayout-core:1.0.4) with IdentityTransform
Transforming error_prone_annotations-2.15.0.jar (com.google.errorprone:error_prone_annotations:2.15.0) with AggregatedPackagesTransform
Transforming constraintlayout-core-1.0.4.jar (androidx.constraintlayout:constraintlayout-core:1.0.4) with CopyTransform
Transforming jsr305-3.0.2.jar (com.google.code.findbugs:jsr305:3.0.2) with IdentityTransform
Transforming constraintlayout-core-1.0.4.jar (androidx.constraintlayout:constraintlayout-core:1.0.4) with AggregatedPackagesTransform
Transforming jsr305-3.0.2.jar (com.google.code.findbugs:jsr305:3.0.2) with IdentityTransform
Transforming jsr305-3.0.2.jar (com.google.code.findbugs:jsr305:3.0.2) with CopyTransform
Transforming jsr305-3.0.2.jar (com.google.code.findbugs:jsr305:3.0.2) with AggregatedPackagesTransform
Transforming javax.inject-1.jar (javax.inject:javax.inject:1) with IdentityTransform
Transforming javax.inject-1.jar (javax.inject:javax.inject:1) with IdentityTransform
Transforming javax.inject-1.jar (javax.inject:javax.inject:1) with CopyTransform
Transforming javax.inject-1.jar (javax.inject:javax.inject:1) with AggregatedPackagesTransform
Transforming gson-2.8.5.jar (com.google.code.gson:gson:2.8.5) with IdentityTransform
Transforming gson-2.8.5.jar (com.google.code.gson:gson:2.8.5) with IdentityTransform
Transforming gson-2.8.5.jar (com.google.code.gson:gson:2.8.5) with CopyTransform
Transforming gson-2.8.5.jar (com.google.code.gson:gson:2.8.5) with AggregatedPackagesTransform
Transforming kotlin-stdlib-common-1.9.10.jar (org.jetbrains.kotlin:kotlin-stdlib-common:1.9.10) with IdentityTransform
Transforming kotlin-stdlib-common-1.9.10.jar (org.jetbrains.kotlin:kotlin-stdlib-common:1.9.10) with IdentityTransform
Transforming kotlin-stdlib-common-1.9.10.jar (org.jetbrains.kotlin:kotlin-stdlib-common:1.9.10) with CopyTransform
Transforming kotlin-stdlib-common-1.9.10.jar (org.jetbrains.kotlin:kotlin-stdlib-common:1.9.10) with AggregatedPackagesTransform
Transforming annotations-23.0.0.jar (org.jetbrains:annotations:23.0.0) with IdentityTransform
Transforming annotations-23.0.0.jar (org.jetbrains:annotations:23.0.0) with IdentityTransform
Transforming annotations-23.0.0.jar (org.jetbrains:annotations:23.0.0) with CopyTransform
Transforming annotations-23.0.0.jar (org.jetbrains:annotations:23.0.0) with AggregatedPackagesTransform
Transforming listenablefuture-1.0.jar (com.google.guava:listenablefuture:1.0) with IdentityTransform
Transforming listenablefuture-1.0.jar (com.google.guava:listenablefuture:1.0) with IdentityTransform
Transforming listenablefuture-1.0.jar (com.google.guava:listenablefuture:1.0) with CopyTransform
Transforming listenablefuture-1.0.jar (com.google.guava:listenablefuture:1.0) with AggregatedPackagesTransform
file or directory 'C:\Users\Gandon\Desktop\Projects\MovieTimeTracker\app\build\generated\ksp\debug\classes', not found
Transforming android.jar with IdentityTransform
Transforming android.jar with IdentityTransform
Transforming android.jar with CopyTransform
Transforming android.jar with AggregatedPackagesTransform
Transforming core-lambda-stubs.jar with IdentityTransform
Transforming core-lambda-stubs.jar with IdentityTransform
Transforming core-lambda-stubs.jar with CopyTransform
Transforming core-lambda-stubs.jar with AggregatedPackagesTransform
Transforming R.jar with IdentityTransform
Transforming R.jar with IdentityTransform
Transforming R.jar with CopyTransform
Transforming R.jar with AggregatedPackagesTransform
Transforming viewbinding-8.2.2-api.jar with IdentityTransform
Transforming viewbinding-8.2.2-api.jar with IdentityTransform
Transforming viewbinding-8.2.2-api.jar with CopyTransform
Transforming viewbinding-8.2.2-api.jar with AggregatedPackagesTransform
Transforming navigation-common-2.7.6-api.jar with IdentityTransform
Transforming navigation-common-2.7.6-api.jar with IdentityTransform
Transforming navigation-common-2.7.6-api.jar with CopyTransform
Transforming navigation-common-2.7.6-api.jar with AggregatedPackagesTransform
Transforming navigation-common-ktx-2.7.6-api.jar with IdentityTransform
Transforming navigation-common-ktx-2.7.6-api.jar with IdentityTransform
Transforming navigation-common-ktx-2.7.6-api.jar with CopyTransform
Transforming navigation-common-ktx-2.7.6-api.jar with AggregatedPackagesTransform
Transforming navigation-runtime-2.7.6-api.jar with IdentityTransform
Transforming navigation-runtime-2.7.6-api.jar with IdentityTransform
Transforming navigation-runtime-2.7.6-api.jar with CopyTransform
Transforming navigation-runtime-2.7.6-api.jar with AggregatedPackagesTransform
Transforming navigation-runtime-ktx-2.7.6-api.jar with IdentityTransform
Transforming navigation-runtime-ktx-2.7.6-api.jar with IdentityTransform
Transforming navigation-runtime-ktx-2.7.6-api.jar with CopyTransform
Transforming navigation-runtime-ktx-2.7.6-api.jar with AggregatedPackagesTransform
Transforming navigation-fragment-2.7.6-api.jar with IdentityTransform
Transforming navigation-fragment-2.7.6-api.jar with IdentityTransform
Transforming navigation-fragment-2.7.6-api.jar with CopyTransform
Transforming navigation-fragment-2.7.6-api.jar with AggregatedPackagesTransform
Transforming navigation-fragment-ktx-2.7.6-api.jar with IdentityTransform
Transforming navigation-fragment-ktx-2.7.6-api.jar with IdentityTransform
Transforming navigation-fragment-ktx-2.7.6-api.jar with CopyTransform
Transforming navigation-fragment-ktx-2.7.6-api.jar with AggregatedPackagesTransform
Transforming navigation-ui-ktx-2.7.6-api.jar with IdentityTransform
Transforming navigation-ui-ktx-2.7.6-api.jar with IdentityTransform
Transforming navigation-ui-ktx-2.7.6-api.jar with CopyTransform
Transforming navigation-ui-ktx-2.7.6-api.jar with AggregatedPackagesTransform
Transforming navigation-ui-2.7.6-api.jar with IdentityTransform
Transforming navigation-ui-2.7.6-api.jar with IdentityTransform
Transforming navigation-ui-2.7.6-api.jar with CopyTransform
Transforming navigation-ui-2.7.6-api.jar with AggregatedPackagesTransform
Transforming material-1.11.0-api.jar with IdentityTransform
Transforming material-1.11.0-api.jar with IdentityTransform
Transforming material-1.11.0-api.jar with CopyTransform
Transforming material-1.11.0-api.jar with AggregatedPackagesTransform
Transforming preference-ktx-1.2.1-api.jar with IdentityTransform
Transforming preference-ktx-1.2.1-api.jar with IdentityTransform
Transforming preference-ktx-1.2.1-api.jar with CopyTransform
Transforming preference-ktx-1.2.1-api.jar with AggregatedPackagesTransform
Transforming preference-1.2.1-api.jar with IdentityTransform
Transforming preference-1.2.1-api.jar with IdentityTransform
Transforming preference-1.2.1-api.jar with CopyTransform
Transforming preference-1.2.1-api.jar with AggregatedPackagesTransform
Transforming appcompat-1.6.1-api.jar with IdentityTransform
Transforming appcompat-1.6.1-api.jar with IdentityTransform
Transforming appcompat-1.6.1-api.jar with CopyTransform
Transforming appcompat-1.6.1-api.jar with AggregatedPackagesTransform
Transforming hilt-android-2.48.1-api.jar with IdentityTransform
Transforming hilt-android-2.48.1-api.jar with IdentityTransform
Transforming hilt-android-2.48.1-api.jar with CopyTransform
Transforming hilt-android-2.48.1-api.jar with AggregatedPackagesTransform
Transforming viewpager2-1.1.0-beta02-api.jar with IdentityTransform
Transforming viewpager2-1.1.0-beta02-api.jar with IdentityTransform
Transforming viewpager2-1.1.0-beta02-api.jar with CopyTransform
Transforming viewpager2-1.1.0-beta02-api.jar with AggregatedPackagesTransform
Transforming fragment-1.6.2-api.jar with IdentityTransform
Transforming fragment-1.6.2-api.jar with IdentityTransform
Transforming fragment-1.6.2-api.jar with CopyTransform
Transforming fragment-1.6.2-api.jar with AggregatedPackagesTransform
Transforming fragment-ktx-1.6.2-api.jar with IdentityTransform
Transforming fragment-ktx-1.6.2-api.jar with IdentityTransform
Transforming fragment-ktx-1.6.2-api.jar with CopyTransform
Transforming fragment-ktx-1.6.2-api.jar with AggregatedPackagesTransform
Transforming activity-1.8.2-api.jar with IdentityTransform
Transforming activity-1.8.2-api.jar with IdentityTransform
Transforming activity-1.8.2-api.jar with CopyTransform
Transforming activity-1.8.2-api.jar with AggregatedPackagesTransform
Transforming activity-ktx-1.8.2-api.jar with IdentityTransform
Transforming activity-ktx-1.8.2-api.jar with IdentityTransform
Transforming activity-ktx-1.8.2-api.jar with CopyTransform
Transforming activity-ktx-1.8.2-api.jar with AggregatedPackagesTransform
Transforming lifecycle-livedata-core-2.7.0-api.jar with IdentityTransform
Transforming lifecycle-livedata-core-2.7.0-api.jar with IdentityTransform
Transforming lifecycle-livedata-core-2.7.0-api.jar with CopyTransform
Transforming lifecycle-livedata-core-2.7.0-api.jar with AggregatedPackagesTransform
Transforming lifecycle-common-2.7.0.jar with IdentityTransform
Transforming lifecycle-common-2.7.0.jar with IdentityTransform
Transforming lifecycle-common-2.7.0.jar with CopyTransform
Transforming lifecycle-common-2.7.0.jar with AggregatedPackagesTransform
Transforming paging-common-ktx-3.2.1.jar with IdentityTransform
Transforming paging-common-ktx-3.2.1.jar with IdentityTransform
Transforming paging-common-ktx-3.2.1.jar with CopyTransform
Transforming paging-common-ktx-3.2.1.jar with AggregatedPackagesTransform
Transforming paging-common-3.2.1.jar with IdentityTransform
Transforming paging-common-3.2.1.jar with IdentityTransform
Transforming paging-common-3.2.1.jar with CopyTransform
Transforming paging-common-3.2.1.jar with AggregatedPackagesTransform
Transforming paging-runtime-ktx-3.2.1-api.jar with IdentityTransform
Transforming paging-runtime-ktx-3.2.1-api.jar with IdentityTransform
Transforming paging-runtime-ktx-3.2.1-api.jar with CopyTransform
Transforming paging-runtime-ktx-3.2.1-api.jar with AggregatedPackagesTransform
Transforming paging-runtime-3.2.1-api.jar with IdentityTransform
Transforming paging-runtime-3.2.1-api.jar with IdentityTransform
Transforming paging-runtime-3.2.1-api.jar with CopyTransform
Transforming paging-runtime-3.2.1-api.jar with AggregatedPackagesTransform
Transforming lifecycle-runtime-ktx-2.7.0-api.jar with IdentityTransform
Transforming lifecycle-runtime-ktx-2.7.0-api.jar with IdentityTransform
Transforming lifecycle-runtime-ktx-2.7.0-api.jar with CopyTransform
Transforming lifecycle-runtime-ktx-2.7.0-api.jar with AggregatedPackagesTransform
Transforming lifecycle-livedata-core-ktx-2.7.0-api.jar with IdentityTransform
Transforming lifecycle-livedata-core-ktx-2.7.0-api.jar with IdentityTransform
Transforming lifecycle-livedata-core-ktx-2.7.0-api.jar with CopyTransform
Transforming lifecycle-livedata-core-ktx-2.7.0-api.jar with AggregatedPackagesTransform
Transforming dynamicanimation-1.0.0-api.jar with IdentityTransform
Transforming dynamicanimation-1.0.0-api.jar with IdentityTransform
Transforming dynamicanimation-1.0.0-api.jar with CopyTransform
Transforming dynamicanimation-1.0.0-api.jar with AggregatedPackagesTransform
Transforming legacy-support-core-utils-1.0.0-api.jar with IdentityTransform
Transforming legacy-support-core-utils-1.0.0-api.jar with IdentityTransform
Transforming legacy-support-core-utils-1.0.0-api.jar with CopyTransform
Transforming legacy-support-core-utils-1.0.0-api.jar with AggregatedPackagesTransform
Transforming loader-1.0.0-api.jar with IdentityTransform
Transforming loader-1.0.0-api.jar with IdentityTransform
Transforming loader-1.0.0-api.jar with CopyTransform
Transforming loader-1.0.0-api.jar with AggregatedPackagesTransform
Transforming lifecycle-livedata-2.7.0-api.jar with IdentityTransform
Transforming lifecycle-livedata-2.7.0-api.jar with IdentityTransform
Transforming lifecycle-livedata-2.7.0-api.jar with CopyTransform
Transforming lifecycle-livedata-2.7.0-api.jar with AggregatedPackagesTransform
Transforming lifecycle-viewmodel-2.7.0-api.jar with IdentityTransform
Transforming lifecycle-viewmodel-2.7.0-api.jar with IdentityTransform
Transforming lifecycle-viewmodel-2.7.0-api.jar with CopyTransform
Transforming lifecycle-viewmodel-2.7.0-api.jar with AggregatedPackagesTransform
Transforming lifecycle-viewmodel-savedstate-2.7.0-api.jar with IdentityTransform
Transforming lifecycle-viewmodel-savedstate-2.7.0-api.jar with IdentityTransform
Transforming lifecycle-viewmodel-savedstate-2.7.0-api.jar with CopyTransform
Transforming lifecycle-viewmodel-savedstate-2.7.0-api.jar with AggregatedPackagesTransform
Transforming core-ktx-1.12.0-api.jar with IdentityTransform
Transforming core-ktx-1.12.0-api.jar with IdentityTransform
Transforming core-ktx-1.12.0-api.jar with CopyTransform
Transforming core-ktx-1.12.0-api.jar with AggregatedPackagesTransform
Transforming recyclerview-1.3.2-api.jar with IdentityTransform
Transforming recyclerview-1.3.2-api.jar with IdentityTransform
Transforming recyclerview-1.3.2-api.jar with CopyTransform
Transforming recyclerview-1.3.2-api.jar with AggregatedPackagesTransform
Transforming swiperefreshlayout-1.1.0-api.jar with IdentityTransform
Transforming swiperefreshlayout-1.1.0-api.jar with IdentityTransform
Transforming swiperefreshlayout-1.1.0-api.jar with CopyTransform
Transforming swiperefreshlayout-1.1.0-api.jar with AggregatedPackagesTransform
Transforming appcompat-resources-1.6.1-api.jar with IdentityTransform
Transforming appcompat-resources-1.6.1-api.jar with IdentityTransform
Transforming appcompat-resources-1.6.1-api.jar with CopyTransform
Transforming appcompat-resources-1.6.1-api.jar with AggregatedPackagesTransform
Transforming drawerlayout-1.1.1-api.jar with IdentityTransform
Transforming drawerlayout-1.1.1-api.jar with IdentityTransform
Transforming drawerlayout-1.1.1-api.jar with CopyTransform
Transforming drawerlayout-1.1.1-api.jar with AggregatedPackagesTransform
Transforming coordinatorlayout-1.1.0-api.jar with IdentityTransform
Transforming coordinatorlayout-1.1.0-api.jar with IdentityTransform
Transforming coordinatorlayout-1.1.0-api.jar with CopyTransform
Transforming coordinatorlayout-1.1.0-api.jar with AggregatedPackagesTransform
Transforming transition-1.4.1-api.jar with IdentityTransform
Transforming transition-1.4.1-api.jar with IdentityTransform
Transforming transition-1.4.1-api.jar with CopyTransform
Transforming transition-1.4.1-api.jar with AggregatedPackagesTransform
Transforming vectordrawable-animated-1.1.0-api.jar with IdentityTransform
Transforming vectordrawable-animated-1.1.0-api.jar with IdentityTransform
Transforming vectordrawable-animated-1.1.0-api.jar with CopyTransform
Transforming vectordrawable-animated-1.1.0-api.jar with AggregatedPackagesTransform
Transforming vectordrawable-1.1.0-api.jar with IdentityTransform
Transforming vectordrawable-1.1.0-api.jar with IdentityTransform
Transforming vectordrawable-1.1.0-api.jar with CopyTransform
Transforming vectordrawable-1.1.0-api.jar with AggregatedPackagesTransform
Transforming viewpager-1.0.0-api.jar with IdentityTransform
Transforming viewpager-1.0.0-api.jar with IdentityTransform
Transforming viewpager-1.0.0-api.jar with CopyTransform
Transforming viewpager-1.0.0-api.jar with AggregatedPackagesTransform
Transforming slidingpanelayout-1.2.0-api.jar with IdentityTransform
Transforming slidingpanelayout-1.2.0-api.jar with IdentityTransform
Transforming slidingpanelayout-1.2.0-api.jar with CopyTransform
Transforming slidingpanelayout-1.2.0-api.jar with AggregatedPackagesTransform
Transforming customview-1.1.0-api.jar with IdentityTransform
Transforming customview-1.1.0-api.jar with IdentityTransform
Transforming customview-1.1.0-api.jar with CopyTransform
Transforming customview-1.1.0-api.jar with AggregatedPackagesTransform
Transforming core-1.12.0-api.jar with IdentityTransform
Transforming core-1.12.0-api.jar with IdentityTransform
Transforming core-1.12.0-api.jar with CopyTransform
Transforming core-1.12.0-api.jar with AggregatedPackagesTransform
Transforming coil-compose-2.5.0-api.jar with IdentityTransform
Transforming coil-compose-2.5.0-api.jar with IdentityTransform
Transforming coil-compose-2.5.0-api.jar with CopyTransform
Transforming coil-compose-2.5.0-api.jar with AggregatedPackagesTransform
Transforming coil-2.5.0-api.jar with IdentityTransform
Transforming coil-2.5.0-api.jar with IdentityTransform
Transforming coil-2.5.0-api.jar with CopyTransform
Transforming coil-2.5.0-api.jar with AggregatedPackagesTransform
Transforming coil-compose-base-2.5.0-api.jar with IdentityTransform
Transforming coil-compose-base-2.5.0-api.jar with IdentityTransform
Transforming coil-compose-base-2.5.0-api.jar with CopyTransform
Transforming coil-compose-base-2.5.0-api.jar with AggregatedPackagesTransform
Transforming coil-base-2.5.0-api.jar with IdentityTransform
Transforming coil-base-2.5.0-api.jar with IdentityTransform
Transforming coil-base-2.5.0-api.jar with CopyTransform
Transforming coil-base-2.5.0-api.jar with AggregatedPackagesTransform
Transforming lifecycle-runtime-2.7.0-api.jar with IdentityTransform
Transforming lifecycle-runtime-2.7.0-api.jar with IdentityTransform
Transforming lifecycle-runtime-2.7.0-api.jar with CopyTransform
Transforming lifecycle-runtime-2.7.0-api.jar with AggregatedPackagesTransform
Transforming lifecycle-livedata-ktx-2.7.0-api.jar with IdentityTransform
Transforming lifecycle-livedata-ktx-2.7.0-api.jar with IdentityTransform
Transforming lifecycle-livedata-ktx-2.7.0-api.jar with CopyTransform
Transforming lifecycle-livedata-ktx-2.7.0-api.jar with AggregatedPackagesTransform
Transforming lifecycle-viewmodel-ktx-2.7.0-api.jar with IdentityTransform
Transforming lifecycle-viewmodel-ktx-2.7.0-api.jar with IdentityTransform
Transforming lifecycle-viewmodel-ktx-2.7.0-api.jar with CopyTransform
Transforming lifecycle-viewmodel-ktx-2.7.0-api.jar with AggregatedPackagesTransform
Transforming room-common-2.6.1.jar with IdentityTransform
Transforming room-common-2.6.1.jar with IdentityTransform
Transforming room-common-2.6.1.jar with CopyTransform
Transforming room-common-2.6.1.jar with AggregatedPackagesTransform
Transforming room-runtime-2.6.1-api.jar with IdentityTransform
Transforming room-runtime-2.6.1-api.jar with IdentityTransform
Transforming room-runtime-2.6.1-api.jar with CopyTransform
Transforming room-runtime-2.6.1-api.jar with AggregatedPackagesTransform
Transforming room-ktx-2.6.1-api.jar with IdentityTransform
Transforming room-ktx-2.6.1-api.jar with IdentityTransform
Transforming room-ktx-2.6.1-api.jar with CopyTransform
Transforming room-ktx-2.6.1-api.jar with AggregatedPackagesTransform
Transforming animation-core-release-api.jar with IdentityTransform
Transforming animation-core-release-api.jar with IdentityTransform
Transforming animation-core-release-api.jar with CopyTransform
Transforming animation-core-release-api.jar with AggregatedPackagesTransform
Transforming animation-release-api.jar with IdentityTransform
Transforming animation-release-api.jar with IdentityTransform
Transforming animation-release-api.jar with CopyTransform
Transforming animation-release-api.jar with AggregatedPackagesTransform
Transforming foundation-layout-release-api.jar with IdentityTransform
Transforming foundation-layout-release-api.jar with IdentityTransform
Transforming foundation-layout-release-api.jar with CopyTransform
Transforming foundation-layout-release-api.jar with AggregatedPackagesTransform
Transforming foundation-release-api.jar with IdentityTransform
Transforming foundation-release-api.jar with IdentityTransform
Transforming foundation-release-api.jar with CopyTransform
Transforming foundation-release-api.jar with AggregatedPackagesTransform
Transforming ui-unit-release-api.jar with IdentityTransform
Transforming ui-unit-release-api.jar with IdentityTransform
Transforming ui-unit-release-api.jar with CopyTransform
Transforming ui-unit-release-api.jar with AggregatedPackagesTransform
Transforming ui-text-release-api.jar with IdentityTransform
Transforming ui-text-release-api.jar with IdentityTransform
Transforming ui-text-release-api.jar with CopyTransform
Transforming ui-text-release-api.jar with AggregatedPackagesTransform
Transforming ui-graphics-release-api.jar with IdentityTransform
Transforming ui-graphics-release-api.jar with IdentityTransform
Transforming ui-graphics-release-api.jar with CopyTransform
Transforming ui-graphics-release-api.jar with AggregatedPackagesTransform
Transforming ui-geometry-release-api.jar with IdentityTransform
Transforming ui-geometry-release-api.jar with IdentityTransform
Transforming ui-geometry-release-api.jar with CopyTransform
Transforming ui-geometry-release-api.jar with AggregatedPackagesTransform
Transforming ui-release-api.jar with IdentityTransform
Transforming ui-release-api.jar with IdentityTransform
Transforming ui-release-api.jar with CopyTransform
Transforming ui-release-api.jar with AggregatedPackagesTransform
Transforming runtime-saveable-release-api.jar with IdentityTransform
Transforming runtime-saveable-release-api.jar with IdentityTransform
Transforming runtime-saveable-release-api.jar with CopyTransform
Transforming runtime-saveable-release-api.jar with AggregatedPackagesTransform
Transforming runtime-release-api.jar with IdentityTransform
Transforming runtime-release-api.jar with IdentityTransform
Transforming runtime-release-api.jar with CopyTransform
Transforming runtime-release-api.jar with AggregatedPackagesTransform
Transforming kotlinx-coroutines-core-jvm-1.7.3.jar with IdentityTransform
Transforming kotlinx-coroutines-core-jvm-1.7.3.jar with IdentityTransform
Transforming kotlinx-coroutines-core-jvm-1.7.3.jar with CopyTransform
Transforming kotlinx-coroutines-core-jvm-1.7.3.jar with AggregatedPackagesTransform
Transforming kotlinx-coroutines-android-1.7.3.jar with IdentityTransform
Transforming kotlinx-coroutines-android-1.7.3.jar with IdentityTransform
Transforming kotlinx-coroutines-android-1.7.3.jar with CopyTransform
Transforming kotlinx-coroutines-android-1.7.3.jar with AggregatedPackagesTransform
Transforming logging-interceptor-4.12.0.jar with IdentityTransform
Transforming logging-interceptor-4.12.0.jar with IdentityTransform
Transforming logging-interceptor-4.12.0.jar with CopyTransform
Transforming logging-interceptor-4.12.0.jar with AggregatedPackagesTransform
Transforming converter-gson-2.9.0.jar with IdentityTransform
Transforming converter-gson-2.9.0.jar with IdentityTransform
Transforming converter-gson-2.9.0.jar with CopyTransform
Transforming converter-gson-2.9.0.jar with AggregatedPackagesTransform
Transforming retrofit-2.9.0.jar with IdentityTransform
Transforming retrofit-2.9.0.jar with IdentityTransform
Transforming retrofit-2.9.0.jar with CopyTransform
Transforming retrofit-2.9.0.jar with AggregatedPackagesTransform
Transforming okhttp-4.12.0.jar with IdentityTransform
Transforming okhttp-4.12.0.jar with IdentityTransform
Transforming okhttp-4.12.0.jar with CopyTransform
Transforming okhttp-4.12.0.jar with AggregatedPackagesTransform
Transforming okio-jvm-3.6.0.jar with IdentityTransform
Transforming okio-jvm-3.6.0.jar with IdentityTransform
Transforming okio-jvm-3.6.0.jar with CopyTransform
Transforming okio-jvm-3.6.0.jar with AggregatedPackagesTransform
Transforming kotlin-stdlib-jdk8-1.9.10.jar with IdentityTransform
Transforming kotlin-stdlib-jdk8-1.9.10.jar with IdentityTransform
Transforming kotlin-stdlib-jdk8-1.9.10.jar with CopyTransform
Transforming kotlin-stdlib-jdk8-1.9.10.jar with AggregatedPackagesTransform
Transforming cardview-1.0.0-api.jar with IdentityTransform
Transforming cardview-1.0.0-api.jar with IdentityTransform
Transforming cardview-1.0.0-api.jar with CopyTransform
Transforming cardview-1.0.0-api.jar with AggregatedPackagesTransform
Transforming shimmer-0.5.0-api.jar with IdentityTransform
Transforming shimmer-0.5.0-api.jar with IdentityTransform
Transforming shimmer-0.5.0-api.jar with CopyTransform
Transforming shimmer-0.5.0-api.jar with AggregatedPackagesTransform
Transforming cursoradapter-1.0.0-api.jar with IdentityTransform
Transforming cursoradapter-1.0.0-api.jar with IdentityTransform
Transforming cursoradapter-1.0.0-api.jar with CopyTransform
Transforming cursoradapter-1.0.0-api.jar with AggregatedPackagesTransform
Transforming savedstate-ktx-1.2.1-api.jar with IdentityTransform
Transforming savedstate-ktx-1.2.1-api.jar with IdentityTransform
Transforming savedstate-ktx-1.2.1-api.jar with CopyTransform
Transforming savedstate-ktx-1.2.1-api.jar with AggregatedPackagesTransform
Transforming savedstate-1.2.1-api.jar with IdentityTransform
Transforming savedstate-1.2.1-api.jar with IdentityTransform
Transforming savedstate-1.2.1-api.jar with CopyTransform
Transforming savedstate-1.2.1-api.jar with AggregatedPackagesTransform
Transforming sqlite-framework-2.4.0-api.jar with IdentityTransform
Transforming sqlite-framework-2.4.0-api.jar with IdentityTransform
Transforming sqlite-framework-2.4.0-api.jar with CopyTransform
Transforming sqlite-framework-2.4.0-api.jar with AggregatedPackagesTransform
Transforming sqlite-2.4.0-api.jar with IdentityTransform
Transforming sqlite-2.4.0-api.jar with IdentityTransform
Transforming sqlite-2.4.0-api.jar with CopyTransform
Transforming sqlite-2.4.0-api.jar with AggregatedPackagesTransform
Transforming interpolator-1.0.0-api.jar with IdentityTransform
Transforming interpolator-1.0.0-api.jar with IdentityTransform
Transforming interpolator-1.0.0-api.jar with CopyTransform
Transforming interpolator-1.0.0-api.jar with AggregatedPackagesTransform
Transforming versionedparcelable-1.1.1-api.jar with IdentityTransform
Transforming versionedparcelable-1.1.1-api.jar with IdentityTransform
Transforming versionedparcelable-1.1.1-api.jar with CopyTransform
Transforming versionedparcelable-1.1.1-api.jar with AggregatedPackagesTransform
Transforming core-runtime-2.2.0-api.jar with IdentityTransform
Transforming core-runtime-2.2.0-api.jar with IdentityTransform
Transforming core-runtime-2.2.0-api.jar with CopyTransform
Transforming core-runtime-2.2.0-api.jar with AggregatedPackagesTransform
Transforming core-common-2.2.0.jar with IdentityTransform
Transforming core-common-2.2.0.jar with IdentityTransform
Transforming core-common-2.2.0.jar with CopyTransform
Transforming core-common-2.2.0.jar with AggregatedPackagesTransform
Transforming collection-ktx-1.3.0.jar with IdentityTransform
Transforming collection-ktx-1.3.0.jar with IdentityTransform
Transforming collection-ktx-1.3.0.jar with CopyTransform
Transforming collection-ktx-1.3.0.jar with AggregatedPackagesTransform
Transforming collection-jvm-1.3.0.jar with IdentityTransform
Transforming collection-jvm-1.3.0.jar with IdentityTransform
Transforming collection-jvm-1.3.0.jar with CopyTransform
Transforming collection-jvm-1.3.0.jar with AggregatedPackagesTransform
Transforming documentfile-1.0.0-api.jar with IdentityTransform
Transforming documentfile-1.0.0-api.jar with IdentityTransform
Transforming documentfile-1.0.0-api.jar with CopyTransform
Transforming documentfile-1.0.0-api.jar with AggregatedPackagesTransform
Transforming localbroadcastmanager-1.0.0-api.jar with IdentityTransform
Transforming localbroadcastmanager-1.0.0-api.jar with IdentityTransform
Transforming localbroadcastmanager-1.0.0-api.jar with CopyTransform
Transforming localbroadcastmanager-1.0.0-api.jar with AggregatedPackagesTransform
Transforming print-1.0.0-api.jar with IdentityTransform
Transforming print-1.0.0-api.jar with IdentityTransform
Transforming print-1.0.0-api.jar with CopyTransform
Transforming print-1.0.0-api.jar with AggregatedPackagesTransform
Transforming annotation-jvm-1.7.0.jar with IdentityTransform
Transforming annotation-jvm-1.7.0.jar with IdentityTransform
Transforming annotation-jvm-1.7.0.jar with CopyTransform
Transforming annotation-jvm-1.7.0.jar with AggregatedPackagesTransform
Transforming kotlin-stdlib-jdk7-1.9.10.jar with IdentityTransform
Transforming kotlin-stdlib-jdk7-1.9.10.jar with IdentityTransform
Transforming kotlin-stdlib-jdk7-1.9.10.jar with CopyTransform
Transforming kotlin-stdlib-jdk7-1.9.10.jar with AggregatedPackagesTransform
Transforming annotation-experimental-1.3.0-api.jar with IdentityTransform
Transforming annotation-experimental-1.3.0-api.jar with IdentityTransform
Transforming annotation-experimental-1.3.0-api.jar with CopyTransform
Transforming annotation-experimental-1.3.0-api.jar with AggregatedPackagesTransform
Transforming kotlin-stdlib-1.9.10.jar with IdentityTransform
Transforming kotlin-stdlib-1.9.10.jar with IdentityTransform
Transforming kotlin-stdlib-1.9.10.jar with CopyTransform
Transforming kotlin-stdlib-1.9.10.jar with AggregatedPackagesTransform
Transforming kotlin-stdlib-common-1.9.10.jar with IdentityTransform
Transforming kotlin-stdlib-common-1.9.10.jar with IdentityTransform
Transforming kotlin-stdlib-common-1.9.10.jar with CopyTransform
Transforming kotlin-stdlib-common-1.9.10.jar with AggregatedPackagesTransform
Transforming annotations-23.0.0.jar with IdentityTransform
Transforming annotations-23.0.0.jar with IdentityTransform
Transforming annotations-23.0.0.jar with CopyTransform
Transforming annotations-23.0.0.jar with AggregatedPackagesTransform
Transforming resourceinspection-annotation-1.0.1.jar with IdentityTransform
Transforming resourceinspection-annotation-1.0.1.jar with IdentityTransform
Transforming resourceinspection-annotation-1.0.1.jar with CopyTransform
Transforming resourceinspection-annotation-1.0.1.jar with AggregatedPackagesTransform
Transforming constraintlayout-2.1.4-api.jar with IdentityTransform
Transforming constraintlayout-2.1.4-api.jar with IdentityTransform
Transforming constraintlayout-2.1.4-api.jar with CopyTransform
Transforming constraintlayout-2.1.4-api.jar with AggregatedPackagesTransform
Transforming hilt-core-2.48.1.jar with IdentityTransform
Transforming hilt-core-2.48.1.jar with IdentityTransform
Transforming hilt-core-2.48.1.jar with CopyTransform
Transforming hilt-core-2.48.1.jar with AggregatedPackagesTransform
Transforming dagger-2.48.1.jar with IdentityTransform
Transforming dagger-2.48.1.jar with IdentityTransform
Transforming dagger-2.48.1.jar with CopyTransform
Transforming dagger-2.48.1.jar with AggregatedPackagesTransform
Transforming javax.inject-1.jar with IdentityTransform
Transforming javax.inject-1.jar with IdentityTransform
Transforming javax.inject-1.jar with CopyTransform
Transforming javax.inject-1.jar with AggregatedPackagesTransform
Transforming dagger-lint-aar-2.48.1-api.jar with IdentityTransform
Transforming dagger-lint-aar-2.48.1-api.jar with IdentityTransform
Transforming dagger-lint-aar-2.48.1-api.jar with CopyTransform
Transforming dagger-lint-aar-2.48.1-api.jar with AggregatedPackagesTransform
Transforming jsr305-3.0.2.jar with IdentityTransform
Transforming jsr305-3.0.2.jar with IdentityTransform
Transforming jsr305-3.0.2.jar with CopyTransform
Transforming jsr305-3.0.2.jar with AggregatedPackagesTransform
Transforming gson-2.8.5.jar with IdentityTransform
Transforming gson-2.8.5.jar with IdentityTransform
Transforming gson-2.8.5.jar with CopyTransform
Transforming gson-2.8.5.jar with AggregatedPackagesTransform
Transforming lottie-6.2.0-api.jar with IdentityTransform
Transforming lottie-6.2.0-api.jar with IdentityTransform
Transforming lottie-6.2.0-api.jar with CopyTransform
Transforming lottie-6.2.0-api.jar with AggregatedPackagesTransform
Transforming debug with CopyTransform
Transforming debug with AggregatedPackagesTransform
Transforming classes with CopyTransform
Transforming classes with AggregatedPackagesTransform
Caching disabled for task ':app:hiltAggregateDepsDebug' because:
  Build cache is disabled
Skipping task ':app:hiltAggregateDepsDebug' as it is up-to-date.
Resolve mutations for :app:hiltJavaCompileDebug (Thread[Execution worker Thread 4,5,main]) started.
:app:hiltJavaCompileDebug (Thread[Execution worker Thread 4,5,main]) started.

> Task :app:hiltJavaCompileDebug UP-TO-DATE
Transforming viewbinding-8.2.2.aar (androidx.databinding:viewbinding:8.2.2) with AarToClassTransform
Transforming viewbinding-8.2.2.aar (androidx.databinding:viewbinding:8.2.2) with IdentityTransform
Transforming viewbinding-8.2.2.aar (androidx.databinding:viewbinding:8.2.2) with CopyTransform
Transforming navigation-common-2.7.6.aar (androidx.navigation:navigation-common:2.7.6) with AarToClassTransform
Transforming navigation-common-2.7.6.aar (androidx.navigation:navigation-common:2.7.6) with IdentityTransform
Transforming navigation-common-2.7.6.aar (androidx.navigation:navigation-common:2.7.6) with CopyTransform
Transforming navigation-common-ktx-2.7.6.aar (androidx.navigation:navigation-common-ktx:2.7.6) with AarToClassTransform
Transforming navigation-common-ktx-2.7.6.aar (androidx.navigation:navigation-common-ktx:2.7.6) with IdentityTransform
Transforming navigation-common-ktx-2.7.6.aar (androidx.navigation:navigation-common-ktx:2.7.6) with CopyTransform
Transforming navigation-runtime-2.7.6.aar (androidx.navigation:navigation-runtime:2.7.6) with AarToClassTransform
Transforming navigation-runtime-2.7.6.aar (androidx.navigation:navigation-runtime:2.7.6) with IdentityTransform
Transforming navigation-runtime-2.7.6.aar (androidx.navigation:navigation-runtime:2.7.6) with CopyTransform
Transforming navigation-runtime-ktx-2.7.6.aar (androidx.navigation:navigation-runtime-ktx:2.7.6) with AarToClassTransform
Transforming navigation-runtime-ktx-2.7.6.aar (androidx.navigation:navigation-runtime-ktx:2.7.6) with IdentityTransform
Transforming navigation-runtime-ktx-2.7.6.aar (androidx.navigation:navigation-runtime-ktx:2.7.6) with CopyTransform
Transforming navigation-fragment-2.7.6.aar (androidx.navigation:navigation-fragment:2.7.6) with AarToClassTransform
Transforming navigation-fragment-2.7.6.aar (androidx.navigation:navigation-fragment:2.7.6) with IdentityTransform
Transforming navigation-fragment-2.7.6.aar (androidx.navigation:navigation-fragment:2.7.6) with CopyTransform
Transforming navigation-fragment-ktx-2.7.6.aar (androidx.navigation:navigation-fragment-ktx:2.7.6) with AarToClassTransform
Transforming navigation-fragment-ktx-2.7.6.aar (androidx.navigation:navigation-fragment-ktx:2.7.6) with IdentityTransform
Transforming navigation-fragment-ktx-2.7.6.aar (androidx.navigation:navigation-fragment-ktx:2.7.6) with CopyTransform
Transforming navigation-ui-ktx-2.7.6.aar (androidx.navigation:navigation-ui-ktx:2.7.6) with AarToClassTransform
Transforming navigation-ui-ktx-2.7.6.aar (androidx.navigation:navigation-ui-ktx:2.7.6) with IdentityTransform
Transforming navigation-ui-ktx-2.7.6.aar (androidx.navigation:navigation-ui-ktx:2.7.6) with CopyTransform
Transforming navigation-ui-2.7.6.aar (androidx.navigation:navigation-ui:2.7.6) with AarToClassTransform
Transforming navigation-ui-2.7.6.aar (androidx.navigation:navigation-ui:2.7.6) with IdentityTransform
Transforming navigation-ui-2.7.6.aar (androidx.navigation:navigation-ui:2.7.6) with CopyTransform
Transforming material-1.11.0.aar (com.google.android.material:material:1.11.0) with AarToClassTransform
Transforming material-1.11.0.aar (com.google.android.material:material:1.11.0) with IdentityTransform
Transforming material-1.11.0.aar (com.google.android.material:material:1.11.0) with CopyTransform
Transforming constraintlayout-2.1.4.aar (androidx.constraintlayout:constraintlayout:2.1.4) with AarToClassTransform
Transforming constraintlayout-2.1.4.aar (androidx.constraintlayout:constraintlayout:2.1.4) with IdentityTransform
Transforming constraintlayout-2.1.4.aar (androidx.constraintlayout:constraintlayout:2.1.4) with CopyTransform
Transforming lottie-6.2.0.aar (com.airbnb.android:lottie:6.2.0) with AarToClassTransform
Transforming lottie-6.2.0.aar (com.airbnb.android:lottie:6.2.0) with IdentityTransform
Transforming lottie-6.2.0.aar (com.airbnb.android:lottie:6.2.0) with CopyTransform
Transforming coil-compose-2.5.0.aar (io.coil-kt:coil-compose:2.5.0) with AarToClassTransform
Transforming coil-compose-2.5.0.aar (io.coil-kt:coil-compose:2.5.0) with IdentityTransform
Transforming coil-compose-2.5.0.aar (io.coil-kt:coil-compose:2.5.0) with CopyTransform
Transforming coil-2.5.0.aar (io.coil-kt:coil:2.5.0) with AarToClassTransform
Transforming coil-2.5.0.aar (io.coil-kt:coil:2.5.0) with IdentityTransform
Transforming coil-2.5.0.aar (io.coil-kt:coil:2.5.0) with CopyTransform
Transforming coil-compose-base-2.5.0.aar (io.coil-kt:coil-compose-base:2.5.0) with AarToClassTransform
Transforming coil-compose-base-2.5.0.aar (io.coil-kt:coil-compose-base:2.5.0) with IdentityTransform
Transforming coil-compose-base-2.5.0.aar (io.coil-kt:coil-compose-base:2.5.0) with CopyTransform
Transforming coil-base-2.5.0.aar (io.coil-kt:coil-base:2.5.0) with AarToClassTransform
Transforming coil-base-2.5.0.aar (io.coil-kt:coil-base:2.5.0) with IdentityTransform
Transforming coil-base-2.5.0.aar (io.coil-kt:coil-base:2.5.0) with CopyTransform
Transforming appcompat-resources-1.6.1.aar (androidx.appcompat:appcompat-resources:1.6.1) with AarToClassTransform
Transforming appcompat-resources-1.6.1.aar (androidx.appcompat:appcompat-resources:1.6.1) with IdentityTransform
Transforming appcompat-resources-1.6.1.aar (androidx.appcompat:appcompat-resources:1.6.1) with CopyTransform
Transforming preference-ktx-1.2.1.aar (androidx.preference:preference-ktx:1.2.1) with AarToClassTransform
Transforming preference-ktx-1.2.1.aar (androidx.preference:preference-ktx:1.2.1) with IdentityTransform
Transforming preference-ktx-1.2.1.aar (androidx.preference:preference-ktx:1.2.1) with CopyTransform
Transforming preference-1.2.1.aar (androidx.preference:preference:1.2.1) with AarToClassTransform
Transforming preference-1.2.1.aar (androidx.preference:preference:1.2.1) with IdentityTransform
Transforming preference-1.2.1.aar (androidx.preference:preference:1.2.1) with CopyTransform
Transforming appcompat-1.6.1.aar (androidx.appcompat:appcompat:1.6.1) with AarToClassTransform
Transforming appcompat-1.6.1.aar (androidx.appcompat:appcompat:1.6.1) with IdentityTransform
Transforming appcompat-1.6.1.aar (androidx.appcompat:appcompat:1.6.1) with CopyTransform
Transforming hilt-android-2.48.1.aar (com.google.dagger:hilt-android:2.48.1) with AarToClassTransform
Transforming hilt-android-2.48.1.aar (com.google.dagger:hilt-android:2.48.1) with IdentityTransform
Transforming hilt-android-2.48.1.aar (com.google.dagger:hilt-android:2.48.1) with CopyTransform
Transforming paging-common-3.2.1.jar (androidx.paging:paging-common:3.2.1) with IdentityTransform
Transforming paging-common-3.2.1.jar (androidx.paging:paging-common:3.2.1) with IdentityTransform
Transforming paging-common-3.2.1.jar (androidx.paging:paging-common:3.2.1) with CopyTransform
Transforming paging-common-ktx-3.2.1.jar (androidx.paging:paging-common-ktx:3.2.1) with IdentityTransform
Transforming paging-common-ktx-3.2.1.jar (androidx.paging:paging-common-ktx:3.2.1) with IdentityTransform
Transforming paging-common-ktx-3.2.1.jar (androidx.paging:paging-common-ktx:3.2.1) with CopyTransform
Transforming paging-runtime-ktx-3.2.1.aar (androidx.paging:paging-runtime-ktx:3.2.1) with AarToClassTransform
Transforming paging-runtime-ktx-3.2.1.aar (androidx.paging:paging-runtime-ktx:3.2.1) with IdentityTransform
Transforming paging-runtime-ktx-3.2.1.aar (androidx.paging:paging-runtime-ktx:3.2.1) with CopyTransform
Transforming paging-runtime-3.2.1.aar (androidx.paging:paging-runtime:3.2.1) with AarToClassTransform
Transforming paging-runtime-3.2.1.aar (androidx.paging:paging-runtime:3.2.1) with IdentityTransform
Transforming paging-runtime-3.2.1.aar (androidx.paging:paging-runtime:3.2.1) with CopyTransform
Transforming recyclerview-1.3.2.aar (androidx.recyclerview:recyclerview:1.3.2) with AarToClassTransform
Transforming recyclerview-1.3.2.aar (androidx.recyclerview:recyclerview:1.3.2) with IdentityTransform
Transforming recyclerview-1.3.2.aar (androidx.recyclerview:recyclerview:1.3.2) with CopyTransform
Transforming viewpager2-1.1.0-beta02.aar (androidx.viewpager2:viewpager2:1.1.0-beta02) with AarToClassTransform
Transforming viewpager2-1.1.0-beta02.aar (androidx.viewpager2:viewpager2:1.1.0-beta02) with IdentityTransform
Transforming viewpager2-1.1.0-beta02.aar (androidx.viewpager2:viewpager2:1.1.0-beta02) with CopyTransform
Transforming fragment-1.6.2.aar (androidx.fragment:fragment:1.6.2) with AarToClassTransform
Transforming fragment-1.6.2.aar (androidx.fragment:fragment:1.6.2) with IdentityTransform
Transforming fragment-1.6.2.aar (androidx.fragment:fragment:1.6.2) with CopyTransform
Transforming fragment-ktx-1.6.2.aar (androidx.fragment:fragment-ktx:1.6.2) with AarToClassTransform
Transforming fragment-ktx-1.6.2.aar (androidx.fragment:fragment-ktx:1.6.2) with IdentityTransform
Transforming fragment-ktx-1.6.2.aar (androidx.fragment:fragment-ktx:1.6.2) with CopyTransform
Transforming activity-1.8.2.aar (androidx.activity:activity:1.8.2) with AarToClassTransform
Transforming activity-1.8.2.aar (androidx.activity:activity:1.8.2) with IdentityTransform
Transforming activity-1.8.2.aar (androidx.activity:activity:1.8.2) with CopyTransform
Transforming accompanist-drawablepainter-0.32.0.aar (com.google.accompanist:accompanist-drawablepainter:0.32.0) with AarToClassTransform
Transforming accompanist-drawablepainter-0.32.0.aar (com.google.accompanist:accompanist-drawablepainter:0.32.0) with IdentityTransform
Transforming accompanist-drawablepainter-0.32.0.aar (com.google.accompanist:accompanist-drawablepainter:0.32.0) with CopyTransform
Transforming animation-core-release.aar (androidx.compose.animation:animation-core-android:1.5.4) with AarToClassTransform
Transforming animation-core-release.aar (androidx.compose.animation:animation-core-android:1.5.4) with IdentityTransform
Transforming animation-core-release.aar (androidx.compose.animation:animation-core-android:1.5.4) with CopyTransform
Transforming animation-release.aar (androidx.compose.animation:animation-android:1.5.4) with AarToClassTransform
Transforming animation-release.aar (androidx.compose.animation:animation-android:1.5.4) with IdentityTransform
Transforming animation-release.aar (androidx.compose.animation:animation-android:1.5.4) with CopyTransform
Transforming foundation-layout-release.aar (androidx.compose.foundation:foundation-layout-android:1.5.4) with AarToClassTransform
Transforming foundation-layout-release.aar (androidx.compose.foundation:foundation-layout-android:1.5.4) with IdentityTransform
Transforming foundation-layout-release.aar (androidx.compose.foundation:foundation-layout-android:1.5.4) with CopyTransform
Transforming foundation-release.aar (androidx.compose.foundation:foundation-android:1.5.4) with AarToClassTransform
Transforming foundation-release.aar (androidx.compose.foundation:foundation-android:1.5.4) with IdentityTransform
Transforming foundation-release.aar (androidx.compose.foundation:foundation-android:1.5.4) with CopyTransform
Transforming ui-unit-release.aar (androidx.compose.ui:ui-unit-android:1.5.4) with AarToClassTransform
Transforming ui-unit-release.aar (androidx.compose.ui:ui-unit-android:1.5.4) with IdentityTransform
Transforming ui-unit-release.aar (androidx.compose.ui:ui-unit-android:1.5.4) with CopyTransform
Transforming ui-graphics-release.aar (androidx.compose.ui:ui-graphics-android:1.5.4) with AarToClassTransform
Transforming ui-graphics-release.aar (androidx.compose.ui:ui-graphics-android:1.5.4) with IdentityTransform
Transforming ui-graphics-release.aar (androidx.compose.ui:ui-graphics-android:1.5.4) with CopyTransform
Transforming ui-geometry-release.aar (androidx.compose.ui:ui-geometry-android:1.5.4) with AarToClassTransform
Transforming ui-geometry-release.aar (androidx.compose.ui:ui-geometry-android:1.5.4) with IdentityTransform
Transforming ui-geometry-release.aar (androidx.compose.ui:ui-geometry-android:1.5.4) with CopyTransform
Transforming ui-util-release.aar (androidx.compose.ui:ui-util-android:1.5.4) with AarToClassTransform
Transforming ui-util-release.aar (androidx.compose.ui:ui-util-android:1.5.4) with IdentityTransform
Transforming ui-util-release.aar (androidx.compose.ui:ui-util-android:1.5.4) with CopyTransform
Transforming ui-text-release.aar (androidx.compose.ui:ui-text-android:1.5.4) with AarToClassTransform
Transforming ui-text-release.aar (androidx.compose.ui:ui-text-android:1.5.4) with IdentityTransform
Transforming ui-text-release.aar (androidx.compose.ui:ui-text-android:1.5.4) with CopyTransform
Transforming ui-release.aar (androidx.compose.ui:ui-android:1.5.4) with AarToClassTransform
Transforming ui-release.aar (androidx.compose.ui:ui-android:1.5.4) with IdentityTransform
Transforming ui-release.aar (androidx.compose.ui:ui-android:1.5.4) with CopyTransform
Transforming activity-ktx-1.8.2.aar (androidx.activity:activity-ktx:1.8.2) with AarToClassTransform
Transforming activity-ktx-1.8.2.aar (androidx.activity:activity-ktx:1.8.2) with IdentityTransform
Transforming activity-ktx-1.8.2.aar (androidx.activity:activity-ktx:1.8.2) with CopyTransform
Transforming emoji2-views-helper-1.4.0.aar (androidx.emoji2:emoji2-views-helper:1.4.0) with AarToClassTransform
Transforming emoji2-views-helper-1.4.0.aar (androidx.emoji2:emoji2-views-helper:1.4.0) with IdentityTransform
Transforming emoji2-views-helper-1.4.0.aar (androidx.emoji2:emoji2-views-helper:1.4.0) with CopyTransform
Transforming emoji2-1.4.0.aar (androidx.emoji2:emoji2:1.4.0) with AarToClassTransform
Transforming emoji2-1.4.0.aar (androidx.emoji2:emoji2:1.4.0) with IdentityTransform
Transforming emoji2-1.4.0.aar (androidx.emoji2:emoji2:1.4.0) with CopyTransform
Transforming lifecycle-process-2.7.0.aar (androidx.lifecycle:lifecycle-process:2.7.0) with AarToClassTransform
Transforming lifecycle-process-2.7.0.aar (androidx.lifecycle:lifecycle-process:2.7.0) with IdentityTransform
Transforming lifecycle-process-2.7.0.aar (androidx.lifecycle:lifecycle-process:2.7.0) with CopyTransform
Transforming lifecycle-livedata-core-2.7.0.aar (androidx.lifecycle:lifecycle-livedata-core:2.7.0) with AarToClassTransform
Transforming lifecycle-livedata-core-2.7.0.aar (androidx.lifecycle:lifecycle-livedata-core:2.7.0) with IdentityTransform
Transforming lifecycle-livedata-core-2.7.0.aar (androidx.lifecycle:lifecycle-livedata-core:2.7.0) with CopyTransform
Transforming savedstate-ktx-1.2.1.aar (androidx.savedstate:savedstate-ktx:1.2.1) with AarToClassTransform
Transforming savedstate-ktx-1.2.1.aar (androidx.savedstate:savedstate-ktx:1.2.1) with IdentityTransform
Transforming savedstate-ktx-1.2.1.aar (androidx.savedstate:savedstate-ktx:1.2.1) with CopyTransform
Transforming savedstate-1.2.1.aar (androidx.savedstate:savedstate:1.2.1) with AarToClassTransform
Transforming savedstate-1.2.1.aar (androidx.savedstate:savedstate:1.2.1) with IdentityTransform
Transforming savedstate-1.2.1.aar (androidx.savedstate:savedstate:1.2.1) with CopyTransform
Transforming lifecycle-common-2.7.0.jar (androidx.lifecycle:lifecycle-common:2.7.0) with IdentityTransform
Transforming lifecycle-common-2.7.0.jar (androidx.lifecycle:lifecycle-common:2.7.0) with IdentityTransform
Transforming lifecycle-common-2.7.0.jar (androidx.lifecycle:lifecycle-common:2.7.0) with CopyTransform
Transforming lifecycle-runtime-ktx-2.7.0.aar (androidx.lifecycle:lifecycle-runtime-ktx:2.7.0) with AarToClassTransform
Transforming lifecycle-runtime-ktx-2.7.0.aar (androidx.lifecycle:lifecycle-runtime-ktx:2.7.0) with IdentityTransform
Transforming lifecycle-runtime-ktx-2.7.0.aar (androidx.lifecycle:lifecycle-runtime-ktx:2.7.0) with CopyTransform
Transforming lifecycle-livedata-core-ktx-2.7.0.aar (androidx.lifecycle:lifecycle-livedata-core-ktx:2.7.0) with AarToClassTransform
Transforming lifecycle-livedata-core-ktx-2.7.0.aar (androidx.lifecycle:lifecycle-livedata-core-ktx:2.7.0) with IdentityTransform
Transforming lifecycle-livedata-core-ktx-2.7.0.aar (androidx.lifecycle:lifecycle-livedata-core-ktx:2.7.0) with CopyTransform
Transforming dynamicanimation-1.0.0.aar (androidx.dynamicanimation:dynamicanimation:1.0.0) with AarToClassTransform
Transforming dynamicanimation-1.0.0.aar (androidx.dynamicanimation:dynamicanimation:1.0.0) with IdentityTransform
Transforming dynamicanimation-1.0.0.aar (androidx.dynamicanimation:dynamicanimation:1.0.0) with CopyTransform
Transforming legacy-support-core-utils-1.0.0.aar (androidx.legacy:legacy-support-core-utils:1.0.0) with AarToClassTransform
Transforming legacy-support-core-utils-1.0.0.aar (androidx.legacy:legacy-support-core-utils:1.0.0) with IdentityTransform
Transforming legacy-support-core-utils-1.0.0.aar (androidx.legacy:legacy-support-core-utils:1.0.0) with CopyTransform
Transforming loader-1.0.0.aar (androidx.loader:loader:1.0.0) with AarToClassTransform
Transforming loader-1.0.0.aar (androidx.loader:loader:1.0.0) with IdentityTransform
Transforming loader-1.0.0.aar (androidx.loader:loader:1.0.0) with CopyTransform
Transforming loader-1.0.0.aar (androidx.loader:loader:1.0.0) with AarToClassTransform
Transforming loader-1.0.0.aar (androidx.loader:loader:1.0.0) with IdentityTransform
Transforming loader-1.0.0.aar (androidx.loader:loader:1.0.0) with CopyTransform
Transforming lifecycle-livedata-2.7.0.aar (androidx.lifecycle:lifecycle-livedata:2.7.0) with AarToClassTransform
Transforming lifecycle-livedata-2.7.0.aar (androidx.lifecycle:lifecycle-livedata:2.7.0) with IdentityTransform
Transforming lifecycle-livedata-2.7.0.aar (androidx.lifecycle:lifecycle-livedata:2.7.0) with CopyTransform
Transforming lifecycle-livedata-2.7.0.aar (androidx.lifecycle:lifecycle-livedata:2.7.0) with AarToClassTransform
Transforming lifecycle-livedata-2.7.0.aar (androidx.lifecycle:lifecycle-livedata:2.7.0) with IdentityTransform
Transforming lifecycle-livedata-2.7.0.aar (androidx.lifecycle:lifecycle-livedata:2.7.0) with CopyTransform
Transforming lifecycle-viewmodel-savedstate-2.7.0.aar (androidx.lifecycle:lifecycle-viewmodel-savedstate:2.7.0) with AarToClassTransform
Transforming lifecycle-viewmodel-savedstate-2.7.0.aar (androidx.lifecycle:lifecycle-viewmodel-savedstate:2.7.0) with IdentityTransform
Transforming lifecycle-viewmodel-savedstate-2.7.0.aar (androidx.lifecycle:lifecycle-viewmodel-savedstate:2.7.0) with CopyTransform
Transforming customview-poolingcontainer-1.0.0.aar (androidx.customview:customview-poolingcontainer:1.0.0) with AarToClassTransform
Transforming customview-poolingcontainer-1.0.0.aar (androidx.customview:customview-poolingcontainer:1.0.0) with IdentityTransform
Transforming customview-poolingcontainer-1.0.0.aar (androidx.customview:customview-poolingcontainer:1.0.0) with CopyTransform
Transforming core-ktx-1.12.0.aar (androidx.core:core-ktx:1.12.0) with AarToClassTransform
Transforming core-ktx-1.12.0.aar (androidx.core:core-ktx:1.12.0) with IdentityTransform
Transforming core-ktx-1.12.0.aar (androidx.core:core-ktx:1.12.0) with CopyTransform
Transforming swiperefreshlayout-1.1.0.aar (androidx.swiperefreshlayout:swiperefreshlayout:1.1.0) with AarToClassTransform
Transforming swiperefreshlayout-1.1.0.aar (androidx.swiperefreshlayout:swiperefreshlayout:1.1.0) with IdentityTransform
Transforming swiperefreshlayout-1.1.0.aar (androidx.swiperefreshlayout:swiperefreshlayout:1.1.0) with CopyTransform
Transforming drawerlayout-1.1.1.aar (androidx.drawerlayout:drawerlayout:1.1.1) with AarToClassTransform
Transforming drawerlayout-1.1.1.aar (androidx.drawerlayout:drawerlayout:1.1.1) with IdentityTransform
Transforming drawerlayout-1.1.1.aar (androidx.drawerlayout:drawerlayout:1.1.1) with CopyTransform
Transforming coordinatorlayout-1.1.0.aar (androidx.coordinatorlayout:coordinatorlayout:1.1.0) with AarToClassTransform
Transforming coordinatorlayout-1.1.0.aar (androidx.coordinatorlayout:coordinatorlayout:1.1.0) with IdentityTransform
Transforming coordinatorlayout-1.1.0.aar (androidx.coordinatorlayout:coordinatorlayout:1.1.0) with CopyTransform
Transforming vectordrawable-animated-1.1.0.aar (androidx.vectordrawable:vectordrawable-animated:1.1.0) with AarToClassTransform
Transforming vectordrawable-animated-1.1.0.aar (androidx.vectordrawable:vectordrawable-animated:1.1.0) with IdentityTransform
Transforming vectordrawable-animated-1.1.0.aar (androidx.vectordrawable:vectordrawable-animated:1.1.0) with CopyTransform
Transforming vectordrawable-1.1.0.aar (androidx.vectordrawable:vectordrawable:1.1.0) with AarToClassTransform
Transforming vectordrawable-1.1.0.aar (androidx.vectordrawable:vectordrawable:1.1.0) with IdentityTransform
Transforming vectordrawable-1.1.0.aar (androidx.vectordrawable:vectordrawable:1.1.0) with CopyTransform
Transforming vectordrawable-1.1.0.aar (androidx.vectordrawable:vectordrawable:1.1.0) with AarToClassTransform
Transforming vectordrawable-1.1.0.aar (androidx.vectordrawable:vectordrawable:1.1.0) with IdentityTransform
Transforming vectordrawable-1.1.0.aar (androidx.vectordrawable:vectordrawable:1.1.0) with CopyTransform
Transforming viewpager-1.0.0.aar (androidx.viewpager:viewpager:1.0.0) with AarToClassTransform
Transforming viewpager-1.0.0.aar (androidx.viewpager:viewpager:1.0.0) with IdentityTransform
Transforming viewpager-1.0.0.aar (androidx.viewpager:viewpager:1.0.0) with CopyTransform
Transforming slidingpanelayout-1.2.0.aar (androidx.slidingpanelayout:slidingpanelayout:1.2.0) with AarToClassTransform
Transforming slidingpanelayout-1.2.0.aar (androidx.slidingpanelayout:slidingpanelayout:1.2.0) with IdentityTransform
Transforming slidingpanelayout-1.2.0.aar (androidx.slidingpanelayout:slidingpanelayout:1.2.0) with CopyTransform
Transforming customview-1.1.0.aar (androidx.customview:customview:1.1.0) with AarToClassTransform
Transforming customview-1.1.0.aar (androidx.customview:customview:1.1.0) with IdentityTransform
Transforming customview-1.1.0.aar (androidx.customview:customview:1.1.0) with CopyTransform
Transforming customview-1.1.0.aar (androidx.customview:customview:1.1.0) with AarToClassTransform
Transforming customview-1.1.0.aar (androidx.customview:customview:1.1.0) with IdentityTransform
Transforming customview-1.1.0.aar (androidx.customview:customview:1.1.0) with CopyTransform
Transforming transition-1.4.1.aar (androidx.transition:transition:1.4.1) with AarToClassTransform
Transforming transition-1.4.1.aar (androidx.transition:transition:1.4.1) with IdentityTransform
Transforming transition-1.4.1.aar (androidx.transition:transition:1.4.1) with CopyTransform
Transforming window-1.0.0.aar (androidx.window:window:1.0.0) with AarToClassTransform
Transforming window-1.0.0.aar (androidx.window:window:1.0.0) with IdentityTransform
Transforming window-1.0.0.aar (androidx.window:window:1.0.0) with CopyTransform
Transforming autofill-1.0.0.aar (androidx.autofill:autofill:1.0.0) with AarToClassTransform
Transforming autofill-1.0.0.aar (androidx.autofill:autofill:1.0.0) with IdentityTransform
Transforming autofill-1.0.0.aar (androidx.autofill:autofill:1.0.0) with CopyTransform
Transforming core-1.12.0.aar (androidx.core:core:1.12.0) with AarToClassTransform
Transforming core-1.12.0.aar (androidx.core:core:1.12.0) with IdentityTransform
Transforming core-1.12.0.aar (androidx.core:core:1.12.0) with CopyTransform
Transforming core-1.12.0.aar (androidx.core:core:1.12.0) with AarToClassTransform
Transforming core-1.12.0.aar (androidx.core:core:1.12.0) with IdentityTransform
Transforming core-1.12.0.aar (androidx.core:core:1.12.0) with CopyTransform
Transforming lifecycle-runtime-2.7.0.aar (androidx.lifecycle:lifecycle-runtime:2.7.0) with AarToClassTransform
Transforming lifecycle-runtime-2.7.0.aar (androidx.lifecycle:lifecycle-runtime:2.7.0) with IdentityTransform
Transforming lifecycle-runtime-2.7.0.aar (androidx.lifecycle:lifecycle-runtime:2.7.0) with CopyTransform
Transforming lifecycle-viewmodel-2.7.0.aar (androidx.lifecycle:lifecycle-viewmodel:2.7.0) with AarToClassTransform
Transforming lifecycle-viewmodel-2.7.0.aar (androidx.lifecycle:lifecycle-viewmodel:2.7.0) with IdentityTransform
Transforming lifecycle-viewmodel-2.7.0.aar (androidx.lifecycle:lifecycle-viewmodel:2.7.0) with CopyTransform
Transforming lifecycle-viewmodel-2.7.0.aar (androidx.lifecycle:lifecycle-viewmodel:2.7.0) with AarToClassTransform
Transforming lifecycle-viewmodel-2.7.0.aar (androidx.lifecycle:lifecycle-viewmodel:2.7.0) with IdentityTransform
Transforming lifecycle-viewmodel-2.7.0.aar (androidx.lifecycle:lifecycle-viewmodel:2.7.0) with CopyTransform
Transforming lifecycle-livedata-ktx-2.7.0.aar (androidx.lifecycle:lifecycle-livedata-ktx:2.7.0) with AarToClassTransform
Transforming lifecycle-livedata-ktx-2.7.0.aar (androidx.lifecycle:lifecycle-livedata-ktx:2.7.0) with IdentityTransform
Transforming lifecycle-livedata-ktx-2.7.0.aar (androidx.lifecycle:lifecycle-livedata-ktx:2.7.0) with CopyTransform
Transforming lifecycle-viewmodel-ktx-2.7.0.aar (androidx.lifecycle:lifecycle-viewmodel-ktx:2.7.0) with AarToClassTransform
Transforming lifecycle-viewmodel-ktx-2.7.0.aar (androidx.lifecycle:lifecycle-viewmodel-ktx:2.7.0) with IdentityTransform
Transforming lifecycle-viewmodel-ktx-2.7.0.aar (androidx.lifecycle:lifecycle-viewmodel-ktx:2.7.0) with CopyTransform
Transforming room-common-2.6.1.jar (androidx.room:room-common:2.6.1) with IdentityTransform
Transforming room-common-2.6.1.jar (androidx.room:room-common:2.6.1) with IdentityTransform
Transforming room-common-2.6.1.jar (androidx.room:room-common:2.6.1) with CopyTransform
Transforming room-runtime-2.6.1.aar (androidx.room:room-runtime:2.6.1) with AarToClassTransform
Transforming room-runtime-2.6.1.aar (androidx.room:room-runtime:2.6.1) with IdentityTransform
Transforming room-runtime-2.6.1.aar (androidx.room:room-runtime:2.6.1) with CopyTransform
Transforming room-ktx-2.6.1.aar (androidx.room:room-ktx:2.6.1) with AarToClassTransform
Transforming room-ktx-2.6.1.aar (androidx.room:room-ktx:2.6.1) with IdentityTransform
Transforming room-ktx-2.6.1.aar (androidx.room:room-ktx:2.6.1) with CopyTransform
Transforming runtime-saveable-release.aar (androidx.compose.runtime:runtime-saveable-android:1.5.4) with AarToClassTransform
Transforming runtime-saveable-release.aar (androidx.compose.runtime:runtime-saveable-android:1.5.4) with IdentityTransform
Transforming runtime-saveable-release.aar (androidx.compose.runtime:runtime-saveable-android:1.5.4) with CopyTransform
Transforming runtime-release.aar (androidx.compose.runtime:runtime-android:1.5.4) with AarToClassTransform
Transforming runtime-release.aar (androidx.compose.runtime:runtime-android:1.5.4) with IdentityTransform
Transforming runtime-release.aar (androidx.compose.runtime:runtime-android:1.5.4) with CopyTransform
Transforming kotlinx-coroutines-core-jvm-1.7.3.jar (org.jetbrains.kotlinx:kotlinx-coroutines-core-jvm:1.7.3) with IdentityTransform
Transforming kotlinx-coroutines-core-jvm-1.7.3.jar (org.jetbrains.kotlinx:kotlinx-coroutines-core-jvm:1.7.3) with IdentityTransform
Transforming kotlinx-coroutines-core-jvm-1.7.3.jar (org.jetbrains.kotlinx:kotlinx-coroutines-core-jvm:1.7.3) with CopyTransform
Transforming kotlinx-coroutines-android-1.7.3.jar (org.jetbrains.kotlinx:kotlinx-coroutines-android:1.7.3) with IdentityTransform
Transforming kotlinx-coroutines-android-1.7.3.jar (org.jetbrains.kotlinx:kotlinx-coroutines-android:1.7.3) with IdentityTransform
Transforming kotlinx-coroutines-android-1.7.3.jar (org.jetbrains.kotlinx:kotlinx-coroutines-android:1.7.3) with CopyTransform
Transforming logging-interceptor-4.12.0.jar (com.squareup.okhttp3:logging-interceptor:4.12.0) with IdentityTransform
Transforming logging-interceptor-4.12.0.jar (com.squareup.okhttp3:logging-interceptor:4.12.0) with IdentityTransform
Transforming logging-interceptor-4.12.0.jar (com.squareup.okhttp3:logging-interceptor:4.12.0) with CopyTransform
Transforming converter-gson-2.9.0.jar (com.squareup.retrofit2:converter-gson:2.9.0) with IdentityTransform
Transforming converter-gson-2.9.0.jar (com.squareup.retrofit2:converter-gson:2.9.0) with IdentityTransform
Transforming converter-gson-2.9.0.jar (com.squareup.retrofit2:converter-gson:2.9.0) with CopyTransform
Transforming retrofit-2.9.0.jar (com.squareup.retrofit2:retrofit:2.9.0) with IdentityTransform
Transforming retrofit-2.9.0.jar (com.squareup.retrofit2:retrofit:2.9.0) with IdentityTransform
Transforming retrofit-2.9.0.jar (com.squareup.retrofit2:retrofit:2.9.0) with CopyTransform
Transforming okhttp-4.12.0.jar (com.squareup.okhttp3:okhttp:4.12.0) with IdentityTransform
Transforming okhttp-4.12.0.jar (com.squareup.okhttp3:okhttp:4.12.0) with IdentityTransform
Transforming okhttp-4.12.0.jar (com.squareup.okhttp3:okhttp:4.12.0) with CopyTransform
Transforming okio-jvm-3.6.0.jar (com.squareup.okio:okio-jvm:3.6.0) with IdentityTransform
Transforming okio-jvm-3.6.0.jar (com.squareup.okio:okio-jvm:3.6.0) with IdentityTransform
Transforming okio-jvm-3.6.0.jar (com.squareup.okio:okio-jvm:3.6.0) with CopyTransform
Transforming kotlin-stdlib-jdk8-1.9.10.jar (org.jetbrains.kotlin:kotlin-stdlib-jdk8:1.9.10) with IdentityTransform
Transforming kotlin-stdlib-jdk8-1.9.10.jar (org.jetbrains.kotlin:kotlin-stdlib-jdk8:1.9.10) with IdentityTransform
Transforming kotlin-stdlib-jdk8-1.9.10.jar (org.jetbrains.kotlin:kotlin-stdlib-jdk8:1.9.10) with CopyTransform
Transforming cardview-1.0.0.aar (androidx.cardview:cardview:1.0.0) with AarToClassTransform
Transforming cardview-1.0.0.aar (androidx.cardview:cardview:1.0.0) with IdentityTransform
Transforming cardview-1.0.0.aar (androidx.cardview:cardview:1.0.0) with CopyTransform
Transforming shimmer-0.5.0.aar (com.facebook.shimmer:shimmer:0.5.0) with AarToClassTransform
Transforming shimmer-0.5.0.aar (com.facebook.shimmer:shimmer:0.5.0) with IdentityTransform
Transforming shimmer-0.5.0.aar (com.facebook.shimmer:shimmer:0.5.0) with CopyTransform
Transforming cursoradapter-1.0.0.aar (androidx.cursoradapter:cursoradapter:1.0.0) with AarToClassTransform
Transforming cursoradapter-1.0.0.aar (androidx.cursoradapter:cursoradapter:1.0.0) with IdentityTransform
Transforming cursoradapter-1.0.0.aar (androidx.cursoradapter:cursoradapter:1.0.0) with CopyTransform
Transforming resourceinspection-annotation-1.0.1.jar (androidx.resourceinspection:resourceinspection-annotation:1.0.1) with IdentityTransform
Transforming resourceinspection-annotation-1.0.1.jar (androidx.resourceinspection:resourceinspection-annotation:1.0.1) with IdentityTransform
Transforming resourceinspection-annotation-1.0.1.jar (androidx.resourceinspection:resourceinspection-annotation:1.0.1) with CopyTransform
Transforming core-runtime-2.2.0.aar (androidx.arch.core:core-runtime:2.2.0) with AarToClassTransform
Transforming core-runtime-2.2.0.aar (androidx.arch.core:core-runtime:2.2.0) with IdentityTransform
Transforming core-runtime-2.2.0.aar (androidx.arch.core:core-runtime:2.2.0) with CopyTransform
Transforming sqlite-framework-2.4.0.aar (androidx.sqlite:sqlite-framework:2.4.0) with AarToClassTransform
Transforming sqlite-framework-2.4.0.aar (androidx.sqlite:sqlite-framework:2.4.0) with IdentityTransform
Transforming sqlite-framework-2.4.0.aar (androidx.sqlite:sqlite-framework:2.4.0) with CopyTransform
Transforming sqlite-2.4.0.aar (androidx.sqlite:sqlite:2.4.0) with AarToClassTransform
Transforming sqlite-2.4.0.aar (androidx.sqlite:sqlite:2.4.0) with IdentityTransform
Transforming sqlite-2.4.0.aar (androidx.sqlite:sqlite:2.4.0) with CopyTransform
Transforming interpolator-1.0.0.aar (androidx.interpolator:interpolator:1.0.0) with AarToClassTransform
Transforming interpolator-1.0.0.aar (androidx.interpolator:interpolator:1.0.0) with IdentityTransform
Transforming interpolator-1.0.0.aar (androidx.interpolator:interpolator:1.0.0) with CopyTransform
Transforming interpolator-1.0.0.aar (androidx.interpolator:interpolator:1.0.0) with AarToClassTransform
Transforming interpolator-1.0.0.aar (androidx.interpolator:interpolator:1.0.0) with IdentityTransform
Transforming interpolator-1.0.0.aar (androidx.interpolator:interpolator:1.0.0) with CopyTransform
Transforming versionedparcelable-1.1.1.aar (androidx.versionedparcelable:versionedparcelable:1.1.1) with AarToClassTransform
Transforming versionedparcelable-1.1.1.aar (androidx.versionedparcelable:versionedparcelable:1.1.1) with IdentityTransform
Transforming versionedparcelable-1.1.1.aar (androidx.versionedparcelable:versionedparcelable:1.1.1) with CopyTransform
Transforming core-common-2.2.0.jar (androidx.arch.core:core-common:2.2.0) with IdentityTransform
Transforming core-common-2.2.0.jar (androidx.arch.core:core-common:2.2.0) with IdentityTransform
Transforming core-common-2.2.0.jar (androidx.arch.core:core-common:2.2.0) with CopyTransform
Transforming profileinstaller-1.3.1.aar (androidx.profileinstaller:profileinstaller:1.3.1) with AarToClassTransform
Transforming profileinstaller-1.3.1.aar (androidx.profileinstaller:profileinstaller:1.3.1) with IdentityTransform
Transforming profileinstaller-1.3.1.aar (androidx.profileinstaller:profileinstaller:1.3.1) with CopyTransform
Transforming startup-runtime-1.1.1.aar (androidx.startup:startup-runtime:1.1.1) with AarToClassTransform
Transforming startup-runtime-1.1.1.aar (androidx.startup:startup-runtime:1.1.1) with IdentityTransform
Transforming startup-runtime-1.1.1.aar (androidx.startup:startup-runtime:1.1.1) with CopyTransform
Transforming tracing-1.0.0.aar (androidx.tracing:tracing:1.0.0) with AarToClassTransform
Transforming tracing-1.0.0.aar (androidx.tracing:tracing:1.0.0) with IdentityTransform
Transforming tracing-1.0.0.aar (androidx.tracing:tracing:1.0.0) with CopyTransform
Transforming exifinterface-1.3.6.aar (androidx.exifinterface:exifinterface:1.3.6) with AarToClassTransform
Transforming exifinterface-1.3.6.aar (androidx.exifinterface:exifinterface:1.3.6) with IdentityTransform
Transforming exifinterface-1.3.6.aar (androidx.exifinterface:exifinterface:1.3.6) with CopyTransform
Transforming documentfile-1.0.0.aar (androidx.documentfile:documentfile:1.0.0) with AarToClassTransform
Transforming documentfile-1.0.0.aar (androidx.documentfile:documentfile:1.0.0) with IdentityTransform
Transforming documentfile-1.0.0.aar (androidx.documentfile:documentfile:1.0.0) with CopyTransform
Transforming localbroadcastmanager-1.0.0.aar (androidx.localbroadcastmanager:localbroadcastmanager:1.0.0) with AarToClassTransform
Transforming localbroadcastmanager-1.0.0.aar (androidx.localbroadcastmanager:localbroadcastmanager:1.0.0) with IdentityTransform
Transforming localbroadcastmanager-1.0.0.aar (androidx.localbroadcastmanager:localbroadcastmanager:1.0.0) with CopyTransform
Transforming print-1.0.0.aar (androidx.print:print:1.0.0) with AarToClassTransform
Transforming print-1.0.0.aar (androidx.print:print:1.0.0) with IdentityTransform
Transforming print-1.0.0.aar (androidx.print:print:1.0.0) with CopyTransform
Transforming collection-ktx-1.3.0.jar (androidx.collection:collection-ktx:1.3.0) with IdentityTransform
Transforming collection-ktx-1.3.0.jar (androidx.collection:collection-ktx:1.3.0) with IdentityTransform
Transforming collection-ktx-1.3.0.jar (androidx.collection:collection-ktx:1.3.0) with CopyTransform
Transforming collection-jvm-1.3.0.jar (androidx.collection:collection-jvm:1.3.0) with IdentityTransform
Transforming collection-jvm-1.3.0.jar (androidx.collection:collection-jvm:1.3.0) with IdentityTransform
Transforming collection-jvm-1.3.0.jar (androidx.collection:collection-jvm:1.3.0) with CopyTransform
Transforming concurrent-futures-1.1.0.jar (androidx.concurrent:concurrent-futures:1.1.0) with IdentityTransform
Transforming concurrent-futures-1.1.0.jar (androidx.concurrent:concurrent-futures:1.1.0) with IdentityTransform
Transforming concurrent-futures-1.1.0.jar (androidx.concurrent:concurrent-futures:1.1.0) with CopyTransform
Transforming annotation-experimental-1.3.0.aar (androidx.annotation:annotation-experimental:1.3.0) with AarToClassTransform
Transforming annotation-experimental-1.3.0.aar (androidx.annotation:annotation-experimental:1.3.0) with IdentityTransform
Transforming annotation-experimental-1.3.0.aar (androidx.annotation:annotation-experimental:1.3.0) with CopyTransform
Transforming kotlin-stdlib-jdk7-1.9.10.jar (org.jetbrains.kotlin:kotlin-stdlib-jdk7:1.9.10) with IdentityTransform
Transforming kotlin-stdlib-jdk7-1.9.10.jar (org.jetbrains.kotlin:kotlin-stdlib-jdk7:1.9.10) with IdentityTransform
Transforming kotlin-stdlib-jdk7-1.9.10.jar (org.jetbrains.kotlin:kotlin-stdlib-jdk7:1.9.10) with CopyTransform
Transforming annotation-jvm-1.7.0.jar (androidx.annotation:annotation-jvm:1.7.0) with IdentityTransform
Transforming annotation-jvm-1.7.0.jar (androidx.annotation:annotation-jvm:1.7.0) with IdentityTransform
Transforming annotation-jvm-1.7.0.jar (androidx.annotation:annotation-jvm:1.7.0) with CopyTransform
Transforming kotlin-stdlib-1.9.10.jar (org.jetbrains.kotlin:kotlin-stdlib:1.9.10) with IdentityTransform
Transforming kotlin-stdlib-1.9.10.jar (org.jetbrains.kotlin:kotlin-stdlib:1.9.10) with IdentityTransform
Transforming kotlin-stdlib-1.9.10.jar (org.jetbrains.kotlin:kotlin-stdlib:1.9.10) with CopyTransform
Transforming error_prone_annotations-2.15.0.jar (com.google.errorprone:error_prone_annotations:2.15.0) with IdentityTransform
Transforming error_prone_annotations-2.15.0.jar (com.google.errorprone:error_prone_annotations:2.15.0) with IdentityTransform
Transforming error_prone_annotations-2.15.0.jar (com.google.errorprone:error_prone_annotations:2.15.0) with CopyTransform
Transforming constraintlayout-core-1.0.4.jar (androidx.constraintlayout:constraintlayout-core:1.0.4) with IdentityTransform
Transforming constraintlayout-core-1.0.4.jar (androidx.constraintlayout:constraintlayout-core:1.0.4) with IdentityTransform
Transforming constraintlayout-core-1.0.4.jar (androidx.constraintlayout:constraintlayout-core:1.0.4) with CopyTransform
Transforming hilt-core-2.48.1.jar (com.google.dagger:hilt-core:2.48.1) with IdentityTransform
Transforming hilt-core-2.48.1.jar (com.google.dagger:hilt-core:2.48.1) with IdentityTransform
Transforming hilt-core-2.48.1.jar (com.google.dagger:hilt-core:2.48.1) with CopyTransform
Transforming dagger-2.48.1.jar (com.google.dagger:dagger:2.48.1) with IdentityTransform
Transforming dagger-2.48.1.jar (com.google.dagger:dagger:2.48.1) with IdentityTransform
Transforming dagger-2.48.1.jar (com.google.dagger:dagger:2.48.1) with CopyTransform
Transforming dagger-lint-aar-2.48.1.aar (com.google.dagger:dagger-lint-aar:2.48.1) with AarToClassTransform
Transforming dagger-lint-aar-2.48.1.aar (com.google.dagger:dagger-lint-aar:2.48.1) with IdentityTransform
Transforming dagger-lint-aar-2.48.1.aar (com.google.dagger:dagger-lint-aar:2.48.1) with CopyTransform
Transforming jsr305-3.0.2.jar (com.google.code.findbugs:jsr305:3.0.2) with IdentityTransform
Transforming jsr305-3.0.2.jar (com.google.code.findbugs:jsr305:3.0.2) with IdentityTransform
Transforming jsr305-3.0.2.jar (com.google.code.findbugs:jsr305:3.0.2) with CopyTransform
Transforming javax.inject-1.jar (javax.inject:javax.inject:1) with IdentityTransform
Transforming javax.inject-1.jar (javax.inject:javax.inject:1) with IdentityTransform
Transforming javax.inject-1.jar (javax.inject:javax.inject:1) with CopyTransform
Transforming gson-2.8.5.jar (com.google.code.gson:gson:2.8.5) with IdentityTransform
Transforming gson-2.8.5.jar (com.google.code.gson:gson:2.8.5) with IdentityTransform
Transforming gson-2.8.5.jar (com.google.code.gson:gson:2.8.5) with CopyTransform
Transforming kotlin-stdlib-common-1.9.10.jar (org.jetbrains.kotlin:kotlin-stdlib-common:1.9.10) with IdentityTransform
Transforming kotlin-stdlib-common-1.9.10.jar (org.jetbrains.kotlin:kotlin-stdlib-common:1.9.10) with IdentityTransform
Transforming kotlin-stdlib-common-1.9.10.jar (org.jetbrains.kotlin:kotlin-stdlib-common:1.9.10) with CopyTransform
Transforming annotations-23.0.0.jar (org.jetbrains:annotations:23.0.0) with IdentityTransform
Transforming annotations-23.0.0.jar (org.jetbrains:annotations:23.0.0) with IdentityTransform
Transforming annotations-23.0.0.jar (org.jetbrains:annotations:23.0.0) with CopyTransform
Transforming listenablefuture-1.0.jar (com.google.guava:listenablefuture:1.0) with IdentityTransform
Transforming listenablefuture-1.0.jar (com.google.guava:listenablefuture:1.0) with IdentityTransform
Transforming listenablefuture-1.0.jar (com.google.guava:listenablefuture:1.0) with CopyTransform
file or directory 'C:\Users\Gandon\Desktop\Projects\MovieTimeTracker\app\build\generated\ksp\debug\classes', not found
Transforming android.jar with IdentityTransform
Transforming android.jar with IdentityTransform
Transforming android.jar with CopyTransform
Transforming core-lambda-stubs.jar with IdentityTransform
Transforming core-lambda-stubs.jar with IdentityTransform
Transforming core-lambda-stubs.jar with CopyTransform
Transforming R.jar with IdentityTransform
Transforming R.jar with IdentityTransform
Transforming R.jar with CopyTransform
Transforming viewbinding-8.2.2-api.jar with IdentityTransform
Transforming viewbinding-8.2.2-api.jar with IdentityTransform
Transforming viewbinding-8.2.2-api.jar with CopyTransform
Transforming navigation-common-2.7.6-api.jar with IdentityTransform
Transforming navigation-common-2.7.6-api.jar with IdentityTransform
Transforming navigation-common-2.7.6-api.jar with CopyTransform
Transforming navigation-common-ktx-2.7.6-api.jar with IdentityTransform
Transforming navigation-common-ktx-2.7.6-api.jar with IdentityTransform
Transforming navigation-common-ktx-2.7.6-api.jar with CopyTransform
Transforming navigation-runtime-2.7.6-api.jar with IdentityTransform
Transforming navigation-runtime-2.7.6-api.jar with IdentityTransform
Transforming navigation-runtime-2.7.6-api.jar with CopyTransform
Transforming navigation-runtime-ktx-2.7.6-api.jar with IdentityTransform
Transforming navigation-runtime-ktx-2.7.6-api.jar with IdentityTransform
Transforming navigation-runtime-ktx-2.7.6-api.jar with CopyTransform
Transforming navigation-fragment-2.7.6-api.jar with IdentityTransform
Transforming navigation-fragment-2.7.6-api.jar with IdentityTransform
Transforming navigation-fragment-2.7.6-api.jar with CopyTransform
Transforming navigation-fragment-ktx-2.7.6-api.jar with IdentityTransform
Transforming navigation-fragment-ktx-2.7.6-api.jar with IdentityTransform
Transforming navigation-fragment-ktx-2.7.6-api.jar with CopyTransform
Transforming navigation-ui-ktx-2.7.6-api.jar with IdentityTransform
Transforming navigation-ui-ktx-2.7.6-api.jar with IdentityTransform
Transforming navigation-ui-ktx-2.7.6-api.jar with CopyTransform
Transforming navigation-ui-2.7.6-api.jar with IdentityTransform
Transforming navigation-ui-2.7.6-api.jar with IdentityTransform
Transforming navigation-ui-2.7.6-api.jar with CopyTransform
Transforming material-1.11.0-api.jar with IdentityTransform
Transforming material-1.11.0-api.jar with IdentityTransform
Transforming material-1.11.0-api.jar with CopyTransform
Transforming preference-ktx-1.2.1-api.jar with IdentityTransform
Transforming preference-ktx-1.2.1-api.jar with IdentityTransform
Transforming preference-ktx-1.2.1-api.jar with CopyTransform
Transforming preference-1.2.1-api.jar with IdentityTransform
Transforming preference-1.2.1-api.jar with IdentityTransform
Transforming preference-1.2.1-api.jar with CopyTransform
Transforming appcompat-1.6.1-api.jar with IdentityTransform
Transforming appcompat-1.6.1-api.jar with IdentityTransform
Transforming appcompat-1.6.1-api.jar with CopyTransform
Transforming hilt-android-2.48.1-api.jar with IdentityTransform
Transforming hilt-android-2.48.1-api.jar with IdentityTransform
Transforming hilt-android-2.48.1-api.jar with CopyTransform
Transforming viewpager2-1.1.0-beta02-api.jar with IdentityTransform
Transforming viewpager2-1.1.0-beta02-api.jar with IdentityTransform
Transforming viewpager2-1.1.0-beta02-api.jar with CopyTransform
Transforming fragment-1.6.2-api.jar with IdentityTransform
Transforming fragment-1.6.2-api.jar with IdentityTransform
Transforming fragment-1.6.2-api.jar with CopyTransform
Transforming fragment-ktx-1.6.2-api.jar with IdentityTransform
Transforming fragment-ktx-1.6.2-api.jar with IdentityTransform
Transforming fragment-ktx-1.6.2-api.jar with CopyTransform
Transforming activity-1.8.2-api.jar with IdentityTransform
Transforming activity-1.8.2-api.jar with IdentityTransform
Transforming activity-1.8.2-api.jar with CopyTransform
Transforming activity-ktx-1.8.2-api.jar with IdentityTransform
Transforming activity-ktx-1.8.2-api.jar with IdentityTransform
Transforming activity-ktx-1.8.2-api.jar with CopyTransform
Transforming lifecycle-livedata-core-2.7.0-api.jar with IdentityTransform
Transforming lifecycle-livedata-core-2.7.0-api.jar with IdentityTransform
Transforming lifecycle-livedata-core-2.7.0-api.jar with CopyTransform
Transforming lifecycle-common-2.7.0.jar with IdentityTransform
Transforming lifecycle-common-2.7.0.jar with IdentityTransform
Transforming lifecycle-common-2.7.0.jar with CopyTransform
Transforming paging-common-ktx-3.2.1.jar with IdentityTransform
Transforming paging-common-ktx-3.2.1.jar with IdentityTransform
Transforming paging-common-ktx-3.2.1.jar with CopyTransform
Transforming paging-common-3.2.1.jar with IdentityTransform
Transforming paging-common-3.2.1.jar with IdentityTransform
Transforming paging-common-3.2.1.jar with CopyTransform
Transforming paging-runtime-ktx-3.2.1-api.jar with IdentityTransform
Transforming paging-runtime-ktx-3.2.1-api.jar with IdentityTransform
Transforming paging-runtime-ktx-3.2.1-api.jar with CopyTransform
Transforming paging-runtime-3.2.1-api.jar with IdentityTransform
Transforming paging-runtime-3.2.1-api.jar with IdentityTransform
Transforming paging-runtime-3.2.1-api.jar with CopyTransform
Transforming lifecycle-runtime-ktx-2.7.0-api.jar with IdentityTransform
Transforming lifecycle-runtime-ktx-2.7.0-api.jar with IdentityTransform
Transforming lifecycle-runtime-ktx-2.7.0-api.jar with CopyTransform
Transforming lifecycle-livedata-core-ktx-2.7.0-api.jar with IdentityTransform
Transforming lifecycle-livedata-core-ktx-2.7.0-api.jar with IdentityTransform
Transforming lifecycle-livedata-core-ktx-2.7.0-api.jar with CopyTransform
Transforming dynamicanimation-1.0.0-api.jar with IdentityTransform
Transforming dynamicanimation-1.0.0-api.jar with IdentityTransform
Transforming dynamicanimation-1.0.0-api.jar with CopyTransform
Transforming legacy-support-core-utils-1.0.0-api.jar with IdentityTransform
Transforming legacy-support-core-utils-1.0.0-api.jar with IdentityTransform
Transforming legacy-support-core-utils-1.0.0-api.jar with CopyTransform
Transforming loader-1.0.0-api.jar with IdentityTransform
Transforming loader-1.0.0-api.jar with IdentityTransform
Transforming loader-1.0.0-api.jar with CopyTransform
Transforming lifecycle-livedata-2.7.0-api.jar with IdentityTransform
Transforming lifecycle-livedata-2.7.0-api.jar with IdentityTransform
Transforming lifecycle-livedata-2.7.0-api.jar with CopyTransform
Transforming lifecycle-viewmodel-2.7.0-api.jar with IdentityTransform
Transforming lifecycle-viewmodel-2.7.0-api.jar with IdentityTransform
Transforming lifecycle-viewmodel-2.7.0-api.jar with CopyTransform
Transforming lifecycle-viewmodel-savedstate-2.7.0-api.jar with IdentityTransform
Transforming lifecycle-viewmodel-savedstate-2.7.0-api.jar with IdentityTransform
Transforming lifecycle-viewmodel-savedstate-2.7.0-api.jar with CopyTransform
Transforming core-ktx-1.12.0-api.jar with IdentityTransform
Transforming core-ktx-1.12.0-api.jar with IdentityTransform
Transforming core-ktx-1.12.0-api.jar with CopyTransform
Transforming recyclerview-1.3.2-api.jar with IdentityTransform
Transforming recyclerview-1.3.2-api.jar with IdentityTransform
Transforming recyclerview-1.3.2-api.jar with CopyTransform
Transforming swiperefreshlayout-1.1.0-api.jar with IdentityTransform
Transforming swiperefreshlayout-1.1.0-api.jar with IdentityTransform
Transforming swiperefreshlayout-1.1.0-api.jar with CopyTransform
Transforming appcompat-resources-1.6.1-api.jar with IdentityTransform
Transforming appcompat-resources-1.6.1-api.jar with IdentityTransform
Transforming appcompat-resources-1.6.1-api.jar with CopyTransform
Transforming drawerlayout-1.1.1-api.jar with IdentityTransform
Transforming drawerlayout-1.1.1-api.jar with IdentityTransform
Transforming drawerlayout-1.1.1-api.jar with CopyTransform
Transforming coordinatorlayout-1.1.0-api.jar with IdentityTransform
Transforming coordinatorlayout-1.1.0-api.jar with IdentityTransform
Transforming coordinatorlayout-1.1.0-api.jar with CopyTransform
Transforming transition-1.4.1-api.jar with IdentityTransform
Transforming transition-1.4.1-api.jar with IdentityTransform
Transforming transition-1.4.1-api.jar with CopyTransform
Transforming vectordrawable-animated-1.1.0-api.jar with IdentityTransform
Transforming vectordrawable-animated-1.1.0-api.jar with IdentityTransform
Transforming vectordrawable-animated-1.1.0-api.jar with CopyTransform
Transforming vectordrawable-1.1.0-api.jar with IdentityTransform
Transforming vectordrawable-1.1.0-api.jar with IdentityTransform
Transforming vectordrawable-1.1.0-api.jar with CopyTransform
Transforming viewpager-1.0.0-api.jar with IdentityTransform
Transforming viewpager-1.0.0-api.jar with IdentityTransform
Transforming viewpager-1.0.0-api.jar with CopyTransform
Transforming slidingpanelayout-1.2.0-api.jar with IdentityTransform
Transforming slidingpanelayout-1.2.0-api.jar with IdentityTransform
Transforming slidingpanelayout-1.2.0-api.jar with CopyTransform
Transforming customview-1.1.0-api.jar with IdentityTransform
Transforming customview-1.1.0-api.jar with IdentityTransform
Transforming customview-1.1.0-api.jar with CopyTransform
Transforming core-1.12.0-api.jar with IdentityTransform
Transforming core-1.12.0-api.jar with IdentityTransform
Transforming core-1.12.0-api.jar with CopyTransform
Transforming coil-compose-2.5.0-api.jar with IdentityTransform
Transforming coil-compose-2.5.0-api.jar with IdentityTransform
Transforming coil-compose-2.5.0-api.jar with CopyTransform
Transforming coil-2.5.0-api.jar with IdentityTransform
Transforming coil-2.5.0-api.jar with IdentityTransform
Transforming coil-2.5.0-api.jar with CopyTransform
Transforming coil-compose-base-2.5.0-api.jar with IdentityTransform
Transforming coil-compose-base-2.5.0-api.jar with IdentityTransform
Transforming coil-compose-base-2.5.0-api.jar with CopyTransform
Transforming coil-base-2.5.0-api.jar with IdentityTransform
Transforming coil-base-2.5.0-api.jar with IdentityTransform
Transforming coil-base-2.5.0-api.jar with CopyTransform
Transforming lifecycle-runtime-2.7.0-api.jar with IdentityTransform
Transforming lifecycle-runtime-2.7.0-api.jar with IdentityTransform
Transforming lifecycle-runtime-2.7.0-api.jar with CopyTransform
Transforming lifecycle-livedata-ktx-2.7.0-api.jar with IdentityTransform
Transforming lifecycle-livedata-ktx-2.7.0-api.jar with IdentityTransform
Transforming lifecycle-livedata-ktx-2.7.0-api.jar with CopyTransform
Transforming lifecycle-viewmodel-ktx-2.7.0-api.jar with IdentityTransform
Transforming lifecycle-viewmodel-ktx-2.7.0-api.jar with IdentityTransform
Transforming lifecycle-viewmodel-ktx-2.7.0-api.jar with CopyTransform
Transforming room-common-2.6.1.jar with IdentityTransform
Transforming room-common-2.6.1.jar with IdentityTransform
Transforming room-common-2.6.1.jar with CopyTransform
Transforming room-runtime-2.6.1-api.jar with IdentityTransform
Transforming room-runtime-2.6.1-api.jar with IdentityTransform
Transforming room-runtime-2.6.1-api.jar with CopyTransform
Transforming room-ktx-2.6.1-api.jar with IdentityTransform
Transforming room-ktx-2.6.1-api.jar with IdentityTransform
Transforming room-ktx-2.6.1-api.jar with CopyTransform
Transforming animation-core-release-api.jar with IdentityTransform
Transforming animation-core-release-api.jar with IdentityTransform
Transforming animation-core-release-api.jar with CopyTransform
Transforming animation-release-api.jar with IdentityTransform
Transforming animation-release-api.jar with IdentityTransform
Transforming animation-release-api.jar with CopyTransform
Transforming foundation-layout-release-api.jar with IdentityTransform
Transforming foundation-layout-release-api.jar with IdentityTransform
Transforming foundation-layout-release-api.jar with CopyTransform
Transforming foundation-release-api.jar with IdentityTransform
Transforming foundation-release-api.jar with IdentityTransform
Transforming foundation-release-api.jar with CopyTransform
Transforming ui-unit-release-api.jar with IdentityTransform
Transforming ui-unit-release-api.jar with IdentityTransform
Transforming ui-unit-release-api.jar with CopyTransform
Transforming ui-text-release-api.jar with IdentityTransform
Transforming ui-text-release-api.jar with IdentityTransform
Transforming ui-text-release-api.jar with CopyTransform
Transforming ui-graphics-release-api.jar with IdentityTransform
Transforming ui-graphics-release-api.jar with IdentityTransform
Transforming ui-graphics-release-api.jar with CopyTransform
Transforming ui-geometry-release-api.jar with IdentityTransform
Transforming ui-geometry-release-api.jar with IdentityTransform
Transforming ui-geometry-release-api.jar with CopyTransform
Transforming ui-release-api.jar with IdentityTransform
Transforming ui-release-api.jar with IdentityTransform
Transforming ui-release-api.jar with CopyTransform
Transforming runtime-saveable-release-api.jar with IdentityTransform
Transforming runtime-saveable-release-api.jar with IdentityTransform
Transforming runtime-saveable-release-api.jar with CopyTransform
Transforming runtime-release-api.jar with IdentityTransform
Transforming runtime-release-api.jar with IdentityTransform
Transforming runtime-release-api.jar with CopyTransform
Transforming kotlinx-coroutines-core-jvm-1.7.3.jar with IdentityTransform
Transforming kotlinx-coroutines-core-jvm-1.7.3.jar with IdentityTransform
Transforming kotlinx-coroutines-core-jvm-1.7.3.jar with CopyTransform
Transforming kotlinx-coroutines-android-1.7.3.jar with IdentityTransform
Transforming kotlinx-coroutines-android-1.7.3.jar with IdentityTransform
Transforming kotlinx-coroutines-android-1.7.3.jar with CopyTransform
Transforming logging-interceptor-4.12.0.jar with IdentityTransform
Transforming logging-interceptor-4.12.0.jar with IdentityTransform
Transforming logging-interceptor-4.12.0.jar with CopyTransform
Transforming converter-gson-2.9.0.jar with IdentityTransform
Transforming converter-gson-2.9.0.jar with IdentityTransform
Transforming converter-gson-2.9.0.jar with CopyTransform
Transforming retrofit-2.9.0.jar with IdentityTransform
Transforming retrofit-2.9.0.jar with IdentityTransform
Transforming retrofit-2.9.0.jar with CopyTransform
Transforming okhttp-4.12.0.jar with IdentityTransform
Transforming okhttp-4.12.0.jar with IdentityTransform
Transforming okhttp-4.12.0.jar with CopyTransform
Transforming okio-jvm-3.6.0.jar with IdentityTransform
Transforming okio-jvm-3.6.0.jar with IdentityTransform
Transforming okio-jvm-3.6.0.jar with CopyTransform
Transforming kotlin-stdlib-jdk8-1.9.10.jar with IdentityTransform
Transforming kotlin-stdlib-jdk8-1.9.10.jar with IdentityTransform
Transforming kotlin-stdlib-jdk8-1.9.10.jar with CopyTransform
Transforming cardview-1.0.0-api.jar with IdentityTransform
Transforming cardview-1.0.0-api.jar with IdentityTransform
Transforming cardview-1.0.0-api.jar with CopyTransform
Transforming shimmer-0.5.0-api.jar with IdentityTransform
Transforming shimmer-0.5.0-api.jar with IdentityTransform
Transforming shimmer-0.5.0-api.jar with CopyTransform
Transforming cursoradapter-1.0.0-api.jar with IdentityTransform
Transforming cursoradapter-1.0.0-api.jar with IdentityTransform
Transforming cursoradapter-1.0.0-api.jar with CopyTransform
Transforming savedstate-ktx-1.2.1-api.jar with IdentityTransform
Transforming savedstate-ktx-1.2.1-api.jar with IdentityTransform
Transforming savedstate-ktx-1.2.1-api.jar with CopyTransform
Transforming savedstate-1.2.1-api.jar with IdentityTransform
Transforming savedstate-1.2.1-api.jar with IdentityTransform
Transforming savedstate-1.2.1-api.jar with CopyTransform
Transforming sqlite-framework-2.4.0-api.jar with IdentityTransform
Transforming sqlite-framework-2.4.0-api.jar with IdentityTransform
Transforming sqlite-framework-2.4.0-api.jar with CopyTransform
Transforming sqlite-2.4.0-api.jar with IdentityTransform
Transforming sqlite-2.4.0-api.jar with IdentityTransform
Transforming sqlite-2.4.0-api.jar with CopyTransform
Transforming interpolator-1.0.0-api.jar with IdentityTransform
Transforming interpolator-1.0.0-api.jar with IdentityTransform
Transforming interpolator-1.0.0-api.jar with CopyTransform
Transforming versionedparcelable-1.1.1-api.jar with IdentityTransform
Transforming versionedparcelable-1.1.1-api.jar with IdentityTransform
Transforming versionedparcelable-1.1.1-api.jar with CopyTransform
Transforming core-runtime-2.2.0-api.jar with IdentityTransform
Transforming core-runtime-2.2.0-api.jar with IdentityTransform
Transforming core-runtime-2.2.0-api.jar with CopyTransform
Transforming core-common-2.2.0.jar with IdentityTransform
Transforming core-common-2.2.0.jar with IdentityTransform
Transforming core-common-2.2.0.jar with CopyTransform
Transforming collection-ktx-1.3.0.jar with IdentityTransform
Transforming collection-ktx-1.3.0.jar with IdentityTransform
Transforming collection-ktx-1.3.0.jar with CopyTransform
Transforming collection-jvm-1.3.0.jar with IdentityTransform
Transforming collection-jvm-1.3.0.jar with IdentityTransform
Transforming collection-jvm-1.3.0.jar with CopyTransform
Transforming documentfile-1.0.0-api.jar with IdentityTransform
Transforming documentfile-1.0.0-api.jar with IdentityTransform
Transforming documentfile-1.0.0-api.jar with CopyTransform
Transforming localbroadcastmanager-1.0.0-api.jar with IdentityTransform
Transforming localbroadcastmanager-1.0.0-api.jar with IdentityTransform
Transforming localbroadcastmanager-1.0.0-api.jar with CopyTransform
Transforming print-1.0.0-api.jar with IdentityTransform
Transforming print-1.0.0-api.jar with IdentityTransform
Transforming print-1.0.0-api.jar with CopyTransform
Transforming annotation-jvm-1.7.0.jar with IdentityTransform
Transforming annotation-jvm-1.7.0.jar with IdentityTransform
Transforming annotation-jvm-1.7.0.jar with CopyTransform
Transforming kotlin-stdlib-jdk7-1.9.10.jar with IdentityTransform
Transforming kotlin-stdlib-jdk7-1.9.10.jar with IdentityTransform
Transforming kotlin-stdlib-jdk7-1.9.10.jar with CopyTransform
Transforming annotation-experimental-1.3.0-api.jar with IdentityTransform
Transforming annotation-experimental-1.3.0-api.jar with IdentityTransform
Transforming annotation-experimental-1.3.0-api.jar with CopyTransform
Transforming kotlin-stdlib-1.9.10.jar with IdentityTransform
Transforming kotlin-stdlib-1.9.10.jar with IdentityTransform
Transforming kotlin-stdlib-1.9.10.jar with CopyTransform
Transforming kotlin-stdlib-common-1.9.10.jar with IdentityTransform
Transforming kotlin-stdlib-common-1.9.10.jar with IdentityTransform
Transforming kotlin-stdlib-common-1.9.10.jar with CopyTransform
Transforming annotations-23.0.0.jar with IdentityTransform
Transforming annotations-23.0.0.jar with IdentityTransform
Transforming annotations-23.0.0.jar with CopyTransform
Transforming resourceinspection-annotation-1.0.1.jar with IdentityTransform
Transforming resourceinspection-annotation-1.0.1.jar with IdentityTransform
Transforming resourceinspection-annotation-1.0.1.jar with CopyTransform
Transforming constraintlayout-2.1.4-api.jar with IdentityTransform
Transforming constraintlayout-2.1.4-api.jar with IdentityTransform
Transforming constraintlayout-2.1.4-api.jar with CopyTransform
Transforming hilt-core-2.48.1.jar with IdentityTransform
Transforming hilt-core-2.48.1.jar with IdentityTransform
Transforming hilt-core-2.48.1.jar with CopyTransform
Transforming dagger-2.48.1.jar with IdentityTransform
Transforming dagger-2.48.1.jar with IdentityTransform
Transforming dagger-2.48.1.jar with CopyTransform
Transforming javax.inject-1.jar with IdentityTransform
Transforming javax.inject-1.jar with IdentityTransform
Transforming javax.inject-1.jar with CopyTransform
Transforming dagger-lint-aar-2.48.1-api.jar with IdentityTransform
Transforming dagger-lint-aar-2.48.1-api.jar with IdentityTransform
Transforming dagger-lint-aar-2.48.1-api.jar with CopyTransform
Transforming jsr305-3.0.2.jar with IdentityTransform
Transforming jsr305-3.0.2.jar with IdentityTransform
Transforming jsr305-3.0.2.jar with CopyTransform
Transforming gson-2.8.5.jar with IdentityTransform
Transforming gson-2.8.5.jar with IdentityTransform
Transforming gson-2.8.5.jar with CopyTransform
Transforming lottie-6.2.0-api.jar with IdentityTransform
Transforming lottie-6.2.0-api.jar with IdentityTransform
Transforming lottie-6.2.0-api.jar with CopyTransform
Transforming debug with CopyTransform
Transforming classes with CopyTransform
Transforming core-for-system-modules.jar with JdkImageTransform
Transforming core-for-system-modules.jar with JdkImageTransform
Transforming core-for-system-modules.jar with JdkImageTransform
Transforming core-for-system-modules.jar with JdkImageTransform
file or directory 'C:\Users\Gandon\Desktop\Projects\MovieTimeTracker\app\build\generated\ksp\debug\classes', not found
Transforming android.jar with IdentityTransform
Transforming android.jar with IdentityTransform
Transforming android.jar with CopyTransform
Transforming core-lambda-stubs.jar with IdentityTransform
Transforming core-lambda-stubs.jar with IdentityTransform
Transforming core-lambda-stubs.jar with CopyTransform
Transforming R.jar with IdentityTransform
Transforming R.jar with IdentityTransform
Transforming R.jar with CopyTransform
Transforming viewbinding-8.2.2-api.jar with IdentityTransform
Transforming viewbinding-8.2.2-api.jar with IdentityTransform
Transforming viewbinding-8.2.2-api.jar with CopyTransform
Transforming navigation-common-2.7.6-api.jar with IdentityTransform
Transforming navigation-common-2.7.6-api.jar with IdentityTransform
Transforming navigation-common-2.7.6-api.jar with CopyTransform
Transforming navigation-common-ktx-2.7.6-api.jar with IdentityTransform
Transforming navigation-common-ktx-2.7.6-api.jar with IdentityTransform
Transforming navigation-common-ktx-2.7.6-api.jar with CopyTransform
Transforming navigation-runtime-2.7.6-api.jar with IdentityTransform
Transforming navigation-runtime-2.7.6-api.jar with IdentityTransform
Transforming navigation-runtime-2.7.6-api.jar with CopyTransform
Transforming navigation-runtime-ktx-2.7.6-api.jar with IdentityTransform
Transforming navigation-runtime-ktx-2.7.6-api.jar with IdentityTransform
Transforming navigation-runtime-ktx-2.7.6-api.jar with CopyTransform
Transforming navigation-fragment-2.7.6-api.jar with IdentityTransform
Transforming navigation-fragment-2.7.6-api.jar with IdentityTransform
Transforming navigation-fragment-2.7.6-api.jar with CopyTransform
Transforming navigation-fragment-ktx-2.7.6-api.jar with IdentityTransform
Transforming navigation-fragment-ktx-2.7.6-api.jar with IdentityTransform
Transforming navigation-fragment-ktx-2.7.6-api.jar with CopyTransform
Transforming navigation-ui-ktx-2.7.6-api.jar with IdentityTransform
Transforming navigation-ui-ktx-2.7.6-api.jar with IdentityTransform
Transforming navigation-ui-ktx-2.7.6-api.jar with CopyTransform
Transforming navigation-ui-2.7.6-api.jar with IdentityTransform
Transforming navigation-ui-2.7.6-api.jar with IdentityTransform
Transforming navigation-ui-2.7.6-api.jar with CopyTransform
Transforming material-1.11.0-api.jar with IdentityTransform
Transforming material-1.11.0-api.jar with IdentityTransform
Transforming material-1.11.0-api.jar with CopyTransform
Transforming preference-ktx-1.2.1-api.jar with IdentityTransform
Transforming preference-ktx-1.2.1-api.jar with IdentityTransform
Transforming preference-ktx-1.2.1-api.jar with CopyTransform
Transforming preference-1.2.1-api.jar with IdentityTransform
Transforming preference-1.2.1-api.jar with IdentityTransform
Transforming preference-1.2.1-api.jar with CopyTransform
Transforming appcompat-1.6.1-api.jar with IdentityTransform
Transforming appcompat-1.6.1-api.jar with IdentityTransform
Transforming appcompat-1.6.1-api.jar with CopyTransform
Transforming hilt-android-2.48.1-api.jar with IdentityTransform
Transforming hilt-android-2.48.1-api.jar with IdentityTransform
Transforming hilt-android-2.48.1-api.jar with CopyTransform
Transforming viewpager2-1.1.0-beta02-api.jar with IdentityTransform
Transforming viewpager2-1.1.0-beta02-api.jar with IdentityTransform
Transforming viewpager2-1.1.0-beta02-api.jar with CopyTransform
Transforming fragment-1.6.2-api.jar with IdentityTransform
Transforming fragment-1.6.2-api.jar with IdentityTransform
Transforming fragment-1.6.2-api.jar with CopyTransform
Transforming fragment-ktx-1.6.2-api.jar with IdentityTransform
Transforming fragment-ktx-1.6.2-api.jar with IdentityTransform
Transforming fragment-ktx-1.6.2-api.jar with CopyTransform
Transforming activity-1.8.2-api.jar with IdentityTransform
Transforming activity-1.8.2-api.jar with IdentityTransform
Transforming activity-1.8.2-api.jar with CopyTransform
Transforming activity-ktx-1.8.2-api.jar with IdentityTransform
Transforming activity-ktx-1.8.2-api.jar with IdentityTransform
Transforming activity-ktx-1.8.2-api.jar with CopyTransform
Transforming lifecycle-livedata-core-2.7.0-api.jar with IdentityTransform
Transforming lifecycle-livedata-core-2.7.0-api.jar with IdentityTransform
Transforming lifecycle-livedata-core-2.7.0-api.jar with CopyTransform
Transforming lifecycle-common-2.7.0.jar with IdentityTransform
Transforming lifecycle-common-2.7.0.jar with IdentityTransform
Transforming lifecycle-common-2.7.0.jar with CopyTransform
Transforming paging-common-ktx-3.2.1.jar with IdentityTransform
Transforming paging-common-ktx-3.2.1.jar with IdentityTransform
Transforming paging-common-ktx-3.2.1.jar with CopyTransform
Transforming paging-common-3.2.1.jar with IdentityTransform
Transforming paging-common-3.2.1.jar with IdentityTransform
Transforming paging-common-3.2.1.jar with CopyTransform
Transforming paging-runtime-ktx-3.2.1-api.jar with IdentityTransform
Transforming paging-runtime-ktx-3.2.1-api.jar with IdentityTransform
Transforming paging-runtime-ktx-3.2.1-api.jar with CopyTransform
Transforming paging-runtime-3.2.1-api.jar with IdentityTransform
Transforming paging-runtime-3.2.1-api.jar with IdentityTransform
Transforming paging-runtime-3.2.1-api.jar with CopyTransform
Transforming lifecycle-runtime-ktx-2.7.0-api.jar with IdentityTransform
Transforming lifecycle-runtime-ktx-2.7.0-api.jar with IdentityTransform
Transforming lifecycle-runtime-ktx-2.7.0-api.jar with CopyTransform
Transforming lifecycle-livedata-core-ktx-2.7.0-api.jar with IdentityTransform
Transforming lifecycle-livedata-core-ktx-2.7.0-api.jar with IdentityTransform
Transforming lifecycle-livedata-core-ktx-2.7.0-api.jar with CopyTransform
Transforming dynamicanimation-1.0.0-api.jar with IdentityTransform
Transforming dynamicanimation-1.0.0-api.jar with IdentityTransform
Transforming dynamicanimation-1.0.0-api.jar with CopyTransform
Transforming legacy-support-core-utils-1.0.0-api.jar with IdentityTransform
Transforming legacy-support-core-utils-1.0.0-api.jar with IdentityTransform
Transforming legacy-support-core-utils-1.0.0-api.jar with CopyTransform
Transforming loader-1.0.0-api.jar with IdentityTransform
Transforming loader-1.0.0-api.jar with IdentityTransform
Transforming loader-1.0.0-api.jar with CopyTransform
Transforming lifecycle-livedata-2.7.0-api.jar with IdentityTransform
Transforming lifecycle-livedata-2.7.0-api.jar with IdentityTransform
Transforming lifecycle-livedata-2.7.0-api.jar with CopyTransform
Transforming lifecycle-viewmodel-2.7.0-api.jar with IdentityTransform
Transforming lifecycle-viewmodel-2.7.0-api.jar with IdentityTransform
Transforming lifecycle-viewmodel-2.7.0-api.jar with CopyTransform
Transforming lifecycle-viewmodel-savedstate-2.7.0-api.jar with IdentityTransform
Transforming lifecycle-viewmodel-savedstate-2.7.0-api.jar with IdentityTransform
Transforming lifecycle-viewmodel-savedstate-2.7.0-api.jar with CopyTransform
Transforming core-ktx-1.12.0-api.jar with IdentityTransform
Transforming core-ktx-1.12.0-api.jar with IdentityTransform
Transforming core-ktx-1.12.0-api.jar with CopyTransform
Transforming recyclerview-1.3.2-api.jar with IdentityTransform
Transforming recyclerview-1.3.2-api.jar with IdentityTransform
Transforming recyclerview-1.3.2-api.jar with CopyTransform
Transforming swiperefreshlayout-1.1.0-api.jar with IdentityTransform
Transforming swiperefreshlayout-1.1.0-api.jar with IdentityTransform
Transforming swiperefreshlayout-1.1.0-api.jar with CopyTransform
Transforming appcompat-resources-1.6.1-api.jar with IdentityTransform
Transforming appcompat-resources-1.6.1-api.jar with IdentityTransform
Transforming appcompat-resources-1.6.1-api.jar with CopyTransform
Transforming drawerlayout-1.1.1-api.jar with IdentityTransform
Transforming drawerlayout-1.1.1-api.jar with IdentityTransform
Transforming drawerlayout-1.1.1-api.jar with CopyTransform
Transforming coordinatorlayout-1.1.0-api.jar with IdentityTransform
Transforming coordinatorlayout-1.1.0-api.jar with IdentityTransform
Transforming coordinatorlayout-1.1.0-api.jar with CopyTransform
Transforming transition-1.4.1-api.jar with IdentityTransform
Transforming transition-1.4.1-api.jar with IdentityTransform
Transforming transition-1.4.1-api.jar with CopyTransform
Transforming vectordrawable-animated-1.1.0-api.jar with IdentityTransform
Transforming vectordrawable-animated-1.1.0-api.jar with IdentityTransform
Transforming vectordrawable-animated-1.1.0-api.jar with CopyTransform
Transforming vectordrawable-1.1.0-api.jar with IdentityTransform
Transforming vectordrawable-1.1.0-api.jar with IdentityTransform
Transforming vectordrawable-1.1.0-api.jar with CopyTransform
Transforming viewpager-1.0.0-api.jar with IdentityTransform
Transforming viewpager-1.0.0-api.jar with IdentityTransform
Transforming viewpager-1.0.0-api.jar with CopyTransform
Transforming slidingpanelayout-1.2.0-api.jar with IdentityTransform
Transforming slidingpanelayout-1.2.0-api.jar with IdentityTransform
Transforming slidingpanelayout-1.2.0-api.jar with CopyTransform
Transforming customview-1.1.0-api.jar with IdentityTransform
Transforming customview-1.1.0-api.jar with IdentityTransform
Transforming customview-1.1.0-api.jar with CopyTransform
Transforming core-1.12.0-api.jar with IdentityTransform
Transforming core-1.12.0-api.jar with IdentityTransform
Transforming core-1.12.0-api.jar with CopyTransform
Transforming coil-compose-2.5.0-api.jar with IdentityTransform
Transforming coil-compose-2.5.0-api.jar with IdentityTransform
Transforming coil-compose-2.5.0-api.jar with CopyTransform
Transforming coil-2.5.0-api.jar with IdentityTransform
Transforming coil-2.5.0-api.jar with IdentityTransform
Transforming coil-2.5.0-api.jar with CopyTransform
Transforming coil-compose-base-2.5.0-api.jar with IdentityTransform
Transforming coil-compose-base-2.5.0-api.jar with IdentityTransform
Transforming coil-compose-base-2.5.0-api.jar with CopyTransform
Transforming coil-base-2.5.0-api.jar with IdentityTransform
Transforming coil-base-2.5.0-api.jar with IdentityTransform
Transforming coil-base-2.5.0-api.jar with CopyTransform
Transforming lifecycle-runtime-2.7.0-api.jar with IdentityTransform
Transforming lifecycle-runtime-2.7.0-api.jar with IdentityTransform
Transforming lifecycle-runtime-2.7.0-api.jar with CopyTransform
Transforming lifecycle-livedata-ktx-2.7.0-api.jar with IdentityTransform
Transforming lifecycle-livedata-ktx-2.7.0-api.jar with IdentityTransform
Transforming lifecycle-livedata-ktx-2.7.0-api.jar with CopyTransform
Transforming lifecycle-viewmodel-ktx-2.7.0-api.jar with IdentityTransform
Transforming lifecycle-viewmodel-ktx-2.7.0-api.jar with IdentityTransform
Transforming lifecycle-viewmodel-ktx-2.7.0-api.jar with CopyTransform
Transforming room-common-2.6.1.jar with IdentityTransform
Transforming room-common-2.6.1.jar with IdentityTransform
Transforming room-common-2.6.1.jar with CopyTransform
Transforming room-runtime-2.6.1-api.jar with IdentityTransform
Transforming room-runtime-2.6.1-api.jar with IdentityTransform
Transforming room-runtime-2.6.1-api.jar with CopyTransform
Transforming room-ktx-2.6.1-api.jar with IdentityTransform
Transforming room-ktx-2.6.1-api.jar with IdentityTransform
Transforming room-ktx-2.6.1-api.jar with CopyTransform
Transforming animation-core-release-api.jar with IdentityTransform
Transforming animation-core-release-api.jar with IdentityTransform
Transforming animation-core-release-api.jar with CopyTransform
Transforming animation-release-api.jar with IdentityTransform
Transforming animation-release-api.jar with IdentityTransform
Transforming animation-release-api.jar with CopyTransform
Transforming foundation-layout-release-api.jar with IdentityTransform
Transforming foundation-layout-release-api.jar with IdentityTransform
Transforming foundation-layout-release-api.jar with CopyTransform
Transforming foundation-release-api.jar with IdentityTransform
Transforming foundation-release-api.jar with IdentityTransform
Transforming foundation-release-api.jar with CopyTransform
Transforming ui-unit-release-api.jar with IdentityTransform
Transforming ui-unit-release-api.jar with IdentityTransform
Transforming ui-unit-release-api.jar with CopyTransform
Transforming ui-text-release-api.jar with IdentityTransform
Transforming ui-text-release-api.jar with IdentityTransform
Transforming ui-text-release-api.jar with CopyTransform
Transforming ui-graphics-release-api.jar with IdentityTransform
Transforming ui-graphics-release-api.jar with IdentityTransform
Transforming ui-graphics-release-api.jar with CopyTransform
Transforming ui-geometry-release-api.jar with IdentityTransform
Transforming ui-geometry-release-api.jar with IdentityTransform
Transforming ui-geometry-release-api.jar with CopyTransform
Transforming ui-release-api.jar with IdentityTransform
Transforming ui-release-api.jar with IdentityTransform
Transforming ui-release-api.jar with CopyTransform
Transforming runtime-saveable-release-api.jar with IdentityTransform
Transforming runtime-saveable-release-api.jar with IdentityTransform
Transforming runtime-saveable-release-api.jar with CopyTransform
Transforming runtime-release-api.jar with IdentityTransform
Transforming runtime-release-api.jar with IdentityTransform
Transforming runtime-release-api.jar with CopyTransform
Transforming kotlinx-coroutines-core-jvm-1.7.3.jar with IdentityTransform
Transforming kotlinx-coroutines-core-jvm-1.7.3.jar with IdentityTransform
Transforming kotlinx-coroutines-core-jvm-1.7.3.jar with CopyTransform
Transforming kotlinx-coroutines-android-1.7.3.jar with IdentityTransform
Transforming kotlinx-coroutines-android-1.7.3.jar with IdentityTransform
Transforming kotlinx-coroutines-android-1.7.3.jar with CopyTransform
Transforming logging-interceptor-4.12.0.jar with IdentityTransform
Transforming logging-interceptor-4.12.0.jar with IdentityTransform
Transforming logging-interceptor-4.12.0.jar with CopyTransform
Transforming converter-gson-2.9.0.jar with IdentityTransform
Transforming converter-gson-2.9.0.jar with IdentityTransform
Transforming converter-gson-2.9.0.jar with CopyTransform
Transforming retrofit-2.9.0.jar with IdentityTransform
Transforming retrofit-2.9.0.jar with IdentityTransform
Transforming retrofit-2.9.0.jar with CopyTransform
Transforming okhttp-4.12.0.jar with IdentityTransform
Transforming okhttp-4.12.0.jar with IdentityTransform
Transforming okhttp-4.12.0.jar with CopyTransform
Transforming okio-jvm-3.6.0.jar with IdentityTransform
Transforming okio-jvm-3.6.0.jar with IdentityTransform
Transforming okio-jvm-3.6.0.jar with CopyTransform
Transforming kotlin-stdlib-jdk8-1.9.10.jar with IdentityTransform
Transforming kotlin-stdlib-jdk8-1.9.10.jar with IdentityTransform
Transforming kotlin-stdlib-jdk8-1.9.10.jar with CopyTransform
Transforming cardview-1.0.0-api.jar with IdentityTransform
Transforming cardview-1.0.0-api.jar with IdentityTransform
Transforming cardview-1.0.0-api.jar with CopyTransform
Transforming shimmer-0.5.0-api.jar with IdentityTransform
Transforming shimmer-0.5.0-api.jar with IdentityTransform
Transforming shimmer-0.5.0-api.jar with CopyTransform
Transforming cursoradapter-1.0.0-api.jar with IdentityTransform
Transforming cursoradapter-1.0.0-api.jar with IdentityTransform
Transforming cursoradapter-1.0.0-api.jar with CopyTransform
Transforming savedstate-ktx-1.2.1-api.jar with IdentityTransform
Transforming savedstate-ktx-1.2.1-api.jar with IdentityTransform
Transforming savedstate-ktx-1.2.1-api.jar with CopyTransform
Transforming savedstate-1.2.1-api.jar with IdentityTransform
Transforming savedstate-1.2.1-api.jar with IdentityTransform
Transforming savedstate-1.2.1-api.jar with CopyTransform
Transforming sqlite-framework-2.4.0-api.jar with IdentityTransform
Transforming sqlite-framework-2.4.0-api.jar with IdentityTransform
Transforming sqlite-framework-2.4.0-api.jar with CopyTransform
Transforming sqlite-2.4.0-api.jar with IdentityTransform
Transforming sqlite-2.4.0-api.jar with IdentityTransform
Transforming sqlite-2.4.0-api.jar with CopyTransform
Transforming interpolator-1.0.0-api.jar with IdentityTransform
Transforming interpolator-1.0.0-api.jar with IdentityTransform
Transforming interpolator-1.0.0-api.jar with CopyTransform
Transforming versionedparcelable-1.1.1-api.jar with IdentityTransform
Transforming versionedparcelable-1.1.1-api.jar with IdentityTransform
Transforming versionedparcelable-1.1.1-api.jar with CopyTransform
Transforming core-runtime-2.2.0-api.jar with IdentityTransform
Transforming core-runtime-2.2.0-api.jar with IdentityTransform
Transforming core-runtime-2.2.0-api.jar with CopyTransform
Transforming core-common-2.2.0.jar with IdentityTransform
Transforming core-common-2.2.0.jar with IdentityTransform
Transforming core-common-2.2.0.jar with CopyTransform
Transforming collection-ktx-1.3.0.jar with IdentityTransform
Transforming collection-ktx-1.3.0.jar with IdentityTransform
Transforming collection-ktx-1.3.0.jar with CopyTransform
Transforming collection-jvm-1.3.0.jar with IdentityTransform
Transforming collection-jvm-1.3.0.jar with IdentityTransform
Transforming collection-jvm-1.3.0.jar with CopyTransform
Transforming documentfile-1.0.0-api.jar with IdentityTransform
Transforming documentfile-1.0.0-api.jar with IdentityTransform
Transforming documentfile-1.0.0-api.jar with CopyTransform
Transforming localbroadcastmanager-1.0.0-api.jar with IdentityTransform
Transforming localbroadcastmanager-1.0.0-api.jar with IdentityTransform
Transforming localbroadcastmanager-1.0.0-api.jar with CopyTransform
Transforming print-1.0.0-api.jar with IdentityTransform
Transforming print-1.0.0-api.jar with IdentityTransform
Transforming print-1.0.0-api.jar with CopyTransform
Transforming annotation-jvm-1.7.0.jar with IdentityTransform
Transforming annotation-jvm-1.7.0.jar with IdentityTransform
Transforming annotation-jvm-1.7.0.jar with CopyTransform
Transforming kotlin-stdlib-jdk7-1.9.10.jar with IdentityTransform
Transforming kotlin-stdlib-jdk7-1.9.10.jar with IdentityTransform
Transforming kotlin-stdlib-jdk7-1.9.10.jar with CopyTransform
Transforming annotation-experimental-1.3.0-api.jar with IdentityTransform
Transforming annotation-experimental-1.3.0-api.jar with IdentityTransform
Transforming annotation-experimental-1.3.0-api.jar with CopyTransform
Transforming kotlin-stdlib-1.9.10.jar with IdentityTransform
Transforming kotlin-stdlib-1.9.10.jar with IdentityTransform
Transforming kotlin-stdlib-1.9.10.jar with CopyTransform
Transforming kotlin-stdlib-common-1.9.10.jar with IdentityTransform
Transforming kotlin-stdlib-common-1.9.10.jar with IdentityTransform
Transforming kotlin-stdlib-common-1.9.10.jar with CopyTransform
Transforming annotations-23.0.0.jar with IdentityTransform
Transforming annotations-23.0.0.jar with IdentityTransform
Transforming annotations-23.0.0.jar with CopyTransform
Transforming resourceinspection-annotation-1.0.1.jar with IdentityTransform
Transforming resourceinspection-annotation-1.0.1.jar with IdentityTransform
Transforming resourceinspection-annotation-1.0.1.jar with CopyTransform
Transforming constraintlayout-2.1.4-api.jar with IdentityTransform
Transforming constraintlayout-2.1.4-api.jar with IdentityTransform
Transforming constraintlayout-2.1.4-api.jar with CopyTransform
Transforming hilt-core-2.48.1.jar with IdentityTransform
Transforming hilt-core-2.48.1.jar with IdentityTransform
Transforming hilt-core-2.48.1.jar with CopyTransform
Transforming dagger-2.48.1.jar with IdentityTransform
Transforming dagger-2.48.1.jar with IdentityTransform
Transforming dagger-2.48.1.jar with CopyTransform
Transforming javax.inject-1.jar with IdentityTransform
Transforming javax.inject-1.jar with IdentityTransform
Transforming javax.inject-1.jar with CopyTransform
Transforming dagger-lint-aar-2.48.1-api.jar with IdentityTransform
Transforming dagger-lint-aar-2.48.1-api.jar with IdentityTransform
Transforming dagger-lint-aar-2.48.1-api.jar with CopyTransform
Transforming jsr305-3.0.2.jar with IdentityTransform
Transforming jsr305-3.0.2.jar with IdentityTransform
Transforming jsr305-3.0.2.jar with CopyTransform
Transforming gson-2.8.5.jar with IdentityTransform
Transforming gson-2.8.5.jar with IdentityTransform
Transforming gson-2.8.5.jar with CopyTransform
Transforming lottie-6.2.0-api.jar with IdentityTransform
Transforming lottie-6.2.0-api.jar with IdentityTransform
Transforming lottie-6.2.0-api.jar with CopyTransform
Transforming debug with CopyTransform
Transforming classes with CopyTransform
Transforming core-for-system-modules.jar with JdkImageTransform
Transforming core-for-system-modules.jar with JdkImageTransform
Caching disabled for task ':app:hiltJavaCompileDebug' because:
  Build cache is disabled
Skipping task ':app:hiltJavaCompileDebug' as it is up-to-date.
No compile result for :app:hiltJavaCompileDebug
No compile result for :app:hiltJavaCompileDebug
Resolve mutations for :app:transformDebugClassesWithAsm (Thread[Execution worker Thread 4,5,main]) started.
:app:transformDebugClassesWithAsm (Thread[Execution worker Thread 4,5,main]) started.

> Task :app:transformDebugClassesWithAsm UP-TO-DATE
file or directory 'C:\Users\Gandon\Desktop\Projects\MovieTimeTracker\app\build\generated\ksp\debug\classes', not found
file or directory 'C:\Users\Gandon\Desktop\Projects\MovieTimeTracker\app\build\generated\ksp\debug\classes', not found
Transforming viewbinding-8.2.2.aar (androidx.databinding:viewbinding:8.2.2) with AarToClassTransform
Transforming navigation-common-2.7.6.aar (androidx.navigation:navigation-common:2.7.6) with AarToClassTransform
Transforming navigation-common-ktx-2.7.6.aar (androidx.navigation:navigation-common-ktx:2.7.6) with AarToClassTransform
Transforming navigation-runtime-2.7.6.aar (androidx.navigation:navigation-runtime:2.7.6) with AarToClassTransform
Transforming navigation-runtime-ktx-2.7.6.aar (androidx.navigation:navigation-runtime-ktx:2.7.6) with AarToClassTransform
Transforming navigation-fragment-2.7.6.aar (androidx.navigation:navigation-fragment:2.7.6) with AarToClassTransform
Transforming navigation-fragment-ktx-2.7.6.aar (androidx.navigation:navigation-fragment-ktx:2.7.6) with AarToClassTransform
Transforming navigation-ui-ktx-2.7.6.aar (androidx.navigation:navigation-ui-ktx:2.7.6) with AarToClassTransform
Transforming navigation-ui-2.7.6.aar (androidx.navigation:navigation-ui:2.7.6) with AarToClassTransform
Transforming material-1.11.0.aar (com.google.android.material:material:1.11.0) with AarToClassTransform
Transforming constraintlayout-2.1.4.aar (androidx.constraintlayout:constraintlayout:2.1.4) with AarToClassTransform
Transforming lottie-6.2.0.aar (com.airbnb.android:lottie:6.2.0) with AarToClassTransform
Transforming coil-compose-2.5.0.aar (io.coil-kt:coil-compose:2.5.0) with AarToClassTransform
Transforming coil-2.5.0.aar (io.coil-kt:coil:2.5.0) with AarToClassTransform
Transforming coil-compose-base-2.5.0.aar (io.coil-kt:coil-compose-base:2.5.0) with AarToClassTransform
Transforming coil-base-2.5.0.aar (io.coil-kt:coil-base:2.5.0) with AarToClassTransform
Transforming appcompat-resources-1.6.1.aar (androidx.appcompat:appcompat-resources:1.6.1) with AarToClassTransform
Transforming preference-ktx-1.2.1.aar (androidx.preference:preference-ktx:1.2.1) with AarToClassTransform
Transforming preference-1.2.1.aar (androidx.preference:preference:1.2.1) with AarToClassTransform
Transforming appcompat-1.6.1.aar (androidx.appcompat:appcompat:1.6.1) with AarToClassTransform
Transforming hilt-android-2.48.1.aar (com.google.dagger:hilt-android:2.48.1) with AarToClassTransform
Transforming paging-common-3.2.1.jar (androidx.paging:paging-common:3.2.1) with IdentityTransform
Transforming paging-common-ktx-3.2.1.jar (androidx.paging:paging-common-ktx:3.2.1) with IdentityTransform
Transforming paging-runtime-ktx-3.2.1.aar (androidx.paging:paging-runtime-ktx:3.2.1) with AarToClassTransform
Transforming paging-runtime-3.2.1.aar (androidx.paging:paging-runtime:3.2.1) with AarToClassTransform
Transforming recyclerview-1.3.2.aar (androidx.recyclerview:recyclerview:1.3.2) with AarToClassTransform
Transforming viewpager2-1.1.0-beta02.aar (androidx.viewpager2:viewpager2:1.1.0-beta02) with AarToClassTransform
Transforming fragment-1.6.2.aar (androidx.fragment:fragment:1.6.2) with AarToClassTransform
Transforming fragment-ktx-1.6.2.aar (androidx.fragment:fragment-ktx:1.6.2) with AarToClassTransform
Transforming activity-1.8.2.aar (androidx.activity:activity:1.8.2) with AarToClassTransform
Transforming accompanist-drawablepainter-0.32.0.aar (com.google.accompanist:accompanist-drawablepainter:0.32.0) with AarToClassTransform
Transforming animation-core-release.aar (androidx.compose.animation:animation-core-android:1.5.4) with AarToClassTransform
Transforming animation-release.aar (androidx.compose.animation:animation-android:1.5.4) with AarToClassTransform
Transforming foundation-layout-release.aar (androidx.compose.foundation:foundation-layout-android:1.5.4) with AarToClassTransform
Transforming foundation-release.aar (androidx.compose.foundation:foundation-android:1.5.4) with AarToClassTransform
Transforming ui-unit-release.aar (androidx.compose.ui:ui-unit-android:1.5.4) with AarToClassTransform
Transforming ui-graphics-release.aar (androidx.compose.ui:ui-graphics-android:1.5.4) with AarToClassTransform
Transforming ui-geometry-release.aar (androidx.compose.ui:ui-geometry-android:1.5.4) with AarToClassTransform
Transforming ui-util-release.aar (androidx.compose.ui:ui-util-android:1.5.4) with AarToClassTransform
Transforming ui-text-release.aar (androidx.compose.ui:ui-text-android:1.5.4) with AarToClassTransform
Transforming ui-release.aar (androidx.compose.ui:ui-android:1.5.4) with AarToClassTransform
Transforming activity-ktx-1.8.2.aar (androidx.activity:activity-ktx:1.8.2) with AarToClassTransform
Transforming emoji2-views-helper-1.4.0.aar (androidx.emoji2:emoji2-views-helper:1.4.0) with AarToClassTransform
Transforming emoji2-1.4.0.aar (androidx.emoji2:emoji2:1.4.0) with AarToClassTransform
Transforming lifecycle-process-2.7.0.aar (androidx.lifecycle:lifecycle-process:2.7.0) with AarToClassTransform
Transforming lifecycle-livedata-core-2.7.0.aar (androidx.lifecycle:lifecycle-livedata-core:2.7.0) with AarToClassTransform
Transforming savedstate-ktx-1.2.1.aar (androidx.savedstate:savedstate-ktx:1.2.1) with AarToClassTransform
Transforming savedstate-1.2.1.aar (androidx.savedstate:savedstate:1.2.1) with AarToClassTransform
Transforming lifecycle-common-2.7.0.jar (androidx.lifecycle:lifecycle-common:2.7.0) with IdentityTransform
Transforming lifecycle-runtime-ktx-2.7.0.aar (androidx.lifecycle:lifecycle-runtime-ktx:2.7.0) with AarToClassTransform
Transforming lifecycle-livedata-core-ktx-2.7.0.aar (androidx.lifecycle:lifecycle-livedata-core-ktx:2.7.0) with AarToClassTransform
Transforming dynamicanimation-1.0.0.aar (androidx.dynamicanimation:dynamicanimation:1.0.0) with AarToClassTransform
Transforming legacy-support-core-utils-1.0.0.aar (androidx.legacy:legacy-support-core-utils:1.0.0) with AarToClassTransform
Transforming loader-1.0.0.aar (androidx.loader:loader:1.0.0) with AarToClassTransform
Transforming loader-1.0.0.aar (androidx.loader:loader:1.0.0) with AarToClassTransform
Transforming lifecycle-livedata-2.7.0.aar (androidx.lifecycle:lifecycle-livedata:2.7.0) with AarToClassTransform
Transforming lifecycle-livedata-2.7.0.aar (androidx.lifecycle:lifecycle-livedata:2.7.0) with AarToClassTransform
Transforming lifecycle-viewmodel-savedstate-2.7.0.aar (androidx.lifecycle:lifecycle-viewmodel-savedstate:2.7.0) with AarToClassTransform
Transforming customview-poolingcontainer-1.0.0.aar (androidx.customview:customview-poolingcontainer:1.0.0) with AarToClassTransform
Transforming core-ktx-1.12.0.aar (androidx.core:core-ktx:1.12.0) with AarToClassTransform
Transforming swiperefreshlayout-1.1.0.aar (androidx.swiperefreshlayout:swiperefreshlayout:1.1.0) with AarToClassTransform
Transforming drawerlayout-1.1.1.aar (androidx.drawerlayout:drawerlayout:1.1.1) with AarToClassTransform
Transforming coordinatorlayout-1.1.0.aar (androidx.coordinatorlayout:coordinatorlayout:1.1.0) with AarToClassTransform
Transforming vectordrawable-animated-1.1.0.aar (androidx.vectordrawable:vectordrawable-animated:1.1.0) with AarToClassTransform
Transforming vectordrawable-1.1.0.aar (androidx.vectordrawable:vectordrawable:1.1.0) with AarToClassTransform
Transforming vectordrawable-1.1.0.aar (androidx.vectordrawable:vectordrawable:1.1.0) with AarToClassTransform
Transforming viewpager-1.0.0.aar (androidx.viewpager:viewpager:1.0.0) with AarToClassTransform
Transforming slidingpanelayout-1.2.0.aar (androidx.slidingpanelayout:slidingpanelayout:1.2.0) with AarToClassTransform
Transforming customview-1.1.0.aar (androidx.customview:customview:1.1.0) with AarToClassTransform
Transforming customview-1.1.0.aar (androidx.customview:customview:1.1.0) with AarToClassTransform
Transforming transition-1.4.1.aar (androidx.transition:transition:1.4.1) with AarToClassTransform
Transforming window-1.0.0.aar (androidx.window:window:1.0.0) with AarToClassTransform
Transforming autofill-1.0.0.aar (androidx.autofill:autofill:1.0.0) with AarToClassTransform
Transforming core-1.12.0.aar (androidx.core:core:1.12.0) with AarToClassTransform
Transforming core-1.12.0.aar (androidx.core:core:1.12.0) with AarToClassTransform
Transforming lifecycle-runtime-2.7.0.aar (androidx.lifecycle:lifecycle-runtime:2.7.0) with AarToClassTransform
Transforming lifecycle-viewmodel-2.7.0.aar (androidx.lifecycle:lifecycle-viewmodel:2.7.0) with AarToClassTransform
Transforming lifecycle-viewmodel-2.7.0.aar (androidx.lifecycle:lifecycle-viewmodel:2.7.0) with AarToClassTransform
Transforming lifecycle-livedata-ktx-2.7.0.aar (androidx.lifecycle:lifecycle-livedata-ktx:2.7.0) with AarToClassTransform
Transforming lifecycle-viewmodel-ktx-2.7.0.aar (androidx.lifecycle:lifecycle-viewmodel-ktx:2.7.0) with AarToClassTransform
Transforming room-common-2.6.1.jar (androidx.room:room-common:2.6.1) with IdentityTransform
Transforming room-runtime-2.6.1.aar (androidx.room:room-runtime:2.6.1) with AarToClassTransform
Transforming room-ktx-2.6.1.aar (androidx.room:room-ktx:2.6.1) with AarToClassTransform
Transforming runtime-saveable-release.aar (androidx.compose.runtime:runtime-saveable-android:1.5.4) with AarToClassTransform
Transforming runtime-release.aar (androidx.compose.runtime:runtime-android:1.5.4) with AarToClassTransform
Transforming kotlinx-coroutines-core-jvm-1.7.3.jar (org.jetbrains.kotlinx:kotlinx-coroutines-core-jvm:1.7.3) with IdentityTransform
Transforming kotlinx-coroutines-android-1.7.3.jar (org.jetbrains.kotlinx:kotlinx-coroutines-android:1.7.3) with IdentityTransform
Transforming logging-interceptor-4.12.0.jar (com.squareup.okhttp3:logging-interceptor:4.12.0) with IdentityTransform
Transforming converter-gson-2.9.0.jar (com.squareup.retrofit2:converter-gson:2.9.0) with IdentityTransform
Transforming retrofit-2.9.0.jar (com.squareup.retrofit2:retrofit:2.9.0) with IdentityTransform
Transforming okhttp-4.12.0.jar (com.squareup.okhttp3:okhttp:4.12.0) with IdentityTransform
Transforming okio-jvm-3.6.0.jar (com.squareup.okio:okio-jvm:3.6.0) with IdentityTransform
Transforming kotlin-stdlib-jdk8-1.9.10.jar (org.jetbrains.kotlin:kotlin-stdlib-jdk8:1.9.10) with IdentityTransform
Transforming cardview-1.0.0.aar (androidx.cardview:cardview:1.0.0) with AarToClassTransform
Transforming shimmer-0.5.0.aar (com.facebook.shimmer:shimmer:0.5.0) with AarToClassTransform
Transforming cursoradapter-1.0.0.aar (androidx.cursoradapter:cursoradapter:1.0.0) with AarToClassTransform
Transforming resourceinspection-annotation-1.0.1.jar (androidx.resourceinspection:resourceinspection-annotation:1.0.1) with IdentityTransform
Transforming core-runtime-2.2.0.aar (androidx.arch.core:core-runtime:2.2.0) with AarToClassTransform
Transforming sqlite-framework-2.4.0.aar (androidx.sqlite:sqlite-framework:2.4.0) with AarToClassTransform
Transforming sqlite-2.4.0.aar (androidx.sqlite:sqlite:2.4.0) with AarToClassTransform
Transforming interpolator-1.0.0.aar (androidx.interpolator:interpolator:1.0.0) with AarToClassTransform
Transforming interpolator-1.0.0.aar (androidx.interpolator:interpolator:1.0.0) with AarToClassTransform
Transforming versionedparcelable-1.1.1.aar (androidx.versionedparcelable:versionedparcelable:1.1.1) with AarToClassTransform
Transforming core-common-2.2.0.jar (androidx.arch.core:core-common:2.2.0) with IdentityTransform
Transforming profileinstaller-1.3.1.aar (androidx.profileinstaller:profileinstaller:1.3.1) with AarToClassTransform
Transforming startup-runtime-1.1.1.aar (androidx.startup:startup-runtime:1.1.1) with AarToClassTransform
Transforming tracing-1.0.0.aar (androidx.tracing:tracing:1.0.0) with AarToClassTransform
Transforming exifinterface-1.3.6.aar (androidx.exifinterface:exifinterface:1.3.6) with AarToClassTransform
Transforming documentfile-1.0.0.aar (androidx.documentfile:documentfile:1.0.0) with AarToClassTransform
Transforming localbroadcastmanager-1.0.0.aar (androidx.localbroadcastmanager:localbroadcastmanager:1.0.0) with AarToClassTransform
Transforming print-1.0.0.aar (androidx.print:print:1.0.0) with AarToClassTransform
Transforming collection-ktx-1.3.0.jar (androidx.collection:collection-ktx:1.3.0) with IdentityTransform
Transforming collection-jvm-1.3.0.jar (androidx.collection:collection-jvm:1.3.0) with IdentityTransform
Transforming concurrent-futures-1.1.0.jar (androidx.concurrent:concurrent-futures:1.1.0) with IdentityTransform
Transforming annotation-experimental-1.3.0.aar (androidx.annotation:annotation-experimental:1.3.0) with AarToClassTransform
Transforming kotlin-stdlib-jdk7-1.9.10.jar (org.jetbrains.kotlin:kotlin-stdlib-jdk7:1.9.10) with IdentityTransform
Transforming annotation-jvm-1.7.0.jar (androidx.annotation:annotation-jvm:1.7.0) with IdentityTransform
Transforming kotlin-stdlib-1.9.10.jar (org.jetbrains.kotlin:kotlin-stdlib:1.9.10) with IdentityTransform
Transforming error_prone_annotations-2.15.0.jar (com.google.errorprone:error_prone_annotations:2.15.0) with IdentityTransform
Transforming constraintlayout-core-1.0.4.jar (androidx.constraintlayout:constraintlayout-core:1.0.4) with IdentityTransform
Transforming hilt-core-2.48.1.jar (com.google.dagger:hilt-core:2.48.1) with IdentityTransform
Transforming dagger-2.48.1.jar (com.google.dagger:dagger:2.48.1) with IdentityTransform
Transforming dagger-lint-aar-2.48.1.aar (com.google.dagger:dagger-lint-aar:2.48.1) with AarToClassTransform
Transforming jsr305-3.0.2.jar (com.google.code.findbugs:jsr305:3.0.2) with IdentityTransform
Transforming javax.inject-1.jar (javax.inject:javax.inject:1) with IdentityTransform
Transforming gson-2.8.5.jar (com.google.code.gson:gson:2.8.5) with IdentityTransform
Transforming kotlin-stdlib-common-1.9.10.jar (org.jetbrains.kotlin:kotlin-stdlib-common:1.9.10) with IdentityTransform
Transforming annotations-23.0.0.jar (org.jetbrains:annotations:23.0.0) with IdentityTransform
Transforming listenablefuture-1.0.jar (com.google.guava:listenablefuture:1.0) with IdentityTransform
Caching disabled for task ':app:transformDebugClassesWithAsm' because:
  Build cache is disabled
Skipping task ':app:transformDebugClassesWithAsm' as it is up-to-date.
Resolve mutations for :app:dexBuilderDebug (Thread[Execution worker Thread 4,5,main]) started.
:app:dexBuilderDebug (Thread[Execution worker Thread 4,5,main]) started.

> Task :app:dexBuilderDebug UP-TO-DATE
Caching disabled for task ':app:dexBuilderDebug' because:
  Build cache is disabled
Skipping task ':app:dexBuilderDebug' as it is up-to-date.
Resolve mutations for :app:mergeDebugGlobalSynthetics (Thread[Execution worker Thread 4,5,main]) started.
:app:mergeDebugGlobalSynthetics (Thread[Execution worker Thread 4,5,main]) started.

> Task :app:mergeDebugGlobalSynthetics UP-TO-DATE
Transforming viewbinding-8.2.2.aar (androidx.databinding:viewbinding:8.2.2) with AarToClassTransform
Transforming viewbinding-8.2.2.aar (androidx.databinding:viewbinding:8.2.2) with IdentityTransform
Transforming viewbinding-8.2.2.aar (androidx.databinding:viewbinding:8.2.2) with DexingNoClasspathTransform
Transforming viewbinding-8.2.2.aar (androidx.databinding:viewbinding:8.2.2) with DexingOutputSplitTransform
Transforming navigation-common-2.7.6.aar (androidx.navigation:navigation-common:2.7.6) with AarToClassTransform
Transforming navigation-common-2.7.6.aar (androidx.navigation:navigation-common:2.7.6) with IdentityTransform
Transforming navigation-common-2.7.6.aar (androidx.navigation:navigation-common:2.7.6) with DexingNoClasspathTransform
Transforming navigation-common-2.7.6.aar (androidx.navigation:navigation-common:2.7.6) with DexingOutputSplitTransform
Transforming navigation-common-ktx-2.7.6.aar (androidx.navigation:navigation-common-ktx:2.7.6) with AarToClassTransform
Transforming navigation-common-ktx-2.7.6.aar (androidx.navigation:navigation-common-ktx:2.7.6) with IdentityTransform
Transforming navigation-common-ktx-2.7.6.aar (androidx.navigation:navigation-common-ktx:2.7.6) with DexingNoClasspathTransform
Transforming navigation-common-ktx-2.7.6.aar (androidx.navigation:navigation-common-ktx:2.7.6) with DexingOutputSplitTransform
Transforming navigation-runtime-2.7.6.aar (androidx.navigation:navigation-runtime:2.7.6) with AarToClassTransform
Transforming navigation-runtime-2.7.6.aar (androidx.navigation:navigation-runtime:2.7.6) with IdentityTransform
Transforming navigation-runtime-2.7.6.aar (androidx.navigation:navigation-runtime:2.7.6) with DexingNoClasspathTransform
Transforming navigation-runtime-2.7.6.aar (androidx.navigation:navigation-runtime:2.7.6) with DexingOutputSplitTransform
Transforming navigation-runtime-ktx-2.7.6.aar (androidx.navigation:navigation-runtime-ktx:2.7.6) with AarToClassTransform
Transforming navigation-runtime-ktx-2.7.6.aar (androidx.navigation:navigation-runtime-ktx:2.7.6) with IdentityTransform
Transforming navigation-runtime-ktx-2.7.6.aar (androidx.navigation:navigation-runtime-ktx:2.7.6) with DexingNoClasspathTransform
Transforming navigation-runtime-ktx-2.7.6.aar (androidx.navigation:navigation-runtime-ktx:2.7.6) with DexingOutputSplitTransform
Transforming navigation-fragment-2.7.6.aar (androidx.navigation:navigation-fragment:2.7.6) with AarToClassTransform
Transforming navigation-fragment-2.7.6.aar (androidx.navigation:navigation-fragment:2.7.6) with IdentityTransform
Transforming navigation-fragment-2.7.6.aar (androidx.navigation:navigation-fragment:2.7.6) with DexingNoClasspathTransform
Transforming navigation-fragment-2.7.6.aar (androidx.navigation:navigation-fragment:2.7.6) with DexingOutputSplitTransform
Transforming navigation-fragment-ktx-2.7.6.aar (androidx.navigation:navigation-fragment-ktx:2.7.6) with AarToClassTransform
Transforming navigation-fragment-ktx-2.7.6.aar (androidx.navigation:navigation-fragment-ktx:2.7.6) with IdentityTransform
Transforming navigation-fragment-ktx-2.7.6.aar (androidx.navigation:navigation-fragment-ktx:2.7.6) with DexingNoClasspathTransform
Transforming navigation-fragment-ktx-2.7.6.aar (androidx.navigation:navigation-fragment-ktx:2.7.6) with DexingOutputSplitTransform
Transforming navigation-ui-ktx-2.7.6.aar (androidx.navigation:navigation-ui-ktx:2.7.6) with AarToClassTransform
Transforming navigation-ui-ktx-2.7.6.aar (androidx.navigation:navigation-ui-ktx:2.7.6) with IdentityTransform
Transforming navigation-ui-ktx-2.7.6.aar (androidx.navigation:navigation-ui-ktx:2.7.6) with DexingNoClasspathTransform
Transforming navigation-ui-ktx-2.7.6.aar (androidx.navigation:navigation-ui-ktx:2.7.6) with DexingOutputSplitTransform
Transforming navigation-ui-2.7.6.aar (androidx.navigation:navigation-ui:2.7.6) with AarToClassTransform
Transforming navigation-ui-2.7.6.aar (androidx.navigation:navigation-ui:2.7.6) with IdentityTransform
Transforming navigation-ui-2.7.6.aar (androidx.navigation:navigation-ui:2.7.6) with DexingNoClasspathTransform
Transforming navigation-ui-2.7.6.aar (androidx.navigation:navigation-ui:2.7.6) with DexingOutputSplitTransform
Transforming material-1.11.0.aar (com.google.android.material:material:1.11.0) with AarToClassTransform
Transforming material-1.11.0.aar (com.google.android.material:material:1.11.0) with IdentityTransform
Transforming material-1.11.0.aar (com.google.android.material:material:1.11.0) with DexingNoClasspathTransform
Transforming material-1.11.0.aar (com.google.android.material:material:1.11.0) with DexingOutputSplitTransform
Transforming constraintlayout-2.1.4.aar (androidx.constraintlayout:constraintlayout:2.1.4) with AarToClassTransform
Transforming constraintlayout-2.1.4.aar (androidx.constraintlayout:constraintlayout:2.1.4) with IdentityTransform
Transforming constraintlayout-2.1.4.aar (androidx.constraintlayout:constraintlayout:2.1.4) with DexingNoClasspathTransform
Transforming constraintlayout-2.1.4.aar (androidx.constraintlayout:constraintlayout:2.1.4) with DexingOutputSplitTransform
Transforming lottie-6.2.0.aar (com.airbnb.android:lottie:6.2.0) with AarToClassTransform
Transforming lottie-6.2.0.aar (com.airbnb.android:lottie:6.2.0) with IdentityTransform
Transforming lottie-6.2.0.aar (com.airbnb.android:lottie:6.2.0) with DexingNoClasspathTransform
Transforming lottie-6.2.0.aar (com.airbnb.android:lottie:6.2.0) with DexingOutputSplitTransform
Transforming coil-compose-2.5.0.aar (io.coil-kt:coil-compose:2.5.0) with AarToClassTransform
Transforming coil-compose-2.5.0.aar (io.coil-kt:coil-compose:2.5.0) with IdentityTransform
Transforming coil-compose-2.5.0.aar (io.coil-kt:coil-compose:2.5.0) with DexingNoClasspathTransform
Transforming coil-compose-2.5.0.aar (io.coil-kt:coil-compose:2.5.0) with DexingOutputSplitTransform
Transforming coil-2.5.0.aar (io.coil-kt:coil:2.5.0) with AarToClassTransform
Transforming coil-2.5.0.aar (io.coil-kt:coil:2.5.0) with IdentityTransform
Transforming coil-2.5.0.aar (io.coil-kt:coil:2.5.0) with DexingNoClasspathTransform
Transforming coil-2.5.0.aar (io.coil-kt:coil:2.5.0) with DexingOutputSplitTransform
Transforming coil-compose-base-2.5.0.aar (io.coil-kt:coil-compose-base:2.5.0) with AarToClassTransform
Transforming coil-compose-base-2.5.0.aar (io.coil-kt:coil-compose-base:2.5.0) with IdentityTransform
Transforming coil-compose-base-2.5.0.aar (io.coil-kt:coil-compose-base:2.5.0) with DexingNoClasspathTransform
Transforming coil-compose-base-2.5.0.aar (io.coil-kt:coil-compose-base:2.5.0) with DexingOutputSplitTransform
Transforming coil-base-2.5.0.aar (io.coil-kt:coil-base:2.5.0) with AarToClassTransform
Transforming coil-base-2.5.0.aar (io.coil-kt:coil-base:2.5.0) with IdentityTransform
Transforming coil-base-2.5.0.aar (io.coil-kt:coil-base:2.5.0) with DexingNoClasspathTransform
Transforming coil-base-2.5.0.aar (io.coil-kt:coil-base:2.5.0) with DexingOutputSplitTransform
Transforming appcompat-resources-1.6.1.aar (androidx.appcompat:appcompat-resources:1.6.1) with AarToClassTransform
Transforming appcompat-resources-1.6.1.aar (androidx.appcompat:appcompat-resources:1.6.1) with IdentityTransform
Transforming appcompat-resources-1.6.1.aar (androidx.appcompat:appcompat-resources:1.6.1) with DexingNoClasspathTransform
Transforming appcompat-resources-1.6.1.aar (androidx.appcompat:appcompat-resources:1.6.1) with DexingOutputSplitTransform
Transforming preference-ktx-1.2.1.aar (androidx.preference:preference-ktx:1.2.1) with AarToClassTransform
Transforming preference-ktx-1.2.1.aar (androidx.preference:preference-ktx:1.2.1) with IdentityTransform
Transforming preference-ktx-1.2.1.aar (androidx.preference:preference-ktx:1.2.1) with DexingNoClasspathTransform
Transforming preference-ktx-1.2.1.aar (androidx.preference:preference-ktx:1.2.1) with DexingOutputSplitTransform
Transforming preference-1.2.1.aar (androidx.preference:preference:1.2.1) with AarToClassTransform
Transforming preference-1.2.1.aar (androidx.preference:preference:1.2.1) with IdentityTransform
Transforming preference-1.2.1.aar (androidx.preference:preference:1.2.1) with DexingNoClasspathTransform
Transforming preference-1.2.1.aar (androidx.preference:preference:1.2.1) with DexingOutputSplitTransform
Transforming appcompat-1.6.1.aar (androidx.appcompat:appcompat:1.6.1) with AarToClassTransform
Transforming appcompat-1.6.1.aar (androidx.appcompat:appcompat:1.6.1) with IdentityTransform
Transforming appcompat-1.6.1.aar (androidx.appcompat:appcompat:1.6.1) with DexingNoClasspathTransform
Transforming appcompat-1.6.1.aar (androidx.appcompat:appcompat:1.6.1) with DexingOutputSplitTransform
Transforming hilt-android-2.48.1.aar (com.google.dagger:hilt-android:2.48.1) with AarToClassTransform
Transforming hilt-android-2.48.1.aar (com.google.dagger:hilt-android:2.48.1) with IdentityTransform
Transforming hilt-android-2.48.1.aar (com.google.dagger:hilt-android:2.48.1) with DexingNoClasspathTransform
Transforming hilt-android-2.48.1.aar (com.google.dagger:hilt-android:2.48.1) with DexingOutputSplitTransform
Transforming paging-common-3.2.1.jar (androidx.paging:paging-common:3.2.1) with IdentityTransform
Transforming paging-common-3.2.1.jar (androidx.paging:paging-common:3.2.1) with IdentityTransform
Transforming paging-common-3.2.1.jar (androidx.paging:paging-common:3.2.1) with DexingNoClasspathTransform
Transforming paging-common-3.2.1.jar (androidx.paging:paging-common:3.2.1) with DexingOutputSplitTransform
Transforming paging-common-ktx-3.2.1.jar (androidx.paging:paging-common-ktx:3.2.1) with IdentityTransform
Transforming paging-common-ktx-3.2.1.jar (androidx.paging:paging-common-ktx:3.2.1) with IdentityTransform
Transforming paging-common-ktx-3.2.1.jar (androidx.paging:paging-common-ktx:3.2.1) with DexingNoClasspathTransform
Transforming paging-common-ktx-3.2.1.jar (androidx.paging:paging-common-ktx:3.2.1) with DexingOutputSplitTransform
Transforming paging-runtime-ktx-3.2.1.aar (androidx.paging:paging-runtime-ktx:3.2.1) with AarToClassTransform
Transforming paging-runtime-ktx-3.2.1.aar (androidx.paging:paging-runtime-ktx:3.2.1) with IdentityTransform
Transforming paging-runtime-ktx-3.2.1.aar (androidx.paging:paging-runtime-ktx:3.2.1) with DexingNoClasspathTransform
Transforming paging-runtime-ktx-3.2.1.aar (androidx.paging:paging-runtime-ktx:3.2.1) with DexingOutputSplitTransform
Transforming paging-runtime-3.2.1.aar (androidx.paging:paging-runtime:3.2.1) with AarToClassTransform
Transforming paging-runtime-3.2.1.aar (androidx.paging:paging-runtime:3.2.1) with IdentityTransform
Transforming paging-runtime-3.2.1.aar (androidx.paging:paging-runtime:3.2.1) with DexingNoClasspathTransform
Transforming paging-runtime-3.2.1.aar (androidx.paging:paging-runtime:3.2.1) with DexingOutputSplitTransform
Transforming recyclerview-1.3.2.aar (androidx.recyclerview:recyclerview:1.3.2) with AarToClassTransform
Transforming recyclerview-1.3.2.aar (androidx.recyclerview:recyclerview:1.3.2) with IdentityTransform
Transforming recyclerview-1.3.2.aar (androidx.recyclerview:recyclerview:1.3.2) with DexingNoClasspathTransform
Transforming recyclerview-1.3.2.aar (androidx.recyclerview:recyclerview:1.3.2) with DexingOutputSplitTransform
Transforming viewpager2-1.1.0-beta02.aar (androidx.viewpager2:viewpager2:1.1.0-beta02) with AarToClassTransform
Transforming viewpager2-1.1.0-beta02.aar (androidx.viewpager2:viewpager2:1.1.0-beta02) with IdentityTransform
Transforming viewpager2-1.1.0-beta02.aar (androidx.viewpager2:viewpager2:1.1.0-beta02) with DexingNoClasspathTransform
Transforming viewpager2-1.1.0-beta02.aar (androidx.viewpager2:viewpager2:1.1.0-beta02) with DexingOutputSplitTransform
Transforming fragment-1.6.2.aar (androidx.fragment:fragment:1.6.2) with AarToClassTransform
Transforming fragment-1.6.2.aar (androidx.fragment:fragment:1.6.2) with IdentityTransform
Transforming fragment-1.6.2.aar (androidx.fragment:fragment:1.6.2) with DexingNoClasspathTransform
Transforming fragment-1.6.2.aar (androidx.fragment:fragment:1.6.2) with DexingOutputSplitTransform
Transforming fragment-ktx-1.6.2.aar (androidx.fragment:fragment-ktx:1.6.2) with AarToClassTransform
Transforming fragment-ktx-1.6.2.aar (androidx.fragment:fragment-ktx:1.6.2) with IdentityTransform
Transforming fragment-ktx-1.6.2.aar (androidx.fragment:fragment-ktx:1.6.2) with DexingNoClasspathTransform
Transforming fragment-ktx-1.6.2.aar (androidx.fragment:fragment-ktx:1.6.2) with DexingOutputSplitTransform
Transforming activity-1.8.2.aar (androidx.activity:activity:1.8.2) with AarToClassTransform
Transforming activity-1.8.2.aar (androidx.activity:activity:1.8.2) with IdentityTransform
Transforming activity-1.8.2.aar (androidx.activity:activity:1.8.2) with DexingNoClasspathTransform
Transforming activity-1.8.2.aar (androidx.activity:activity:1.8.2) with DexingOutputSplitTransform
Transforming accompanist-drawablepainter-0.32.0.aar (com.google.accompanist:accompanist-drawablepainter:0.32.0) with AarToClassTransform
Transforming accompanist-drawablepainter-0.32.0.aar (com.google.accompanist:accompanist-drawablepainter:0.32.0) with IdentityTransform
Transforming accompanist-drawablepainter-0.32.0.aar (com.google.accompanist:accompanist-drawablepainter:0.32.0) with DexingNoClasspathTransform
Transforming accompanist-drawablepainter-0.32.0.aar (com.google.accompanist:accompanist-drawablepainter:0.32.0) with DexingOutputSplitTransform
Transforming animation-core-release.aar (androidx.compose.animation:animation-core-android:1.5.4) with AarToClassTransform
Transforming animation-core-release.aar (androidx.compose.animation:animation-core-android:1.5.4) with IdentityTransform
Transforming animation-core-release.aar (androidx.compose.animation:animation-core-android:1.5.4) with DexingNoClasspathTransform
Transforming animation-core-release.aar (androidx.compose.animation:animation-core-android:1.5.4) with DexingOutputSplitTransform
Transforming animation-release.aar (androidx.compose.animation:animation-android:1.5.4) with AarToClassTransform
Transforming animation-release.aar (androidx.compose.animation:animation-android:1.5.4) with IdentityTransform
Transforming animation-release.aar (androidx.compose.animation:animation-android:1.5.4) with DexingNoClasspathTransform
Transforming animation-release.aar (androidx.compose.animation:animation-android:1.5.4) with DexingOutputSplitTransform
Transforming foundation-layout-release.aar (androidx.compose.foundation:foundation-layout-android:1.5.4) with AarToClassTransform
Transforming foundation-layout-release.aar (androidx.compose.foundation:foundation-layout-android:1.5.4) with IdentityTransform
Transforming foundation-layout-release.aar (androidx.compose.foundation:foundation-layout-android:1.5.4) with DexingNoClasspathTransform
Transforming foundation-layout-release.aar (androidx.compose.foundation:foundation-layout-android:1.5.4) with DexingOutputSplitTransform
Transforming foundation-release.aar (androidx.compose.foundation:foundation-android:1.5.4) with AarToClassTransform
Transforming foundation-release.aar (androidx.compose.foundation:foundation-android:1.5.4) with IdentityTransform
Transforming foundation-release.aar (androidx.compose.foundation:foundation-android:1.5.4) with DexingNoClasspathTransform
Transforming foundation-release.aar (androidx.compose.foundation:foundation-android:1.5.4) with DexingOutputSplitTransform
Transforming ui-unit-release.aar (androidx.compose.ui:ui-unit-android:1.5.4) with AarToClassTransform
Transforming ui-unit-release.aar (androidx.compose.ui:ui-unit-android:1.5.4) with IdentityTransform
Transforming ui-unit-release.aar (androidx.compose.ui:ui-unit-android:1.5.4) with DexingNoClasspathTransform
Transforming ui-unit-release.aar (androidx.compose.ui:ui-unit-android:1.5.4) with DexingOutputSplitTransform
Transforming ui-graphics-release.aar (androidx.compose.ui:ui-graphics-android:1.5.4) with AarToClassTransform
Transforming ui-graphics-release.aar (androidx.compose.ui:ui-graphics-android:1.5.4) with IdentityTransform
Transforming ui-graphics-release.aar (androidx.compose.ui:ui-graphics-android:1.5.4) with DexingNoClasspathTransform
Transforming ui-graphics-release.aar (androidx.compose.ui:ui-graphics-android:1.5.4) with DexingOutputSplitTransform
Transforming ui-geometry-release.aar (androidx.compose.ui:ui-geometry-android:1.5.4) with AarToClassTransform
Transforming ui-geometry-release.aar (androidx.compose.ui:ui-geometry-android:1.5.4) with IdentityTransform
Transforming ui-geometry-release.aar (androidx.compose.ui:ui-geometry-android:1.5.4) with DexingNoClasspathTransform
Transforming ui-geometry-release.aar (androidx.compose.ui:ui-geometry-android:1.5.4) with DexingOutputSplitTransform
Transforming ui-util-release.aar (androidx.compose.ui:ui-util-android:1.5.4) with AarToClassTransform
Transforming ui-util-release.aar (androidx.compose.ui:ui-util-android:1.5.4) with IdentityTransform
Transforming ui-util-release.aar (androidx.compose.ui:ui-util-android:1.5.4) with DexingNoClasspathTransform
Transforming ui-util-release.aar (androidx.compose.ui:ui-util-android:1.5.4) with DexingOutputSplitTransform
Transforming ui-text-release.aar (androidx.compose.ui:ui-text-android:1.5.4) with AarToClassTransform
Transforming ui-text-release.aar (androidx.compose.ui:ui-text-android:1.5.4) with IdentityTransform
Transforming ui-text-release.aar (androidx.compose.ui:ui-text-android:1.5.4) with DexingNoClasspathTransform
Transforming ui-text-release.aar (androidx.compose.ui:ui-text-android:1.5.4) with DexingOutputSplitTransform
Transforming ui-release.aar (androidx.compose.ui:ui-android:1.5.4) with AarToClassTransform
Transforming ui-release.aar (androidx.compose.ui:ui-android:1.5.4) with IdentityTransform
Transforming ui-release.aar (androidx.compose.ui:ui-android:1.5.4) with DexingNoClasspathTransform
Transforming ui-release.aar (androidx.compose.ui:ui-android:1.5.4) with DexingOutputSplitTransform
Transforming activity-ktx-1.8.2.aar (androidx.activity:activity-ktx:1.8.2) with AarToClassTransform
Transforming activity-ktx-1.8.2.aar (androidx.activity:activity-ktx:1.8.2) with IdentityTransform
Transforming activity-ktx-1.8.2.aar (androidx.activity:activity-ktx:1.8.2) with DexingNoClasspathTransform
Transforming activity-ktx-1.8.2.aar (androidx.activity:activity-ktx:1.8.2) with DexingOutputSplitTransform
Transforming emoji2-views-helper-1.4.0.aar (androidx.emoji2:emoji2-views-helper:1.4.0) with AarToClassTransform
Transforming emoji2-views-helper-1.4.0.aar (androidx.emoji2:emoji2-views-helper:1.4.0) with IdentityTransform
Transforming emoji2-views-helper-1.4.0.aar (androidx.emoji2:emoji2-views-helper:1.4.0) with DexingNoClasspathTransform
Transforming emoji2-views-helper-1.4.0.aar (androidx.emoji2:emoji2-views-helper:1.4.0) with DexingOutputSplitTransform
Transforming emoji2-1.4.0.aar (androidx.emoji2:emoji2:1.4.0) with AarToClassTransform
Transforming emoji2-1.4.0.aar (androidx.emoji2:emoji2:1.4.0) with IdentityTransform
Transforming emoji2-1.4.0.aar (androidx.emoji2:emoji2:1.4.0) with DexingNoClasspathTransform
Transforming emoji2-1.4.0.aar (androidx.emoji2:emoji2:1.4.0) with DexingOutputSplitTransform
Transforming lifecycle-process-2.7.0.aar (androidx.lifecycle:lifecycle-process:2.7.0) with AarToClassTransform
Transforming lifecycle-process-2.7.0.aar (androidx.lifecycle:lifecycle-process:2.7.0) with IdentityTransform
Transforming lifecycle-process-2.7.0.aar (androidx.lifecycle:lifecycle-process:2.7.0) with DexingNoClasspathTransform
Transforming lifecycle-process-2.7.0.aar (androidx.lifecycle:lifecycle-process:2.7.0) with DexingOutputSplitTransform
Transforming lifecycle-livedata-core-2.7.0.aar (androidx.lifecycle:lifecycle-livedata-core:2.7.0) with AarToClassTransform
Transforming lifecycle-livedata-core-2.7.0.aar (androidx.lifecycle:lifecycle-livedata-core:2.7.0) with IdentityTransform
Transforming lifecycle-livedata-core-2.7.0.aar (androidx.lifecycle:lifecycle-livedata-core:2.7.0) with DexingNoClasspathTransform
Transforming lifecycle-livedata-core-2.7.0.aar (androidx.lifecycle:lifecycle-livedata-core:2.7.0) with DexingOutputSplitTransform
Transforming savedstate-ktx-1.2.1.aar (androidx.savedstate:savedstate-ktx:1.2.1) with AarToClassTransform
Transforming savedstate-ktx-1.2.1.aar (androidx.savedstate:savedstate-ktx:1.2.1) with IdentityTransform
Transforming savedstate-ktx-1.2.1.aar (androidx.savedstate:savedstate-ktx:1.2.1) with DexingNoClasspathTransform
Transforming savedstate-ktx-1.2.1.aar (androidx.savedstate:savedstate-ktx:1.2.1) with DexingOutputSplitTransform
Transforming savedstate-1.2.1.aar (androidx.savedstate:savedstate:1.2.1) with AarToClassTransform
Transforming savedstate-1.2.1.aar (androidx.savedstate:savedstate:1.2.1) with IdentityTransform
Transforming savedstate-1.2.1.aar (androidx.savedstate:savedstate:1.2.1) with DexingNoClasspathTransform
Transforming savedstate-1.2.1.aar (androidx.savedstate:savedstate:1.2.1) with DexingOutputSplitTransform
Transforming lifecycle-common-2.7.0.jar (androidx.lifecycle:lifecycle-common:2.7.0) with IdentityTransform
Transforming lifecycle-common-2.7.0.jar (androidx.lifecycle:lifecycle-common:2.7.0) with IdentityTransform
Transforming lifecycle-common-2.7.0.jar (androidx.lifecycle:lifecycle-common:2.7.0) with DexingNoClasspathTransform
Transforming lifecycle-common-2.7.0.jar (androidx.lifecycle:lifecycle-common:2.7.0) with DexingOutputSplitTransform
Transforming lifecycle-runtime-ktx-2.7.0.aar (androidx.lifecycle:lifecycle-runtime-ktx:2.7.0) with AarToClassTransform
Transforming lifecycle-runtime-ktx-2.7.0.aar (androidx.lifecycle:lifecycle-runtime-ktx:2.7.0) with IdentityTransform
Transforming lifecycle-runtime-ktx-2.7.0.aar (androidx.lifecycle:lifecycle-runtime-ktx:2.7.0) with DexingNoClasspathTransform
Transforming lifecycle-runtime-ktx-2.7.0.aar (androidx.lifecycle:lifecycle-runtime-ktx:2.7.0) with DexingOutputSplitTransform
Transforming lifecycle-livedata-core-ktx-2.7.0.aar (androidx.lifecycle:lifecycle-livedata-core-ktx:2.7.0) with AarToClassTransform
Transforming lifecycle-livedata-core-ktx-2.7.0.aar (androidx.lifecycle:lifecycle-livedata-core-ktx:2.7.0) with IdentityTransform
Transforming lifecycle-livedata-core-ktx-2.7.0.aar (androidx.lifecycle:lifecycle-livedata-core-ktx:2.7.0) with DexingNoClasspathTransform
Transforming lifecycle-livedata-core-ktx-2.7.0.aar (androidx.lifecycle:lifecycle-livedata-core-ktx:2.7.0) with DexingOutputSplitTransform
Transforming dynamicanimation-1.0.0.aar (androidx.dynamicanimation:dynamicanimation:1.0.0) with AarToClassTransform
Transforming dynamicanimation-1.0.0.aar (androidx.dynamicanimation:dynamicanimation:1.0.0) with IdentityTransform
Transforming dynamicanimation-1.0.0.aar (androidx.dynamicanimation:dynamicanimation:1.0.0) with DexingNoClasspathTransform
Transforming dynamicanimation-1.0.0.aar (androidx.dynamicanimation:dynamicanimation:1.0.0) with DexingOutputSplitTransform
Transforming legacy-support-core-utils-1.0.0.aar (androidx.legacy:legacy-support-core-utils:1.0.0) with AarToClassTransform
Transforming legacy-support-core-utils-1.0.0.aar (androidx.legacy:legacy-support-core-utils:1.0.0) with IdentityTransform
Transforming legacy-support-core-utils-1.0.0.aar (androidx.legacy:legacy-support-core-utils:1.0.0) with DexingNoClasspathTransform
Transforming legacy-support-core-utils-1.0.0.aar (androidx.legacy:legacy-support-core-utils:1.0.0) with DexingOutputSplitTransform
Transforming loader-1.0.0.aar (androidx.loader:loader:1.0.0) with AarToClassTransform
Transforming loader-1.0.0.aar (androidx.loader:loader:1.0.0) with IdentityTransform
Transforming loader-1.0.0.aar (androidx.loader:loader:1.0.0) with DexingNoClasspathTransform
Transforming loader-1.0.0.aar (androidx.loader:loader:1.0.0) with DexingOutputSplitTransform
Transforming loader-1.0.0.aar (androidx.loader:loader:1.0.0) with AarToClassTransform
Transforming loader-1.0.0.aar (androidx.loader:loader:1.0.0) with IdentityTransform
Transforming loader-1.0.0.aar (androidx.loader:loader:1.0.0) with DexingNoClasspathTransform
Transforming loader-1.0.0.aar (androidx.loader:loader:1.0.0) with DexingOutputSplitTransform
Transforming lifecycle-livedata-2.7.0.aar (androidx.lifecycle:lifecycle-livedata:2.7.0) with AarToClassTransform
Transforming lifecycle-livedata-2.7.0.aar (androidx.lifecycle:lifecycle-livedata:2.7.0) with IdentityTransform
Transforming lifecycle-livedata-2.7.0.aar (androidx.lifecycle:lifecycle-livedata:2.7.0) with DexingNoClasspathTransform
Transforming lifecycle-livedata-2.7.0.aar (androidx.lifecycle:lifecycle-livedata:2.7.0) with DexingOutputSplitTransform
Transforming lifecycle-livedata-2.7.0.aar (androidx.lifecycle:lifecycle-livedata:2.7.0) with AarToClassTransform
Transforming lifecycle-livedata-2.7.0.aar (androidx.lifecycle:lifecycle-livedata:2.7.0) with IdentityTransform
Transforming lifecycle-livedata-2.7.0.aar (androidx.lifecycle:lifecycle-livedata:2.7.0) with DexingNoClasspathTransform
Transforming lifecycle-livedata-2.7.0.aar (androidx.lifecycle:lifecycle-livedata:2.7.0) with DexingOutputSplitTransform
Transforming lifecycle-viewmodel-savedstate-2.7.0.aar (androidx.lifecycle:lifecycle-viewmodel-savedstate:2.7.0) with AarToClassTransform
Transforming lifecycle-viewmodel-savedstate-2.7.0.aar (androidx.lifecycle:lifecycle-viewmodel-savedstate:2.7.0) with IdentityTransform
Transforming lifecycle-viewmodel-savedstate-2.7.0.aar (androidx.lifecycle:lifecycle-viewmodel-savedstate:2.7.0) with DexingNoClasspathTransform
Transforming lifecycle-viewmodel-savedstate-2.7.0.aar (androidx.lifecycle:lifecycle-viewmodel-savedstate:2.7.0) with DexingOutputSplitTransform
Transforming customview-poolingcontainer-1.0.0.aar (androidx.customview:customview-poolingcontainer:1.0.0) with AarToClassTransform
Transforming customview-poolingcontainer-1.0.0.aar (androidx.customview:customview-poolingcontainer:1.0.0) with IdentityTransform
Transforming customview-poolingcontainer-1.0.0.aar (androidx.customview:customview-poolingcontainer:1.0.0) with DexingNoClasspathTransform
Transforming customview-poolingcontainer-1.0.0.aar (androidx.customview:customview-poolingcontainer:1.0.0) with DexingOutputSplitTransform
Transforming core-ktx-1.12.0.aar (androidx.core:core-ktx:1.12.0) with AarToClassTransform
Transforming core-ktx-1.12.0.aar (androidx.core:core-ktx:1.12.0) with IdentityTransform
Transforming core-ktx-1.12.0.aar (androidx.core:core-ktx:1.12.0) with DexingNoClasspathTransform
Transforming core-ktx-1.12.0.aar (androidx.core:core-ktx:1.12.0) with DexingOutputSplitTransform
Transforming swiperefreshlayout-1.1.0.aar (androidx.swiperefreshlayout:swiperefreshlayout:1.1.0) with AarToClassTransform
Transforming swiperefreshlayout-1.1.0.aar (androidx.swiperefreshlayout:swiperefreshlayout:1.1.0) with IdentityTransform
Transforming swiperefreshlayout-1.1.0.aar (androidx.swiperefreshlayout:swiperefreshlayout:1.1.0) with DexingNoClasspathTransform
Transforming swiperefreshlayout-1.1.0.aar (androidx.swiperefreshlayout:swiperefreshlayout:1.1.0) with DexingOutputSplitTransform
Transforming drawerlayout-1.1.1.aar (androidx.drawerlayout:drawerlayout:1.1.1) with AarToClassTransform
Transforming drawerlayout-1.1.1.aar (androidx.drawerlayout:drawerlayout:1.1.1) with IdentityTransform
Transforming drawerlayout-1.1.1.aar (androidx.drawerlayout:drawerlayout:1.1.1) with DexingNoClasspathTransform
Transforming drawerlayout-1.1.1.aar (androidx.drawerlayout:drawerlayout:1.1.1) with DexingOutputSplitTransform
Transforming coordinatorlayout-1.1.0.aar (androidx.coordinatorlayout:coordinatorlayout:1.1.0) with AarToClassTransform
Transforming coordinatorlayout-1.1.0.aar (androidx.coordinatorlayout:coordinatorlayout:1.1.0) with IdentityTransform
Transforming coordinatorlayout-1.1.0.aar (androidx.coordinatorlayout:coordinatorlayout:1.1.0) with DexingNoClasspathTransform
Transforming coordinatorlayout-1.1.0.aar (androidx.coordinatorlayout:coordinatorlayout:1.1.0) with DexingOutputSplitTransform
Transforming vectordrawable-animated-1.1.0.aar (androidx.vectordrawable:vectordrawable-animated:1.1.0) with AarToClassTransform
Transforming vectordrawable-animated-1.1.0.aar (androidx.vectordrawable:vectordrawable-animated:1.1.0) with IdentityTransform
Transforming vectordrawable-animated-1.1.0.aar (androidx.vectordrawable:vectordrawable-animated:1.1.0) with DexingNoClasspathTransform
Transforming vectordrawable-animated-1.1.0.aar (androidx.vectordrawable:vectordrawable-animated:1.1.0) with DexingOutputSplitTransform
Transforming vectordrawable-1.1.0.aar (androidx.vectordrawable:vectordrawable:1.1.0) with AarToClassTransform
Transforming vectordrawable-1.1.0.aar (androidx.vectordrawable:vectordrawable:1.1.0) with IdentityTransform
Transforming vectordrawable-1.1.0.aar (androidx.vectordrawable:vectordrawable:1.1.0) with DexingNoClasspathTransform
Transforming vectordrawable-1.1.0.aar (androidx.vectordrawable:vectordrawable:1.1.0) with DexingOutputSplitTransform
Transforming vectordrawable-1.1.0.aar (androidx.vectordrawable:vectordrawable:1.1.0) with AarToClassTransform
Transforming vectordrawable-1.1.0.aar (androidx.vectordrawable:vectordrawable:1.1.0) with IdentityTransform
Transforming vectordrawable-1.1.0.aar (androidx.vectordrawable:vectordrawable:1.1.0) with DexingNoClasspathTransform
Transforming vectordrawable-1.1.0.aar (androidx.vectordrawable:vectordrawable:1.1.0) with DexingOutputSplitTransform
Transforming viewpager-1.0.0.aar (androidx.viewpager:viewpager:1.0.0) with AarToClassTransform
Transforming viewpager-1.0.0.aar (androidx.viewpager:viewpager:1.0.0) with IdentityTransform
Transforming viewpager-1.0.0.aar (androidx.viewpager:viewpager:1.0.0) with DexingNoClasspathTransform
Transforming viewpager-1.0.0.aar (androidx.viewpager:viewpager:1.0.0) with DexingOutputSplitTransform
Transforming slidingpanelayout-1.2.0.aar (androidx.slidingpanelayout:slidingpanelayout:1.2.0) with AarToClassTransform
Transforming slidingpanelayout-1.2.0.aar (androidx.slidingpanelayout:slidingpanelayout:1.2.0) with IdentityTransform
Transforming slidingpanelayout-1.2.0.aar (androidx.slidingpanelayout:slidingpanelayout:1.2.0) with DexingNoClasspathTransform
Transforming slidingpanelayout-1.2.0.aar (androidx.slidingpanelayout:slidingpanelayout:1.2.0) with DexingOutputSplitTransform
Transforming customview-1.1.0.aar (androidx.customview:customview:1.1.0) with AarToClassTransform
Transforming customview-1.1.0.aar (androidx.customview:customview:1.1.0) with IdentityTransform
Transforming customview-1.1.0.aar (androidx.customview:customview:1.1.0) with DexingNoClasspathTransform
Transforming customview-1.1.0.aar (androidx.customview:customview:1.1.0) with DexingOutputSplitTransform
Transforming customview-1.1.0.aar (androidx.customview:customview:1.1.0) with AarToClassTransform
Transforming customview-1.1.0.aar (androidx.customview:customview:1.1.0) with IdentityTransform
Transforming customview-1.1.0.aar (androidx.customview:customview:1.1.0) with DexingNoClasspathTransform
Transforming customview-1.1.0.aar (androidx.customview:customview:1.1.0) with DexingOutputSplitTransform
Transforming transition-1.4.1.aar (androidx.transition:transition:1.4.1) with AarToClassTransform
Transforming transition-1.4.1.aar (androidx.transition:transition:1.4.1) with IdentityTransform
Transforming transition-1.4.1.aar (androidx.transition:transition:1.4.1) with DexingNoClasspathTransform
Transforming transition-1.4.1.aar (androidx.transition:transition:1.4.1) with DexingOutputSplitTransform
Transforming window-1.0.0.aar (androidx.window:window:1.0.0) with AarToClassTransform
Transforming window-1.0.0.aar (androidx.window:window:1.0.0) with IdentityTransform
Transforming window-1.0.0.aar (androidx.window:window:1.0.0) with DexingNoClasspathTransform
Transforming window-1.0.0.aar (androidx.window:window:1.0.0) with DexingOutputSplitTransform
Transforming autofill-1.0.0.aar (androidx.autofill:autofill:1.0.0) with AarToClassTransform
Transforming autofill-1.0.0.aar (androidx.autofill:autofill:1.0.0) with IdentityTransform
Transforming autofill-1.0.0.aar (androidx.autofill:autofill:1.0.0) with DexingNoClasspathTransform
Transforming autofill-1.0.0.aar (androidx.autofill:autofill:1.0.0) with DexingOutputSplitTransform
Transforming core-1.12.0.aar (androidx.core:core:1.12.0) with AarToClassTransform
Transforming core-1.12.0.aar (androidx.core:core:1.12.0) with IdentityTransform
Transforming core-1.12.0.aar (androidx.core:core:1.12.0) with DexingNoClasspathTransform
Transforming core-1.12.0.aar (androidx.core:core:1.12.0) with DexingOutputSplitTransform
Transforming core-1.12.0.aar (androidx.core:core:1.12.0) with AarToClassTransform
Transforming core-1.12.0.aar (androidx.core:core:1.12.0) with IdentityTransform
Transforming core-1.12.0.aar (androidx.core:core:1.12.0) with DexingNoClasspathTransform
Transforming core-1.12.0.aar (androidx.core:core:1.12.0) with DexingOutputSplitTransform
Transforming lifecycle-runtime-2.7.0.aar (androidx.lifecycle:lifecycle-runtime:2.7.0) with AarToClassTransform
Transforming lifecycle-runtime-2.7.0.aar (androidx.lifecycle:lifecycle-runtime:2.7.0) with IdentityTransform
Transforming lifecycle-runtime-2.7.0.aar (androidx.lifecycle:lifecycle-runtime:2.7.0) with DexingNoClasspathTransform
Transforming lifecycle-runtime-2.7.0.aar (androidx.lifecycle:lifecycle-runtime:2.7.0) with DexingOutputSplitTransform
Transforming lifecycle-viewmodel-2.7.0.aar (androidx.lifecycle:lifecycle-viewmodel:2.7.0) with AarToClassTransform
Transforming lifecycle-viewmodel-2.7.0.aar (androidx.lifecycle:lifecycle-viewmodel:2.7.0) with IdentityTransform
Transforming lifecycle-viewmodel-2.7.0.aar (androidx.lifecycle:lifecycle-viewmodel:2.7.0) with DexingNoClasspathTransform
Transforming lifecycle-viewmodel-2.7.0.aar (androidx.lifecycle:lifecycle-viewmodel:2.7.0) with DexingOutputSplitTransform
Transforming lifecycle-viewmodel-2.7.0.aar (androidx.lifecycle:lifecycle-viewmodel:2.7.0) with AarToClassTransform
Transforming lifecycle-viewmodel-2.7.0.aar (androidx.lifecycle:lifecycle-viewmodel:2.7.0) with IdentityTransform
Transforming lifecycle-viewmodel-2.7.0.aar (androidx.lifecycle:lifecycle-viewmodel:2.7.0) with DexingNoClasspathTransform
Transforming lifecycle-viewmodel-2.7.0.aar (androidx.lifecycle:lifecycle-viewmodel:2.7.0) with DexingOutputSplitTransform
Transforming lifecycle-livedata-ktx-2.7.0.aar (androidx.lifecycle:lifecycle-livedata-ktx:2.7.0) with AarToClassTransform
Transforming lifecycle-livedata-ktx-2.7.0.aar (androidx.lifecycle:lifecycle-livedata-ktx:2.7.0) with IdentityTransform
Transforming lifecycle-livedata-ktx-2.7.0.aar (androidx.lifecycle:lifecycle-livedata-ktx:2.7.0) with DexingNoClasspathTransform
Transforming lifecycle-livedata-ktx-2.7.0.aar (androidx.lifecycle:lifecycle-livedata-ktx:2.7.0) with DexingOutputSplitTransform
Transforming lifecycle-viewmodel-ktx-2.7.0.aar (androidx.lifecycle:lifecycle-viewmodel-ktx:2.7.0) with AarToClassTransform
Transforming lifecycle-viewmodel-ktx-2.7.0.aar (androidx.lifecycle:lifecycle-viewmodel-ktx:2.7.0) with IdentityTransform
Transforming lifecycle-viewmodel-ktx-2.7.0.aar (androidx.lifecycle:lifecycle-viewmodel-ktx:2.7.0) with DexingNoClasspathTransform
Transforming lifecycle-viewmodel-ktx-2.7.0.aar (androidx.lifecycle:lifecycle-viewmodel-ktx:2.7.0) with DexingOutputSplitTransform
Transforming room-common-2.6.1.jar (androidx.room:room-common:2.6.1) with IdentityTransform
Transforming room-common-2.6.1.jar (androidx.room:room-common:2.6.1) with IdentityTransform
Transforming room-common-2.6.1.jar (androidx.room:room-common:2.6.1) with DexingNoClasspathTransform
Transforming room-common-2.6.1.jar (androidx.room:room-common:2.6.1) with DexingOutputSplitTransform
Transforming room-runtime-2.6.1.aar (androidx.room:room-runtime:2.6.1) with AarToClassTransform
Transforming room-runtime-2.6.1.aar (androidx.room:room-runtime:2.6.1) with IdentityTransform
Transforming room-runtime-2.6.1.aar (androidx.room:room-runtime:2.6.1) with DexingNoClasspathTransform
Transforming room-runtime-2.6.1.aar (androidx.room:room-runtime:2.6.1) with DexingOutputSplitTransform
Transforming room-ktx-2.6.1.aar (androidx.room:room-ktx:2.6.1) with AarToClassTransform
Transforming room-ktx-2.6.1.aar (androidx.room:room-ktx:2.6.1) with IdentityTransform
Transforming room-ktx-2.6.1.aar (androidx.room:room-ktx:2.6.1) with DexingNoClasspathTransform
Transforming room-ktx-2.6.1.aar (androidx.room:room-ktx:2.6.1) with DexingOutputSplitTransform
Transforming runtime-saveable-release.aar (androidx.compose.runtime:runtime-saveable-android:1.5.4) with AarToClassTransform
Transforming runtime-saveable-release.aar (androidx.compose.runtime:runtime-saveable-android:1.5.4) with IdentityTransform
Transforming runtime-saveable-release.aar (androidx.compose.runtime:runtime-saveable-android:1.5.4) with DexingNoClasspathTransform
Transforming runtime-saveable-release.aar (androidx.compose.runtime:runtime-saveable-android:1.5.4) with DexingOutputSplitTransform
Transforming runtime-release.aar (androidx.compose.runtime:runtime-android:1.5.4) with AarToClassTransform
Transforming runtime-release.aar (androidx.compose.runtime:runtime-android:1.5.4) with IdentityTransform
Transforming runtime-release.aar (androidx.compose.runtime:runtime-android:1.5.4) with DexingNoClasspathTransform
Transforming runtime-release.aar (androidx.compose.runtime:runtime-android:1.5.4) with DexingOutputSplitTransform
Transforming kotlinx-coroutines-core-jvm-1.7.3.jar (org.jetbrains.kotlinx:kotlinx-coroutines-core-jvm:1.7.3) with IdentityTransform
Transforming kotlinx-coroutines-core-jvm-1.7.3.jar (org.jetbrains.kotlinx:kotlinx-coroutines-core-jvm:1.7.3) with IdentityTransform
Transforming kotlinx-coroutines-core-jvm-1.7.3.jar (org.jetbrains.kotlinx:kotlinx-coroutines-core-jvm:1.7.3) with DexingNoClasspathTransform
Transforming kotlinx-coroutines-core-jvm-1.7.3.jar (org.jetbrains.kotlinx:kotlinx-coroutines-core-jvm:1.7.3) with DexingOutputSplitTransform
Transforming kotlinx-coroutines-android-1.7.3.jar (org.jetbrains.kotlinx:kotlinx-coroutines-android:1.7.3) with IdentityTransform
Transforming kotlinx-coroutines-android-1.7.3.jar (org.jetbrains.kotlinx:kotlinx-coroutines-android:1.7.3) with IdentityTransform
Transforming kotlinx-coroutines-android-1.7.3.jar (org.jetbrains.kotlinx:kotlinx-coroutines-android:1.7.3) with DexingNoClasspathTransform
Transforming kotlinx-coroutines-android-1.7.3.jar (org.jetbrains.kotlinx:kotlinx-coroutines-android:1.7.3) with DexingOutputSplitTransform
Transforming logging-interceptor-4.12.0.jar (com.squareup.okhttp3:logging-interceptor:4.12.0) with IdentityTransform
Transforming logging-interceptor-4.12.0.jar (com.squareup.okhttp3:logging-interceptor:4.12.0) with IdentityTransform
Transforming logging-interceptor-4.12.0.jar (com.squareup.okhttp3:logging-interceptor:4.12.0) with DexingNoClasspathTransform
Transforming logging-interceptor-4.12.0.jar (com.squareup.okhttp3:logging-interceptor:4.12.0) with DexingOutputSplitTransform
Transforming converter-gson-2.9.0.jar (com.squareup.retrofit2:converter-gson:2.9.0) with IdentityTransform
Transforming converter-gson-2.9.0.jar (com.squareup.retrofit2:converter-gson:2.9.0) with IdentityTransform
Transforming converter-gson-2.9.0.jar (com.squareup.retrofit2:converter-gson:2.9.0) with DexingNoClasspathTransform
Transforming converter-gson-2.9.0.jar (com.squareup.retrofit2:converter-gson:2.9.0) with DexingOutputSplitTransform
Transforming retrofit-2.9.0.jar (com.squareup.retrofit2:retrofit:2.9.0) with IdentityTransform
Transforming retrofit-2.9.0.jar (com.squareup.retrofit2:retrofit:2.9.0) with IdentityTransform
Transforming retrofit-2.9.0.jar (com.squareup.retrofit2:retrofit:2.9.0) with DexingNoClasspathTransform
Transforming retrofit-2.9.0.jar (com.squareup.retrofit2:retrofit:2.9.0) with DexingOutputSplitTransform
Transforming okhttp-4.12.0.jar (com.squareup.okhttp3:okhttp:4.12.0) with IdentityTransform
Transforming okhttp-4.12.0.jar (com.squareup.okhttp3:okhttp:4.12.0) with IdentityTransform
Transforming okhttp-4.12.0.jar (com.squareup.okhttp3:okhttp:4.12.0) with DexingNoClasspathTransform
Transforming okhttp-4.12.0.jar (com.squareup.okhttp3:okhttp:4.12.0) with DexingOutputSplitTransform
Transforming okio-jvm-3.6.0.jar (com.squareup.okio:okio-jvm:3.6.0) with IdentityTransform
Transforming okio-jvm-3.6.0.jar (com.squareup.okio:okio-jvm:3.6.0) with IdentityTransform
Transforming okio-jvm-3.6.0.jar (com.squareup.okio:okio-jvm:3.6.0) with DexingNoClasspathTransform
Transforming okio-jvm-3.6.0.jar (com.squareup.okio:okio-jvm:3.6.0) with DexingOutputSplitTransform
Transforming kotlin-stdlib-jdk8-1.9.10.jar (org.jetbrains.kotlin:kotlin-stdlib-jdk8:1.9.10) with IdentityTransform
Transforming kotlin-stdlib-jdk8-1.9.10.jar (org.jetbrains.kotlin:kotlin-stdlib-jdk8:1.9.10) with IdentityTransform
Transforming kotlin-stdlib-jdk8-1.9.10.jar (org.jetbrains.kotlin:kotlin-stdlib-jdk8:1.9.10) with DexingNoClasspathTransform
Transforming kotlin-stdlib-jdk8-1.9.10.jar (org.jetbrains.kotlin:kotlin-stdlib-jdk8:1.9.10) with DexingOutputSplitTransform
Transforming cardview-1.0.0.aar (androidx.cardview:cardview:1.0.0) with AarToClassTransform
Transforming cardview-1.0.0.aar (androidx.cardview:cardview:1.0.0) with IdentityTransform
Transforming cardview-1.0.0.aar (androidx.cardview:cardview:1.0.0) with DexingNoClasspathTransform
Transforming cardview-1.0.0.aar (androidx.cardview:cardview:1.0.0) with DexingOutputSplitTransform
Transforming shimmer-0.5.0.aar (com.facebook.shimmer:shimmer:0.5.0) with AarToClassTransform
Transforming shimmer-0.5.0.aar (com.facebook.shimmer:shimmer:0.5.0) with IdentityTransform
Transforming shimmer-0.5.0.aar (com.facebook.shimmer:shimmer:0.5.0) with DexingNoClasspathTransform
Transforming shimmer-0.5.0.aar (com.facebook.shimmer:shimmer:0.5.0) with DexingOutputSplitTransform
Transforming cursoradapter-1.0.0.aar (androidx.cursoradapter:cursoradapter:1.0.0) with AarToClassTransform
Transforming cursoradapter-1.0.0.aar (androidx.cursoradapter:cursoradapter:1.0.0) with IdentityTransform
Transforming cursoradapter-1.0.0.aar (androidx.cursoradapter:cursoradapter:1.0.0) with DexingNoClasspathTransform
Transforming cursoradapter-1.0.0.aar (androidx.cursoradapter:cursoradapter:1.0.0) with DexingOutputSplitTransform
Transforming resourceinspection-annotation-1.0.1.jar (androidx.resourceinspection:resourceinspection-annotation:1.0.1) with IdentityTransform
Transforming resourceinspection-annotation-1.0.1.jar (androidx.resourceinspection:resourceinspection-annotation:1.0.1) with IdentityTransform
Transforming resourceinspection-annotation-1.0.1.jar (androidx.resourceinspection:resourceinspection-annotation:1.0.1) with DexingNoClasspathTransform
Transforming resourceinspection-annotation-1.0.1.jar (androidx.resourceinspection:resourceinspection-annotation:1.0.1) with DexingOutputSplitTransform
Transforming core-runtime-2.2.0.aar (androidx.arch.core:core-runtime:2.2.0) with AarToClassTransform
Transforming core-runtime-2.2.0.aar (androidx.arch.core:core-runtime:2.2.0) with IdentityTransform
Transforming core-runtime-2.2.0.aar (androidx.arch.core:core-runtime:2.2.0) with DexingNoClasspathTransform
Transforming core-runtime-2.2.0.aar (androidx.arch.core:core-runtime:2.2.0) with DexingOutputSplitTransform
Transforming sqlite-framework-2.4.0.aar (androidx.sqlite:sqlite-framework:2.4.0) with AarToClassTransform
Transforming sqlite-framework-2.4.0.aar (androidx.sqlite:sqlite-framework:2.4.0) with IdentityTransform
Transforming sqlite-framework-2.4.0.aar (androidx.sqlite:sqlite-framework:2.4.0) with DexingNoClasspathTransform
Transforming sqlite-framework-2.4.0.aar (androidx.sqlite:sqlite-framework:2.4.0) with DexingOutputSplitTransform
Transforming sqlite-2.4.0.aar (androidx.sqlite:sqlite:2.4.0) with AarToClassTransform
Transforming sqlite-2.4.0.aar (androidx.sqlite:sqlite:2.4.0) with IdentityTransform
Transforming sqlite-2.4.0.aar (androidx.sqlite:sqlite:2.4.0) with DexingNoClasspathTransform
Transforming sqlite-2.4.0.aar (androidx.sqlite:sqlite:2.4.0) with DexingOutputSplitTransform
Transforming interpolator-1.0.0.aar (androidx.interpolator:interpolator:1.0.0) with AarToClassTransform
Transforming interpolator-1.0.0.aar (androidx.interpolator:interpolator:1.0.0) with IdentityTransform
Transforming interpolator-1.0.0.aar (androidx.interpolator:interpolator:1.0.0) with DexingNoClasspathTransform
Transforming interpolator-1.0.0.aar (androidx.interpolator:interpolator:1.0.0) with DexingOutputSplitTransform
Transforming interpolator-1.0.0.aar (androidx.interpolator:interpolator:1.0.0) with AarToClassTransform
Transforming interpolator-1.0.0.aar (androidx.interpolator:interpolator:1.0.0) with IdentityTransform
Transforming interpolator-1.0.0.aar (androidx.interpolator:interpolator:1.0.0) with DexingNoClasspathTransform
Transforming interpolator-1.0.0.aar (androidx.interpolator:interpolator:1.0.0) with DexingOutputSplitTransform
Transforming versionedparcelable-1.1.1.aar (androidx.versionedparcelable:versionedparcelable:1.1.1) with AarToClassTransform
Transforming versionedparcelable-1.1.1.aar (androidx.versionedparcelable:versionedparcelable:1.1.1) with IdentityTransform
Transforming versionedparcelable-1.1.1.aar (androidx.versionedparcelable:versionedparcelable:1.1.1) with DexingNoClasspathTransform
Transforming versionedparcelable-1.1.1.aar (androidx.versionedparcelable:versionedparcelable:1.1.1) with DexingOutputSplitTransform
Transforming core-common-2.2.0.jar (androidx.arch.core:core-common:2.2.0) with IdentityTransform
Transforming core-common-2.2.0.jar (androidx.arch.core:core-common:2.2.0) with IdentityTransform
Transforming core-common-2.2.0.jar (androidx.arch.core:core-common:2.2.0) with DexingNoClasspathTransform
Transforming core-common-2.2.0.jar (androidx.arch.core:core-common:2.2.0) with DexingOutputSplitTransform
Transforming profileinstaller-1.3.1.aar (androidx.profileinstaller:profileinstaller:1.3.1) with AarToClassTransform
Transforming profileinstaller-1.3.1.aar (androidx.profileinstaller:profileinstaller:1.3.1) with IdentityTransform
Transforming profileinstaller-1.3.1.aar (androidx.profileinstaller:profileinstaller:1.3.1) with DexingNoClasspathTransform
Transforming profileinstaller-1.3.1.aar (androidx.profileinstaller:profileinstaller:1.3.1) with DexingOutputSplitTransform
Transforming startup-runtime-1.1.1.aar (androidx.startup:startup-runtime:1.1.1) with AarToClassTransform
Transforming startup-runtime-1.1.1.aar (androidx.startup:startup-runtime:1.1.1) with IdentityTransform
Transforming startup-runtime-1.1.1.aar (androidx.startup:startup-runtime:1.1.1) with DexingNoClasspathTransform
Transforming startup-runtime-1.1.1.aar (androidx.startup:startup-runtime:1.1.1) with DexingOutputSplitTransform
Transforming tracing-1.0.0.aar (androidx.tracing:tracing:1.0.0) with AarToClassTransform
Transforming tracing-1.0.0.aar (androidx.tracing:tracing:1.0.0) with IdentityTransform
Transforming tracing-1.0.0.aar (androidx.tracing:tracing:1.0.0) with DexingNoClasspathTransform
Transforming tracing-1.0.0.aar (androidx.tracing:tracing:1.0.0) with DexingOutputSplitTransform
Transforming exifinterface-1.3.6.aar (androidx.exifinterface:exifinterface:1.3.6) with AarToClassTransform
Transforming exifinterface-1.3.6.aar (androidx.exifinterface:exifinterface:1.3.6) with IdentityTransform
Transforming exifinterface-1.3.6.aar (androidx.exifinterface:exifinterface:1.3.6) with DexingNoClasspathTransform
Transforming exifinterface-1.3.6.aar (androidx.exifinterface:exifinterface:1.3.6) with DexingOutputSplitTransform
Transforming documentfile-1.0.0.aar (androidx.documentfile:documentfile:1.0.0) with AarToClassTransform
Transforming documentfile-1.0.0.aar (androidx.documentfile:documentfile:1.0.0) with IdentityTransform
Transforming documentfile-1.0.0.aar (androidx.documentfile:documentfile:1.0.0) with DexingNoClasspathTransform
Transforming documentfile-1.0.0.aar (androidx.documentfile:documentfile:1.0.0) with DexingOutputSplitTransform
Transforming localbroadcastmanager-1.0.0.aar (androidx.localbroadcastmanager:localbroadcastmanager:1.0.0) with AarToClassTransform
Transforming localbroadcastmanager-1.0.0.aar (androidx.localbroadcastmanager:localbroadcastmanager:1.0.0) with IdentityTransform
Transforming localbroadcastmanager-1.0.0.aar (androidx.localbroadcastmanager:localbroadcastmanager:1.0.0) with DexingNoClasspathTransform
Transforming localbroadcastmanager-1.0.0.aar (androidx.localbroadcastmanager:localbroadcastmanager:1.0.0) with DexingOutputSplitTransform
Transforming print-1.0.0.aar (androidx.print:print:1.0.0) with AarToClassTransform
Transforming print-1.0.0.aar (androidx.print:print:1.0.0) with IdentityTransform
Transforming print-1.0.0.aar (androidx.print:print:1.0.0) with DexingNoClasspathTransform
Transforming print-1.0.0.aar (androidx.print:print:1.0.0) with DexingOutputSplitTransform
Transforming collection-ktx-1.3.0.jar (androidx.collection:collection-ktx:1.3.0) with IdentityTransform
Transforming collection-ktx-1.3.0.jar (androidx.collection:collection-ktx:1.3.0) with IdentityTransform
Transforming collection-ktx-1.3.0.jar (androidx.collection:collection-ktx:1.3.0) with DexingNoClasspathTransform
Transforming collection-ktx-1.3.0.jar (androidx.collection:collection-ktx:1.3.0) with DexingOutputSplitTransform
Transforming collection-jvm-1.3.0.jar (androidx.collection:collection-jvm:1.3.0) with IdentityTransform
Transforming collection-jvm-1.3.0.jar (androidx.collection:collection-jvm:1.3.0) with IdentityTransform
Transforming collection-jvm-1.3.0.jar (androidx.collection:collection-jvm:1.3.0) with DexingNoClasspathTransform
Transforming collection-jvm-1.3.0.jar (androidx.collection:collection-jvm:1.3.0) with DexingOutputSplitTransform
Transforming concurrent-futures-1.1.0.jar (androidx.concurrent:concurrent-futures:1.1.0) with IdentityTransform
Transforming concurrent-futures-1.1.0.jar (androidx.concurrent:concurrent-futures:1.1.0) with IdentityTransform
Transforming concurrent-futures-1.1.0.jar (androidx.concurrent:concurrent-futures:1.1.0) with DexingNoClasspathTransform
Transforming concurrent-futures-1.1.0.jar (androidx.concurrent:concurrent-futures:1.1.0) with DexingOutputSplitTransform
Transforming annotation-experimental-1.3.0.aar (androidx.annotation:annotation-experimental:1.3.0) with AarToClassTransform
Transforming annotation-experimental-1.3.0.aar (androidx.annotation:annotation-experimental:1.3.0) with IdentityTransform
Transforming annotation-experimental-1.3.0.aar (androidx.annotation:annotation-experimental:1.3.0) with DexingNoClasspathTransform
Transforming annotation-experimental-1.3.0.aar (androidx.annotation:annotation-experimental:1.3.0) with DexingOutputSplitTransform
Transforming kotlin-stdlib-jdk7-1.9.10.jar (org.jetbrains.kotlin:kotlin-stdlib-jdk7:1.9.10) with IdentityTransform
Transforming kotlin-stdlib-jdk7-1.9.10.jar (org.jetbrains.kotlin:kotlin-stdlib-jdk7:1.9.10) with IdentityTransform
Transforming kotlin-stdlib-jdk7-1.9.10.jar (org.jetbrains.kotlin:kotlin-stdlib-jdk7:1.9.10) with DexingNoClasspathTransform
Transforming kotlin-stdlib-jdk7-1.9.10.jar (org.jetbrains.kotlin:kotlin-stdlib-jdk7:1.9.10) with DexingOutputSplitTransform
Transforming annotation-jvm-1.7.0.jar (androidx.annotation:annotation-jvm:1.7.0) with IdentityTransform
Transforming annotation-jvm-1.7.0.jar (androidx.annotation:annotation-jvm:1.7.0) with IdentityTransform
Transforming annotation-jvm-1.7.0.jar (androidx.annotation:annotation-jvm:1.7.0) with DexingNoClasspathTransform
Transforming annotation-jvm-1.7.0.jar (androidx.annotation:annotation-jvm:1.7.0) with DexingOutputSplitTransform
Transforming kotlin-stdlib-1.9.10.jar (org.jetbrains.kotlin:kotlin-stdlib:1.9.10) with IdentityTransform
Transforming kotlin-stdlib-1.9.10.jar (org.jetbrains.kotlin:kotlin-stdlib:1.9.10) with IdentityTransform
Transforming kotlin-stdlib-1.9.10.jar (org.jetbrains.kotlin:kotlin-stdlib:1.9.10) with DexingNoClasspathTransform
Transforming kotlin-stdlib-1.9.10.jar (org.jetbrains.kotlin:kotlin-stdlib:1.9.10) with DexingOutputSplitTransform
Transforming error_prone_annotations-2.15.0.jar (com.google.errorprone:error_prone_annotations:2.15.0) with IdentityTransform
Transforming error_prone_annotations-2.15.0.jar (com.google.errorprone:error_prone_annotations:2.15.0) with IdentityTransform
Transforming error_prone_annotations-2.15.0.jar (com.google.errorprone:error_prone_annotations:2.15.0) with DexingNoClasspathTransform
Transforming error_prone_annotations-2.15.0.jar (com.google.errorprone:error_prone_annotations:2.15.0) with DexingOutputSplitTransform
Transforming constraintlayout-core-1.0.4.jar (androidx.constraintlayout:constraintlayout-core:1.0.4) with IdentityTransform
Transforming constraintlayout-core-1.0.4.jar (androidx.constraintlayout:constraintlayout-core:1.0.4) with IdentityTransform
Transforming constraintlayout-core-1.0.4.jar (androidx.constraintlayout:constraintlayout-core:1.0.4) with DexingNoClasspathTransform
Transforming constraintlayout-core-1.0.4.jar (androidx.constraintlayout:constraintlayout-core:1.0.4) with DexingOutputSplitTransform
Transforming hilt-core-2.48.1.jar (com.google.dagger:hilt-core:2.48.1) with IdentityTransform
Transforming hilt-core-2.48.1.jar (com.google.dagger:hilt-core:2.48.1) with IdentityTransform
Transforming hilt-core-2.48.1.jar (com.google.dagger:hilt-core:2.48.1) with DexingNoClasspathTransform
Transforming hilt-core-2.48.1.jar (com.google.dagger:hilt-core:2.48.1) with DexingOutputSplitTransform
Transforming dagger-2.48.1.jar (com.google.dagger:dagger:2.48.1) with IdentityTransform
Transforming dagger-2.48.1.jar (com.google.dagger:dagger:2.48.1) with IdentityTransform
Transforming dagger-2.48.1.jar (com.google.dagger:dagger:2.48.1) with DexingNoClasspathTransform
Transforming dagger-2.48.1.jar (com.google.dagger:dagger:2.48.1) with DexingOutputSplitTransform
Transforming dagger-lint-aar-2.48.1.aar (com.google.dagger:dagger-lint-aar:2.48.1) with AarToClassTransform
Transforming dagger-lint-aar-2.48.1.aar (com.google.dagger:dagger-lint-aar:2.48.1) with IdentityTransform
Transforming dagger-lint-aar-2.48.1.aar (com.google.dagger:dagger-lint-aar:2.48.1) with DexingNoClasspathTransform
Transforming dagger-lint-aar-2.48.1.aar (com.google.dagger:dagger-lint-aar:2.48.1) with DexingOutputSplitTransform
Transforming jsr305-3.0.2.jar (com.google.code.findbugs:jsr305:3.0.2) with IdentityTransform
Transforming jsr305-3.0.2.jar (com.google.code.findbugs:jsr305:3.0.2) with IdentityTransform
Transforming jsr305-3.0.2.jar (com.google.code.findbugs:jsr305:3.0.2) with DexingNoClasspathTransform
Transforming jsr305-3.0.2.jar (com.google.code.findbugs:jsr305:3.0.2) with DexingOutputSplitTransform
Transforming javax.inject-1.jar (javax.inject:javax.inject:1) with IdentityTransform
Transforming javax.inject-1.jar (javax.inject:javax.inject:1) with IdentityTransform
Transforming javax.inject-1.jar (javax.inject:javax.inject:1) with DexingNoClasspathTransform
Transforming javax.inject-1.jar (javax.inject:javax.inject:1) with DexingOutputSplitTransform
Transforming gson-2.8.5.jar (com.google.code.gson:gson:2.8.5) with IdentityTransform
Transforming gson-2.8.5.jar (com.google.code.gson:gson:2.8.5) with IdentityTransform
Transforming gson-2.8.5.jar (com.google.code.gson:gson:2.8.5) with DexingNoClasspathTransform
Transforming gson-2.8.5.jar (com.google.code.gson:gson:2.8.5) with DexingOutputSplitTransform
Transforming kotlin-stdlib-common-1.9.10.jar (org.jetbrains.kotlin:kotlin-stdlib-common:1.9.10) with IdentityTransform
Transforming kotlin-stdlib-common-1.9.10.jar (org.jetbrains.kotlin:kotlin-stdlib-common:1.9.10) with IdentityTransform
Transforming kotlin-stdlib-common-1.9.10.jar (org.jetbrains.kotlin:kotlin-stdlib-common:1.9.10) with DexingNoClasspathTransform
Transforming kotlin-stdlib-common-1.9.10.jar (org.jetbrains.kotlin:kotlin-stdlib-common:1.9.10) with DexingOutputSplitTransform
Transforming annotations-23.0.0.jar (org.jetbrains:annotations:23.0.0) with IdentityTransform
Transforming annotations-23.0.0.jar (org.jetbrains:annotations:23.0.0) with IdentityTransform
Transforming annotations-23.0.0.jar (org.jetbrains:annotations:23.0.0) with DexingNoClasspathTransform
Transforming annotations-23.0.0.jar (org.jetbrains:annotations:23.0.0) with DexingOutputSplitTransform
Transforming listenablefuture-1.0.jar (com.google.guava:listenablefuture:1.0) with IdentityTransform
Transforming listenablefuture-1.0.jar (com.google.guava:listenablefuture:1.0) with IdentityTransform
Transforming listenablefuture-1.0.jar (com.google.guava:listenablefuture:1.0) with DexingNoClasspathTransform
Transforming listenablefuture-1.0.jar (com.google.guava:listenablefuture:1.0) with DexingOutputSplitTransform
Caching disabled for task ':app:mergeDebugGlobalSynthetics' because:
  Build cache is disabled
Skipping task ':app:mergeDebugGlobalSynthetics' as it is up-to-date.
Resolve mutations for :app:processDebugJavaRes (Thread[Execution worker Thread 4,5,main]) started.
:app:processDebugJavaRes (Thread[Execution worker Thread 4,5,main]) started.

> Task :app:processDebugJavaRes UP-TO-DATE
file or directory 'C:\Users\Gandon\Desktop\Projects\MovieTimeTracker\app\src\main\resources', not found
file or directory 'C:\Users\Gandon\Desktop\Projects\MovieTimeTracker\app\src\debug\resources', not found
file or directory 'C:\Users\Gandon\Desktop\Projects\MovieTimeTracker\app\build\generated\ksp\debug\classes', not found
file or directory 'C:\Users\Gandon\Desktop\Projects\MovieTimeTracker\app\build\generated\ksp\debug\classes', not found
file or directory 'C:\Users\Gandon\Desktop\Projects\MovieTimeTracker\app\src\main\resources', not found
file or directory 'C:\Users\Gandon\Desktop\Projects\MovieTimeTracker\app\src\debug\resources', not found
file or directory 'C:\Users\Gandon\Desktop\Projects\MovieTimeTracker\app\build\generated\ksp\debug\classes', not found
file or directory 'C:\Users\Gandon\Desktop\Projects\MovieTimeTracker\app\build\generated\ksp\debug\classes', not found
Caching disabled for task ':app:processDebugJavaRes' because:
  Build cache is disabled
  Caching has been disabled for the task
Skipping task ':app:processDebugJavaRes' as it is up-to-date.
Resolve mutations for :app:mergeDebugJavaResource (Thread[Execution worker Thread 4,5,main]) started.
:app:mergeDebugJavaResource (Thread[Execution worker Thread 4,5,main]) started.

> Task :app:mergeDebugJavaResource UP-TO-DATE
Transforming viewbinding-8.2.2.aar (androidx.databinding:viewbinding:8.2.2) with ExtractAarTransform
Transforming viewbinding-8.2.2.aar (androidx.databinding:viewbinding:8.2.2) with AarTransform
Transforming navigation-common-2.7.6.aar (androidx.navigation:navigation-common:2.7.6) with ExtractAarTransform
Transforming navigation-common-2.7.6.aar (androidx.navigation:navigation-common:2.7.6) with AarTransform
Transforming navigation-common-ktx-2.7.6.aar (androidx.navigation:navigation-common-ktx:2.7.6) with ExtractAarTransform
Transforming navigation-common-ktx-2.7.6.aar (androidx.navigation:navigation-common-ktx:2.7.6) with AarTransform
Transforming navigation-runtime-2.7.6.aar (androidx.navigation:navigation-runtime:2.7.6) with ExtractAarTransform
Transforming navigation-runtime-2.7.6.aar (androidx.navigation:navigation-runtime:2.7.6) with AarTransform
Transforming navigation-runtime-ktx-2.7.6.aar (androidx.navigation:navigation-runtime-ktx:2.7.6) with ExtractAarTransform
Transforming navigation-runtime-ktx-2.7.6.aar (androidx.navigation:navigation-runtime-ktx:2.7.6) with AarTransform
Transforming navigation-fragment-2.7.6.aar (androidx.navigation:navigation-fragment:2.7.6) with ExtractAarTransform
Transforming navigation-fragment-2.7.6.aar (androidx.navigation:navigation-fragment:2.7.6) with AarTransform
Transforming navigation-fragment-ktx-2.7.6.aar (androidx.navigation:navigation-fragment-ktx:2.7.6) with ExtractAarTransform
Transforming navigation-fragment-ktx-2.7.6.aar (androidx.navigation:navigation-fragment-ktx:2.7.6) with AarTransform
Transforming navigation-ui-ktx-2.7.6.aar (androidx.navigation:navigation-ui-ktx:2.7.6) with ExtractAarTransform
Transforming navigation-ui-ktx-2.7.6.aar (androidx.navigation:navigation-ui-ktx:2.7.6) with AarTransform
Transforming navigation-ui-2.7.6.aar (androidx.navigation:navigation-ui:2.7.6) with ExtractAarTransform
Transforming navigation-ui-2.7.6.aar (androidx.navigation:navigation-ui:2.7.6) with AarTransform
Transforming material-1.11.0.aar (com.google.android.material:material:1.11.0) with ExtractAarTransform
Transforming material-1.11.0.aar (com.google.android.material:material:1.11.0) with AarTransform
Transforming constraintlayout-2.1.4.aar (androidx.constraintlayout:constraintlayout:2.1.4) with ExtractAarTransform
Transforming constraintlayout-2.1.4.aar (androidx.constraintlayout:constraintlayout:2.1.4) with AarTransform
Transforming lottie-6.2.0.aar (com.airbnb.android:lottie:6.2.0) with ExtractAarTransform
Transforming lottie-6.2.0.aar (com.airbnb.android:lottie:6.2.0) with AarTransform
Transforming coil-compose-2.5.0.aar (io.coil-kt:coil-compose:2.5.0) with ExtractAarTransform
Transforming coil-compose-2.5.0.aar (io.coil-kt:coil-compose:2.5.0) with AarTransform
Transforming coil-2.5.0.aar (io.coil-kt:coil:2.5.0) with ExtractAarTransform
Transforming coil-2.5.0.aar (io.coil-kt:coil:2.5.0) with AarTransform
Transforming coil-compose-base-2.5.0.aar (io.coil-kt:coil-compose-base:2.5.0) with ExtractAarTransform
Transforming coil-compose-base-2.5.0.aar (io.coil-kt:coil-compose-base:2.5.0) with AarTransform
Transforming coil-base-2.5.0.aar (io.coil-kt:coil-base:2.5.0) with ExtractAarTransform
Transforming coil-base-2.5.0.aar (io.coil-kt:coil-base:2.5.0) with AarTransform
Transforming appcompat-resources-1.6.1.aar (androidx.appcompat:appcompat-resources:1.6.1) with ExtractAarTransform
Transforming appcompat-resources-1.6.1.aar (androidx.appcompat:appcompat-resources:1.6.1) with AarTransform
Transforming preference-ktx-1.2.1.aar (androidx.preference:preference-ktx:1.2.1) with ExtractAarTransform
Transforming preference-ktx-1.2.1.aar (androidx.preference:preference-ktx:1.2.1) with AarTransform
Transforming preference-1.2.1.aar (androidx.preference:preference:1.2.1) with ExtractAarTransform
Transforming preference-1.2.1.aar (androidx.preference:preference:1.2.1) with AarTransform
Transforming appcompat-1.6.1.aar (androidx.appcompat:appcompat:1.6.1) with ExtractAarTransform
Transforming appcompat-1.6.1.aar (androidx.appcompat:appcompat:1.6.1) with AarTransform
Transforming hilt-android-2.48.1.aar (com.google.dagger:hilt-android:2.48.1) with ExtractAarTransform
Transforming hilt-android-2.48.1.aar (com.google.dagger:hilt-android:2.48.1) with AarTransform
Transforming paging-common-3.2.1.jar (androidx.paging:paging-common:3.2.1) with IdentityTransform
Transforming paging-common-ktx-3.2.1.jar (androidx.paging:paging-common-ktx:3.2.1) with IdentityTransform
Transforming paging-runtime-ktx-3.2.1.aar (androidx.paging:paging-runtime-ktx:3.2.1) with ExtractAarTransform
Transforming paging-runtime-ktx-3.2.1.aar (androidx.paging:paging-runtime-ktx:3.2.1) with AarTransform
Transforming paging-runtime-3.2.1.aar (androidx.paging:paging-runtime:3.2.1) with ExtractAarTransform
Transforming paging-runtime-3.2.1.aar (androidx.paging:paging-runtime:3.2.1) with AarTransform
Transforming recyclerview-1.3.2.aar (androidx.recyclerview:recyclerview:1.3.2) with ExtractAarTransform
Transforming recyclerview-1.3.2.aar (androidx.recyclerview:recyclerview:1.3.2) with AarTransform
Transforming viewpager2-1.1.0-beta02.aar (androidx.viewpager2:viewpager2:1.1.0-beta02) with ExtractAarTransform
Transforming viewpager2-1.1.0-beta02.aar (androidx.viewpager2:viewpager2:1.1.0-beta02) with AarTransform
Transforming fragment-1.6.2.aar (androidx.fragment:fragment:1.6.2) with ExtractAarTransform
Transforming fragment-1.6.2.aar (androidx.fragment:fragment:1.6.2) with AarTransform
Transforming fragment-ktx-1.6.2.aar (androidx.fragment:fragment-ktx:1.6.2) with ExtractAarTransform
Transforming fragment-ktx-1.6.2.aar (androidx.fragment:fragment-ktx:1.6.2) with AarTransform
Transforming activity-1.8.2.aar (androidx.activity:activity:1.8.2) with ExtractAarTransform
Transforming activity-1.8.2.aar (androidx.activity:activity:1.8.2) with AarTransform
Transforming accompanist-drawablepainter-0.32.0.aar (com.google.accompanist:accompanist-drawablepainter:0.32.0) with ExtractAarTransform
Transforming accompanist-drawablepainter-0.32.0.aar (com.google.accompanist:accompanist-drawablepainter:0.32.0) with AarTransform
Transforming animation-core-release.aar (androidx.compose.animation:animation-core-android:1.5.4) with ExtractAarTransform
Transforming animation-core-release.aar (androidx.compose.animation:animation-core-android:1.5.4) with AarTransform
Transforming animation-release.aar (androidx.compose.animation:animation-android:1.5.4) with ExtractAarTransform
Transforming animation-release.aar (androidx.compose.animation:animation-android:1.5.4) with AarTransform
Transforming foundation-layout-release.aar (androidx.compose.foundation:foundation-layout-android:1.5.4) with ExtractAarTransform
Transforming foundation-layout-release.aar (androidx.compose.foundation:foundation-layout-android:1.5.4) with AarTransform
Transforming foundation-release.aar (androidx.compose.foundation:foundation-android:1.5.4) with ExtractAarTransform
Transforming foundation-release.aar (androidx.compose.foundation:foundation-android:1.5.4) with AarTransform
Transforming ui-unit-release.aar (androidx.compose.ui:ui-unit-android:1.5.4) with ExtractAarTransform
Transforming ui-unit-release.aar (androidx.compose.ui:ui-unit-android:1.5.4) with AarTransform
Transforming ui-graphics-release.aar (androidx.compose.ui:ui-graphics-android:1.5.4) with ExtractAarTransform
Transforming ui-graphics-release.aar (androidx.compose.ui:ui-graphics-android:1.5.4) with AarTransform
Transforming ui-geometry-release.aar (androidx.compose.ui:ui-geometry-android:1.5.4) with ExtractAarTransform
Transforming ui-geometry-release.aar (androidx.compose.ui:ui-geometry-android:1.5.4) with AarTransform
Transforming ui-util-release.aar (androidx.compose.ui:ui-util-android:1.5.4) with ExtractAarTransform
Transforming ui-util-release.aar (androidx.compose.ui:ui-util-android:1.5.4) with AarTransform
Transforming ui-text-release.aar (androidx.compose.ui:ui-text-android:1.5.4) with ExtractAarTransform
Transforming ui-text-release.aar (androidx.compose.ui:ui-text-android:1.5.4) with AarTransform
Transforming ui-release.aar (androidx.compose.ui:ui-android:1.5.4) with ExtractAarTransform
Transforming ui-release.aar (androidx.compose.ui:ui-android:1.5.4) with AarTransform
Transforming activity-ktx-1.8.2.aar (androidx.activity:activity-ktx:1.8.2) with ExtractAarTransform
Transforming activity-ktx-1.8.2.aar (androidx.activity:activity-ktx:1.8.2) with AarTransform
Transforming emoji2-views-helper-1.4.0.aar (androidx.emoji2:emoji2-views-helper:1.4.0) with ExtractAarTransform
Transforming emoji2-views-helper-1.4.0.aar (androidx.emoji2:emoji2-views-helper:1.4.0) with AarTransform
Transforming emoji2-1.4.0.aar (androidx.emoji2:emoji2:1.4.0) with ExtractAarTransform
Transforming emoji2-1.4.0.aar (androidx.emoji2:emoji2:1.4.0) with AarTransform
Transforming lifecycle-process-2.7.0.aar (androidx.lifecycle:lifecycle-process:2.7.0) with ExtractAarTransform
Transforming lifecycle-process-2.7.0.aar (androidx.lifecycle:lifecycle-process:2.7.0) with AarTransform
Transforming lifecycle-livedata-core-2.7.0.aar (androidx.lifecycle:lifecycle-livedata-core:2.7.0) with ExtractAarTransform
Transforming lifecycle-livedata-core-2.7.0.aar (androidx.lifecycle:lifecycle-livedata-core:2.7.0) with AarTransform
Transforming savedstate-ktx-1.2.1.aar (androidx.savedstate:savedstate-ktx:1.2.1) with ExtractAarTransform
Transforming savedstate-ktx-1.2.1.aar (androidx.savedstate:savedstate-ktx:1.2.1) with AarTransform
Transforming savedstate-1.2.1.aar (androidx.savedstate:savedstate:1.2.1) with ExtractAarTransform
Transforming savedstate-1.2.1.aar (androidx.savedstate:savedstate:1.2.1) with AarTransform
Transforming lifecycle-common-2.7.0.jar (androidx.lifecycle:lifecycle-common:2.7.0) with IdentityTransform
Transforming lifecycle-runtime-ktx-2.7.0.aar (androidx.lifecycle:lifecycle-runtime-ktx:2.7.0) with ExtractAarTransform
Transforming lifecycle-runtime-ktx-2.7.0.aar (androidx.lifecycle:lifecycle-runtime-ktx:2.7.0) with AarTransform
Transforming lifecycle-livedata-core-ktx-2.7.0.aar (androidx.lifecycle:lifecycle-livedata-core-ktx:2.7.0) with ExtractAarTransform
Transforming lifecycle-livedata-core-ktx-2.7.0.aar (androidx.lifecycle:lifecycle-livedata-core-ktx:2.7.0) with AarTransform
Transforming dynamicanimation-1.0.0.aar (androidx.dynamicanimation:dynamicanimation:1.0.0) with ExtractAarTransform
Transforming dynamicanimation-1.0.0.aar (androidx.dynamicanimation:dynamicanimation:1.0.0) with AarTransform
Transforming legacy-support-core-utils-1.0.0.aar (androidx.legacy:legacy-support-core-utils:1.0.0) with ExtractAarTransform
Transforming legacy-support-core-utils-1.0.0.aar (androidx.legacy:legacy-support-core-utils:1.0.0) with AarTransform
Transforming loader-1.0.0.aar (androidx.loader:loader:1.0.0) with ExtractAarTransform
Transforming loader-1.0.0.aar (androidx.loader:loader:1.0.0) with AarTransform
Transforming loader-1.0.0.aar (androidx.loader:loader:1.0.0) with ExtractAarTransform
Transforming loader-1.0.0.aar (androidx.loader:loader:1.0.0) with AarTransform
Transforming lifecycle-livedata-2.7.0.aar (androidx.lifecycle:lifecycle-livedata:2.7.0) with ExtractAarTransform
Transforming lifecycle-livedata-2.7.0.aar (androidx.lifecycle:lifecycle-livedata:2.7.0) with AarTransform
Transforming lifecycle-livedata-2.7.0.aar (androidx.lifecycle:lifecycle-livedata:2.7.0) with ExtractAarTransform
Transforming lifecycle-livedata-2.7.0.aar (androidx.lifecycle:lifecycle-livedata:2.7.0) with AarTransform
Transforming lifecycle-viewmodel-savedstate-2.7.0.aar (androidx.lifecycle:lifecycle-viewmodel-savedstate:2.7.0) with ExtractAarTransform
Transforming lifecycle-viewmodel-savedstate-2.7.0.aar (androidx.lifecycle:lifecycle-viewmodel-savedstate:2.7.0) with AarTransform
Transforming customview-poolingcontainer-1.0.0.aar (androidx.customview:customview-poolingcontainer:1.0.0) with ExtractAarTransform
Transforming customview-poolingcontainer-1.0.0.aar (androidx.customview:customview-poolingcontainer:1.0.0) with AarTransform
Transforming core-ktx-1.12.0.aar (androidx.core:core-ktx:1.12.0) with ExtractAarTransform
Transforming core-ktx-1.12.0.aar (androidx.core:core-ktx:1.12.0) with AarTransform
Transforming swiperefreshlayout-1.1.0.aar (androidx.swiperefreshlayout:swiperefreshlayout:1.1.0) with ExtractAarTransform
Transforming swiperefreshlayout-1.1.0.aar (androidx.swiperefreshlayout:swiperefreshlayout:1.1.0) with AarTransform
Transforming drawerlayout-1.1.1.aar (androidx.drawerlayout:drawerlayout:1.1.1) with ExtractAarTransform
Transforming drawerlayout-1.1.1.aar (androidx.drawerlayout:drawerlayout:1.1.1) with AarTransform
Transforming coordinatorlayout-1.1.0.aar (androidx.coordinatorlayout:coordinatorlayout:1.1.0) with ExtractAarTransform
Transforming coordinatorlayout-1.1.0.aar (androidx.coordinatorlayout:coordinatorlayout:1.1.0) with AarTransform
Transforming vectordrawable-animated-1.1.0.aar (androidx.vectordrawable:vectordrawable-animated:1.1.0) with ExtractAarTransform
Transforming vectordrawable-animated-1.1.0.aar (androidx.vectordrawable:vectordrawable-animated:1.1.0) with AarTransform
Transforming vectordrawable-1.1.0.aar (androidx.vectordrawable:vectordrawable:1.1.0) with ExtractAarTransform
Transforming vectordrawable-1.1.0.aar (androidx.vectordrawable:vectordrawable:1.1.0) with AarTransform
Transforming vectordrawable-1.1.0.aar (androidx.vectordrawable:vectordrawable:1.1.0) with ExtractAarTransform
Transforming vectordrawable-1.1.0.aar (androidx.vectordrawable:vectordrawable:1.1.0) with AarTransform
Transforming viewpager-1.0.0.aar (androidx.viewpager:viewpager:1.0.0) with ExtractAarTransform
Transforming viewpager-1.0.0.aar (androidx.viewpager:viewpager:1.0.0) with AarTransform
Transforming slidingpanelayout-1.2.0.aar (androidx.slidingpanelayout:slidingpanelayout:1.2.0) with ExtractAarTransform
Transforming slidingpanelayout-1.2.0.aar (androidx.slidingpanelayout:slidingpanelayout:1.2.0) with AarTransform
Transforming customview-1.1.0.aar (androidx.customview:customview:1.1.0) with ExtractAarTransform
Transforming customview-1.1.0.aar (androidx.customview:customview:1.1.0) with AarTransform
Transforming customview-1.1.0.aar (androidx.customview:customview:1.1.0) with ExtractAarTransform
Transforming customview-1.1.0.aar (androidx.customview:customview:1.1.0) with AarTransform
Transforming transition-1.4.1.aar (androidx.transition:transition:1.4.1) with ExtractAarTransform
Transforming transition-1.4.1.aar (androidx.transition:transition:1.4.1) with AarTransform
Transforming window-1.0.0.aar (androidx.window:window:1.0.0) with ExtractAarTransform
Transforming window-1.0.0.aar (androidx.window:window:1.0.0) with AarTransform
Transforming autofill-1.0.0.aar (androidx.autofill:autofill:1.0.0) with ExtractAarTransform
Transforming autofill-1.0.0.aar (androidx.autofill:autofill:1.0.0) with AarTransform
Transforming core-1.12.0.aar (androidx.core:core:1.12.0) with ExtractAarTransform
Transforming core-1.12.0.aar (androidx.core:core:1.12.0) with AarTransform
Transforming core-1.12.0.aar (androidx.core:core:1.12.0) with ExtractAarTransform
Transforming core-1.12.0.aar (androidx.core:core:1.12.0) with AarTransform
Transforming lifecycle-runtime-2.7.0.aar (androidx.lifecycle:lifecycle-runtime:2.7.0) with ExtractAarTransform
Transforming lifecycle-runtime-2.7.0.aar (androidx.lifecycle:lifecycle-runtime:2.7.0) with AarTransform
Transforming lifecycle-viewmodel-2.7.0.aar (androidx.lifecycle:lifecycle-viewmodel:2.7.0) with ExtractAarTransform
Transforming lifecycle-viewmodel-2.7.0.aar (androidx.lifecycle:lifecycle-viewmodel:2.7.0) with AarTransform
Transforming lifecycle-viewmodel-2.7.0.aar (androidx.lifecycle:lifecycle-viewmodel:2.7.0) with ExtractAarTransform
Transforming lifecycle-viewmodel-2.7.0.aar (androidx.lifecycle:lifecycle-viewmodel:2.7.0) with AarTransform
Transforming lifecycle-livedata-ktx-2.7.0.aar (androidx.lifecycle:lifecycle-livedata-ktx:2.7.0) with ExtractAarTransform
Transforming lifecycle-livedata-ktx-2.7.0.aar (androidx.lifecycle:lifecycle-livedata-ktx:2.7.0) with AarTransform
Transforming lifecycle-viewmodel-ktx-2.7.0.aar (androidx.lifecycle:lifecycle-viewmodel-ktx:2.7.0) with ExtractAarTransform
Transforming lifecycle-viewmodel-ktx-2.7.0.aar (androidx.lifecycle:lifecycle-viewmodel-ktx:2.7.0) with AarTransform
Transforming room-common-2.6.1.jar (androidx.room:room-common:2.6.1) with IdentityTransform
Transforming room-runtime-2.6.1.aar (androidx.room:room-runtime:2.6.1) with ExtractAarTransform
Transforming room-runtime-2.6.1.aar (androidx.room:room-runtime:2.6.1) with AarTransform
Transforming room-ktx-2.6.1.aar (androidx.room:room-ktx:2.6.1) with ExtractAarTransform
Transforming room-ktx-2.6.1.aar (androidx.room:room-ktx:2.6.1) with AarTransform
Transforming runtime-saveable-release.aar (androidx.compose.runtime:runtime-saveable-android:1.5.4) with ExtractAarTransform
Transforming runtime-saveable-release.aar (androidx.compose.runtime:runtime-saveable-android:1.5.4) with AarTransform
Transforming runtime-release.aar (androidx.compose.runtime:runtime-android:1.5.4) with ExtractAarTransform
Transforming runtime-release.aar (androidx.compose.runtime:runtime-android:1.5.4) with AarTransform
Transforming kotlinx-coroutines-core-jvm-1.7.3.jar (org.jetbrains.kotlinx:kotlinx-coroutines-core-jvm:1.7.3) with IdentityTransform
Transforming kotlinx-coroutines-android-1.7.3.jar (org.jetbrains.kotlinx:kotlinx-coroutines-android:1.7.3) with IdentityTransform
Transforming logging-interceptor-4.12.0.jar (com.squareup.okhttp3:logging-interceptor:4.12.0) with IdentityTransform
Transforming converter-gson-2.9.0.jar (com.squareup.retrofit2:converter-gson:2.9.0) with IdentityTransform
Transforming retrofit-2.9.0.jar (com.squareup.retrofit2:retrofit:2.9.0) with IdentityTransform
Transforming okhttp-4.12.0.jar (com.squareup.okhttp3:okhttp:4.12.0) with IdentityTransform
Transforming okio-jvm-3.6.0.jar (com.squareup.okio:okio-jvm:3.6.0) with IdentityTransform
Transforming kotlin-stdlib-jdk8-1.9.10.jar (org.jetbrains.kotlin:kotlin-stdlib-jdk8:1.9.10) with IdentityTransform
Transforming cardview-1.0.0.aar (androidx.cardview:cardview:1.0.0) with ExtractAarTransform
Transforming cardview-1.0.0.aar (androidx.cardview:cardview:1.0.0) with AarTransform
Transforming shimmer-0.5.0.aar (com.facebook.shimmer:shimmer:0.5.0) with ExtractAarTransform
Transforming shimmer-0.5.0.aar (com.facebook.shimmer:shimmer:0.5.0) with AarTransform
Transforming cursoradapter-1.0.0.aar (androidx.cursoradapter:cursoradapter:1.0.0) with ExtractAarTransform
Transforming cursoradapter-1.0.0.aar (androidx.cursoradapter:cursoradapter:1.0.0) with AarTransform
Transforming resourceinspection-annotation-1.0.1.jar (androidx.resourceinspection:resourceinspection-annotation:1.0.1) with IdentityTransform
Transforming core-runtime-2.2.0.aar (androidx.arch.core:core-runtime:2.2.0) with ExtractAarTransform
Transforming core-runtime-2.2.0.aar (androidx.arch.core:core-runtime:2.2.0) with AarTransform
Transforming sqlite-framework-2.4.0.aar (androidx.sqlite:sqlite-framework:2.4.0) with ExtractAarTransform
Transforming sqlite-framework-2.4.0.aar (androidx.sqlite:sqlite-framework:2.4.0) with AarTransform
Transforming sqlite-2.4.0.aar (androidx.sqlite:sqlite:2.4.0) with ExtractAarTransform
Transforming sqlite-2.4.0.aar (androidx.sqlite:sqlite:2.4.0) with AarTransform
Transforming interpolator-1.0.0.aar (androidx.interpolator:interpolator:1.0.0) with ExtractAarTransform
Transforming interpolator-1.0.0.aar (androidx.interpolator:interpolator:1.0.0) with AarTransform
Transforming interpolator-1.0.0.aar (androidx.interpolator:interpolator:1.0.0) with ExtractAarTransform
Transforming interpolator-1.0.0.aar (androidx.interpolator:interpolator:1.0.0) with AarTransform
Transforming versionedparcelable-1.1.1.aar (androidx.versionedparcelable:versionedparcelable:1.1.1) with ExtractAarTransform
Transforming versionedparcelable-1.1.1.aar (androidx.versionedparcelable:versionedparcelable:1.1.1) with AarTransform
Transforming core-common-2.2.0.jar (androidx.arch.core:core-common:2.2.0) with IdentityTransform
Transforming profileinstaller-1.3.1.aar (androidx.profileinstaller:profileinstaller:1.3.1) with ExtractAarTransform
Transforming profileinstaller-1.3.1.aar (androidx.profileinstaller:profileinstaller:1.3.1) with AarTransform
Transforming startup-runtime-1.1.1.aar (androidx.startup:startup-runtime:1.1.1) with ExtractAarTransform
Transforming startup-runtime-1.1.1.aar (androidx.startup:startup-runtime:1.1.1) with AarTransform
Transforming tracing-1.0.0.aar (androidx.tracing:tracing:1.0.0) with ExtractAarTransform
Transforming tracing-1.0.0.aar (androidx.tracing:tracing:1.0.0) with AarTransform
Transforming exifinterface-1.3.6.aar (androidx.exifinterface:exifinterface:1.3.6) with ExtractAarTransform
Transforming exifinterface-1.3.6.aar (androidx.exifinterface:exifinterface:1.3.6) with AarTransform
Transforming documentfile-1.0.0.aar (androidx.documentfile:documentfile:1.0.0) with ExtractAarTransform
Transforming documentfile-1.0.0.aar (androidx.documentfile:documentfile:1.0.0) with AarTransform
Transforming localbroadcastmanager-1.0.0.aar (androidx.localbroadcastmanager:localbroadcastmanager:1.0.0) with ExtractAarTransform
Transforming localbroadcastmanager-1.0.0.aar (androidx.localbroadcastmanager:localbroadcastmanager:1.0.0) with AarTransform
Transforming print-1.0.0.aar (androidx.print:print:1.0.0) with ExtractAarTransform
Transforming print-1.0.0.aar (androidx.print:print:1.0.0) with AarTransform
Transforming collection-ktx-1.3.0.jar (androidx.collection:collection-ktx:1.3.0) with IdentityTransform
Transforming collection-jvm-1.3.0.jar (androidx.collection:collection-jvm:1.3.0) with IdentityTransform
Transforming concurrent-futures-1.1.0.jar (androidx.concurrent:concurrent-futures:1.1.0) with IdentityTransform
Transforming annotation-experimental-1.3.0.aar (androidx.annotation:annotation-experimental:1.3.0) with ExtractAarTransform
Transforming annotation-experimental-1.3.0.aar (androidx.annotation:annotation-experimental:1.3.0) with AarTransform
Transforming kotlin-stdlib-jdk7-1.9.10.jar (org.jetbrains.kotlin:kotlin-stdlib-jdk7:1.9.10) with IdentityTransform
Transforming annotation-jvm-1.7.0.jar (androidx.annotation:annotation-jvm:1.7.0) with IdentityTransform
Transforming kotlin-stdlib-1.9.10.jar (org.jetbrains.kotlin:kotlin-stdlib:1.9.10) with IdentityTransform
Transforming error_prone_annotations-2.15.0.jar (com.google.errorprone:error_prone_annotations:2.15.0) with IdentityTransform
Transforming constraintlayout-core-1.0.4.jar (androidx.constraintlayout:constraintlayout-core:1.0.4) with IdentityTransform
Transforming hilt-core-2.48.1.jar (com.google.dagger:hilt-core:2.48.1) with IdentityTransform
Transforming dagger-2.48.1.jar (com.google.dagger:dagger:2.48.1) with IdentityTransform
Transforming dagger-lint-aar-2.48.1.aar (com.google.dagger:dagger-lint-aar:2.48.1) with ExtractAarTransform
Transforming dagger-lint-aar-2.48.1.aar (com.google.dagger:dagger-lint-aar:2.48.1) with AarTransform
Transforming jsr305-3.0.2.jar (com.google.code.findbugs:jsr305:3.0.2) with IdentityTransform
Transforming javax.inject-1.jar (javax.inject:javax.inject:1) with IdentityTransform
Transforming gson-2.8.5.jar (com.google.code.gson:gson:2.8.5) with IdentityTransform
Transforming kotlin-stdlib-common-1.9.10.jar (org.jetbrains.kotlin:kotlin-stdlib-common:1.9.10) with IdentityTransform
Transforming annotations-23.0.0.jar (org.jetbrains:annotations:23.0.0) with IdentityTransform
Transforming listenablefuture-1.0.jar (com.google.guava:listenablefuture:1.0) with IdentityTransform
Caching disabled for task ':app:mergeDebugJavaResource' because:
  Build cache is disabled
  Caching has been disabled for the task
Skipping task ':app:mergeDebugJavaResource' as it is up-to-date.
Resolve mutations for :app:checkDebugDuplicateClasses (Thread[Execution worker Thread 4,5,main]) started.
:app:checkDebugDuplicateClasses (Thread[Execution worker Thread 4,5,main]) started.

> Task :app:checkDebugDuplicateClasses UP-TO-DATE
Transforming viewbinding-8.2.2.aar (androidx.databinding:viewbinding:8.2.2) with AarToClassTransform
Transforming viewbinding-8.2.2.aar (androidx.databinding:viewbinding:8.2.2) with EnumerateClassesTransform
Transforming navigation-common-2.7.6.aar (androidx.navigation:navigation-common:2.7.6) with AarToClassTransform
Transforming navigation-common-2.7.6.aar (androidx.navigation:navigation-common:2.7.6) with EnumerateClassesTransform
Transforming navigation-common-ktx-2.7.6.aar (androidx.navigation:navigation-common-ktx:2.7.6) with AarToClassTransform
Transforming navigation-common-ktx-2.7.6.aar (androidx.navigation:navigation-common-ktx:2.7.6) with EnumerateClassesTransform
Transforming navigation-runtime-2.7.6.aar (androidx.navigation:navigation-runtime:2.7.6) with AarToClassTransform
Transforming navigation-runtime-2.7.6.aar (androidx.navigation:navigation-runtime:2.7.6) with EnumerateClassesTransform
Transforming navigation-runtime-ktx-2.7.6.aar (androidx.navigation:navigation-runtime-ktx:2.7.6) with AarToClassTransform
Transforming navigation-runtime-ktx-2.7.6.aar (androidx.navigation:navigation-runtime-ktx:2.7.6) with EnumerateClassesTransform
Transforming navigation-fragment-2.7.6.aar (androidx.navigation:navigation-fragment:2.7.6) with AarToClassTransform
Transforming navigation-fragment-2.7.6.aar (androidx.navigation:navigation-fragment:2.7.6) with EnumerateClassesTransform
Transforming navigation-fragment-ktx-2.7.6.aar (androidx.navigation:navigation-fragment-ktx:2.7.6) with AarToClassTransform
Transforming navigation-fragment-ktx-2.7.6.aar (androidx.navigation:navigation-fragment-ktx:2.7.6) with EnumerateClassesTransform
Transforming navigation-ui-ktx-2.7.6.aar (androidx.navigation:navigation-ui-ktx:2.7.6) with AarToClassTransform
Transforming navigation-ui-ktx-2.7.6.aar (androidx.navigation:navigation-ui-ktx:2.7.6) with EnumerateClassesTransform
Transforming navigation-ui-2.7.6.aar (androidx.navigation:navigation-ui:2.7.6) with AarToClassTransform
Transforming navigation-ui-2.7.6.aar (androidx.navigation:navigation-ui:2.7.6) with EnumerateClassesTransform
Transforming material-1.11.0.aar (com.google.android.material:material:1.11.0) with AarToClassTransform
Transforming material-1.11.0.aar (com.google.android.material:material:1.11.0) with EnumerateClassesTransform
Transforming constraintlayout-2.1.4.aar (androidx.constraintlayout:constraintlayout:2.1.4) with AarToClassTransform
Transforming constraintlayout-2.1.4.aar (androidx.constraintlayout:constraintlayout:2.1.4) with EnumerateClassesTransform
Transforming lottie-6.2.0.aar (com.airbnb.android:lottie:6.2.0) with AarToClassTransform
Transforming lottie-6.2.0.aar (com.airbnb.android:lottie:6.2.0) with EnumerateClassesTransform
Transforming coil-compose-2.5.0.aar (io.coil-kt:coil-compose:2.5.0) with AarToClassTransform
Transforming coil-compose-2.5.0.aar (io.coil-kt:coil-compose:2.5.0) with EnumerateClassesTransform
Transforming coil-2.5.0.aar (io.coil-kt:coil:2.5.0) with AarToClassTransform
Transforming coil-2.5.0.aar (io.coil-kt:coil:2.5.0) with EnumerateClassesTransform
Transforming coil-compose-base-2.5.0.aar (io.coil-kt:coil-compose-base:2.5.0) with AarToClassTransform
Transforming coil-compose-base-2.5.0.aar (io.coil-kt:coil-compose-base:2.5.0) with EnumerateClassesTransform
Transforming coil-base-2.5.0.aar (io.coil-kt:coil-base:2.5.0) with AarToClassTransform
Transforming coil-base-2.5.0.aar (io.coil-kt:coil-base:2.5.0) with EnumerateClassesTransform
Transforming appcompat-resources-1.6.1.aar (androidx.appcompat:appcompat-resources:1.6.1) with AarToClassTransform
Transforming appcompat-resources-1.6.1.aar (androidx.appcompat:appcompat-resources:1.6.1) with EnumerateClassesTransform
Transforming preference-ktx-1.2.1.aar (androidx.preference:preference-ktx:1.2.1) with AarToClassTransform
Transforming preference-ktx-1.2.1.aar (androidx.preference:preference-ktx:1.2.1) with EnumerateClassesTransform
Transforming preference-1.2.1.aar (androidx.preference:preference:1.2.1) with AarToClassTransform
Transforming preference-1.2.1.aar (androidx.preference:preference:1.2.1) with EnumerateClassesTransform
Transforming appcompat-1.6.1.aar (androidx.appcompat:appcompat:1.6.1) with AarToClassTransform
Transforming appcompat-1.6.1.aar (androidx.appcompat:appcompat:1.6.1) with EnumerateClassesTransform
Transforming hilt-android-2.48.1.aar (com.google.dagger:hilt-android:2.48.1) with AarToClassTransform
Transforming hilt-android-2.48.1.aar (com.google.dagger:hilt-android:2.48.1) with EnumerateClassesTransform
Transforming paging-common-3.2.1.jar (androidx.paging:paging-common:3.2.1) with IdentityTransform
Transforming paging-common-3.2.1.jar (androidx.paging:paging-common:3.2.1) with EnumerateClassesTransform
Transforming paging-common-ktx-3.2.1.jar (androidx.paging:paging-common-ktx:3.2.1) with IdentityTransform
Transforming paging-common-ktx-3.2.1.jar (androidx.paging:paging-common-ktx:3.2.1) with EnumerateClassesTransform
Transforming paging-runtime-ktx-3.2.1.aar (androidx.paging:paging-runtime-ktx:3.2.1) with AarToClassTransform
Transforming paging-runtime-ktx-3.2.1.aar (androidx.paging:paging-runtime-ktx:3.2.1) with EnumerateClassesTransform
Transforming paging-runtime-3.2.1.aar (androidx.paging:paging-runtime:3.2.1) with AarToClassTransform
Transforming paging-runtime-3.2.1.aar (androidx.paging:paging-runtime:3.2.1) with EnumerateClassesTransform
Transforming recyclerview-1.3.2.aar (androidx.recyclerview:recyclerview:1.3.2) with AarToClassTransform
Transforming recyclerview-1.3.2.aar (androidx.recyclerview:recyclerview:1.3.2) with EnumerateClassesTransform
Transforming viewpager2-1.1.0-beta02.aar (androidx.viewpager2:viewpager2:1.1.0-beta02) with AarToClassTransform
Transforming viewpager2-1.1.0-beta02.aar (androidx.viewpager2:viewpager2:1.1.0-beta02) with EnumerateClassesTransform
Transforming fragment-1.6.2.aar (androidx.fragment:fragment:1.6.2) with AarToClassTransform
Transforming fragment-1.6.2.aar (androidx.fragment:fragment:1.6.2) with EnumerateClassesTransform
Transforming fragment-ktx-1.6.2.aar (androidx.fragment:fragment-ktx:1.6.2) with AarToClassTransform
Transforming fragment-ktx-1.6.2.aar (androidx.fragment:fragment-ktx:1.6.2) with EnumerateClassesTransform
Transforming activity-1.8.2.aar (androidx.activity:activity:1.8.2) with AarToClassTransform
Transforming activity-1.8.2.aar (androidx.activity:activity:1.8.2) with EnumerateClassesTransform
Transforming accompanist-drawablepainter-0.32.0.aar (com.google.accompanist:accompanist-drawablepainter:0.32.0) with AarToClassTransform
Transforming accompanist-drawablepainter-0.32.0.aar (com.google.accompanist:accompanist-drawablepainter:0.32.0) with EnumerateClassesTransform
Transforming animation-core-release.aar (androidx.compose.animation:animation-core-android:1.5.4) with AarToClassTransform
Transforming animation-core-release.aar (androidx.compose.animation:animation-core-android:1.5.4) with EnumerateClassesTransform
Transforming animation-release.aar (androidx.compose.animation:animation-android:1.5.4) with AarToClassTransform
Transforming animation-release.aar (androidx.compose.animation:animation-android:1.5.4) with EnumerateClassesTransform
Transforming foundation-layout-release.aar (androidx.compose.foundation:foundation-layout-android:1.5.4) with AarToClassTransform
Transforming foundation-layout-release.aar (androidx.compose.foundation:foundation-layout-android:1.5.4) with EnumerateClassesTransform
Transforming foundation-release.aar (androidx.compose.foundation:foundation-android:1.5.4) with AarToClassTransform
Transforming foundation-release.aar (androidx.compose.foundation:foundation-android:1.5.4) with EnumerateClassesTransform
Transforming ui-unit-release.aar (androidx.compose.ui:ui-unit-android:1.5.4) with AarToClassTransform
Transforming ui-unit-release.aar (androidx.compose.ui:ui-unit-android:1.5.4) with EnumerateClassesTransform
Transforming ui-graphics-release.aar (androidx.compose.ui:ui-graphics-android:1.5.4) with AarToClassTransform
Transforming ui-graphics-release.aar (androidx.compose.ui:ui-graphics-android:1.5.4) with EnumerateClassesTransform
Transforming ui-geometry-release.aar (androidx.compose.ui:ui-geometry-android:1.5.4) with AarToClassTransform
Transforming ui-geometry-release.aar (androidx.compose.ui:ui-geometry-android:1.5.4) with EnumerateClassesTransform
Transforming ui-util-release.aar (androidx.compose.ui:ui-util-android:1.5.4) with AarToClassTransform
Transforming ui-util-release.aar (androidx.compose.ui:ui-util-android:1.5.4) with EnumerateClassesTransform
Transforming ui-text-release.aar (androidx.compose.ui:ui-text-android:1.5.4) with AarToClassTransform
Transforming ui-text-release.aar (androidx.compose.ui:ui-text-android:1.5.4) with EnumerateClassesTransform
Transforming ui-release.aar (androidx.compose.ui:ui-android:1.5.4) with AarToClassTransform
Transforming ui-release.aar (androidx.compose.ui:ui-android:1.5.4) with EnumerateClassesTransform
Transforming activity-ktx-1.8.2.aar (androidx.activity:activity-ktx:1.8.2) with AarToClassTransform
Transforming activity-ktx-1.8.2.aar (androidx.activity:activity-ktx:1.8.2) with EnumerateClassesTransform
Transforming emoji2-views-helper-1.4.0.aar (androidx.emoji2:emoji2-views-helper:1.4.0) with AarToClassTransform
Transforming emoji2-views-helper-1.4.0.aar (androidx.emoji2:emoji2-views-helper:1.4.0) with EnumerateClassesTransform
Transforming emoji2-1.4.0.aar (androidx.emoji2:emoji2:1.4.0) with AarToClassTransform
Transforming emoji2-1.4.0.aar (androidx.emoji2:emoji2:1.4.0) with EnumerateClassesTransform
Transforming lifecycle-process-2.7.0.aar (androidx.lifecycle:lifecycle-process:2.7.0) with AarToClassTransform
Transforming lifecycle-process-2.7.0.aar (androidx.lifecycle:lifecycle-process:2.7.0) with EnumerateClassesTransform
Transforming lifecycle-livedata-core-2.7.0.aar (androidx.lifecycle:lifecycle-livedata-core:2.7.0) with AarToClassTransform
Transforming lifecycle-livedata-core-2.7.0.aar (androidx.lifecycle:lifecycle-livedata-core:2.7.0) with EnumerateClassesTransform
Transforming savedstate-ktx-1.2.1.aar (androidx.savedstate:savedstate-ktx:1.2.1) with AarToClassTransform
Transforming savedstate-ktx-1.2.1.aar (androidx.savedstate:savedstate-ktx:1.2.1) with EnumerateClassesTransform
Transforming savedstate-1.2.1.aar (androidx.savedstate:savedstate:1.2.1) with AarToClassTransform
Transforming savedstate-1.2.1.aar (androidx.savedstate:savedstate:1.2.1) with EnumerateClassesTransform
Transforming lifecycle-common-2.7.0.jar (androidx.lifecycle:lifecycle-common:2.7.0) with IdentityTransform
Transforming lifecycle-common-2.7.0.jar (androidx.lifecycle:lifecycle-common:2.7.0) with EnumerateClassesTransform
Transforming lifecycle-runtime-ktx-2.7.0.aar (androidx.lifecycle:lifecycle-runtime-ktx:2.7.0) with AarToClassTransform
Transforming lifecycle-runtime-ktx-2.7.0.aar (androidx.lifecycle:lifecycle-runtime-ktx:2.7.0) with EnumerateClassesTransform
Transforming lifecycle-livedata-core-ktx-2.7.0.aar (androidx.lifecycle:lifecycle-livedata-core-ktx:2.7.0) with AarToClassTransform
Transforming lifecycle-livedata-core-ktx-2.7.0.aar (androidx.lifecycle:lifecycle-livedata-core-ktx:2.7.0) with EnumerateClassesTransform
Transforming dynamicanimation-1.0.0.aar (androidx.dynamicanimation:dynamicanimation:1.0.0) with AarToClassTransform
Transforming dynamicanimation-1.0.0.aar (androidx.dynamicanimation:dynamicanimation:1.0.0) with EnumerateClassesTransform
Transforming legacy-support-core-utils-1.0.0.aar (androidx.legacy:legacy-support-core-utils:1.0.0) with AarToClassTransform
Transforming legacy-support-core-utils-1.0.0.aar (androidx.legacy:legacy-support-core-utils:1.0.0) with EnumerateClassesTransform
Transforming loader-1.0.0.aar (androidx.loader:loader:1.0.0) with AarToClassTransform
Transforming loader-1.0.0.aar (androidx.loader:loader:1.0.0) with EnumerateClassesTransform
Transforming loader-1.0.0.aar (androidx.loader:loader:1.0.0) with AarToClassTransform
Transforming loader-1.0.0.aar (androidx.loader:loader:1.0.0) with EnumerateClassesTransform
Transforming lifecycle-livedata-2.7.0.aar (androidx.lifecycle:lifecycle-livedata:2.7.0) with AarToClassTransform
Transforming lifecycle-livedata-2.7.0.aar (androidx.lifecycle:lifecycle-livedata:2.7.0) with EnumerateClassesTransform
Transforming lifecycle-livedata-2.7.0.aar (androidx.lifecycle:lifecycle-livedata:2.7.0) with AarToClassTransform
Transforming lifecycle-livedata-2.7.0.aar (androidx.lifecycle:lifecycle-livedata:2.7.0) with EnumerateClassesTransform
Transforming lifecycle-viewmodel-savedstate-2.7.0.aar (androidx.lifecycle:lifecycle-viewmodel-savedstate:2.7.0) with AarToClassTransform
Transforming lifecycle-viewmodel-savedstate-2.7.0.aar (androidx.lifecycle:lifecycle-viewmodel-savedstate:2.7.0) with EnumerateClassesTransform
Transforming customview-poolingcontainer-1.0.0.aar (androidx.customview:customview-poolingcontainer:1.0.0) with AarToClassTransform
Transforming customview-poolingcontainer-1.0.0.aar (androidx.customview:customview-poolingcontainer:1.0.0) with EnumerateClassesTransform
Transforming core-ktx-1.12.0.aar (androidx.core:core-ktx:1.12.0) with AarToClassTransform
Transforming core-ktx-1.12.0.aar (androidx.core:core-ktx:1.12.0) with EnumerateClassesTransform
Transforming swiperefreshlayout-1.1.0.aar (androidx.swiperefreshlayout:swiperefreshlayout:1.1.0) with AarToClassTransform
Transforming swiperefreshlayout-1.1.0.aar (androidx.swiperefreshlayout:swiperefreshlayout:1.1.0) with EnumerateClassesTransform
Transforming drawerlayout-1.1.1.aar (androidx.drawerlayout:drawerlayout:1.1.1) with AarToClassTransform
Transforming drawerlayout-1.1.1.aar (androidx.drawerlayout:drawerlayout:1.1.1) with EnumerateClassesTransform
Transforming coordinatorlayout-1.1.0.aar (androidx.coordinatorlayout:coordinatorlayout:1.1.0) with AarToClassTransform
Transforming coordinatorlayout-1.1.0.aar (androidx.coordinatorlayout:coordinatorlayout:1.1.0) with EnumerateClassesTransform
Transforming vectordrawable-animated-1.1.0.aar (androidx.vectordrawable:vectordrawable-animated:1.1.0) with AarToClassTransform
Transforming vectordrawable-animated-1.1.0.aar (androidx.vectordrawable:vectordrawable-animated:1.1.0) with EnumerateClassesTransform
Transforming vectordrawable-1.1.0.aar (androidx.vectordrawable:vectordrawable:1.1.0) with AarToClassTransform
Transforming vectordrawable-1.1.0.aar (androidx.vectordrawable:vectordrawable:1.1.0) with EnumerateClassesTransform
Transforming vectordrawable-1.1.0.aar (androidx.vectordrawable:vectordrawable:1.1.0) with AarToClassTransform
Transforming vectordrawable-1.1.0.aar (androidx.vectordrawable:vectordrawable:1.1.0) with EnumerateClassesTransform
Transforming viewpager-1.0.0.aar (androidx.viewpager:viewpager:1.0.0) with AarToClassTransform
Transforming viewpager-1.0.0.aar (androidx.viewpager:viewpager:1.0.0) with EnumerateClassesTransform
Transforming slidingpanelayout-1.2.0.aar (androidx.slidingpanelayout:slidingpanelayout:1.2.0) with AarToClassTransform
Transforming slidingpanelayout-1.2.0.aar (androidx.slidingpanelayout:slidingpanelayout:1.2.0) with EnumerateClassesTransform
Transforming customview-1.1.0.aar (androidx.customview:customview:1.1.0) with AarToClassTransform
Transforming customview-1.1.0.aar (androidx.customview:customview:1.1.0) with EnumerateClassesTransform
Transforming customview-1.1.0.aar (androidx.customview:customview:1.1.0) with AarToClassTransform
Transforming customview-1.1.0.aar (androidx.customview:customview:1.1.0) with EnumerateClassesTransform
Transforming transition-1.4.1.aar (androidx.transition:transition:1.4.1) with AarToClassTransform
Transforming transition-1.4.1.aar (androidx.transition:transition:1.4.1) with EnumerateClassesTransform
Transforming window-1.0.0.aar (androidx.window:window:1.0.0) with AarToClassTransform
Transforming window-1.0.0.aar (androidx.window:window:1.0.0) with EnumerateClassesTransform
Transforming autofill-1.0.0.aar (androidx.autofill:autofill:1.0.0) with AarToClassTransform
Transforming autofill-1.0.0.aar (androidx.autofill:autofill:1.0.0) with EnumerateClassesTransform
Transforming core-1.12.0.aar (androidx.core:core:1.12.0) with AarToClassTransform
Transforming core-1.12.0.aar (androidx.core:core:1.12.0) with EnumerateClassesTransform
Transforming core-1.12.0.aar (androidx.core:core:1.12.0) with AarToClassTransform
Transforming core-1.12.0.aar (androidx.core:core:1.12.0) with EnumerateClassesTransform
Transforming lifecycle-runtime-2.7.0.aar (androidx.lifecycle:lifecycle-runtime:2.7.0) with AarToClassTransform
Transforming lifecycle-runtime-2.7.0.aar (androidx.lifecycle:lifecycle-runtime:2.7.0) with EnumerateClassesTransform
Transforming lifecycle-viewmodel-2.7.0.aar (androidx.lifecycle:lifecycle-viewmodel:2.7.0) with AarToClassTransform
Transforming lifecycle-viewmodel-2.7.0.aar (androidx.lifecycle:lifecycle-viewmodel:2.7.0) with EnumerateClassesTransform
Transforming lifecycle-viewmodel-2.7.0.aar (androidx.lifecycle:lifecycle-viewmodel:2.7.0) with AarToClassTransform
Transforming lifecycle-viewmodel-2.7.0.aar (androidx.lifecycle:lifecycle-viewmodel:2.7.0) with EnumerateClassesTransform
Transforming lifecycle-livedata-ktx-2.7.0.aar (androidx.lifecycle:lifecycle-livedata-ktx:2.7.0) with AarToClassTransform
Transforming lifecycle-livedata-ktx-2.7.0.aar (androidx.lifecycle:lifecycle-livedata-ktx:2.7.0) with EnumerateClassesTransform
Transforming lifecycle-viewmodel-ktx-2.7.0.aar (androidx.lifecycle:lifecycle-viewmodel-ktx:2.7.0) with AarToClassTransform
Transforming lifecycle-viewmodel-ktx-2.7.0.aar (androidx.lifecycle:lifecycle-viewmodel-ktx:2.7.0) with EnumerateClassesTransform
Transforming room-common-2.6.1.jar (androidx.room:room-common:2.6.1) with IdentityTransform
Transforming room-common-2.6.1.jar (androidx.room:room-common:2.6.1) with EnumerateClassesTransform
Transforming room-runtime-2.6.1.aar (androidx.room:room-runtime:2.6.1) with AarToClassTransform
Transforming room-runtime-2.6.1.aar (androidx.room:room-runtime:2.6.1) with EnumerateClassesTransform
Transforming room-ktx-2.6.1.aar (androidx.room:room-ktx:2.6.1) with AarToClassTransform
Transforming room-ktx-2.6.1.aar (androidx.room:room-ktx:2.6.1) with EnumerateClassesTransform
Transforming runtime-saveable-release.aar (androidx.compose.runtime:runtime-saveable-android:1.5.4) with AarToClassTransform
Transforming runtime-saveable-release.aar (androidx.compose.runtime:runtime-saveable-android:1.5.4) with EnumerateClassesTransform
Transforming runtime-release.aar (androidx.compose.runtime:runtime-android:1.5.4) with AarToClassTransform
Transforming runtime-release.aar (androidx.compose.runtime:runtime-android:1.5.4) with EnumerateClassesTransform
Transforming kotlinx-coroutines-core-jvm-1.7.3.jar (org.jetbrains.kotlinx:kotlinx-coroutines-core-jvm:1.7.3) with IdentityTransform
Transforming kotlinx-coroutines-core-jvm-1.7.3.jar (org.jetbrains.kotlinx:kotlinx-coroutines-core-jvm:1.7.3) with EnumerateClassesTransform
Transforming kotlinx-coroutines-android-1.7.3.jar (org.jetbrains.kotlinx:kotlinx-coroutines-android:1.7.3) with IdentityTransform
Transforming kotlinx-coroutines-android-1.7.3.jar (org.jetbrains.kotlinx:kotlinx-coroutines-android:1.7.3) with EnumerateClassesTransform
Transforming logging-interceptor-4.12.0.jar (com.squareup.okhttp3:logging-interceptor:4.12.0) with IdentityTransform
Transforming logging-interceptor-4.12.0.jar (com.squareup.okhttp3:logging-interceptor:4.12.0) with EnumerateClassesTransform
Transforming converter-gson-2.9.0.jar (com.squareup.retrofit2:converter-gson:2.9.0) with IdentityTransform
Transforming converter-gson-2.9.0.jar (com.squareup.retrofit2:converter-gson:2.9.0) with EnumerateClassesTransform
Transforming retrofit-2.9.0.jar (com.squareup.retrofit2:retrofit:2.9.0) with IdentityTransform
Transforming retrofit-2.9.0.jar (com.squareup.retrofit2:retrofit:2.9.0) with EnumerateClassesTransform
Transforming okhttp-4.12.0.jar (com.squareup.okhttp3:okhttp:4.12.0) with IdentityTransform
Transforming okhttp-4.12.0.jar (com.squareup.okhttp3:okhttp:4.12.0) with EnumerateClassesTransform
Transforming okio-jvm-3.6.0.jar (com.squareup.okio:okio-jvm:3.6.0) with IdentityTransform
Transforming okio-jvm-3.6.0.jar (com.squareup.okio:okio-jvm:3.6.0) with EnumerateClassesTransform
Transforming kotlin-stdlib-jdk8-1.9.10.jar (org.jetbrains.kotlin:kotlin-stdlib-jdk8:1.9.10) with IdentityTransform
Transforming kotlin-stdlib-jdk8-1.9.10.jar (org.jetbrains.kotlin:kotlin-stdlib-jdk8:1.9.10) with EnumerateClassesTransform
Transforming cardview-1.0.0.aar (androidx.cardview:cardview:1.0.0) with AarToClassTransform
Transforming cardview-1.0.0.aar (androidx.cardview:cardview:1.0.0) with EnumerateClassesTransform
Transforming shimmer-0.5.0.aar (com.facebook.shimmer:shimmer:0.5.0) with AarToClassTransform
Transforming shimmer-0.5.0.aar (com.facebook.shimmer:shimmer:0.5.0) with EnumerateClassesTransform
Transforming cursoradapter-1.0.0.aar (androidx.cursoradapter:cursoradapter:1.0.0) with AarToClassTransform
Transforming cursoradapter-1.0.0.aar (androidx.cursoradapter:cursoradapter:1.0.0) with EnumerateClassesTransform
Transforming resourceinspection-annotation-1.0.1.jar (androidx.resourceinspection:resourceinspection-annotation:1.0.1) with IdentityTransform
Transforming resourceinspection-annotation-1.0.1.jar (androidx.resourceinspection:resourceinspection-annotation:1.0.1) with EnumerateClassesTransform
Transforming core-runtime-2.2.0.aar (androidx.arch.core:core-runtime:2.2.0) with AarToClassTransform
Transforming core-runtime-2.2.0.aar (androidx.arch.core:core-runtime:2.2.0) with EnumerateClassesTransform
Transforming sqlite-framework-2.4.0.aar (androidx.sqlite:sqlite-framework:2.4.0) with AarToClassTransform
Transforming sqlite-framework-2.4.0.aar (androidx.sqlite:sqlite-framework:2.4.0) with EnumerateClassesTransform
Transforming sqlite-2.4.0.aar (androidx.sqlite:sqlite:2.4.0) with AarToClassTransform
Transforming sqlite-2.4.0.aar (androidx.sqlite:sqlite:2.4.0) with EnumerateClassesTransform
Transforming interpolator-1.0.0.aar (androidx.interpolator:interpolator:1.0.0) with AarToClassTransform
Transforming interpolator-1.0.0.aar (androidx.interpolator:interpolator:1.0.0) with EnumerateClassesTransform
Transforming interpolator-1.0.0.aar (androidx.interpolator:interpolator:1.0.0) with AarToClassTransform
Transforming interpolator-1.0.0.aar (androidx.interpolator:interpolator:1.0.0) with EnumerateClassesTransform
Transforming versionedparcelable-1.1.1.aar (androidx.versionedparcelable:versionedparcelable:1.1.1) with AarToClassTransform
Transforming versionedparcelable-1.1.1.aar (androidx.versionedparcelable:versionedparcelable:1.1.1) with EnumerateClassesTransform
Transforming core-common-2.2.0.jar (androidx.arch.core:core-common:2.2.0) with IdentityTransform
Transforming core-common-2.2.0.jar (androidx.arch.core:core-common:2.2.0) with EnumerateClassesTransform
Transforming profileinstaller-1.3.1.aar (androidx.profileinstaller:profileinstaller:1.3.1) with AarToClassTransform
Transforming profileinstaller-1.3.1.aar (androidx.profileinstaller:profileinstaller:1.3.1) with EnumerateClassesTransform
Transforming startup-runtime-1.1.1.aar (androidx.startup:startup-runtime:1.1.1) with AarToClassTransform
Transforming startup-runtime-1.1.1.aar (androidx.startup:startup-runtime:1.1.1) with EnumerateClassesTransform
Transforming tracing-1.0.0.aar (androidx.tracing:tracing:1.0.0) with AarToClassTransform
Transforming tracing-1.0.0.aar (androidx.tracing:tracing:1.0.0) with EnumerateClassesTransform
Transforming exifinterface-1.3.6.aar (androidx.exifinterface:exifinterface:1.3.6) with AarToClassTransform
Transforming exifinterface-1.3.6.aar (androidx.exifinterface:exifinterface:1.3.6) with EnumerateClassesTransform
Transforming documentfile-1.0.0.aar (androidx.documentfile:documentfile:1.0.0) with AarToClassTransform
Transforming documentfile-1.0.0.aar (androidx.documentfile:documentfile:1.0.0) with EnumerateClassesTransform
Transforming localbroadcastmanager-1.0.0.aar (androidx.localbroadcastmanager:localbroadcastmanager:1.0.0) with AarToClassTransform
Transforming localbroadcastmanager-1.0.0.aar (androidx.localbroadcastmanager:localbroadcastmanager:1.0.0) with EnumerateClassesTransform
Transforming print-1.0.0.aar (androidx.print:print:1.0.0) with AarToClassTransform
Transforming print-1.0.0.aar (androidx.print:print:1.0.0) with EnumerateClassesTransform
Transforming collection-ktx-1.3.0.jar (androidx.collection:collection-ktx:1.3.0) with IdentityTransform
Transforming collection-ktx-1.3.0.jar (androidx.collection:collection-ktx:1.3.0) with EnumerateClassesTransform
Transforming collection-jvm-1.3.0.jar (androidx.collection:collection-jvm:1.3.0) with IdentityTransform
Transforming collection-jvm-1.3.0.jar (androidx.collection:collection-jvm:1.3.0) with EnumerateClassesTransform
Transforming concurrent-futures-1.1.0.jar (androidx.concurrent:concurrent-futures:1.1.0) with IdentityTransform
Transforming concurrent-futures-1.1.0.jar (androidx.concurrent:concurrent-futures:1.1.0) with EnumerateClassesTransform
Transforming annotation-experimental-1.3.0.aar (androidx.annotation:annotation-experimental:1.3.0) with AarToClassTransform
Transforming annotation-experimental-1.3.0.aar (androidx.annotation:annotation-experimental:1.3.0) with EnumerateClassesTransform
Transforming kotlin-stdlib-jdk7-1.9.10.jar (org.jetbrains.kotlin:kotlin-stdlib-jdk7:1.9.10) with IdentityTransform
Transforming kotlin-stdlib-jdk7-1.9.10.jar (org.jetbrains.kotlin:kotlin-stdlib-jdk7:1.9.10) with EnumerateClassesTransform
Transforming annotation-jvm-1.7.0.jar (androidx.annotation:annotation-jvm:1.7.0) with IdentityTransform
Transforming annotation-jvm-1.7.0.jar (androidx.annotation:annotation-jvm:1.7.0) with EnumerateClassesTransform
Transforming kotlin-stdlib-1.9.10.jar (org.jetbrains.kotlin:kotlin-stdlib:1.9.10) with IdentityTransform
Transforming kotlin-stdlib-1.9.10.jar (org.jetbrains.kotlin:kotlin-stdlib:1.9.10) with EnumerateClassesTransform
Transforming error_prone_annotations-2.15.0.jar (com.google.errorprone:error_prone_annotations:2.15.0) with IdentityTransform
Transforming error_prone_annotations-2.15.0.jar (com.google.errorprone:error_prone_annotations:2.15.0) with EnumerateClassesTransform
Transforming constraintlayout-core-1.0.4.jar (androidx.constraintlayout:constraintlayout-core:1.0.4) with IdentityTransform
Transforming constraintlayout-core-1.0.4.jar (androidx.constraintlayout:constraintlayout-core:1.0.4) with EnumerateClassesTransform
Transforming hilt-core-2.48.1.jar (com.google.dagger:hilt-core:2.48.1) with IdentityTransform
Transforming hilt-core-2.48.1.jar (com.google.dagger:hilt-core:2.48.1) with EnumerateClassesTransform
Transforming dagger-2.48.1.jar (com.google.dagger:dagger:2.48.1) with IdentityTransform
Transforming dagger-2.48.1.jar (com.google.dagger:dagger:2.48.1) with EnumerateClassesTransform
Transforming dagger-lint-aar-2.48.1.aar (com.google.dagger:dagger-lint-aar:2.48.1) with AarToClassTransform
Transforming dagger-lint-aar-2.48.1.aar (com.google.dagger:dagger-lint-aar:2.48.1) with EnumerateClassesTransform
Transforming jsr305-3.0.2.jar (com.google.code.findbugs:jsr305:3.0.2) with IdentityTransform
Transforming jsr305-3.0.2.jar (com.google.code.findbugs:jsr305:3.0.2) with EnumerateClassesTransform
Transforming javax.inject-1.jar (javax.inject:javax.inject:1) with IdentityTransform
Transforming javax.inject-1.jar (javax.inject:javax.inject:1) with EnumerateClassesTransform
Transforming gson-2.8.5.jar (com.google.code.gson:gson:2.8.5) with IdentityTransform
Transforming gson-2.8.5.jar (com.google.code.gson:gson:2.8.5) with EnumerateClassesTransform
Transforming kotlin-stdlib-common-1.9.10.jar (org.jetbrains.kotlin:kotlin-stdlib-common:1.9.10) with IdentityTransform
Transforming kotlin-stdlib-common-1.9.10.jar (org.jetbrains.kotlin:kotlin-stdlib-common:1.9.10) with EnumerateClassesTransform
Transforming annotations-23.0.0.jar (org.jetbrains:annotations:23.0.0) with IdentityTransform
Transforming annotations-23.0.0.jar (org.jetbrains:annotations:23.0.0) with EnumerateClassesTransform
Transforming listenablefuture-1.0.jar (com.google.guava:listenablefuture:1.0) with IdentityTransform
Transforming listenablefuture-1.0.jar (com.google.guava:listenablefuture:1.0) with EnumerateClassesTransform
Caching disabled for task ':app:checkDebugDuplicateClasses' because:
  Build cache is disabled
  Caching has been disabled for the task
Skipping task ':app:checkDebugDuplicateClasses' as it is up-to-date.
Resolve mutations for :app:mergeExtDexDebug (Thread[Execution worker Thread 4,5,main]) started.
:app:mergeExtDexDebug (Thread[Execution worker Thread 4,5,main]) started.

> Task :app:mergeExtDexDebug UP-TO-DATE
Transforming viewbinding-8.2.2.aar (androidx.databinding:viewbinding:8.2.2) with AarToClassTransform
Transforming viewbinding-8.2.2.aar (androidx.databinding:viewbinding:8.2.2) with IdentityTransform
Transforming viewbinding-8.2.2.aar (androidx.databinding:viewbinding:8.2.2) with DexingNoClasspathTransform
Transforming viewbinding-8.2.2.aar (androidx.databinding:viewbinding:8.2.2) with DexingOutputSplitTransform
Transforming navigation-common-2.7.6.aar (androidx.navigation:navigation-common:2.7.6) with AarToClassTransform
Transforming navigation-common-2.7.6.aar (androidx.navigation:navigation-common:2.7.6) with IdentityTransform
Transforming navigation-common-2.7.6.aar (androidx.navigation:navigation-common:2.7.6) with DexingNoClasspathTransform
Transforming navigation-common-2.7.6.aar (androidx.navigation:navigation-common:2.7.6) with DexingOutputSplitTransform
Transforming navigation-common-ktx-2.7.6.aar (androidx.navigation:navigation-common-ktx:2.7.6) with AarToClassTransform
Transforming navigation-common-ktx-2.7.6.aar (androidx.navigation:navigation-common-ktx:2.7.6) with IdentityTransform
Transforming navigation-common-ktx-2.7.6.aar (androidx.navigation:navigation-common-ktx:2.7.6) with DexingNoClasspathTransform
Transforming navigation-common-ktx-2.7.6.aar (androidx.navigation:navigation-common-ktx:2.7.6) with DexingOutputSplitTransform
Transforming navigation-runtime-2.7.6.aar (androidx.navigation:navigation-runtime:2.7.6) with AarToClassTransform
Transforming navigation-runtime-2.7.6.aar (androidx.navigation:navigation-runtime:2.7.6) with IdentityTransform
Transforming navigation-runtime-2.7.6.aar (androidx.navigation:navigation-runtime:2.7.6) with DexingNoClasspathTransform
Transforming navigation-runtime-2.7.6.aar (androidx.navigation:navigation-runtime:2.7.6) with DexingOutputSplitTransform
Transforming navigation-runtime-ktx-2.7.6.aar (androidx.navigation:navigation-runtime-ktx:2.7.6) with AarToClassTransform
Transforming navigation-runtime-ktx-2.7.6.aar (androidx.navigation:navigation-runtime-ktx:2.7.6) with IdentityTransform
Transforming navigation-runtime-ktx-2.7.6.aar (androidx.navigation:navigation-runtime-ktx:2.7.6) with DexingNoClasspathTransform
Transforming navigation-runtime-ktx-2.7.6.aar (androidx.navigation:navigation-runtime-ktx:2.7.6) with DexingOutputSplitTransform
Transforming navigation-fragment-2.7.6.aar (androidx.navigation:navigation-fragment:2.7.6) with AarToClassTransform
Transforming navigation-fragment-2.7.6.aar (androidx.navigation:navigation-fragment:2.7.6) with IdentityTransform
Transforming navigation-fragment-2.7.6.aar (androidx.navigation:navigation-fragment:2.7.6) with DexingNoClasspathTransform
Transforming navigation-fragment-2.7.6.aar (androidx.navigation:navigation-fragment:2.7.6) with DexingOutputSplitTransform
Transforming navigation-fragment-ktx-2.7.6.aar (androidx.navigation:navigation-fragment-ktx:2.7.6) with AarToClassTransform
Transforming navigation-fragment-ktx-2.7.6.aar (androidx.navigation:navigation-fragment-ktx:2.7.6) with IdentityTransform
Transforming navigation-fragment-ktx-2.7.6.aar (androidx.navigation:navigation-fragment-ktx:2.7.6) with DexingNoClasspathTransform
Transforming navigation-fragment-ktx-2.7.6.aar (androidx.navigation:navigation-fragment-ktx:2.7.6) with DexingOutputSplitTransform
Transforming navigation-ui-ktx-2.7.6.aar (androidx.navigation:navigation-ui-ktx:2.7.6) with AarToClassTransform
Transforming navigation-ui-ktx-2.7.6.aar (androidx.navigation:navigation-ui-ktx:2.7.6) with IdentityTransform
Transforming navigation-ui-ktx-2.7.6.aar (androidx.navigation:navigation-ui-ktx:2.7.6) with DexingNoClasspathTransform
Transforming navigation-ui-ktx-2.7.6.aar (androidx.navigation:navigation-ui-ktx:2.7.6) with DexingOutputSplitTransform
Transforming navigation-ui-2.7.6.aar (androidx.navigation:navigation-ui:2.7.6) with AarToClassTransform
Transforming navigation-ui-2.7.6.aar (androidx.navigation:navigation-ui:2.7.6) with IdentityTransform
Transforming navigation-ui-2.7.6.aar (androidx.navigation:navigation-ui:2.7.6) with DexingNoClasspathTransform
Transforming navigation-ui-2.7.6.aar (androidx.navigation:navigation-ui:2.7.6) with DexingOutputSplitTransform
Transforming material-1.11.0.aar (com.google.android.material:material:1.11.0) with AarToClassTransform
Transforming material-1.11.0.aar (com.google.android.material:material:1.11.0) with IdentityTransform
Transforming material-1.11.0.aar (com.google.android.material:material:1.11.0) with DexingNoClasspathTransform
Transforming material-1.11.0.aar (com.google.android.material:material:1.11.0) with DexingOutputSplitTransform
Transforming constraintlayout-2.1.4.aar (androidx.constraintlayout:constraintlayout:2.1.4) with AarToClassTransform
Transforming constraintlayout-2.1.4.aar (androidx.constraintlayout:constraintlayout:2.1.4) with IdentityTransform
Transforming constraintlayout-2.1.4.aar (androidx.constraintlayout:constraintlayout:2.1.4) with DexingNoClasspathTransform
Transforming constraintlayout-2.1.4.aar (androidx.constraintlayout:constraintlayout:2.1.4) with DexingOutputSplitTransform
Transforming lottie-6.2.0.aar (com.airbnb.android:lottie:6.2.0) with AarToClassTransform
Transforming lottie-6.2.0.aar (com.airbnb.android:lottie:6.2.0) with IdentityTransform
Transforming lottie-6.2.0.aar (com.airbnb.android:lottie:6.2.0) with DexingNoClasspathTransform
Transforming lottie-6.2.0.aar (com.airbnb.android:lottie:6.2.0) with DexingOutputSplitTransform
Transforming coil-compose-2.5.0.aar (io.coil-kt:coil-compose:2.5.0) with AarToClassTransform
Transforming coil-compose-2.5.0.aar (io.coil-kt:coil-compose:2.5.0) with IdentityTransform
Transforming coil-compose-2.5.0.aar (io.coil-kt:coil-compose:2.5.0) with DexingNoClasspathTransform
Transforming coil-compose-2.5.0.aar (io.coil-kt:coil-compose:2.5.0) with DexingOutputSplitTransform
Transforming coil-2.5.0.aar (io.coil-kt:coil:2.5.0) with AarToClassTransform
Transforming coil-2.5.0.aar (io.coil-kt:coil:2.5.0) with IdentityTransform
Transforming coil-2.5.0.aar (io.coil-kt:coil:2.5.0) with DexingNoClasspathTransform
Transforming coil-2.5.0.aar (io.coil-kt:coil:2.5.0) with DexingOutputSplitTransform
Transforming coil-compose-base-2.5.0.aar (io.coil-kt:coil-compose-base:2.5.0) with AarToClassTransform
Transforming coil-compose-base-2.5.0.aar (io.coil-kt:coil-compose-base:2.5.0) with IdentityTransform
Transforming coil-compose-base-2.5.0.aar (io.coil-kt:coil-compose-base:2.5.0) with DexingNoClasspathTransform
Transforming coil-compose-base-2.5.0.aar (io.coil-kt:coil-compose-base:2.5.0) with DexingOutputSplitTransform
Transforming coil-base-2.5.0.aar (io.coil-kt:coil-base:2.5.0) with AarToClassTransform
Transforming coil-base-2.5.0.aar (io.coil-kt:coil-base:2.5.0) with IdentityTransform
Transforming coil-base-2.5.0.aar (io.coil-kt:coil-base:2.5.0) with DexingNoClasspathTransform
Transforming coil-base-2.5.0.aar (io.coil-kt:coil-base:2.5.0) with DexingOutputSplitTransform
Transforming appcompat-resources-1.6.1.aar (androidx.appcompat:appcompat-resources:1.6.1) with AarToClassTransform
Transforming appcompat-resources-1.6.1.aar (androidx.appcompat:appcompat-resources:1.6.1) with IdentityTransform
Transforming appcompat-resources-1.6.1.aar (androidx.appcompat:appcompat-resources:1.6.1) with DexingNoClasspathTransform
Transforming appcompat-resources-1.6.1.aar (androidx.appcompat:appcompat-resources:1.6.1) with DexingOutputSplitTransform
Transforming preference-ktx-1.2.1.aar (androidx.preference:preference-ktx:1.2.1) with AarToClassTransform
Transforming preference-ktx-1.2.1.aar (androidx.preference:preference-ktx:1.2.1) with IdentityTransform
Transforming preference-ktx-1.2.1.aar (androidx.preference:preference-ktx:1.2.1) with DexingNoClasspathTransform
Transforming preference-ktx-1.2.1.aar (androidx.preference:preference-ktx:1.2.1) with DexingOutputSplitTransform
Transforming preference-1.2.1.aar (androidx.preference:preference:1.2.1) with AarToClassTransform
Transforming preference-1.2.1.aar (androidx.preference:preference:1.2.1) with IdentityTransform
Transforming preference-1.2.1.aar (androidx.preference:preference:1.2.1) with DexingNoClasspathTransform
Transforming preference-1.2.1.aar (androidx.preference:preference:1.2.1) with DexingOutputSplitTransform
Transforming appcompat-1.6.1.aar (androidx.appcompat:appcompat:1.6.1) with AarToClassTransform
Transforming appcompat-1.6.1.aar (androidx.appcompat:appcompat:1.6.1) with IdentityTransform
Transforming appcompat-1.6.1.aar (androidx.appcompat:appcompat:1.6.1) with DexingNoClasspathTransform
Transforming appcompat-1.6.1.aar (androidx.appcompat:appcompat:1.6.1) with DexingOutputSplitTransform
Transforming hilt-android-2.48.1.aar (com.google.dagger:hilt-android:2.48.1) with AarToClassTransform
Transforming hilt-android-2.48.1.aar (com.google.dagger:hilt-android:2.48.1) with IdentityTransform
Transforming hilt-android-2.48.1.aar (com.google.dagger:hilt-android:2.48.1) with DexingNoClasspathTransform
Transforming hilt-android-2.48.1.aar (com.google.dagger:hilt-android:2.48.1) with DexingOutputSplitTransform
Transforming paging-common-3.2.1.jar (androidx.paging:paging-common:3.2.1) with IdentityTransform
Transforming paging-common-3.2.1.jar (androidx.paging:paging-common:3.2.1) with IdentityTransform
Transforming paging-common-3.2.1.jar (androidx.paging:paging-common:3.2.1) with DexingNoClasspathTransform
Transforming paging-common-3.2.1.jar (androidx.paging:paging-common:3.2.1) with DexingOutputSplitTransform
Transforming paging-common-ktx-3.2.1.jar (androidx.paging:paging-common-ktx:3.2.1) with IdentityTransform
Transforming paging-common-ktx-3.2.1.jar (androidx.paging:paging-common-ktx:3.2.1) with IdentityTransform
Transforming paging-common-ktx-3.2.1.jar (androidx.paging:paging-common-ktx:3.2.1) with DexingNoClasspathTransform
Transforming paging-common-ktx-3.2.1.jar (androidx.paging:paging-common-ktx:3.2.1) with DexingOutputSplitTransform
Transforming paging-runtime-ktx-3.2.1.aar (androidx.paging:paging-runtime-ktx:3.2.1) with AarToClassTransform
Transforming paging-runtime-ktx-3.2.1.aar (androidx.paging:paging-runtime-ktx:3.2.1) with IdentityTransform
Transforming paging-runtime-ktx-3.2.1.aar (androidx.paging:paging-runtime-ktx:3.2.1) with DexingNoClasspathTransform
Transforming paging-runtime-ktx-3.2.1.aar (androidx.paging:paging-runtime-ktx:3.2.1) with DexingOutputSplitTransform
Transforming paging-runtime-3.2.1.aar (androidx.paging:paging-runtime:3.2.1) with AarToClassTransform
Transforming paging-runtime-3.2.1.aar (androidx.paging:paging-runtime:3.2.1) with IdentityTransform
Transforming paging-runtime-3.2.1.aar (androidx.paging:paging-runtime:3.2.1) with DexingNoClasspathTransform
Transforming paging-runtime-3.2.1.aar (androidx.paging:paging-runtime:3.2.1) with DexingOutputSplitTransform
Transforming recyclerview-1.3.2.aar (androidx.recyclerview:recyclerview:1.3.2) with AarToClassTransform
Transforming recyclerview-1.3.2.aar (androidx.recyclerview:recyclerview:1.3.2) with IdentityTransform
Transforming recyclerview-1.3.2.aar (androidx.recyclerview:recyclerview:1.3.2) with DexingNoClasspathTransform
Transforming recyclerview-1.3.2.aar (androidx.recyclerview:recyclerview:1.3.2) with DexingOutputSplitTransform
Transforming viewpager2-1.1.0-beta02.aar (androidx.viewpager2:viewpager2:1.1.0-beta02) with AarToClassTransform
Transforming viewpager2-1.1.0-beta02.aar (androidx.viewpager2:viewpager2:1.1.0-beta02) with IdentityTransform
Transforming viewpager2-1.1.0-beta02.aar (androidx.viewpager2:viewpager2:1.1.0-beta02) with DexingNoClasspathTransform
Transforming viewpager2-1.1.0-beta02.aar (androidx.viewpager2:viewpager2:1.1.0-beta02) with DexingOutputSplitTransform
Transforming fragment-1.6.2.aar (androidx.fragment:fragment:1.6.2) with AarToClassTransform
Transforming fragment-1.6.2.aar (androidx.fragment:fragment:1.6.2) with IdentityTransform
Transforming fragment-1.6.2.aar (androidx.fragment:fragment:1.6.2) with DexingNoClasspathTransform
Transforming fragment-1.6.2.aar (androidx.fragment:fragment:1.6.2) with DexingOutputSplitTransform
Transforming fragment-ktx-1.6.2.aar (androidx.fragment:fragment-ktx:1.6.2) with AarToClassTransform
Transforming fragment-ktx-1.6.2.aar (androidx.fragment:fragment-ktx:1.6.2) with IdentityTransform
Transforming fragment-ktx-1.6.2.aar (androidx.fragment:fragment-ktx:1.6.2) with DexingNoClasspathTransform
Transforming fragment-ktx-1.6.2.aar (androidx.fragment:fragment-ktx:1.6.2) with DexingOutputSplitTransform
Transforming activity-1.8.2.aar (androidx.activity:activity:1.8.2) with AarToClassTransform
Transforming activity-1.8.2.aar (androidx.activity:activity:1.8.2) with IdentityTransform
Transforming activity-1.8.2.aar (androidx.activity:activity:1.8.2) with DexingNoClasspathTransform
Transforming activity-1.8.2.aar (androidx.activity:activity:1.8.2) with DexingOutputSplitTransform
Transforming accompanist-drawablepainter-0.32.0.aar (com.google.accompanist:accompanist-drawablepainter:0.32.0) with AarToClassTransform
Transforming accompanist-drawablepainter-0.32.0.aar (com.google.accompanist:accompanist-drawablepainter:0.32.0) with IdentityTransform
Transforming accompanist-drawablepainter-0.32.0.aar (com.google.accompanist:accompanist-drawablepainter:0.32.0) with DexingNoClasspathTransform
Transforming accompanist-drawablepainter-0.32.0.aar (com.google.accompanist:accompanist-drawablepainter:0.32.0) with DexingOutputSplitTransform
Transforming animation-core-release.aar (androidx.compose.animation:animation-core-android:1.5.4) with AarToClassTransform
Transforming animation-core-release.aar (androidx.compose.animation:animation-core-android:1.5.4) with IdentityTransform
Transforming animation-core-release.aar (androidx.compose.animation:animation-core-android:1.5.4) with DexingNoClasspathTransform
Transforming animation-core-release.aar (androidx.compose.animation:animation-core-android:1.5.4) with DexingOutputSplitTransform
Transforming animation-release.aar (androidx.compose.animation:animation-android:1.5.4) with AarToClassTransform
Transforming animation-release.aar (androidx.compose.animation:animation-android:1.5.4) with IdentityTransform
Transforming animation-release.aar (androidx.compose.animation:animation-android:1.5.4) with DexingNoClasspathTransform
Transforming animation-release.aar (androidx.compose.animation:animation-android:1.5.4) with DexingOutputSplitTransform
Transforming foundation-layout-release.aar (androidx.compose.foundation:foundation-layout-android:1.5.4) with AarToClassTransform
Transforming foundation-layout-release.aar (androidx.compose.foundation:foundation-layout-android:1.5.4) with IdentityTransform
Transforming foundation-layout-release.aar (androidx.compose.foundation:foundation-layout-android:1.5.4) with DexingNoClasspathTransform
Transforming foundation-layout-release.aar (androidx.compose.foundation:foundation-layout-android:1.5.4) with DexingOutputSplitTransform
Transforming foundation-release.aar (androidx.compose.foundation:foundation-android:1.5.4) with AarToClassTransform
Transforming foundation-release.aar (androidx.compose.foundation:foundation-android:1.5.4) with IdentityTransform
Transforming foundation-release.aar (androidx.compose.foundation:foundation-android:1.5.4) with DexingNoClasspathTransform
Transforming foundation-release.aar (androidx.compose.foundation:foundation-android:1.5.4) with DexingOutputSplitTransform
Transforming ui-unit-release.aar (androidx.compose.ui:ui-unit-android:1.5.4) with AarToClassTransform
Transforming ui-unit-release.aar (androidx.compose.ui:ui-unit-android:1.5.4) with IdentityTransform
Transforming ui-unit-release.aar (androidx.compose.ui:ui-unit-android:1.5.4) with DexingNoClasspathTransform
Transforming ui-unit-release.aar (androidx.compose.ui:ui-unit-android:1.5.4) with DexingOutputSplitTransform
Transforming ui-graphics-release.aar (androidx.compose.ui:ui-graphics-android:1.5.4) with AarToClassTransform
Transforming ui-graphics-release.aar (androidx.compose.ui:ui-graphics-android:1.5.4) with IdentityTransform
Transforming ui-graphics-release.aar (androidx.compose.ui:ui-graphics-android:1.5.4) with DexingNoClasspathTransform
Transforming ui-graphics-release.aar (androidx.compose.ui:ui-graphics-android:1.5.4) with DexingOutputSplitTransform
Transforming ui-geometry-release.aar (androidx.compose.ui:ui-geometry-android:1.5.4) with AarToClassTransform
Transforming ui-geometry-release.aar (androidx.compose.ui:ui-geometry-android:1.5.4) with IdentityTransform
Transforming ui-geometry-release.aar (androidx.compose.ui:ui-geometry-android:1.5.4) with DexingNoClasspathTransform
Transforming ui-geometry-release.aar (androidx.compose.ui:ui-geometry-android:1.5.4) with DexingOutputSplitTransform
Transforming ui-util-release.aar (androidx.compose.ui:ui-util-android:1.5.4) with AarToClassTransform
Transforming ui-util-release.aar (androidx.compose.ui:ui-util-android:1.5.4) with IdentityTransform
Transforming ui-util-release.aar (androidx.compose.ui:ui-util-android:1.5.4) with DexingNoClasspathTransform
Transforming ui-util-release.aar (androidx.compose.ui:ui-util-android:1.5.4) with DexingOutputSplitTransform
Transforming ui-text-release.aar (androidx.compose.ui:ui-text-android:1.5.4) with AarToClassTransform
Transforming ui-text-release.aar (androidx.compose.ui:ui-text-android:1.5.4) with IdentityTransform
Transforming ui-text-release.aar (androidx.compose.ui:ui-text-android:1.5.4) with DexingNoClasspathTransform
Transforming ui-text-release.aar (androidx.compose.ui:ui-text-android:1.5.4) with DexingOutputSplitTransform
Transforming ui-release.aar (androidx.compose.ui:ui-android:1.5.4) with AarToClassTransform
Transforming ui-release.aar (androidx.compose.ui:ui-android:1.5.4) with IdentityTransform
Transforming ui-release.aar (androidx.compose.ui:ui-android:1.5.4) with DexingNoClasspathTransform
Transforming ui-release.aar (androidx.compose.ui:ui-android:1.5.4) with DexingOutputSplitTransform
Transforming activity-ktx-1.8.2.aar (androidx.activity:activity-ktx:1.8.2) with AarToClassTransform
Transforming activity-ktx-1.8.2.aar (androidx.activity:activity-ktx:1.8.2) with IdentityTransform
Transforming activity-ktx-1.8.2.aar (androidx.activity:activity-ktx:1.8.2) with DexingNoClasspathTransform
Transforming activity-ktx-1.8.2.aar (androidx.activity:activity-ktx:1.8.2) with DexingOutputSplitTransform
Transforming emoji2-views-helper-1.4.0.aar (androidx.emoji2:emoji2-views-helper:1.4.0) with AarToClassTransform
Transforming emoji2-views-helper-1.4.0.aar (androidx.emoji2:emoji2-views-helper:1.4.0) with IdentityTransform
Transforming emoji2-views-helper-1.4.0.aar (androidx.emoji2:emoji2-views-helper:1.4.0) with DexingNoClasspathTransform
Transforming emoji2-views-helper-1.4.0.aar (androidx.emoji2:emoji2-views-helper:1.4.0) with DexingOutputSplitTransform
Transforming emoji2-1.4.0.aar (androidx.emoji2:emoji2:1.4.0) with AarToClassTransform
Transforming emoji2-1.4.0.aar (androidx.emoji2:emoji2:1.4.0) with IdentityTransform
Transforming emoji2-1.4.0.aar (androidx.emoji2:emoji2:1.4.0) with DexingNoClasspathTransform
Transforming emoji2-1.4.0.aar (androidx.emoji2:emoji2:1.4.0) with DexingOutputSplitTransform
Transforming lifecycle-process-2.7.0.aar (androidx.lifecycle:lifecycle-process:2.7.0) with AarToClassTransform
Transforming lifecycle-process-2.7.0.aar (androidx.lifecycle:lifecycle-process:2.7.0) with IdentityTransform
Transforming lifecycle-process-2.7.0.aar (androidx.lifecycle:lifecycle-process:2.7.0) with DexingNoClasspathTransform
Transforming lifecycle-process-2.7.0.aar (androidx.lifecycle:lifecycle-process:2.7.0) with DexingOutputSplitTransform
Transforming lifecycle-livedata-core-2.7.0.aar (androidx.lifecycle:lifecycle-livedata-core:2.7.0) with AarToClassTransform
Transforming lifecycle-livedata-core-2.7.0.aar (androidx.lifecycle:lifecycle-livedata-core:2.7.0) with IdentityTransform
Transforming lifecycle-livedata-core-2.7.0.aar (androidx.lifecycle:lifecycle-livedata-core:2.7.0) with DexingNoClasspathTransform
Transforming lifecycle-livedata-core-2.7.0.aar (androidx.lifecycle:lifecycle-livedata-core:2.7.0) with DexingOutputSplitTransform
Transforming savedstate-ktx-1.2.1.aar (androidx.savedstate:savedstate-ktx:1.2.1) with AarToClassTransform
Transforming savedstate-ktx-1.2.1.aar (androidx.savedstate:savedstate-ktx:1.2.1) with IdentityTransform
Transforming savedstate-ktx-1.2.1.aar (androidx.savedstate:savedstate-ktx:1.2.1) with DexingNoClasspathTransform
Transforming savedstate-ktx-1.2.1.aar (androidx.savedstate:savedstate-ktx:1.2.1) with DexingOutputSplitTransform
Transforming savedstate-1.2.1.aar (androidx.savedstate:savedstate:1.2.1) with AarToClassTransform
Transforming savedstate-1.2.1.aar (androidx.savedstate:savedstate:1.2.1) with IdentityTransform
Transforming savedstate-1.2.1.aar (androidx.savedstate:savedstate:1.2.1) with DexingNoClasspathTransform
Transforming savedstate-1.2.1.aar (androidx.savedstate:savedstate:1.2.1) with DexingOutputSplitTransform
Transforming lifecycle-common-2.7.0.jar (androidx.lifecycle:lifecycle-common:2.7.0) with IdentityTransform
Transforming lifecycle-common-2.7.0.jar (androidx.lifecycle:lifecycle-common:2.7.0) with IdentityTransform
Transforming lifecycle-common-2.7.0.jar (androidx.lifecycle:lifecycle-common:2.7.0) with DexingNoClasspathTransform
Transforming lifecycle-common-2.7.0.jar (androidx.lifecycle:lifecycle-common:2.7.0) with DexingOutputSplitTransform
Transforming lifecycle-runtime-ktx-2.7.0.aar (androidx.lifecycle:lifecycle-runtime-ktx:2.7.0) with AarToClassTransform
Transforming lifecycle-runtime-ktx-2.7.0.aar (androidx.lifecycle:lifecycle-runtime-ktx:2.7.0) with IdentityTransform
Transforming lifecycle-runtime-ktx-2.7.0.aar (androidx.lifecycle:lifecycle-runtime-ktx:2.7.0) with DexingNoClasspathTransform
Transforming lifecycle-runtime-ktx-2.7.0.aar (androidx.lifecycle:lifecycle-runtime-ktx:2.7.0) with DexingOutputSplitTransform
Transforming lifecycle-livedata-core-ktx-2.7.0.aar (androidx.lifecycle:lifecycle-livedata-core-ktx:2.7.0) with AarToClassTransform
Transforming lifecycle-livedata-core-ktx-2.7.0.aar (androidx.lifecycle:lifecycle-livedata-core-ktx:2.7.0) with IdentityTransform
Transforming lifecycle-livedata-core-ktx-2.7.0.aar (androidx.lifecycle:lifecycle-livedata-core-ktx:2.7.0) with DexingNoClasspathTransform
Transforming lifecycle-livedata-core-ktx-2.7.0.aar (androidx.lifecycle:lifecycle-livedata-core-ktx:2.7.0) with DexingOutputSplitTransform
Transforming dynamicanimation-1.0.0.aar (androidx.dynamicanimation:dynamicanimation:1.0.0) with AarToClassTransform
Transforming dynamicanimation-1.0.0.aar (androidx.dynamicanimation:dynamicanimation:1.0.0) with IdentityTransform
Transforming dynamicanimation-1.0.0.aar (androidx.dynamicanimation:dynamicanimation:1.0.0) with DexingNoClasspathTransform
Transforming dynamicanimation-1.0.0.aar (androidx.dynamicanimation:dynamicanimation:1.0.0) with DexingOutputSplitTransform
Transforming legacy-support-core-utils-1.0.0.aar (androidx.legacy:legacy-support-core-utils:1.0.0) with AarToClassTransform
Transforming legacy-support-core-utils-1.0.0.aar (androidx.legacy:legacy-support-core-utils:1.0.0) with IdentityTransform
Transforming legacy-support-core-utils-1.0.0.aar (androidx.legacy:legacy-support-core-utils:1.0.0) with DexingNoClasspathTransform
Transforming legacy-support-core-utils-1.0.0.aar (androidx.legacy:legacy-support-core-utils:1.0.0) with DexingOutputSplitTransform
Transforming loader-1.0.0.aar (androidx.loader:loader:1.0.0) with AarToClassTransform
Transforming loader-1.0.0.aar (androidx.loader:loader:1.0.0) with IdentityTransform
Transforming loader-1.0.0.aar (androidx.loader:loader:1.0.0) with DexingNoClasspathTransform
Transforming loader-1.0.0.aar (androidx.loader:loader:1.0.0) with DexingOutputSplitTransform
Transforming loader-1.0.0.aar (androidx.loader:loader:1.0.0) with AarToClassTransform
Transforming loader-1.0.0.aar (androidx.loader:loader:1.0.0) with IdentityTransform
Transforming loader-1.0.0.aar (androidx.loader:loader:1.0.0) with DexingNoClasspathTransform
Transforming loader-1.0.0.aar (androidx.loader:loader:1.0.0) with DexingOutputSplitTransform
Transforming lifecycle-livedata-2.7.0.aar (androidx.lifecycle:lifecycle-livedata:2.7.0) with AarToClassTransform
Transforming lifecycle-livedata-2.7.0.aar (androidx.lifecycle:lifecycle-livedata:2.7.0) with IdentityTransform
Transforming lifecycle-livedata-2.7.0.aar (androidx.lifecycle:lifecycle-livedata:2.7.0) with DexingNoClasspathTransform
Transforming lifecycle-livedata-2.7.0.aar (androidx.lifecycle:lifecycle-livedata:2.7.0) with DexingOutputSplitTransform
Transforming lifecycle-livedata-2.7.0.aar (androidx.lifecycle:lifecycle-livedata:2.7.0) with AarToClassTransform
Transforming lifecycle-livedata-2.7.0.aar (androidx.lifecycle:lifecycle-livedata:2.7.0) with IdentityTransform
Transforming lifecycle-livedata-2.7.0.aar (androidx.lifecycle:lifecycle-livedata:2.7.0) with DexingNoClasspathTransform
Transforming lifecycle-livedata-2.7.0.aar (androidx.lifecycle:lifecycle-livedata:2.7.0) with DexingOutputSplitTransform
Transforming lifecycle-viewmodel-savedstate-2.7.0.aar (androidx.lifecycle:lifecycle-viewmodel-savedstate:2.7.0) with AarToClassTransform
Transforming lifecycle-viewmodel-savedstate-2.7.0.aar (androidx.lifecycle:lifecycle-viewmodel-savedstate:2.7.0) with IdentityTransform
Transforming lifecycle-viewmodel-savedstate-2.7.0.aar (androidx.lifecycle:lifecycle-viewmodel-savedstate:2.7.0) with DexingNoClasspathTransform
Transforming lifecycle-viewmodel-savedstate-2.7.0.aar (androidx.lifecycle:lifecycle-viewmodel-savedstate:2.7.0) with DexingOutputSplitTransform
Transforming customview-poolingcontainer-1.0.0.aar (androidx.customview:customview-poolingcontainer:1.0.0) with AarToClassTransform
Transforming customview-poolingcontainer-1.0.0.aar (androidx.customview:customview-poolingcontainer:1.0.0) with IdentityTransform
Transforming customview-poolingcontainer-1.0.0.aar (androidx.customview:customview-poolingcontainer:1.0.0) with DexingNoClasspathTransform
Transforming customview-poolingcontainer-1.0.0.aar (androidx.customview:customview-poolingcontainer:1.0.0) with DexingOutputSplitTransform
Transforming core-ktx-1.12.0.aar (androidx.core:core-ktx:1.12.0) with AarToClassTransform
Transforming core-ktx-1.12.0.aar (androidx.core:core-ktx:1.12.0) with IdentityTransform
Transforming core-ktx-1.12.0.aar (androidx.core:core-ktx:1.12.0) with DexingNoClasspathTransform
Transforming core-ktx-1.12.0.aar (androidx.core:core-ktx:1.12.0) with DexingOutputSplitTransform
Transforming swiperefreshlayout-1.1.0.aar (androidx.swiperefreshlayout:swiperefreshlayout:1.1.0) with AarToClassTransform
Transforming swiperefreshlayout-1.1.0.aar (androidx.swiperefreshlayout:swiperefreshlayout:1.1.0) with IdentityTransform
Transforming swiperefreshlayout-1.1.0.aar (androidx.swiperefreshlayout:swiperefreshlayout:1.1.0) with DexingNoClasspathTransform
Transforming swiperefreshlayout-1.1.0.aar (androidx.swiperefreshlayout:swiperefreshlayout:1.1.0) with DexingOutputSplitTransform
Transforming drawerlayout-1.1.1.aar (androidx.drawerlayout:drawerlayout:1.1.1) with AarToClassTransform
Transforming drawerlayout-1.1.1.aar (androidx.drawerlayout:drawerlayout:1.1.1) with IdentityTransform
Transforming drawerlayout-1.1.1.aar (androidx.drawerlayout:drawerlayout:1.1.1) with DexingNoClasspathTransform
Transforming drawerlayout-1.1.1.aar (androidx.drawerlayout:drawerlayout:1.1.1) with DexingOutputSplitTransform
Transforming coordinatorlayout-1.1.0.aar (androidx.coordinatorlayout:coordinatorlayout:1.1.0) with AarToClassTransform
Transforming coordinatorlayout-1.1.0.aar (androidx.coordinatorlayout:coordinatorlayout:1.1.0) with IdentityTransform
Transforming coordinatorlayout-1.1.0.aar (androidx.coordinatorlayout:coordinatorlayout:1.1.0) with DexingNoClasspathTransform
Transforming coordinatorlayout-1.1.0.aar (androidx.coordinatorlayout:coordinatorlayout:1.1.0) with DexingOutputSplitTransform
Transforming vectordrawable-animated-1.1.0.aar (androidx.vectordrawable:vectordrawable-animated:1.1.0) with AarToClassTransform
Transforming vectordrawable-animated-1.1.0.aar (androidx.vectordrawable:vectordrawable-animated:1.1.0) with IdentityTransform
Transforming vectordrawable-animated-1.1.0.aar (androidx.vectordrawable:vectordrawable-animated:1.1.0) with DexingNoClasspathTransform
Transforming vectordrawable-animated-1.1.0.aar (androidx.vectordrawable:vectordrawable-animated:1.1.0) with DexingOutputSplitTransform
Transforming vectordrawable-1.1.0.aar (androidx.vectordrawable:vectordrawable:1.1.0) with AarToClassTransform
Transforming vectordrawable-1.1.0.aar (androidx.vectordrawable:vectordrawable:1.1.0) with IdentityTransform
Transforming vectordrawable-1.1.0.aar (androidx.vectordrawable:vectordrawable:1.1.0) with DexingNoClasspathTransform
Transforming vectordrawable-1.1.0.aar (androidx.vectordrawable:vectordrawable:1.1.0) with DexingOutputSplitTransform
Transforming vectordrawable-1.1.0.aar (androidx.vectordrawable:vectordrawable:1.1.0) with AarToClassTransform
Transforming vectordrawable-1.1.0.aar (androidx.vectordrawable:vectordrawable:1.1.0) with IdentityTransform
Transforming vectordrawable-1.1.0.aar (androidx.vectordrawable:vectordrawable:1.1.0) with DexingNoClasspathTransform
Transforming vectordrawable-1.1.0.aar (androidx.vectordrawable:vectordrawable:1.1.0) with DexingOutputSplitTransform
Transforming viewpager-1.0.0.aar (androidx.viewpager:viewpager:1.0.0) with AarToClassTransform
Transforming viewpager-1.0.0.aar (androidx.viewpager:viewpager:1.0.0) with IdentityTransform
Transforming viewpager-1.0.0.aar (androidx.viewpager:viewpager:1.0.0) with DexingNoClasspathTransform
Transforming viewpager-1.0.0.aar (androidx.viewpager:viewpager:1.0.0) with DexingOutputSplitTransform
Transforming slidingpanelayout-1.2.0.aar (androidx.slidingpanelayout:slidingpanelayout:1.2.0) with AarToClassTransform
Transforming slidingpanelayout-1.2.0.aar (androidx.slidingpanelayout:slidingpanelayout:1.2.0) with IdentityTransform
Transforming slidingpanelayout-1.2.0.aar (androidx.slidingpanelayout:slidingpanelayout:1.2.0) with DexingNoClasspathTransform
Transforming slidingpanelayout-1.2.0.aar (androidx.slidingpanelayout:slidingpanelayout:1.2.0) with DexingOutputSplitTransform
Transforming customview-1.1.0.aar (androidx.customview:customview:1.1.0) with AarToClassTransform
Transforming customview-1.1.0.aar (androidx.customview:customview:1.1.0) with IdentityTransform
Transforming customview-1.1.0.aar (androidx.customview:customview:1.1.0) with DexingNoClasspathTransform
Transforming customview-1.1.0.aar (androidx.customview:customview:1.1.0) with DexingOutputSplitTransform
Transforming customview-1.1.0.aar (androidx.customview:customview:1.1.0) with AarToClassTransform
Transforming customview-1.1.0.aar (androidx.customview:customview:1.1.0) with IdentityTransform
Transforming customview-1.1.0.aar (androidx.customview:customview:1.1.0) with DexingNoClasspathTransform
Transforming customview-1.1.0.aar (androidx.customview:customview:1.1.0) with DexingOutputSplitTransform
Transforming transition-1.4.1.aar (androidx.transition:transition:1.4.1) with AarToClassTransform
Transforming transition-1.4.1.aar (androidx.transition:transition:1.4.1) with IdentityTransform
Transforming transition-1.4.1.aar (androidx.transition:transition:1.4.1) with DexingNoClasspathTransform
Transforming transition-1.4.1.aar (androidx.transition:transition:1.4.1) with DexingOutputSplitTransform
Transforming window-1.0.0.aar (androidx.window:window:1.0.0) with AarToClassTransform
Transforming window-1.0.0.aar (androidx.window:window:1.0.0) with IdentityTransform
Transforming window-1.0.0.aar (androidx.window:window:1.0.0) with DexingNoClasspathTransform
Transforming window-1.0.0.aar (androidx.window:window:1.0.0) with DexingOutputSplitTransform
Transforming autofill-1.0.0.aar (androidx.autofill:autofill:1.0.0) with AarToClassTransform
Transforming autofill-1.0.0.aar (androidx.autofill:autofill:1.0.0) with IdentityTransform
Transforming autofill-1.0.0.aar (androidx.autofill:autofill:1.0.0) with DexingNoClasspathTransform
Transforming autofill-1.0.0.aar (androidx.autofill:autofill:1.0.0) with DexingOutputSplitTransform
Transforming core-1.12.0.aar (androidx.core:core:1.12.0) with AarToClassTransform
Transforming core-1.12.0.aar (androidx.core:core:1.12.0) with IdentityTransform
Transforming core-1.12.0.aar (androidx.core:core:1.12.0) with DexingNoClasspathTransform
Transforming core-1.12.0.aar (androidx.core:core:1.12.0) with DexingOutputSplitTransform
Transforming core-1.12.0.aar (androidx.core:core:1.12.0) with AarToClassTransform
Transforming core-1.12.0.aar (androidx.core:core:1.12.0) with IdentityTransform
Transforming core-1.12.0.aar (androidx.core:core:1.12.0) with DexingNoClasspathTransform
Transforming core-1.12.0.aar (androidx.core:core:1.12.0) with DexingOutputSplitTransform
Transforming lifecycle-runtime-2.7.0.aar (androidx.lifecycle:lifecycle-runtime:2.7.0) with AarToClassTransform
Transforming lifecycle-runtime-2.7.0.aar (androidx.lifecycle:lifecycle-runtime:2.7.0) with IdentityTransform
Transforming lifecycle-runtime-2.7.0.aar (androidx.lifecycle:lifecycle-runtime:2.7.0) with DexingNoClasspathTransform
Transforming lifecycle-runtime-2.7.0.aar (androidx.lifecycle:lifecycle-runtime:2.7.0) with DexingOutputSplitTransform
Transforming lifecycle-viewmodel-2.7.0.aar (androidx.lifecycle:lifecycle-viewmodel:2.7.0) with AarToClassTransform
Transforming lifecycle-viewmodel-2.7.0.aar (androidx.lifecycle:lifecycle-viewmodel:2.7.0) with IdentityTransform
Transforming lifecycle-viewmodel-2.7.0.aar (androidx.lifecycle:lifecycle-viewmodel:2.7.0) with DexingNoClasspathTransform
Transforming lifecycle-viewmodel-2.7.0.aar (androidx.lifecycle:lifecycle-viewmodel:2.7.0) with DexingOutputSplitTransform
Transforming lifecycle-viewmodel-2.7.0.aar (androidx.lifecycle:lifecycle-viewmodel:2.7.0) with AarToClassTransform
Transforming lifecycle-viewmodel-2.7.0.aar (androidx.lifecycle:lifecycle-viewmodel:2.7.0) with IdentityTransform
Transforming lifecycle-viewmodel-2.7.0.aar (androidx.lifecycle:lifecycle-viewmodel:2.7.0) with DexingNoClasspathTransform
Transforming lifecycle-viewmodel-2.7.0.aar (androidx.lifecycle:lifecycle-viewmodel:2.7.0) with DexingOutputSplitTransform
Transforming lifecycle-livedata-ktx-2.7.0.aar (androidx.lifecycle:lifecycle-livedata-ktx:2.7.0) with AarToClassTransform
Transforming lifecycle-livedata-ktx-2.7.0.aar (androidx.lifecycle:lifecycle-livedata-ktx:2.7.0) with IdentityTransform
Transforming lifecycle-livedata-ktx-2.7.0.aar (androidx.lifecycle:lifecycle-livedata-ktx:2.7.0) with DexingNoClasspathTransform
Transforming lifecycle-livedata-ktx-2.7.0.aar (androidx.lifecycle:lifecycle-livedata-ktx:2.7.0) with DexingOutputSplitTransform
Transforming lifecycle-viewmodel-ktx-2.7.0.aar (androidx.lifecycle:lifecycle-viewmodel-ktx:2.7.0) with AarToClassTransform
Transforming lifecycle-viewmodel-ktx-2.7.0.aar (androidx.lifecycle:lifecycle-viewmodel-ktx:2.7.0) with IdentityTransform
Transforming lifecycle-viewmodel-ktx-2.7.0.aar (androidx.lifecycle:lifecycle-viewmodel-ktx:2.7.0) with DexingNoClasspathTransform
Transforming lifecycle-viewmodel-ktx-2.7.0.aar (androidx.lifecycle:lifecycle-viewmodel-ktx:2.7.0) with DexingOutputSplitTransform
Transforming room-common-2.6.1.jar (androidx.room:room-common:2.6.1) with IdentityTransform
Transforming room-common-2.6.1.jar (androidx.room:room-common:2.6.1) with IdentityTransform
Transforming room-common-2.6.1.jar (androidx.room:room-common:2.6.1) with DexingNoClasspathTransform
Transforming room-common-2.6.1.jar (androidx.room:room-common:2.6.1) with DexingOutputSplitTransform
Transforming room-runtime-2.6.1.aar (androidx.room:room-runtime:2.6.1) with AarToClassTransform
Transforming room-runtime-2.6.1.aar (androidx.room:room-runtime:2.6.1) with IdentityTransform
Transforming room-runtime-2.6.1.aar (androidx.room:room-runtime:2.6.1) with DexingNoClasspathTransform
Transforming room-runtime-2.6.1.aar (androidx.room:room-runtime:2.6.1) with DexingOutputSplitTransform
Transforming room-ktx-2.6.1.aar (androidx.room:room-ktx:2.6.1) with AarToClassTransform
Transforming room-ktx-2.6.1.aar (androidx.room:room-ktx:2.6.1) with IdentityTransform
Transforming room-ktx-2.6.1.aar (androidx.room:room-ktx:2.6.1) with DexingNoClasspathTransform
Transforming room-ktx-2.6.1.aar (androidx.room:room-ktx:2.6.1) with DexingOutputSplitTransform
Transforming runtime-saveable-release.aar (androidx.compose.runtime:runtime-saveable-android:1.5.4) with AarToClassTransform
Transforming runtime-saveable-release.aar (androidx.compose.runtime:runtime-saveable-android:1.5.4) with IdentityTransform
Transforming runtime-saveable-release.aar (androidx.compose.runtime:runtime-saveable-android:1.5.4) with DexingNoClasspathTransform
Transforming runtime-saveable-release.aar (androidx.compose.runtime:runtime-saveable-android:1.5.4) with DexingOutputSplitTransform
Transforming runtime-release.aar (androidx.compose.runtime:runtime-android:1.5.4) with AarToClassTransform
Transforming runtime-release.aar (androidx.compose.runtime:runtime-android:1.5.4) with IdentityTransform
Transforming runtime-release.aar (androidx.compose.runtime:runtime-android:1.5.4) with DexingNoClasspathTransform
Transforming runtime-release.aar (androidx.compose.runtime:runtime-android:1.5.4) with DexingOutputSplitTransform
Transforming kotlinx-coroutines-core-jvm-1.7.3.jar (org.jetbrains.kotlinx:kotlinx-coroutines-core-jvm:1.7.3) with IdentityTransform
Transforming kotlinx-coroutines-core-jvm-1.7.3.jar (org.jetbrains.kotlinx:kotlinx-coroutines-core-jvm:1.7.3) with IdentityTransform
Transforming kotlinx-coroutines-core-jvm-1.7.3.jar (org.jetbrains.kotlinx:kotlinx-coroutines-core-jvm:1.7.3) with DexingNoClasspathTransform
Transforming kotlinx-coroutines-core-jvm-1.7.3.jar (org.jetbrains.kotlinx:kotlinx-coroutines-core-jvm:1.7.3) with DexingOutputSplitTransform
Transforming kotlinx-coroutines-android-1.7.3.jar (org.jetbrains.kotlinx:kotlinx-coroutines-android:1.7.3) with IdentityTransform
Transforming kotlinx-coroutines-android-1.7.3.jar (org.jetbrains.kotlinx:kotlinx-coroutines-android:1.7.3) with IdentityTransform
Transforming kotlinx-coroutines-android-1.7.3.jar (org.jetbrains.kotlinx:kotlinx-coroutines-android:1.7.3) with DexingNoClasspathTransform
Transforming kotlinx-coroutines-android-1.7.3.jar (org.jetbrains.kotlinx:kotlinx-coroutines-android:1.7.3) with DexingOutputSplitTransform
Transforming logging-interceptor-4.12.0.jar (com.squareup.okhttp3:logging-interceptor:4.12.0) with IdentityTransform
Transforming logging-interceptor-4.12.0.jar (com.squareup.okhttp3:logging-interceptor:4.12.0) with IdentityTransform
Transforming logging-interceptor-4.12.0.jar (com.squareup.okhttp3:logging-interceptor:4.12.0) with DexingNoClasspathTransform
Transforming logging-interceptor-4.12.0.jar (com.squareup.okhttp3:logging-interceptor:4.12.0) with DexingOutputSplitTransform
Transforming converter-gson-2.9.0.jar (com.squareup.retrofit2:converter-gson:2.9.0) with IdentityTransform
Transforming converter-gson-2.9.0.jar (com.squareup.retrofit2:converter-gson:2.9.0) with IdentityTransform
Transforming converter-gson-2.9.0.jar (com.squareup.retrofit2:converter-gson:2.9.0) with DexingNoClasspathTransform
Transforming converter-gson-2.9.0.jar (com.squareup.retrofit2:converter-gson:2.9.0) with DexingOutputSplitTransform
Transforming retrofit-2.9.0.jar (com.squareup.retrofit2:retrofit:2.9.0) with IdentityTransform
Transforming retrofit-2.9.0.jar (com.squareup.retrofit2:retrofit:2.9.0) with IdentityTransform
Transforming retrofit-2.9.0.jar (com.squareup.retrofit2:retrofit:2.9.0) with DexingNoClasspathTransform
Transforming retrofit-2.9.0.jar (com.squareup.retrofit2:retrofit:2.9.0) with DexingOutputSplitTransform
Transforming okhttp-4.12.0.jar (com.squareup.okhttp3:okhttp:4.12.0) with IdentityTransform
Transforming okhttp-4.12.0.jar (com.squareup.okhttp3:okhttp:4.12.0) with IdentityTransform
Transforming okhttp-4.12.0.jar (com.squareup.okhttp3:okhttp:4.12.0) with DexingNoClasspathTransform
Transforming okhttp-4.12.0.jar (com.squareup.okhttp3:okhttp:4.12.0) with DexingOutputSplitTransform
Transforming okio-jvm-3.6.0.jar (com.squareup.okio:okio-jvm:3.6.0) with IdentityTransform
Transforming okio-jvm-3.6.0.jar (com.squareup.okio:okio-jvm:3.6.0) with IdentityTransform
Transforming okio-jvm-3.6.0.jar (com.squareup.okio:okio-jvm:3.6.0) with DexingNoClasspathTransform
Transforming okio-jvm-3.6.0.jar (com.squareup.okio:okio-jvm:3.6.0) with DexingOutputSplitTransform
Transforming kotlin-stdlib-jdk8-1.9.10.jar (org.jetbrains.kotlin:kotlin-stdlib-jdk8:1.9.10) with IdentityTransform
Transforming kotlin-stdlib-jdk8-1.9.10.jar (org.jetbrains.kotlin:kotlin-stdlib-jdk8:1.9.10) with IdentityTransform
Transforming kotlin-stdlib-jdk8-1.9.10.jar (org.jetbrains.kotlin:kotlin-stdlib-jdk8:1.9.10) with DexingNoClasspathTransform
Transforming kotlin-stdlib-jdk8-1.9.10.jar (org.jetbrains.kotlin:kotlin-stdlib-jdk8:1.9.10) with DexingOutputSplitTransform
Transforming cardview-1.0.0.aar (androidx.cardview:cardview:1.0.0) with AarToClassTransform
Transforming cardview-1.0.0.aar (androidx.cardview:cardview:1.0.0) with IdentityTransform
Transforming cardview-1.0.0.aar (androidx.cardview:cardview:1.0.0) with DexingNoClasspathTransform
Transforming cardview-1.0.0.aar (androidx.cardview:cardview:1.0.0) with DexingOutputSplitTransform
Transforming shimmer-0.5.0.aar (com.facebook.shimmer:shimmer:0.5.0) with AarToClassTransform
Transforming shimmer-0.5.0.aar (com.facebook.shimmer:shimmer:0.5.0) with IdentityTransform
Transforming shimmer-0.5.0.aar (com.facebook.shimmer:shimmer:0.5.0) with DexingNoClasspathTransform
Transforming shimmer-0.5.0.aar (com.facebook.shimmer:shimmer:0.5.0) with DexingOutputSplitTransform
Transforming cursoradapter-1.0.0.aar (androidx.cursoradapter:cursoradapter:1.0.0) with AarToClassTransform
Transforming cursoradapter-1.0.0.aar (androidx.cursoradapter:cursoradapter:1.0.0) with IdentityTransform
Transforming cursoradapter-1.0.0.aar (androidx.cursoradapter:cursoradapter:1.0.0) with DexingNoClasspathTransform
Transforming cursoradapter-1.0.0.aar (androidx.cursoradapter:cursoradapter:1.0.0) with DexingOutputSplitTransform
Transforming resourceinspection-annotation-1.0.1.jar (androidx.resourceinspection:resourceinspection-annotation:1.0.1) with IdentityTransform
Transforming resourceinspection-annotation-1.0.1.jar (androidx.resourceinspection:resourceinspection-annotation:1.0.1) with IdentityTransform
Transforming resourceinspection-annotation-1.0.1.jar (androidx.resourceinspection:resourceinspection-annotation:1.0.1) with DexingNoClasspathTransform
Transforming resourceinspection-annotation-1.0.1.jar (androidx.resourceinspection:resourceinspection-annotation:1.0.1) with DexingOutputSplitTransform
Transforming core-runtime-2.2.0.aar (androidx.arch.core:core-runtime:2.2.0) with AarToClassTransform
Transforming core-runtime-2.2.0.aar (androidx.arch.core:core-runtime:2.2.0) with IdentityTransform
Transforming core-runtime-2.2.0.aar (androidx.arch.core:core-runtime:2.2.0) with DexingNoClasspathTransform
Transforming core-runtime-2.2.0.aar (androidx.arch.core:core-runtime:2.2.0) with DexingOutputSplitTransform
Transforming sqlite-framework-2.4.0.aar (androidx.sqlite:sqlite-framework:2.4.0) with AarToClassTransform
Transforming sqlite-framework-2.4.0.aar (androidx.sqlite:sqlite-framework:2.4.0) with IdentityTransform
Transforming sqlite-framework-2.4.0.aar (androidx.sqlite:sqlite-framework:2.4.0) with DexingNoClasspathTransform
Transforming sqlite-framework-2.4.0.aar (androidx.sqlite:sqlite-framework:2.4.0) with DexingOutputSplitTransform
Transforming sqlite-2.4.0.aar (androidx.sqlite:sqlite:2.4.0) with AarToClassTransform
Transforming sqlite-2.4.0.aar (androidx.sqlite:sqlite:2.4.0) with IdentityTransform
Transforming sqlite-2.4.0.aar (androidx.sqlite:sqlite:2.4.0) with DexingNoClasspathTransform
Transforming sqlite-2.4.0.aar (androidx.sqlite:sqlite:2.4.0) with DexingOutputSplitTransform
Transforming interpolator-1.0.0.aar (androidx.interpolator:interpolator:1.0.0) with AarToClassTransform
Transforming interpolator-1.0.0.aar (androidx.interpolator:interpolator:1.0.0) with IdentityTransform
Transforming interpolator-1.0.0.aar (androidx.interpolator:interpolator:1.0.0) with DexingNoClasspathTransform
Transforming interpolator-1.0.0.aar (androidx.interpolator:interpolator:1.0.0) with DexingOutputSplitTransform
Transforming interpolator-1.0.0.aar (androidx.interpolator:interpolator:1.0.0) with AarToClassTransform
Transforming interpolator-1.0.0.aar (androidx.interpolator:interpolator:1.0.0) with IdentityTransform
Transforming interpolator-1.0.0.aar (androidx.interpolator:interpolator:1.0.0) with DexingNoClasspathTransform
Transforming interpolator-1.0.0.aar (androidx.interpolator:interpolator:1.0.0) with DexingOutputSplitTransform
Transforming versionedparcelable-1.1.1.aar (androidx.versionedparcelable:versionedparcelable:1.1.1) with AarToClassTransform
Transforming versionedparcelable-1.1.1.aar (androidx.versionedparcelable:versionedparcelable:1.1.1) with IdentityTransform
Transforming versionedparcelable-1.1.1.aar (androidx.versionedparcelable:versionedparcelable:1.1.1) with DexingNoClasspathTransform
Transforming versionedparcelable-1.1.1.aar (androidx.versionedparcelable:versionedparcelable:1.1.1) with DexingOutputSplitTransform
Transforming core-common-2.2.0.jar (androidx.arch.core:core-common:2.2.0) with IdentityTransform
Transforming core-common-2.2.0.jar (androidx.arch.core:core-common:2.2.0) with IdentityTransform
Transforming core-common-2.2.0.jar (androidx.arch.core:core-common:2.2.0) with DexingNoClasspathTransform
Transforming core-common-2.2.0.jar (androidx.arch.core:core-common:2.2.0) with DexingOutputSplitTransform
Transforming profileinstaller-1.3.1.aar (androidx.profileinstaller:profileinstaller:1.3.1) with AarToClassTransform
Transforming profileinstaller-1.3.1.aar (androidx.profileinstaller:profileinstaller:1.3.1) with IdentityTransform
Transforming profileinstaller-1.3.1.aar (androidx.profileinstaller:profileinstaller:1.3.1) with DexingNoClasspathTransform
Transforming profileinstaller-1.3.1.aar (androidx.profileinstaller:profileinstaller:1.3.1) with DexingOutputSplitTransform
Transforming startup-runtime-1.1.1.aar (androidx.startup:startup-runtime:1.1.1) with AarToClassTransform
Transforming startup-runtime-1.1.1.aar (androidx.startup:startup-runtime:1.1.1) with IdentityTransform
Transforming startup-runtime-1.1.1.aar (androidx.startup:startup-runtime:1.1.1) with DexingNoClasspathTransform
Transforming startup-runtime-1.1.1.aar (androidx.startup:startup-runtime:1.1.1) with DexingOutputSplitTransform
Transforming tracing-1.0.0.aar (androidx.tracing:tracing:1.0.0) with AarToClassTransform
Transforming tracing-1.0.0.aar (androidx.tracing:tracing:1.0.0) with IdentityTransform
Transforming tracing-1.0.0.aar (androidx.tracing:tracing:1.0.0) with DexingNoClasspathTransform
Transforming tracing-1.0.0.aar (androidx.tracing:tracing:1.0.0) with DexingOutputSplitTransform
Transforming exifinterface-1.3.6.aar (androidx.exifinterface:exifinterface:1.3.6) with AarToClassTransform
Transforming exifinterface-1.3.6.aar (androidx.exifinterface:exifinterface:1.3.6) with IdentityTransform
Transforming exifinterface-1.3.6.aar (androidx.exifinterface:exifinterface:1.3.6) with DexingNoClasspathTransform
Transforming exifinterface-1.3.6.aar (androidx.exifinterface:exifinterface:1.3.6) with DexingOutputSplitTransform
Transforming documentfile-1.0.0.aar (androidx.documentfile:documentfile:1.0.0) with AarToClassTransform
Transforming documentfile-1.0.0.aar (androidx.documentfile:documentfile:1.0.0) with IdentityTransform
Transforming documentfile-1.0.0.aar (androidx.documentfile:documentfile:1.0.0) with DexingNoClasspathTransform
Transforming documentfile-1.0.0.aar (androidx.documentfile:documentfile:1.0.0) with DexingOutputSplitTransform
Transforming localbroadcastmanager-1.0.0.aar (androidx.localbroadcastmanager:localbroadcastmanager:1.0.0) with AarToClassTransform
Transforming localbroadcastmanager-1.0.0.aar (androidx.localbroadcastmanager:localbroadcastmanager:1.0.0) with IdentityTransform
Transforming localbroadcastmanager-1.0.0.aar (androidx.localbroadcastmanager:localbroadcastmanager:1.0.0) with DexingNoClasspathTransform
Transforming localbroadcastmanager-1.0.0.aar (androidx.localbroadcastmanager:localbroadcastmanager:1.0.0) with DexingOutputSplitTransform
Transforming print-1.0.0.aar (androidx.print:print:1.0.0) with AarToClassTransform
Transforming print-1.0.0.aar (androidx.print:print:1.0.0) with IdentityTransform
Transforming print-1.0.0.aar (androidx.print:print:1.0.0) with DexingNoClasspathTransform
Transforming print-1.0.0.aar (androidx.print:print:1.0.0) with DexingOutputSplitTransform
Transforming collection-ktx-1.3.0.jar (androidx.collection:collection-ktx:1.3.0) with IdentityTransform
Transforming collection-ktx-1.3.0.jar (androidx.collection:collection-ktx:1.3.0) with IdentityTransform
Transforming collection-ktx-1.3.0.jar (androidx.collection:collection-ktx:1.3.0) with DexingNoClasspathTransform
Transforming collection-ktx-1.3.0.jar (androidx.collection:collection-ktx:1.3.0) with DexingOutputSplitTransform
Transforming collection-jvm-1.3.0.jar (androidx.collection:collection-jvm:1.3.0) with IdentityTransform
Transforming collection-jvm-1.3.0.jar (androidx.collection:collection-jvm:1.3.0) with IdentityTransform
Transforming collection-jvm-1.3.0.jar (androidx.collection:collection-jvm:1.3.0) with DexingNoClasspathTransform
Transforming collection-jvm-1.3.0.jar (androidx.collection:collection-jvm:1.3.0) with DexingOutputSplitTransform
Transforming concurrent-futures-1.1.0.jar (androidx.concurrent:concurrent-futures:1.1.0) with IdentityTransform
Transforming concurrent-futures-1.1.0.jar (androidx.concurrent:concurrent-futures:1.1.0) with IdentityTransform
Transforming concurrent-futures-1.1.0.jar (androidx.concurrent:concurrent-futures:1.1.0) with DexingNoClasspathTransform
Transforming concurrent-futures-1.1.0.jar (androidx.concurrent:concurrent-futures:1.1.0) with DexingOutputSplitTransform
Transforming annotation-experimental-1.3.0.aar (androidx.annotation:annotation-experimental:1.3.0) with AarToClassTransform
Transforming annotation-experimental-1.3.0.aar (androidx.annotation:annotation-experimental:1.3.0) with IdentityTransform
Transforming annotation-experimental-1.3.0.aar (androidx.annotation:annotation-experimental:1.3.0) with DexingNoClasspathTransform
Transforming annotation-experimental-1.3.0.aar (androidx.annotation:annotation-experimental:1.3.0) with DexingOutputSplitTransform
Transforming kotlin-stdlib-jdk7-1.9.10.jar (org.jetbrains.kotlin:kotlin-stdlib-jdk7:1.9.10) with IdentityTransform
Transforming kotlin-stdlib-jdk7-1.9.10.jar (org.jetbrains.kotlin:kotlin-stdlib-jdk7:1.9.10) with IdentityTransform
Transforming kotlin-stdlib-jdk7-1.9.10.jar (org.jetbrains.kotlin:kotlin-stdlib-jdk7:1.9.10) with DexingNoClasspathTransform
Transforming kotlin-stdlib-jdk7-1.9.10.jar (org.jetbrains.kotlin:kotlin-stdlib-jdk7:1.9.10) with DexingOutputSplitTransform
Transforming annotation-jvm-1.7.0.jar (androidx.annotation:annotation-jvm:1.7.0) with IdentityTransform
Transforming annotation-jvm-1.7.0.jar (androidx.annotation:annotation-jvm:1.7.0) with IdentityTransform
Transforming annotation-jvm-1.7.0.jar (androidx.annotation:annotation-jvm:1.7.0) with DexingNoClasspathTransform
Transforming annotation-jvm-1.7.0.jar (androidx.annotation:annotation-jvm:1.7.0) with DexingOutputSplitTransform
Transforming kotlin-stdlib-1.9.10.jar (org.jetbrains.kotlin:kotlin-stdlib:1.9.10) with IdentityTransform
Transforming kotlin-stdlib-1.9.10.jar (org.jetbrains.kotlin:kotlin-stdlib:1.9.10) with IdentityTransform
Transforming kotlin-stdlib-1.9.10.jar (org.jetbrains.kotlin:kotlin-stdlib:1.9.10) with DexingNoClasspathTransform
Transforming kotlin-stdlib-1.9.10.jar (org.jetbrains.kotlin:kotlin-stdlib:1.9.10) with DexingOutputSplitTransform
Transforming error_prone_annotations-2.15.0.jar (com.google.errorprone:error_prone_annotations:2.15.0) with IdentityTransform
Transforming error_prone_annotations-2.15.0.jar (com.google.errorprone:error_prone_annotations:2.15.0) with IdentityTransform
Transforming error_prone_annotations-2.15.0.jar (com.google.errorprone:error_prone_annotations:2.15.0) with DexingNoClasspathTransform
Transforming error_prone_annotations-2.15.0.jar (com.google.errorprone:error_prone_annotations:2.15.0) with DexingOutputSplitTransform
Transforming constraintlayout-core-1.0.4.jar (androidx.constraintlayout:constraintlayout-core:1.0.4) with IdentityTransform
Transforming constraintlayout-core-1.0.4.jar (androidx.constraintlayout:constraintlayout-core:1.0.4) with IdentityTransform
Transforming constraintlayout-core-1.0.4.jar (androidx.constraintlayout:constraintlayout-core:1.0.4) with DexingNoClasspathTransform
Transforming constraintlayout-core-1.0.4.jar (androidx.constraintlayout:constraintlayout-core:1.0.4) with DexingOutputSplitTransform
Transforming hilt-core-2.48.1.jar (com.google.dagger:hilt-core:2.48.1) with IdentityTransform
Transforming hilt-core-2.48.1.jar (com.google.dagger:hilt-core:2.48.1) with IdentityTransform
Transforming hilt-core-2.48.1.jar (com.google.dagger:hilt-core:2.48.1) with DexingNoClasspathTransform
Transforming hilt-core-2.48.1.jar (com.google.dagger:hilt-core:2.48.1) with DexingOutputSplitTransform
Transforming dagger-2.48.1.jar (com.google.dagger:dagger:2.48.1) with IdentityTransform
Transforming dagger-2.48.1.jar (com.google.dagger:dagger:2.48.1) with IdentityTransform
Transforming dagger-2.48.1.jar (com.google.dagger:dagger:2.48.1) with DexingNoClasspathTransform
Transforming dagger-2.48.1.jar (com.google.dagger:dagger:2.48.1) with DexingOutputSplitTransform
Transforming dagger-lint-aar-2.48.1.aar (com.google.dagger:dagger-lint-aar:2.48.1) with AarToClassTransform
Transforming dagger-lint-aar-2.48.1.aar (com.google.dagger:dagger-lint-aar:2.48.1) with IdentityTransform
Transforming dagger-lint-aar-2.48.1.aar (com.google.dagger:dagger-lint-aar:2.48.1) with DexingNoClasspathTransform
Transforming dagger-lint-aar-2.48.1.aar (com.google.dagger:dagger-lint-aar:2.48.1) with DexingOutputSplitTransform
Transforming jsr305-3.0.2.jar (com.google.code.findbugs:jsr305:3.0.2) with IdentityTransform
Transforming jsr305-3.0.2.jar (com.google.code.findbugs:jsr305:3.0.2) with IdentityTransform
Transforming jsr305-3.0.2.jar (com.google.code.findbugs:jsr305:3.0.2) with DexingNoClasspathTransform
Transforming jsr305-3.0.2.jar (com.google.code.findbugs:jsr305:3.0.2) with DexingOutputSplitTransform
Transforming javax.inject-1.jar (javax.inject:javax.inject:1) with IdentityTransform
Transforming javax.inject-1.jar (javax.inject:javax.inject:1) with IdentityTransform
Transforming javax.inject-1.jar (javax.inject:javax.inject:1) with DexingNoClasspathTransform
Transforming javax.inject-1.jar (javax.inject:javax.inject:1) with DexingOutputSplitTransform
Transforming gson-2.8.5.jar (com.google.code.gson:gson:2.8.5) with IdentityTransform
Transforming gson-2.8.5.jar (com.google.code.gson:gson:2.8.5) with IdentityTransform
Transforming gson-2.8.5.jar (com.google.code.gson:gson:2.8.5) with DexingNoClasspathTransform
Transforming gson-2.8.5.jar (com.google.code.gson:gson:2.8.5) with DexingOutputSplitTransform
Transforming kotlin-stdlib-common-1.9.10.jar (org.jetbrains.kotlin:kotlin-stdlib-common:1.9.10) with IdentityTransform
Transforming kotlin-stdlib-common-1.9.10.jar (org.jetbrains.kotlin:kotlin-stdlib-common:1.9.10) with IdentityTransform
Transforming kotlin-stdlib-common-1.9.10.jar (org.jetbrains.kotlin:kotlin-stdlib-common:1.9.10) with DexingNoClasspathTransform
Transforming kotlin-stdlib-common-1.9.10.jar (org.jetbrains.kotlin:kotlin-stdlib-common:1.9.10) with DexingOutputSplitTransform
Transforming annotations-23.0.0.jar (org.jetbrains:annotations:23.0.0) with IdentityTransform
Transforming annotations-23.0.0.jar (org.jetbrains:annotations:23.0.0) with IdentityTransform
Transforming annotations-23.0.0.jar (org.jetbrains:annotations:23.0.0) with DexingNoClasspathTransform
Transforming annotations-23.0.0.jar (org.jetbrains:annotations:23.0.0) with DexingOutputSplitTransform
Transforming listenablefuture-1.0.jar (com.google.guava:listenablefuture:1.0) with IdentityTransform
Transforming listenablefuture-1.0.jar (com.google.guava:listenablefuture:1.0) with IdentityTransform
Transforming listenablefuture-1.0.jar (com.google.guava:listenablefuture:1.0) with DexingNoClasspathTransform
Transforming listenablefuture-1.0.jar (com.google.guava:listenablefuture:1.0) with DexingOutputSplitTransform
Caching disabled for task ':app:mergeExtDexDebug' because:
  Build cache is disabled
Skipping task ':app:mergeExtDexDebug' as it is up-to-date.
Resolve mutations for :app:mergeLibDexDebug (Thread[Execution worker Thread 4,5,main]) started.
:app:mergeLibDexDebug (Thread[Execution worker Thread 4,5,main]) started.

> Task :app:mergeLibDexDebug UP-TO-DATE
Caching disabled for task ':app:mergeLibDexDebug' because:
  Build cache is disabled
Skipping task ':app:mergeLibDexDebug' as it is up-to-date.
Resolve mutations for :app:mergeProjectDexDebug (Thread[Execution worker Thread 4,5,main]) started.
:app:mergeProjectDexDebug (Thread[Execution worker Thread 4,5,main]) started.

> Task :app:mergeProjectDexDebug UP-TO-DATE
Caching disabled for task ':app:mergeProjectDexDebug' because:
  Build cache is disabled
Skipping task ':app:mergeProjectDexDebug' as it is up-to-date.
Resolve mutations for :app:mergeDebugJniLibFolders (Thread[Execution worker Thread 4,5,main]) started.
:app:mergeDebugJniLibFolders (Thread[Execution worker Thread 4,5,main]) started.

> Task :app:mergeDebugJniLibFolders UP-TO-DATE
Caching disabled for task ':app:mergeDebugJniLibFolders' because:
  Build cache is disabled
Skipping task ':app:mergeDebugJniLibFolders' as it is up-to-date.
Resolve mutations for :app:mergeDebugNativeLibs (Thread[Execution worker Thread 4,5,main]) started.
:app:mergeDebugNativeLibs (Thread[Execution worker Thread 4,5,main]) started.

> Task :app:mergeDebugNativeLibs NO-SOURCE
Transforming viewbinding-8.2.2.aar (androidx.databinding:viewbinding:8.2.2) with ExtractAarTransform
Transforming viewbinding-8.2.2.aar (androidx.databinding:viewbinding:8.2.2) with AarTransform
Transforming navigation-common-2.7.6.aar (androidx.navigation:navigation-common:2.7.6) with ExtractAarTransform
Transforming navigation-common-2.7.6.aar (androidx.navigation:navigation-common:2.7.6) with AarTransform
Transforming navigation-common-ktx-2.7.6.aar (androidx.navigation:navigation-common-ktx:2.7.6) with ExtractAarTransform
Transforming navigation-common-ktx-2.7.6.aar (androidx.navigation:navigation-common-ktx:2.7.6) with AarTransform
Transforming navigation-runtime-2.7.6.aar (androidx.navigation:navigation-runtime:2.7.6) with ExtractAarTransform
Transforming navigation-runtime-2.7.6.aar (androidx.navigation:navigation-runtime:2.7.6) with AarTransform
Transforming navigation-runtime-ktx-2.7.6.aar (androidx.navigation:navigation-runtime-ktx:2.7.6) with ExtractAarTransform
Transforming navigation-runtime-ktx-2.7.6.aar (androidx.navigation:navigation-runtime-ktx:2.7.6) with AarTransform
Transforming navigation-fragment-2.7.6.aar (androidx.navigation:navigation-fragment:2.7.6) with ExtractAarTransform
Transforming navigation-fragment-2.7.6.aar (androidx.navigation:navigation-fragment:2.7.6) with AarTransform
Transforming navigation-fragment-ktx-2.7.6.aar (androidx.navigation:navigation-fragment-ktx:2.7.6) with ExtractAarTransform
Transforming navigation-fragment-ktx-2.7.6.aar (androidx.navigation:navigation-fragment-ktx:2.7.6) with AarTransform
Transforming navigation-ui-ktx-2.7.6.aar (androidx.navigation:navigation-ui-ktx:2.7.6) with ExtractAarTransform
Transforming navigation-ui-ktx-2.7.6.aar (androidx.navigation:navigation-ui-ktx:2.7.6) with AarTransform
Transforming navigation-ui-2.7.6.aar (androidx.navigation:navigation-ui:2.7.6) with ExtractAarTransform
Transforming navigation-ui-2.7.6.aar (androidx.navigation:navigation-ui:2.7.6) with AarTransform
Transforming material-1.11.0.aar (com.google.android.material:material:1.11.0) with ExtractAarTransform
Transforming material-1.11.0.aar (com.google.android.material:material:1.11.0) with AarTransform
Transforming constraintlayout-2.1.4.aar (androidx.constraintlayout:constraintlayout:2.1.4) with ExtractAarTransform
Transforming constraintlayout-2.1.4.aar (androidx.constraintlayout:constraintlayout:2.1.4) with AarTransform
Transforming lottie-6.2.0.aar (com.airbnb.android:lottie:6.2.0) with ExtractAarTransform
Transforming lottie-6.2.0.aar (com.airbnb.android:lottie:6.2.0) with AarTransform
Transforming coil-compose-2.5.0.aar (io.coil-kt:coil-compose:2.5.0) with ExtractAarTransform
Transforming coil-compose-2.5.0.aar (io.coil-kt:coil-compose:2.5.0) with AarTransform
Transforming coil-2.5.0.aar (io.coil-kt:coil:2.5.0) with ExtractAarTransform
Transforming coil-2.5.0.aar (io.coil-kt:coil:2.5.0) with AarTransform
Transforming coil-compose-base-2.5.0.aar (io.coil-kt:coil-compose-base:2.5.0) with ExtractAarTransform
Transforming coil-compose-base-2.5.0.aar (io.coil-kt:coil-compose-base:2.5.0) with AarTransform
Transforming coil-base-2.5.0.aar (io.coil-kt:coil-base:2.5.0) with ExtractAarTransform
Transforming coil-base-2.5.0.aar (io.coil-kt:coil-base:2.5.0) with AarTransform
Transforming appcompat-resources-1.6.1.aar (androidx.appcompat:appcompat-resources:1.6.1) with ExtractAarTransform
Transforming appcompat-resources-1.6.1.aar (androidx.appcompat:appcompat-resources:1.6.1) with AarTransform
Transforming preference-ktx-1.2.1.aar (androidx.preference:preference-ktx:1.2.1) with ExtractAarTransform
Transforming preference-ktx-1.2.1.aar (androidx.preference:preference-ktx:1.2.1) with AarTransform
Transforming preference-1.2.1.aar (androidx.preference:preference:1.2.1) with ExtractAarTransform
Transforming preference-1.2.1.aar (androidx.preference:preference:1.2.1) with AarTransform
Transforming appcompat-1.6.1.aar (androidx.appcompat:appcompat:1.6.1) with ExtractAarTransform
Transforming appcompat-1.6.1.aar (androidx.appcompat:appcompat:1.6.1) with AarTransform
Transforming hilt-android-2.48.1.aar (com.google.dagger:hilt-android:2.48.1) with ExtractAarTransform
Transforming hilt-android-2.48.1.aar (com.google.dagger:hilt-android:2.48.1) with AarTransform
Transforming paging-common-3.2.1.jar (androidx.paging:paging-common:3.2.1) with ExtractJniTransform
Transforming paging-common-ktx-3.2.1.jar (androidx.paging:paging-common-ktx:3.2.1) with ExtractJniTransform
Transforming paging-runtime-ktx-3.2.1.aar (androidx.paging:paging-runtime-ktx:3.2.1) with ExtractAarTransform
Transforming paging-runtime-ktx-3.2.1.aar (androidx.paging:paging-runtime-ktx:3.2.1) with AarTransform
Transforming paging-runtime-3.2.1.aar (androidx.paging:paging-runtime:3.2.1) with ExtractAarTransform
Transforming paging-runtime-3.2.1.aar (androidx.paging:paging-runtime:3.2.1) with AarTransform
Transforming recyclerview-1.3.2.aar (androidx.recyclerview:recyclerview:1.3.2) with ExtractAarTransform
Transforming recyclerview-1.3.2.aar (androidx.recyclerview:recyclerview:1.3.2) with AarTransform
Transforming viewpager2-1.1.0-beta02.aar (androidx.viewpager2:viewpager2:1.1.0-beta02) with ExtractAarTransform
Transforming viewpager2-1.1.0-beta02.aar (androidx.viewpager2:viewpager2:1.1.0-beta02) with AarTransform
Transforming fragment-1.6.2.aar (androidx.fragment:fragment:1.6.2) with ExtractAarTransform
Transforming fragment-1.6.2.aar (androidx.fragment:fragment:1.6.2) with AarTransform
Transforming fragment-ktx-1.6.2.aar (androidx.fragment:fragment-ktx:1.6.2) with ExtractAarTransform
Transforming fragment-ktx-1.6.2.aar (androidx.fragment:fragment-ktx:1.6.2) with AarTransform
Transforming activity-1.8.2.aar (androidx.activity:activity:1.8.2) with ExtractAarTransform
Transforming activity-1.8.2.aar (androidx.activity:activity:1.8.2) with AarTransform
Transforming accompanist-drawablepainter-0.32.0.aar (com.google.accompanist:accompanist-drawablepainter:0.32.0) with ExtractAarTransform
Transforming accompanist-drawablepainter-0.32.0.aar (com.google.accompanist:accompanist-drawablepainter:0.32.0) with AarTransform
Transforming animation-core-release.aar (androidx.compose.animation:animation-core-android:1.5.4) with ExtractAarTransform
Transforming animation-core-release.aar (androidx.compose.animation:animation-core-android:1.5.4) with AarTransform
Transforming animation-release.aar (androidx.compose.animation:animation-android:1.5.4) with ExtractAarTransform
Transforming animation-release.aar (androidx.compose.animation:animation-android:1.5.4) with AarTransform
Transforming foundation-layout-release.aar (androidx.compose.foundation:foundation-layout-android:1.5.4) with ExtractAarTransform
Transforming foundation-layout-release.aar (androidx.compose.foundation:foundation-layout-android:1.5.4) with AarTransform
Transforming foundation-release.aar (androidx.compose.foundation:foundation-android:1.5.4) with ExtractAarTransform
Transforming foundation-release.aar (androidx.compose.foundation:foundation-android:1.5.4) with AarTransform
Transforming ui-unit-release.aar (androidx.compose.ui:ui-unit-android:1.5.4) with ExtractAarTransform
Transforming ui-unit-release.aar (androidx.compose.ui:ui-unit-android:1.5.4) with AarTransform
Transforming ui-graphics-release.aar (androidx.compose.ui:ui-graphics-android:1.5.4) with ExtractAarTransform
Transforming ui-graphics-release.aar (androidx.compose.ui:ui-graphics-android:1.5.4) with AarTransform
Transforming ui-geometry-release.aar (androidx.compose.ui:ui-geometry-android:1.5.4) with ExtractAarTransform
Transforming ui-geometry-release.aar (androidx.compose.ui:ui-geometry-android:1.5.4) with AarTransform
Transforming ui-util-release.aar (androidx.compose.ui:ui-util-android:1.5.4) with ExtractAarTransform
Transforming ui-util-release.aar (androidx.compose.ui:ui-util-android:1.5.4) with AarTransform
Transforming ui-text-release.aar (androidx.compose.ui:ui-text-android:1.5.4) with ExtractAarTransform
Transforming ui-text-release.aar (androidx.compose.ui:ui-text-android:1.5.4) with AarTransform
Transforming ui-release.aar (androidx.compose.ui:ui-android:1.5.4) with ExtractAarTransform
Transforming ui-release.aar (androidx.compose.ui:ui-android:1.5.4) with AarTransform
Transforming activity-ktx-1.8.2.aar (androidx.activity:activity-ktx:1.8.2) with ExtractAarTransform
Transforming activity-ktx-1.8.2.aar (androidx.activity:activity-ktx:1.8.2) with AarTransform
Transforming emoji2-views-helper-1.4.0.aar (androidx.emoji2:emoji2-views-helper:1.4.0) with ExtractAarTransform
Transforming emoji2-views-helper-1.4.0.aar (androidx.emoji2:emoji2-views-helper:1.4.0) with AarTransform
Transforming emoji2-1.4.0.aar (androidx.emoji2:emoji2:1.4.0) with ExtractAarTransform
Transforming emoji2-1.4.0.aar (androidx.emoji2:emoji2:1.4.0) with AarTransform
Transforming lifecycle-process-2.7.0.aar (androidx.lifecycle:lifecycle-process:2.7.0) with ExtractAarTransform
Transforming lifecycle-process-2.7.0.aar (androidx.lifecycle:lifecycle-process:2.7.0) with AarTransform
Transforming lifecycle-livedata-core-2.7.0.aar (androidx.lifecycle:lifecycle-livedata-core:2.7.0) with ExtractAarTransform
Transforming lifecycle-livedata-core-2.7.0.aar (androidx.lifecycle:lifecycle-livedata-core:2.7.0) with AarTransform
Transforming savedstate-ktx-1.2.1.aar (androidx.savedstate:savedstate-ktx:1.2.1) with ExtractAarTransform
Transforming savedstate-ktx-1.2.1.aar (androidx.savedstate:savedstate-ktx:1.2.1) with AarTransform
Transforming savedstate-1.2.1.aar (androidx.savedstate:savedstate:1.2.1) with ExtractAarTransform
Transforming savedstate-1.2.1.aar (androidx.savedstate:savedstate:1.2.1) with AarTransform
Transforming lifecycle-common-2.7.0.jar (androidx.lifecycle:lifecycle-common:2.7.0) with ExtractJniTransform
Transforming lifecycle-runtime-ktx-2.7.0.aar (androidx.lifecycle:lifecycle-runtime-ktx:2.7.0) with ExtractAarTransform
Transforming lifecycle-runtime-ktx-2.7.0.aar (androidx.lifecycle:lifecycle-runtime-ktx:2.7.0) with AarTransform
Transforming lifecycle-livedata-core-ktx-2.7.0.aar (androidx.lifecycle:lifecycle-livedata-core-ktx:2.7.0) with ExtractAarTransform
Transforming lifecycle-livedata-core-ktx-2.7.0.aar (androidx.lifecycle:lifecycle-livedata-core-ktx:2.7.0) with AarTransform
Transforming dynamicanimation-1.0.0.aar (androidx.dynamicanimation:dynamicanimation:1.0.0) with ExtractAarTransform
Transforming dynamicanimation-1.0.0.aar (androidx.dynamicanimation:dynamicanimation:1.0.0) with AarTransform
Transforming legacy-support-core-utils-1.0.0.aar (androidx.legacy:legacy-support-core-utils:1.0.0) with ExtractAarTransform
Transforming legacy-support-core-utils-1.0.0.aar (androidx.legacy:legacy-support-core-utils:1.0.0) with AarTransform
Transforming loader-1.0.0.aar (androidx.loader:loader:1.0.0) with ExtractAarTransform
Transforming loader-1.0.0.aar (androidx.loader:loader:1.0.0) with AarTransform
Transforming loader-1.0.0.aar (androidx.loader:loader:1.0.0) with ExtractAarTransform
Transforming loader-1.0.0.aar (androidx.loader:loader:1.0.0) with AarTransform
Transforming lifecycle-livedata-2.7.0.aar (androidx.lifecycle:lifecycle-livedata:2.7.0) with ExtractAarTransform
Transforming lifecycle-livedata-2.7.0.aar (androidx.lifecycle:lifecycle-livedata:2.7.0) with AarTransform
Transforming lifecycle-livedata-2.7.0.aar (androidx.lifecycle:lifecycle-livedata:2.7.0) with ExtractAarTransform
Transforming lifecycle-livedata-2.7.0.aar (androidx.lifecycle:lifecycle-livedata:2.7.0) with AarTransform
Transforming lifecycle-viewmodel-savedstate-2.7.0.aar (androidx.lifecycle:lifecycle-viewmodel-savedstate:2.7.0) with ExtractAarTransform
Transforming lifecycle-viewmodel-savedstate-2.7.0.aar (androidx.lifecycle:lifecycle-viewmodel-savedstate:2.7.0) with AarTransform
Transforming customview-poolingcontainer-1.0.0.aar (androidx.customview:customview-poolingcontainer:1.0.0) with ExtractAarTransform
Transforming customview-poolingcontainer-1.0.0.aar (androidx.customview:customview-poolingcontainer:1.0.0) with AarTransform
Transforming core-ktx-1.12.0.aar (androidx.core:core-ktx:1.12.0) with ExtractAarTransform
Transforming core-ktx-1.12.0.aar (androidx.core:core-ktx:1.12.0) with AarTransform
Transforming swiperefreshlayout-1.1.0.aar (androidx.swiperefreshlayout:swiperefreshlayout:1.1.0) with ExtractAarTransform
Transforming swiperefreshlayout-1.1.0.aar (androidx.swiperefreshlayout:swiperefreshlayout:1.1.0) with AarTransform
Transforming drawerlayout-1.1.1.aar (androidx.drawerlayout:drawerlayout:1.1.1) with ExtractAarTransform
Transforming drawerlayout-1.1.1.aar (androidx.drawerlayout:drawerlayout:1.1.1) with AarTransform
Transforming coordinatorlayout-1.1.0.aar (androidx.coordinatorlayout:coordinatorlayout:1.1.0) with ExtractAarTransform
Transforming coordinatorlayout-1.1.0.aar (androidx.coordinatorlayout:coordinatorlayout:1.1.0) with AarTransform
Transforming vectordrawable-animated-1.1.0.aar (androidx.vectordrawable:vectordrawable-animated:1.1.0) with ExtractAarTransform
Transforming vectordrawable-animated-1.1.0.aar (androidx.vectordrawable:vectordrawable-animated:1.1.0) with AarTransform
Transforming vectordrawable-1.1.0.aar (androidx.vectordrawable:vectordrawable:1.1.0) with ExtractAarTransform
Transforming vectordrawable-1.1.0.aar (androidx.vectordrawable:vectordrawable:1.1.0) with AarTransform
Transforming vectordrawable-1.1.0.aar (androidx.vectordrawable:vectordrawable:1.1.0) with ExtractAarTransform
Transforming vectordrawable-1.1.0.aar (androidx.vectordrawable:vectordrawable:1.1.0) with AarTransform
Transforming viewpager-1.0.0.aar (androidx.viewpager:viewpager:1.0.0) with ExtractAarTransform
Transforming viewpager-1.0.0.aar (androidx.viewpager:viewpager:1.0.0) with AarTransform
Transforming slidingpanelayout-1.2.0.aar (androidx.slidingpanelayout:slidingpanelayout:1.2.0) with ExtractAarTransform
Transforming slidingpanelayout-1.2.0.aar (androidx.slidingpanelayout:slidingpanelayout:1.2.0) with AarTransform
Transforming customview-1.1.0.aar (androidx.customview:customview:1.1.0) with ExtractAarTransform
Transforming customview-1.1.0.aar (androidx.customview:customview:1.1.0) with AarTransform
Transforming customview-1.1.0.aar (androidx.customview:customview:1.1.0) with ExtractAarTransform
Transforming customview-1.1.0.aar (androidx.customview:customview:1.1.0) with AarTransform
Transforming transition-1.4.1.aar (androidx.transition:transition:1.4.1) with ExtractAarTransform
Transforming transition-1.4.1.aar (androidx.transition:transition:1.4.1) with AarTransform
Transforming window-1.0.0.aar (androidx.window:window:1.0.0) with ExtractAarTransform
Transforming window-1.0.0.aar (androidx.window:window:1.0.0) with AarTransform
Transforming autofill-1.0.0.aar (androidx.autofill:autofill:1.0.0) with ExtractAarTransform
Transforming autofill-1.0.0.aar (androidx.autofill:autofill:1.0.0) with AarTransform
Transforming core-1.12.0.aar (androidx.core:core:1.12.0) with ExtractAarTransform
Transforming core-1.12.0.aar (androidx.core:core:1.12.0) with AarTransform
Transforming core-1.12.0.aar (androidx.core:core:1.12.0) with ExtractAarTransform
Transforming core-1.12.0.aar (androidx.core:core:1.12.0) with AarTransform
Transforming lifecycle-runtime-2.7.0.aar (androidx.lifecycle:lifecycle-runtime:2.7.0) with ExtractAarTransform
Transforming lifecycle-runtime-2.7.0.aar (androidx.lifecycle:lifecycle-runtime:2.7.0) with AarTransform
Transforming lifecycle-viewmodel-2.7.0.aar (androidx.lifecycle:lifecycle-viewmodel:2.7.0) with ExtractAarTransform
Transforming lifecycle-viewmodel-2.7.0.aar (androidx.lifecycle:lifecycle-viewmodel:2.7.0) with AarTransform
Transforming lifecycle-viewmodel-2.7.0.aar (androidx.lifecycle:lifecycle-viewmodel:2.7.0) with ExtractAarTransform
Transforming lifecycle-viewmodel-2.7.0.aar (androidx.lifecycle:lifecycle-viewmodel:2.7.0) with AarTransform
Transforming lifecycle-livedata-ktx-2.7.0.aar (androidx.lifecycle:lifecycle-livedata-ktx:2.7.0) with ExtractAarTransform
Transforming lifecycle-livedata-ktx-2.7.0.aar (androidx.lifecycle:lifecycle-livedata-ktx:2.7.0) with AarTransform
Transforming lifecycle-viewmodel-ktx-2.7.0.aar (androidx.lifecycle:lifecycle-viewmodel-ktx:2.7.0) with ExtractAarTransform
Transforming lifecycle-viewmodel-ktx-2.7.0.aar (androidx.lifecycle:lifecycle-viewmodel-ktx:2.7.0) with AarTransform
Transforming room-common-2.6.1.jar (androidx.room:room-common:2.6.1) with ExtractJniTransform
Transforming room-runtime-2.6.1.aar (androidx.room:room-runtime:2.6.1) with ExtractAarTransform
Transforming room-runtime-2.6.1.aar (androidx.room:room-runtime:2.6.1) with AarTransform
Transforming room-ktx-2.6.1.aar (androidx.room:room-ktx:2.6.1) with ExtractAarTransform
Transforming room-ktx-2.6.1.aar (androidx.room:room-ktx:2.6.1) with AarTransform
Transforming runtime-saveable-release.aar (androidx.compose.runtime:runtime-saveable-android:1.5.4) with ExtractAarTransform
Transforming runtime-saveable-release.aar (androidx.compose.runtime:runtime-saveable-android:1.5.4) with AarTransform
Transforming runtime-release.aar (androidx.compose.runtime:runtime-android:1.5.4) with ExtractAarTransform
Transforming runtime-release.aar (androidx.compose.runtime:runtime-android:1.5.4) with AarTransform
Transforming kotlinx-coroutines-core-jvm-1.7.3.jar (org.jetbrains.kotlinx:kotlinx-coroutines-core-jvm:1.7.3) with ExtractJniTransform
Transforming kotlinx-coroutines-android-1.7.3.jar (org.jetbrains.kotlinx:kotlinx-coroutines-android:1.7.3) with ExtractJniTransform
Transforming logging-interceptor-4.12.0.jar (com.squareup.okhttp3:logging-interceptor:4.12.0) with ExtractJniTransform
Transforming converter-gson-2.9.0.jar (com.squareup.retrofit2:converter-gson:2.9.0) with ExtractJniTransform
Transforming retrofit-2.9.0.jar (com.squareup.retrofit2:retrofit:2.9.0) with ExtractJniTransform
Transforming okhttp-4.12.0.jar (com.squareup.okhttp3:okhttp:4.12.0) with ExtractJniTransform
Transforming okio-jvm-3.6.0.jar (com.squareup.okio:okio-jvm:3.6.0) with ExtractJniTransform
Transforming kotlin-stdlib-jdk8-1.9.10.jar (org.jetbrains.kotlin:kotlin-stdlib-jdk8:1.9.10) with ExtractJniTransform
Transforming cardview-1.0.0.aar (androidx.cardview:cardview:1.0.0) with ExtractAarTransform
Transforming cardview-1.0.0.aar (androidx.cardview:cardview:1.0.0) with AarTransform
Transforming shimmer-0.5.0.aar (com.facebook.shimmer:shimmer:0.5.0) with ExtractAarTransform
Transforming shimmer-0.5.0.aar (com.facebook.shimmer:shimmer:0.5.0) with AarTransform
Transforming cursoradapter-1.0.0.aar (androidx.cursoradapter:cursoradapter:1.0.0) with ExtractAarTransform
Transforming cursoradapter-1.0.0.aar (androidx.cursoradapter:cursoradapter:1.0.0) with AarTransform
Transforming resourceinspection-annotation-1.0.1.jar (androidx.resourceinspection:resourceinspection-annotation:1.0.1) with ExtractJniTransform
Transforming core-runtime-2.2.0.aar (androidx.arch.core:core-runtime:2.2.0) with ExtractAarTransform
Transforming core-runtime-2.2.0.aar (androidx.arch.core:core-runtime:2.2.0) with AarTransform
Transforming sqlite-framework-2.4.0.aar (androidx.sqlite:sqlite-framework:2.4.0) with ExtractAarTransform
Transforming sqlite-framework-2.4.0.aar (androidx.sqlite:sqlite-framework:2.4.0) with AarTransform
Transforming sqlite-2.4.0.aar (androidx.sqlite:sqlite:2.4.0) with ExtractAarTransform
Transforming sqlite-2.4.0.aar (androidx.sqlite:sqlite:2.4.0) with AarTransform
Transforming interpolator-1.0.0.aar (androidx.interpolator:interpolator:1.0.0) with ExtractAarTransform
Transforming interpolator-1.0.0.aar (androidx.interpolator:interpolator:1.0.0) with AarTransform
Transforming interpolator-1.0.0.aar (androidx.interpolator:interpolator:1.0.0) with ExtractAarTransform
Transforming interpolator-1.0.0.aar (androidx.interpolator:interpolator:1.0.0) with AarTransform
Transforming versionedparcelable-1.1.1.aar (androidx.versionedparcelable:versionedparcelable:1.1.1) with ExtractAarTransform
Transforming versionedparcelable-1.1.1.aar (androidx.versionedparcelable:versionedparcelable:1.1.1) with AarTransform
Transforming core-common-2.2.0.jar (androidx.arch.core:core-common:2.2.0) with ExtractJniTransform
Transforming profileinstaller-1.3.1.aar (androidx.profileinstaller:profileinstaller:1.3.1) with ExtractAarTransform
Transforming profileinstaller-1.3.1.aar (androidx.profileinstaller:profileinstaller:1.3.1) with AarTransform
Transforming startup-runtime-1.1.1.aar (androidx.startup:startup-runtime:1.1.1) with ExtractAarTransform
Transforming startup-runtime-1.1.1.aar (androidx.startup:startup-runtime:1.1.1) with AarTransform
Transforming tracing-1.0.0.aar (androidx.tracing:tracing:1.0.0) with ExtractAarTransform
Transforming tracing-1.0.0.aar (androidx.tracing:tracing:1.0.0) with AarTransform
Transforming exifinterface-1.3.6.aar (androidx.exifinterface:exifinterface:1.3.6) with ExtractAarTransform
Transforming exifinterface-1.3.6.aar (androidx.exifinterface:exifinterface:1.3.6) with AarTransform
Transforming documentfile-1.0.0.aar (androidx.documentfile:documentfile:1.0.0) with ExtractAarTransform
Transforming documentfile-1.0.0.aar (androidx.documentfile:documentfile:1.0.0) with AarTransform
Transforming localbroadcastmanager-1.0.0.aar (androidx.localbroadcastmanager:localbroadcastmanager:1.0.0) with ExtractAarTransform
Transforming localbroadcastmanager-1.0.0.aar (androidx.localbroadcastmanager:localbroadcastmanager:1.0.0) with AarTransform
Transforming print-1.0.0.aar (androidx.print:print:1.0.0) with ExtractAarTransform
Transforming print-1.0.0.aar (androidx.print:print:1.0.0) with AarTransform
Transforming collection-ktx-1.3.0.jar (androidx.collection:collection-ktx:1.3.0) with ExtractJniTransform
Transforming collection-jvm-1.3.0.jar (androidx.collection:collection-jvm:1.3.0) with ExtractJniTransform
Transforming concurrent-futures-1.1.0.jar (androidx.concurrent:concurrent-futures:1.1.0) with ExtractJniTransform
Transforming annotation-experimental-1.3.0.aar (androidx.annotation:annotation-experimental:1.3.0) with ExtractAarTransform
Transforming annotation-experimental-1.3.0.aar (androidx.annotation:annotation-experimental:1.3.0) with AarTransform
Transforming kotlin-stdlib-jdk7-1.9.10.jar (org.jetbrains.kotlin:kotlin-stdlib-jdk7:1.9.10) with ExtractJniTransform
Transforming annotation-jvm-1.7.0.jar (androidx.annotation:annotation-jvm:1.7.0) with ExtractJniTransform
Transforming kotlin-stdlib-1.9.10.jar (org.jetbrains.kotlin:kotlin-stdlib:1.9.10) with ExtractJniTransform
Transforming error_prone_annotations-2.15.0.jar (com.google.errorprone:error_prone_annotations:2.15.0) with ExtractJniTransform
Transforming constraintlayout-core-1.0.4.jar (androidx.constraintlayout:constraintlayout-core:1.0.4) with ExtractJniTransform
Transforming hilt-core-2.48.1.jar (com.google.dagger:hilt-core:2.48.1) with ExtractJniTransform
Transforming dagger-2.48.1.jar (com.google.dagger:dagger:2.48.1) with ExtractJniTransform
Transforming dagger-lint-aar-2.48.1.aar (com.google.dagger:dagger-lint-aar:2.48.1) with ExtractAarTransform
Transforming dagger-lint-aar-2.48.1.aar (com.google.dagger:dagger-lint-aar:2.48.1) with AarTransform
Transforming jsr305-3.0.2.jar (com.google.code.findbugs:jsr305:3.0.2) with ExtractJniTransform
Transforming javax.inject-1.jar (javax.inject:javax.inject:1) with ExtractJniTransform
Transforming gson-2.8.5.jar (com.google.code.gson:gson:2.8.5) with ExtractJniTransform
Transforming kotlin-stdlib-common-1.9.10.jar (org.jetbrains.kotlin:kotlin-stdlib-common:1.9.10) with ExtractJniTransform
Transforming annotations-23.0.0.jar (org.jetbrains:annotations:23.0.0) with ExtractJniTransform
Transforming listenablefuture-1.0.jar (com.google.guava:listenablefuture:1.0) with ExtractJniTransform
Skipping task ':app:mergeDebugNativeLibs' as it has no source files and no previous output files.
Resolve mutations for :app:stripDebugDebugSymbols (Thread[Execution worker Thread 4,5,main]) started.
:app:stripDebugDebugSymbols (Thread[Execution worker Thread 4,5,main]) started.

> Task :app:stripDebugDebugSymbols NO-SOURCE
Skipping task ':app:stripDebugDebugSymbols' as it has no source files and no previous output files.
Resolve mutations for :app:validateSigningDebug (Thread[Execution worker Thread 4,5,main]) started.
:app:validateSigningDebug (Thread[Execution worker Thread 4,5,main]) started.

> Task :app:validateSigningDebug UP-TO-DATE
Caching disabled for task ':app:validateSigningDebug' because:
  Build cache is disabled
  Caching has been disabled for the task
Skipping task ':app:validateSigningDebug' as it is up-to-date.
Resolve mutations for :app:writeDebugAppMetadata (Thread[Execution worker Thread 4,5,main]) started.
:app:writeDebugAppMetadata (Thread[Execution worker Thread 4,5,main]) started.

> Task :app:writeDebugAppMetadata UP-TO-DATE
Caching disabled for task ':app:writeDebugAppMetadata' because:
  Build cache is disabled
  Caching has been disabled for the task
Skipping task ':app:writeDebugAppMetadata' as it is up-to-date.
Resolve mutations for :app:writeDebugSigningConfigVersions (Thread[Execution worker Thread 4,5,main]) started.
:app:writeDebugSigningConfigVersions (Thread[Execution worker Thread 4,5,main]) started.

> Task :app:writeDebugSigningConfigVersions UP-TO-DATE
Caching disabled for task ':app:writeDebugSigningConfigVersions' because:
  Build cache is disabled
  Caching has been disabled for the task
Skipping task ':app:writeDebugSigningConfigVersions' as it is up-to-date.
Resolve mutations for :app:packageDebug (Thread[Execution worker Thread 4,5,main]) started.
:app:packageDebug (Thread[Execution worker Thread 4,5,main]) started.

> Task :app:packageDebug UP-TO-DATE
Custom actions are attached to task ':app:packageDebug'.
Caching disabled for task ':app:packageDebug' because:
  Build cache is disabled
  Caching has been disabled for the task
Skipping task ':app:packageDebug' as it is up-to-date.
Resolve mutations for :app:createDebugApkListingFileRedirect (Thread[Execution worker Thread 4,5,main]) started.
:app:createDebugApkListingFileRedirect (Thread[Execution worker Thread 4,5,main]) started.

> Task :app:createDebugApkListingFileRedirect UP-TO-DATE
Caching disabled for task ':app:createDebugApkListingFileRedirect' because:
  Build cache is disabled
  Caching has been disabled for the task
Skipping task ':app:createDebugApkListingFileRedirect' as it is up-to-date.
Resolve mutations for :app:assembleDebug (Thread[Execution worker Thread 4,5,main]) started.
:app:assembleDebug (Thread[Execution worker Thread 9,5,main]) started.

> Task :app:assembleDebug UP-TO-DATE
Skipping task ':app:assembleDebug' as it has no actions.
[Incubating] Problems report is available at: file:///C:/Users/Gandon/Desktop/Projects/MovieTimeTracker/build/reports/problems/problems-report.html

Deprecated Gradle features were used in this build, making it incompatible with Gradle 9.0.

You can use '--warning-mode all' to show the individual deprecation warnings and determine if they come from your own scripts or plugins.

For more on this, please refer to https://docs.gradle.org/8.11.1/userguide/command_line_interface.html#sec:command_line_warnings in the Gradle documentation.

BUILD SUCCESSFUL in 1s
40 actionable tasks: 40 up-to-date
Watched directory hierarchies: [C:\Users\Gandon\Desktop\Projects\MovieTimeTracker]
